Unit        : mario/JSystem/JKernel/JKRThread
Source      : src/JSystem/JKernel/JKRThread.cpp
Object      : build/GMSJ01/src/JSystem/JKernel/JKRThread.o
Map TU      : JSystem.a JKRThread.cpp
Map symbols : 14 (8 UNUSED)   Object .text symbols: 14
reverse_fn_order: False
------------------------------------------------------------------------------

[ OK ] All map symbols are present in the object.
[ OK ] Symbol order matches the map.

[WARN] 5 UNUSED symbol(s) with wrong size (best-effort -- does not fail the check):
  - __ct__7JKRTaskFv
      map:    0x130 (304)
      object: 0x12c (300)
  - create__7JKRTaskFv
      map:    0x64 (100)
      object: 0x8 (8)
  - destroy__7JKRTaskFv
      map:    0x58 (88)
      object: 0x4 (4)
  - run__7JKRTaskFv
      map:    0x88 (136)
      object: 0x8 (8)
  - request__7JKRTaskFPFPv_vPv
      map:    0x50 (80)
      object: 0x4 (4)
[ OK ] Symbol linkage (weak/local/global) matches the map.
------------------------------------------------------------------------------
RESULT: PASS with warnings (5 UNUSED size mismatch(es) -- see above)
