Unit        : mario/Enemy/enemyMario
Source      : src/Enemy/enemyMario.cpp
Object      : build/GMSJ01/src/Enemy/enemyMario.o
Map TU      : Enemy.a enemyMario.cpp
Map symbols : 67 (31 UNUSED)   Object .text symbols: 114
reverse_fn_order: True
------------------------------------------------------------------------------

[FAIL] 1 map symbol(s) MISSING from the object:
  - getPoint__9TPathNodeCFv
[ OK ] Symbol order matches the map.

[WARN] 7 UNUSED symbol(s) with wrong size (best-effort -- does not fail the check):
  - emDrawStamp__11TEnemyMarioFv
      map:    0x18c (396)
      object: 0x17c (380)
  - emEnforceTake__11TEnemyMarioFv
      map:    0x1bc (444)
      object: 0x1ac (428)
  - emWalkGraph__11TEnemyMarioFv
      map:    0x1cc (460)
      object: 0x1d8 (472)
  - setStickAgainstMario__11TEnemyMarioFv
      map:    0x74 (116)
      object: 0x4 (4)
  - getStickPower__11TEnemyMarioFv
      map:    0x8 (8)
      object: 0x4 (4)
  - kill__11TEnemyMarioFv
      map:    0x4c (76)
      object: 0x4 (4)
  - canJumpToNode__11TEnemyMarioCFv
      map:    0x6c (108)
      object: 0x70 (112)
[ OK ] Symbol linkage (weak/local/global) matches the map.

[INFO] 48 object-only symbol(s) not in the map (usually deduplicated weak/inline helpers; not an error; -v to list).
------------------------------------------------------------------------------
RESULT: FAIL (1 error category/categories, 7 UNUSED size mismatch(es) warning(s))
