Unit        : mario/MSound/MSoundScene
Source      : src/MSound/MSoundScene.cpp
Object      : build/GMSJ01/src/MSound/MSoundScene.o
Map TU      : MSound.a MSoundScene.cpp
Map symbols : 7 (3 UNUSED)   Object .text symbols: 22
reverse_fn_order: True
------------------------------------------------------------------------------

[ OK ] All map symbols are present in the object.
[ OK ] Symbol order matches the map.

[WARN] 3 UNUSED symbol(s) with wrong size (best-effort -- does not fail the check):
  - calcPosPanSR__9MSSceneSEFP3Vecf
      map:    0xf0 (240)
      object: 0x4 (4)
  - calcPosPanLR__9MSSceneSEFP3Vecf
      map:    0x124 (292)
      object: 0x4 (4)
  - calcPosVolume__9MSSceneSEFP3VecPfUc
      map:    0x134 (308)
      object: 0x4 (4)
[ OK ] Symbol linkage (weak/local/global) matches the map.

[INFO] 15 object-only symbol(s) not in the map (usually deduplicated weak/inline helpers; not an error; -v to list).
------------------------------------------------------------------------------
RESULT: PASS with warnings (3 UNUSED size mismatch(es) -- see above)
