Unit        : mario/MarioUtil/LightUtil
Source      : src/MarioUtil/LightUtil.cpp
Object      : build/GMSJ01/src/MarioUtil/LightUtil.o
Map TU      : MarioUtil.a LightUtil.cpp
Map symbols : 51 (10 UNUSED)   Object .text symbols: 60
reverse_fn_order: True
------------------------------------------------------------------------------

[ OK ] All map symbols are present in the object.
[ OK ] Symbol order matches the map.

[WARN] 5 UNUSED symbol(s) with wrong size (best-effort -- does not fail the check):
  - setEffectLight__22TLightWithDBSetManagerFPCQ26JDrama9TGraphicsP11_GXLightObj
      map:    0xf8 (248)
      object: 0xf4 (244)
  - getLightDrawBuffer__15TLightWithDBSetFi
      map:    0x20 (32)
      object: 0x4 (4)
  - getXluDrawBuffer__15TLightWithDBSetFi
      map:    0x28 (40)
      object: 0x4 (4)
  - getOpaDrawBuffer__15TLightWithDBSetFi
      map:    0x28 (40)
      object: 0x4 (4)
  - addChildGroupObj__15TLightWithDBSetFPQ26JDrama55TViewObjPtrListT<Q26JDrama8TViewObj,Q26JDrama8TViewObj>
      map:    0x12c (300)
      object: 0x138 (312)
[ OK ] Symbol linkage (weak/local/global) matches the map.

[INFO] 9 object-only symbol(s) not in the map (usually deduplicated weak/inline helpers; not an error; -v to list).
------------------------------------------------------------------------------
RESULT: PASS with warnings (5 UNUSED size mismatch(es) -- see above)
