Unit        : mario/Camera/CameraBck
Source      : src/Camera/CameraBck.cpp
Object      : build/GMSJ01/src/Camera/CameraBck.o
Map TU      : Camera.a CameraBck.cpp
Map symbols : 11 (4 UNUSED)   Object .text symbols: 12
reverse_fn_order: True
------------------------------------------------------------------------------

[ OK ] All map symbols are present in the object.
[ OK ] Symbol order matches the map.

[WARN] 4 UNUSED symbol(s) with wrong size (best-effort -- does not fail the check):
  - restartDemo__10TCameraBckFv
      map:    0xa4 (164)
      object: 0x4 (4)
  - isDemoFinished__10TCameraBckCFv
      map:    0x70 (112)
      object: 0x4 (4)
  - isNowDemo__10TCameraBckCFv
      map:    0x3c (60)
      object: 0x4 (4)
  - getDemoFileName__10TCameraBckCFv
      map:    0x28 (40)
      object: 0x4 (4)
[ OK ] Symbol linkage (weak/local/global) matches the map.

[INFO] 1 object-only symbol(s) not in the map (usually deduplicated weak/inline helpers; not an error; -v to list).
------------------------------------------------------------------------------
RESULT: PASS with warnings (4 UNUSED size mismatch(es) -- see above)
