Unit        : mario/JSystem/JSupport/JSUFileStream
Source      : src/JSystem/JSupport/JSUFileStream.cpp
Object      : build/GMSJ01/src/JSystem/JSupport/JSUFileStream.o
Map TU      : JSystem.a JSUFileStream.cpp
Map symbols : 16 (10 UNUSED)   Object .text symbols: 9
reverse_fn_order: False
------------------------------------------------------------------------------

[FAIL] 10 map symbol(s) MISSING from the object:
  - open__18JSUFileInputStreamFPCc (UNUSED)
  - close__18JSUFileInputStreamFv (UNUSED)
  - __ct__19JSUFileOutputStreamFP7JKRFile (UNUSED)
  - open__19JSUFileOutputStreamFPCc (UNUSED)
  - close__19JSUFileOutputStreamFv (UNUSED)
  - writeData__19JSUFileOutputStreamFPCvl (UNUSED)
  - seekPos__19JSUFileOutputStreamFl17JSUStreamSeekFrom (UNUSED)
  - __dt__19JSUFileOutputStreamFv (UNUSED)
  - getLength__19JSUFileOutputStreamCFv (UNUSED)
  - getPosition__19JSUFileOutputStreamCFv (UNUSED)
[ OK ] Symbol order matches the map.
[ OK ] UNUSED symbol sizes match (0/10 checked).
[ OK ] Symbol linkage (weak/local/global) matches the map.

[INFO] 3 object-only symbol(s) not in the map (usually deduplicated weak/inline helpers; not an error; -v to list).
------------------------------------------------------------------------------
RESULT: FAIL (1 error category/categories)
