Unit        : mario/MarioUtil/RumbleMgr
Source      : src/MarioUtil/RumbleMgr.cpp
Object      : build/GMSJ01/src/MarioUtil/RumbleMgr.o
Map TU      : MarioUtil.a RumbleMgr.cpp
Map symbols : 44 (22 UNUSED)   Object .text symbols: 44
reverse_fn_order: True
------------------------------------------------------------------------------

[ OK ] All map symbols are present in the object.
[ OK ] Symbol order matches the map.

[WARN] 5 UNUSED symbol(s) with wrong size (best-effort -- does not fail the check):
  - stop__9RumbleMgrFii
      map:    0x178 (376)
      object: 0x50 (80)
  - start__9RumbleMgrFiiiPA4_f
      map:    0x7c (124)
      object: 0x74 (116)
  - start__9RumbleMgrFiiiP3Vec
      map:    0x94 (148)
      object: 0x58 (88)
  - start__9RumbleMgrFiiiPf
      map:    0x94 (148)
      object: 0x58 (88)
  - update__10RumbleBaseFfb
      map:    0xac (172)
      object: 0xa0 (160)
[ OK ] Symbol linkage (weak/local/global) matches the map.
------------------------------------------------------------------------------
RESULT: PASS with warnings (5 UNUSED size mismatch(es) -- see above)
