Unit        : mario/Enemy/feetinv
Source      : src/Enemy/feetinv.cpp
Object      : build/GMSJ01/src/Enemy/feetinv.o
Map TU      : Enemy.a feetinv.cpp
Map symbols : 12 (0 UNUSED)   Object .text symbols: 0
reverse_fn_order: True
------------------------------------------------------------------------------

[FAIL] 12 map symbol(s) MISSING from the object:
  - __dt__15TMtxCalcFootInvFv
  - calc__15TMtxCalcFootInvFUs
  - __ct__15TMtxCalcFootInvFUsUsUsUsUsUsf
  - FeetInvCalc__FP8J3DModelUsUsUsf
  - @120@4@calc__15TMtxCalcFootInvFUs
  - @120@4@calcTransform__19J3DMtxCalcSoftimageFUsRC16J3DTransformInfo
  - @120@4@recursiveEntry__15J3DMtxCalcBasicFP7J3DNode
  - @120@4@recursiveCalc__15J3DMtxCalcBasicFP7J3DNode
  - @120@4@recursiveUpdate__15J3DMtxCalcBasicFP7J3DNode
  - @120@4@init__19J3DMtxCalcSoftimageFRC3VecRA3_A4_Cf
  - @80@calc__15TMtxCalcFootInvFUs
  - @80@__dt__15TMtxCalcFootInvFv
[ OK ] Symbol order matches the map.
[ OK ] Symbol linkage (weak/local/global) matches the map.
------------------------------------------------------------------------------
RESULT: FAIL (1 error category/categories)
