Unit        : mario/dolphin/pad/Pad
Source      : src/dolphin/pad/Pad.c
Object      : build/GMSJ01/src/dolphin/pad/Pad.o
Map TU      : pad.a Pad.c
Map symbols : 31 (11 UNUSED)   Object .text symbols: 26
reverse_fn_order: False
------------------------------------------------------------------------------

[FAIL] 5 map symbol(s) MISSING from the object:
  - PADSetSamplingRate (UNUSED)
  - PADControlAllMotors (UNUSED)
  - PADGetSpec (UNUSED)
  - PADGetType (UNUSED)
  - __PADDisableXPatch (UNUSED)

[FAIL] Non-weak symbol ORDER differs from the map (weak & object-only symbols ignored):
  + DoReset   (object position)
    PADEnable
    PADDisable
  - DoReset   (map position)
    UpdateOrigin
    PADOriginCallback
    PADOriginUpdateCallback
    PADProbeCallback
    PADTypeAndStatusCallback
    PADReceiveCheckCallback
    PADReset
    PADRecalibrate
    PADInit
    PADRead
    PADControlMotor
    PADSetSpec
    SPEC0_MakeStatus
    SPEC1_MakeStatus
    ClampS8
    ClampU8
    SPEC2_MakeStatus
    PADSync
    PADSetAnalogMode
    OnReset
    SamplingHandler
    PADSetSamplingCallback
    __PADDisableRecalibration
[ OK ] UNUSED symbol sizes match (6/11 checked).
[ OK ] Symbol linkage (weak/local/global) matches the map.
------------------------------------------------------------------------------
RESULT: FAIL (2 error category/categories)
