Unit        : mario/JSystem/JKernel/JKRDvdArchive
Source      : src/JSystem/JKernel/JKRDvdArchive.cpp
Object      : build/GMSJ01/src/JSystem/JKernel/JKRDvdArchive.o
Map TU      : JSystem.a JKRDvdArchive.cpp
Map symbols : 12 (5 UNUSED)   Object .text symbols: 13
reverse_fn_order: False
------------------------------------------------------------------------------

[ OK ] All map symbols are present in the object.
[ OK ] Symbol order matches the map.

[WARN] 5 UNUSED symbol(s) with wrong size (best-effort -- does not fail the check):
  - __ct__13JKRDvdArchiveFv
      map:    0x3c (60)
      object: 0x44 (68)
  - fixedInit__13JKRDvdArchiveFl
      map:    0x44 (68)
      object: 0x4 (4)
  - mountFixed__13JKRDvdArchiveFl
      map:    0xe0 (224)
      object: 0x4 (4)
  - mountFixed__13JKRDvdArchiveFPCc
      map:    0xb0 (176)
      object: 0x4 (4)
  - unmountFixed__13JKRDvdArchiveFv
      map:    0xd4 (212)
      object: 0x4 (4)
[ OK ] Symbol linkage (weak/local/global) matches the map.

[INFO] 1 object-only symbol(s) not in the map (usually deduplicated weak/inline helpers; not an error; -v to list).
------------------------------------------------------------------------------
RESULT: PASS with warnings (5 UNUSED size mismatch(es) -- see above)
