Unit        : mario/Enemy/enemyAttachment
Source      : src/Enemy/enemyAttachment.cpp
Object      : build/GMSJ01/src/Enemy/enemyAttachment.o
Map TU      : Enemy.a enemyAttachment.cpp
Map symbols : 30 (1 UNUSED)   Object .text symbols: 45
reverse_fn_order: True
------------------------------------------------------------------------------

[ OK ] All map symbols are present in the object.

[WARN] Only weak symbols are out of order (compiler-controlled -- does not fail the check):
    __dt__18TEnemyPolluteModelFv
    setAnm__18TEnemyPolluteModelFv
    generate__18TEnemyPolluteModelFRQ29JGeometry8TVec3<f>RQ29JGeometry8TVec3<f>
    perform__18TEnemyPolluteModelFUlPQ26JDrama9TGraphics
    __ct__18TEnemyPolluteModelFP10TLiveActoriP12SDLModelDataPCc
    generatePolluteModel__25TEnemyPolluteModelManagerFRQ29JGeometry8TVec3<f>RQ29JGeometry8TVec3<f>
    perform__25TEnemyPolluteModelManagerFUlPQ26JDrama9TGraphics
    init__25TEnemyPolluteModelManagerFP10TLiveActor
    perform__16TEnemyAttachmentFUlPQ26JDrama9TGraphics
  - behaveToHost__16TEnemyAttachmentFv   (map position)
    calcRootMatrix__16TEnemyAttachmentFv
    sendMessage__16TEnemyAttachmentFv
    moveObject__16TEnemyAttachmentFv
    set__16TEnemyAttachmentFv
    kill__16TEnemyAttachmentFv
    rebirth__16TEnemyAttachmentFv
    bind__16TEnemyAttachmentFv
  + getNowGravity__16TEnemyAttachmentFv   (object position)
    setBehavior__16TEnemyAttachmentFv
  - getNowGravity__16TEnemyAttachmentFv   (map position)
    recoverScale__16TEnemyAttachmentFv
    forceKill__16TEnemyAttachmentFv
    behaveToHitWall__16TEnemyAttachmentFPC12TBGCheckData
    behaveToHitGround__16TEnemyAttachmentFv
    loadInit__16TEnemyAttachmentFP11TSpineEnemyPCc
    __ct__16TEnemyAttachmentFPCc
    __dt__25TEnemyPolluteModelManagerFv
    __dt__16TEnemyAttachmentFv
  + receiveMessage__16TEnemyAttachmentFP9THitActorUl   (object position)
    appear__16TEnemyAttachmentFv
  - receiveMessage__16TEnemyAttachmentFP9THitActorUl   (map position)
  + behaveToHost__16TEnemyAttachmentFv   (object position)
    @32@__dt__16TEnemyAttachmentFv

[WARN] 1 UNUSED symbol(s) with wrong size (best-effort -- does not fail the check):
  - generate__18TEnemyPolluteModelFRQ29JGeometry8TVec3<f>RQ29JGeometry8TVec3<f>
      map:    0x178 (376)
      object: 0xf8 (248)
[ OK ] Symbol linkage (weak/local/global) matches the map.

[INFO] 15 object-only symbol(s) not in the map (usually deduplicated weak/inline helpers; not an error; -v to list).
------------------------------------------------------------------------------
RESULT: PASS with warnings (weak-symbol order; 1 UNUSED size mismatch(es) -- see above)
