Unit        : mario/GC2D/Guide
Source      : src/GC2D/Guide.cpp
Object      : build/GMSJ01/src/GC2D/Guide.o
Map TU      : GC2D.a Guide.cpp
Map symbols : 28 (11 UNUSED)   Object .text symbols: 0
reverse_fn_order: True
------------------------------------------------------------------------------

[FAIL] 28 map symbol(s) MISSING from the object:
  - __dt__6TGuideFv
  - perform__6TGuideFUlPQ26JDrama9TGraphics
  - setPaneSize__7TExPaneFlllll
  - setPaneAlpha__7TExPaneFlss
  - disappearGuidePane__6TGuideFi (UNUSED)
  - appearGuidePane__6TGuideFi
  - placeMario__6TGuideFv
  - changeBotStatus__6TGuideFi
  - checkPoint__6TGuideFii
  - searchNearPoint__6TGuideFPsPsss (UNUSED)
  - mmarkPattern__6TGuideFP7TExPanesUl (UNUSED)
  - shinePattern__6TGuideFP10TBoundPanesUl (UNUSED)
  - rotatePattern__6TGuideFP10J2DPicturesUls (UNUSED)
  - mirrorPattern__6TGuideFP10J2DPicturesUl (UNUSED)
  - changePattern__6TGuideFP10J2DPicturesUl (UNUSED)
  - linkSelect__6TGuideFv
  - startMoveCursor2__6TGuideFv (UNUSED)
  - startMoveCursor__6TGuideFv
  - setup2__6TGuideFP13JKRMemArchive (UNUSED)
  - setup__6TGuideFP13JKRMemArchive
  - resetScore__6TGuideFv
  - resetObjects__6TGuideFv
  - load__6TGuideFR20JSUMemoryInputStream
  - __ct__6TGuideFPCc
  - SMS_isGetShine__FUlUlb (UNUSED)
  - SMS_getShineID__FUlUlb
  - SMS_getNormalStage__FUl (UNUSED)
  - __sinit_Guide_cpp
[ OK ] Symbol order matches the map.
[ OK ] UNUSED symbol sizes match (0/11 checked).
[ OK ] Symbol linkage (weak/local/global) matches the map.
------------------------------------------------------------------------------
RESULT: FAIL (1 error category/categories)
