Unit        : mario/Enemy/limitkoopajr
Source      : src/Enemy/limitkoopajr.cpp
Object      : build/GMSJ01/src/Enemy/limitkoopajr.o
Map TU      : Enemy.a limitkoopajr.cpp
Map symbols : 42 (15 UNUSED)   Object .text symbols: 0
reverse_fn_order: True
------------------------------------------------------------------------------

[FAIL] 42 map symbol(s) MISSING from the object:
  - __dt__20TLimitKoopaJrManagerFv
  - createEnemyInstance__20TLimitKoopaJrManagerFv
  - loadAfter__20TLimitKoopaJrManagerFv
  - load__20TLimitKoopaJrManagerFR20JSUMemoryInputStream
  - createModelData__20TLimitKoopaJrManagerFv
  - __ct__20TLimitKoopaJrManagerFPCc
  - execute__23TNerveLimitKoopaJrYahooCFP24TSpineBase<10TLiveActor>
  - __dt__22TNerveLimitKoopaJrWaitFv
  - theNerve__23TNerveLimitKoopaJrYahooFv (UNUSED)
  - __dt__23TNerveLimitKoopaJrYahooFv
  - execute__24TNerveLimitKoopaJrLaunchCFP24TSpineBase<10TLiveActor>
  - theNerve__24TNerveLimitKoopaJrLaunchFv (UNUSED)
  - __dt__24TNerveLimitKoopaJrLaunchFv
  - execute__22TNerveLimitKoopaJrWaitCFP24TSpineBase<10TLiveActor>
  - __dt__21TNerveLimitKoopaJrRunFv
  - theNerve__22TNerveLimitKoopaJrWaitFv (UNUSED)
  - execute__21TNerveLimitKoopaJrRunCFP24TSpineBase<10TLiveActor>
  - theNerve__21TNerveLimitKoopaJrRunFv (UNUSED)
  - makeDirection__13TLimitKoopaJrFQ29JGeometry8TVec3<f> (UNUSED)
  - calcTargetDirection__13TLimitKoopaJrFv (UNUSED)
  - moveWait__13TLimitKoopaJrFv (UNUSED)
  - canYahoo__13TLimitKoopaJrFv (UNUSED)
  - canRun__13TLimitKoopaJrFv (UNUSED)
  - moveRun__13TLimitKoopaJrFv
  - checkNerve__13TLimitKoopaJrFv (UNUSED)
  - receiveMessage__13TLimitKoopaJrFP9THitActorUl
  - getBasNameTable__13TLimitKoopaJrCFv
  - updateTimers__13TLimitKoopaJrFv (UNUSED)
  - setAnimationIndex__13TLimitKoopaJrFi (UNUSED)
  - emitKoopaJrEffects__13TLimitKoopaJrFv (UNUSED)
  - startKoopaJrMessage__13TLimitKoopaJrFUl (UNUSED)
  - calcRootMatrix__13TLimitKoopaJrFv
  - bind__13TLimitKoopaJrFv
  - perform__13TLimitKoopaJrFUlPQ26JDrama9TGraphics
  - resetLimitKoopaJr__13TLimitKoopaJrFv (UNUSED)
  - reset__13TLimitKoopaJrFv
  - init__13TLimitKoopaJrFP12TLiveManager
  - __ct__13TLimitKoopaJrFPCc
  - __ct__19TLimitKoopaJrParamsFPCc
  - __dt__13TLimitKoopaJrFv
  - __sinit_limitkoopajr_cpp
  - @32@__dt__13TLimitKoopaJrFv
[ OK ] Symbol order matches the map.
[ OK ] UNUSED symbol sizes match (0/15 checked).
[ OK ] Symbol linkage (weak/local/global) matches the map.
------------------------------------------------------------------------------
RESULT: FAIL (1 error category/categories)
