Unit        : mario/JSystem/JAudio/JASystem/JASChannel
Source      : src/JSystem/JAudio/JASystem/JASChannel.cpp
Object      : build/GMSJ01/src/JSystem/JAudio/JASystem/JASChannel.o
Map TU      : JSystem.a JASChannel.cpp
Map symbols : 40 (7 UNUSED)   Object .text symbols: 40
reverse_fn_order: False
------------------------------------------------------------------------------

[ OK ] All map symbols are present in the object.
[ OK ] Symbol order matches the map.

[WARN] 5 UNUSED symbol(s) with wrong size (best-effort -- does not fail the check):
  - overwriteOscMultiple__Q28JASystem8TChannelFPQ38JASystem11TOscillator4Osc_PQ38JASystem11TOscillator4Osc_PQ38JASystem11TOscillator4Osc_PQ38JASystem11TOscillator4Osc_
      map:    0x19c (412)
      object: 0x4 (4)
  - initOscForOscSound__Q28JASystem8TChannelFv
      map:    0x60 (96)
      object: 0x4 (4)
  - setPanParam__Q28JASystem8TChannelFPCfPCfPCf
      map:    0x34 (52)
      object: 0x4 (4)
  - setFxParam__Q28JASystem8TChannelFPCfPCfPCf
      map:    0x34 (52)
      object: 0x4 (4)
  - setDolbyParam__Q28JASystem8TChannelFPCfPCfPCf
      map:    0x34 (52)
      object: 0x4 (4)
[ OK ] Symbol linkage (weak/local/global) matches the map.
------------------------------------------------------------------------------
RESULT: PASS with warnings (5 UNUSED size mismatch(es) -- see above)
