Unit        : mario/JSystem/J3D/J3DGraphBase/J3DTevs
Source      : src/JSystem/J3D/J3DGraphBase/J3DTevs.cpp
Object      : build/GMSJ01/src/JSystem/J3D/J3DGraphBase/J3DTevs.o
Map TU      : JSystem.a J3DTevs.cpp
Map symbols : 24 (11 UNUSED)   Object .text symbols: 14
reverse_fn_order: False
------------------------------------------------------------------------------

[FAIL] 10 map symbol(s) MISSING from the object:
  - J3DLoadCPCmd__FUcUl (UNUSED)
  - loadColorChanNum__FUc (UNUSED)
  - loadTexGenNum__FUl (UNUSED)
  - load__11J3DTevOrderCFUl (UNUSED)
  - load__14J3DIndTexOrderCFUl (UNUSED)
  - load__19J3DIndTexCoordScaleCFUl (UNUSED)
  - loadTevKColorSel__FUlUc (UNUSED)
  - loadTevKAlphaSel__FUlUc (UNUSED)
  - loadTevStageNum__FUc (UNUSED)
  - loadIndTexStageNum__FUc (UNUSED)

[FAIL] Non-weak symbol ORDER differs from the map (weak & object-only symbols ignored):
    J3DLoadArrayBasePtr__F7_GXAttrPv
    J3DSetVtxAttrFmtv__F9_GXVtxFmtP17_GXVtxAttrFmtListb
  + J3DGDSetTexLookupMode__F11_GXTexMapID14_GXTexWrapMode14_GXTexWrapMode12_GXTexFilter12_GXTexFilterfffUcUc13_GXAnisotropy   (object position)
    loadCullMode__FUc
    load__11J3DLightObjCFUl
    calc__9J3DTexMtxFv
    load__9J3DTexMtxCFUl
  - J3DGDSetTexLookupMode__F11_GXTexMapID14_GXTexWrapMode14_GXTexWrapMode12_GXTexFilter12_GXTexFilterfffUcUc13_GXAnisotropy   (map position)
    loadTexNo__FUlRCUs
    loadDither__FUc
    loadNBTScale__FR11J3DNBTScale
    makeTexCoordTable__Fv
    makeAlphaCmpTable__Fv
    makeZModeTable__Fv
    makeTevSwapTable__Fv

[WARN] 1 UNUSED symbol(s) with wrong size (best-effort -- does not fail the check):
  - J3DGDSetTexLookupMode__F11_GXTexMapID14_GXTexWrapMode14_GXTexWrapMode12_GXTexFilter12_GXTexFilterfffUcUc13_GXAnisotropy
      map:    0x214 (532)
      object: 0x218 (536)
[ OK ] Symbol linkage (weak/local/global) matches the map.
------------------------------------------------------------------------------
RESULT: FAIL (2 error category/categories, 1 UNUSED size mismatch(es) warning(s))
