Unit        : mario/Enemy/tobiPuku
Source      : src/Enemy/tobiPuku.cpp
Object      : build/GMSJ01/src/Enemy/tobiPuku.o
Map TU      : Enemy.a tobiPuku.cpp
Map symbols : 135 (19 UNUSED)   Object .text symbols: 0
reverse_fn_order: True
------------------------------------------------------------------------------

[FAIL] 135 map symbol(s) MISSING from the object:
  - __dt__24TNerveTobiPukuSwimWanderFv
  - execute__24TNerveTobiPukuSwimWanderCFP24TSpineBase<10TLiveActor>
  - theNerve__24TNerveTobiPukuSwimWanderFv (UNUSED)
  - execute__26TNerveTobiPukuReturnLaunchCFP24TSpineBase<10TLiveActor>
  - __dt__24TNerveTobiPukuPrepareFlyFv
  - theNerve__26TNerveTobiPukuReturnLaunchFv (UNUSED)
  - __dt__26TNerveTobiPukuReturnLaunchFv
  - execute__24TNerveTobiPukuPrepareFlyCFP24TSpineBase<10TLiveActor>
  - theNerve__24TNerveTobiPukuPrepareFlyFv (UNUSED)
  - execute__19TNerveTobiPukuBoundCFP24TSpineBase<10TLiveActor>
  - __dt__18TNerveTobiPukuLandFv
  - theNerve__19TNerveTobiPukuBoundFv (UNUSED)
  - __dt__19TNerveTobiPukuBoundFv
  - execute__18TNerveTobiPukuLandCFP24TSpineBase<10TLiveActor>
  - __dt__22TNerveTobiPukuPitiPitiFv
  - theNerve__18TNerveTobiPukuLandFv (UNUSED)
  - execute__17TNerveTobiPukuDieCFP24TSpineBase<10TLiveActor>
  - theNerve__17TNerveTobiPukuDieFv (UNUSED)
  - __dt__17TNerveTobiPukuDieFv
  - execute__22TNerveTobiPukuPitiPitiCFP24TSpineBase<10TLiveActor>
  - theNerve__22TNerveTobiPukuPitiPitiFv (UNUSED)
  - execute__18TNerveTobiPukuFallCFP24TSpineBase<10TLiveActor>
  - theNerve__18TNerveTobiPukuFallFv (UNUSED)
  - __dt__18TNerveTobiPukuFallFv
  - execute__22TNerveTobiPukuHitWaterCFP24TSpineBase<10TLiveActor>
  - theNerve__22TNerveTobiPukuHitWaterFv (UNUSED)
  - __dt__22TNerveTobiPukuHitWaterFv
  - execute__20TNerveTobiPukuAttackCFP24TSpineBase<10TLiveActor>
  - theNerve__20TNerveTobiPukuAttackFv (UNUSED)
  - __dt__20TNerveTobiPukuAttackFv
  - execute__17TNerveTobiPukuFlyCFP24TSpineBase<10TLiveActor>
  - theNerve__17TNerveTobiPukuFlyFv (UNUSED)
  - __dt__17TNerveTobiPukuFlyFv
  - execute__22TNerveTobiPukuGenerateCFP24TSpineBase<10TLiveActor>
  - theNerve__22TNerveTobiPukuGenerateFv (UNUSED)
  - __dt__22TNerveTobiPukuGenerateFv
  - getBasNameTable__8TMoePukuCFv
  - generateEffectColumWater__8TMoePukuFv
  - setJumpStartAnm__8TMoePukuFv
  - setFallEndLandAnm__8TMoePukuFv
  - setDeadAnm__8TMoePukuFv
  - setDownLandAnm__8TMoePukuFv
  - setDownAirAnm__8TMoePukuFv
  - setFallAnm__8TMoePukuFv
  - setPichiAnm__8TMoePukuFv
  - setAttackAnm__8TMoePukuFv
  - setSwimAnm__8TMoePukuFv
  - setJumpAnm__8TMoePukuFv
  - isJumpStartBck__8TMoePukuFv
  - isFallEndLandBck__8TMoePukuFv
  - isAttackBck__8TMoePukuFv
  - isDeadBck__8TMoePukuFv
  - isJumpBck__8TMoePukuFv
  - isPichiEffect__8TMoePukuFv
  - hitWater__8TMoePukuFv
  - calcRootMatrix__8TMoePukuFv
  - reset__9TPukuPukuFv
  - init__9TPukuPukuFP12TLiveManager
  - load__9TPukuPukuFR20JSUMemoryInputStream
  - __ct__9TPukuPukuFPCc
  - getBasNameTable__9TTobiPukuCFv
  - scalingChangeActor__9TTobiPukuFv
  - initAttacker__9TTobiPukuFP9THitActor
  - changeOut__9TTobiPukuFv
  - genEventCoin__9TTobiPukuFv
  - forceKill__9TTobiPukuFv
  - kill__9TTobiPukuFv
  - hitWater__9TTobiPukuFv
  - fallStart__9TTobiPukuFv (UNUSED)
  - flyStart__9TTobiPukuFv (UNUSED)
  - getGravityY__9TTobiPukuCFv
  - attackToMario__9TTobiPukuFv
  - generateEffectColumWater__9TTobiPukuFv
  - isReachedToGoalXZ__9TTobiPukuFv
  - swimEffect__9TTobiPukuFv
  - walkBehavior__9TTobiPukuFif
  - behaveToWater__9TTobiPukuFP9THitActor
  - isRoll__9TTobiPukuFv (UNUSED)
  - canBound__9TTobiPukuFv (UNUSED)
  - setJumpStartAnm__9TTobiPukuFv
  - setFallEndLandAnm__9TTobiPukuFv
  - setDeadAnm__9TTobiPukuFv
  - setDownLandAnm__9TTobiPukuFv
  - setDownAirAnm__9TTobiPukuFv
  - setFallAnm__9TTobiPukuFv
  - setPichiAnm__9TTobiPukuFv
  - setAttackAnm__9TTobiPukuFv
  - setSwimAnm__9TTobiPukuFv
  - setJumpAnm__9TTobiPukuFv
  - isJumpStartBck__9TTobiPukuFv
  - isFallEndLandBck__9TTobiPukuFv
  - isAttackBck__9TTobiPukuFv
  - isDeadBck__9TTobiPukuFv
  - isJumpBck__9TTobiPukuFv
  - isPichiEffect__9TTobiPukuFv
  - calcRootMatrix__9TTobiPukuFv
  - bound__9TTobiPukuFv (UNUSED)
  - hitWall__9TTobiPukuFv
  - moveObject__9TTobiPukuFv
  - reset__9TTobiPukuFv
  - init__9TTobiPukuFP12TLiveManager
  - __ct__9TTobiPukuFPCc
  - launch__17TMoePukuLaunchPadFv
  - forceLaunch__18TTobiPukuLaunchPadFP9TTobiPuku
  - launch__18TTobiPukuLaunchPadFv
  - reset__18TTobiPukuLaunchPadFv
  - load__18TTobiPukuLaunchPadFR20JSUMemoryInputStream
  - init__18TTobiPukuLaunchPadFP12TLiveManager
  - perform__18TTobiPukuLaunchPadFUlPQ26JDrama9TGraphics
  - __ct__18TTobiPukuLaunchPadFPCc
  - createEnemyInstance__15TMoePukuManagerFv
  - createEnemyInstance__16TTobiPukuManagerFv
  - load__16TTobiPukuManagerFR20JSUMemoryInputStream
  - __ct__16TTobiPukuManagerFPCc
  - createEnemyInstance__24TMoePukuLaunchPadManagerFv
  - perform__25TTobiPukuLaunchPadManagerFUlPQ26JDrama9TGraphics
  - createEnemyInstance__25TTobiPukuLaunchPadManagerFv
  - load__25TTobiPukuLaunchPadManagerFR20JSUMemoryInputStream
  - __ct__25TTobiPukuLaunchPadManagerFPCc
  - __ct__23TTobiPukuSaveLoadParamsFPCc (UNUSED)
  - __ct__32TTobiPukuLaunchPadSaveLoadParamsFPCc (UNUSED)
  - TobiPukuRollCallback__FP7J3DNodei
  - swimEffect__8TMoePukuFv
  - isInhibitedForceMove__9TTobiPukuFv
  - __dt__8TMoePukuFv
  - __dt__9TPukuPukuFv
  - __dt__17TMoePukuLaunchPadFv
  - __dt__15TMoePukuManagerFv
  - __dt__24TMoePukuLaunchPadManagerFv
  - __sinit_tobiPuku_cpp
  - @32@__dt__18TTobiPukuLaunchPadFv
  - @32@__dt__17TMoePukuLaunchPadFv
  - @32@__dt__9TTobiPukuFv
  - @32@__dt__9TPukuPukuFv
  - @32@__dt__8TMoePukuFv
[ OK ] Symbol order matches the map.
[ OK ] UNUSED symbol sizes match (0/19 checked).
[ OK ] Symbol linkage (weak/local/global) matches the map.
------------------------------------------------------------------------------
RESULT: FAIL (1 error category/categories)
