Unit        : mario/JSystem/JKernel/JKRAram
Source      : src/JSystem/JKernel/JKRAram.cpp
Object      : build/GMSJ01/src/JSystem/JKernel/JKRAram.o
Map TU      : JSystem.a JKRAram.cpp
Map symbols : 23 (10 UNUSED)   Object .text symbols: 24
reverse_fn_order: False
------------------------------------------------------------------------------

[ OK ] All map symbols are present in the object.
[ OK ] Symbol order matches the map.

[WARN] 9 UNUSED symbol(s) with wrong size (best-effort -- does not fail the check):
  - checkOkAddress__7JKRAramFPUcUlP12JKRAramBlockUl
      map:    0x80 (128)
      object: 0x94 (148)
  - mainRamToAram__7JKRAramFPUcP12JKRAramBlockUl15JKRExpandSwitchUlP7JKRHeapi
      map:    0xf0 (240)
      object: 0xe8 (232)
  - mainRamToAram_Async__7JKRAramFPUcUlUl15JKRExpandSwitchUlP7JKRHeapPFUl_vi
      map:    0x2ac (684)
      object: 0x4 (4)
  - mainRamToAram_Async__7JKRAramFPUcP12JKRAramBlockUl15JKRExpandSwitchUlP7JKRHeapPFUl_vi
      map:    0xfc (252)
      object: 0x4 (4)
  - aramToMainRam_Async__7JKRAramFUlPUcUl15JKRExpandSwitchUlP7JKRHeapPFUl_vi
      map:    0x2c8 (712)
      object: 0x4 (4)
  - aramToMainRam_Async__7JKRAramFP12JKRAramBlockPUcUlUl15JKRExpandSwitchUlP7JKRHeapPFUl_vi
      map:    0xf8 (248)
      object: 0x4 (4)
  - aramSync__7JKRAramFP12JKRAMCommandi
      map:    0xb8 (184)
      object: 0x4 (4)
  - aramSyncAll__7JKRAramFi
      map:    0xfc (252)
      object: 0x4 (4)
  - countLeftSync__7JKRAramFv
      map:    0x34 (52)
      object: 0x4 (4)
[ OK ] Symbol linkage (weak/local/global) matches the map.

[INFO] 1 object-only symbol(s) not in the map (usually deduplicated weak/inline helpers; not an error; -v to list).
------------------------------------------------------------------------------
RESULT: PASS with warnings (9 UNUSED size mismatch(es) -- see above)
