Unit        : mario/Map/MapWire
Source      : src/Map/MapWire.cpp
Object      : build/GMSJ01/src/Map/MapWire.o
Map TU      : Map.a MapWire.cpp
Map symbols : 24 (8 UNUSED)   Object .text symbols: 45
reverse_fn_order: True
------------------------------------------------------------------------------

[ OK ] All map symbols are present in the object.
[ OK ] Symbol order matches the map.

[WARN] 3 UNUSED symbol(s) with wrong size (best-effort -- does not fail the check):
  - initTipPoints__8TMapWireFPC16TCubeGeneralInfo
      map:    0x1f0 (496)
      object: 0x1f4 (500)
  - updateMovePointAtReleased__8TMapWireFv
      map:    0xa8 (168)
      object: 0x4 (4)
  - updatePointAtReleased__8TMapWireFi
      map:    0xf8 (248)
      object: 0xf0 (240)
[ OK ] Symbol linkage (weak/local/global) matches the map.

[INFO] 21 object-only symbol(s) not in the map (usually deduplicated weak/inline helpers; not an error; -v to list).
------------------------------------------------------------------------------
RESULT: PASS with warnings (3 UNUSED size mismatch(es) -- see above)
