Unit        : mario/JSystem/JDrama/JDRCamera
Source      : src/JSystem/JDrama/JDRCamera.cpp
Object      : build/GMSJ01/src/JSystem/JDrama/JDRCamera.o
Map TU      : JSystem.a JDRCamera.cpp
Map symbols : 71 (0 UNUSED)   Object .text symbols: 72
reverse_fn_order: False
------------------------------------------------------------------------------

[ OK ] All map symbols are present in the object.

[WARN] Only weak symbols are out of order (compiler-controlled -- does not fail the check):
    __dt__Q26JDrama7TCameraFv
    JSGGetFlag__Q26JDrama7TCameraCFv
    JSGSetFlag__Q26JDrama7TCameraFUl
    JSGGetProjectionNear__Q26JDrama7TCameraCFv
    JSGSetProjectionNear__Q26JDrama7TCameraFf
    JSGGetProjectionFar__Q26JDrama7TCameraCFv
    JSGSetProjectionFar__Q26JDrama7TCameraFf
    load__Q26JDrama12TPolarCameraFR20JSUMemoryInputStream
    perform__Q26JDrama12TPolarCameraFUlPQ26JDrama9TGraphics
    set__Q29JGeometry13SMatrix34C<f>Fffffffffffff
    JSGGetProjectionType__Q26JDrama12TPolarCameraCFv
    JSGSetProjectionType__Q26JDrama12TPolarCameraFQ26JStage18TECameraProjection
    JSGGetProjectionFovy__Q26JDrama12TPolarCameraCFv
    JSGSetProjectionFovy__Q26JDrama12TPolarCameraFf
    JSGGetProjectionAspect__Q26JDrama12TPolarCameraCFv
    JSGSetProjectionAspect__Q26JDrama12TPolarCameraFf
    perform__Q26JDrama13TLookAtCameraFUlPQ26JDrama9TGraphics
    JSGGetProjectionType__Q26JDrama13TLookAtCameraCFv
    JSGSetProjectionType__Q26JDrama13TLookAtCameraFQ26JStage18TECameraProjection
    JSGGetProjectionFovy__Q26JDrama13TLookAtCameraCFv
    JSGSetProjectionFovy__Q26JDrama13TLookAtCameraFf
    JSGGetProjectionAspect__Q26JDrama13TLookAtCameraCFv
    JSGSetProjectionAspect__Q26JDrama13TLookAtCameraFf
    JSGGetViewPosition__Q26JDrama13TLookAtCameraCFP3Vec
    JSGSetViewPosition__Q26JDrama13TLookAtCameraFRC3Vec
    JSGGetViewUpVector__Q26JDrama13TLookAtCameraCFP3Vec
    JSGSetViewUpVector__Q26JDrama13TLookAtCameraFRC3Vec
    JSGGetViewTargetPosition__Q26JDrama13TLookAtCameraCFP3Vec
    JSGSetViewTargetPosition__Q26JDrama13TLookAtCameraFRC3Vec
    load__Q26JDrama10TOrthoProjFR20JSUMemoryInputStream
    perform__Q26JDrama10TOrthoProjFUlPQ26JDrama9TGraphics
    JSGGetProjectionType__Q26JDrama10TOrthoProjCFv
    JSGSetProjectionType__Q26JDrama10TOrthoProjFQ26JStage18TECameraProjection
    JSGGetProjectionField__Q26JDrama10TOrthoProjCFPf
    JSGSetProjectionField__Q26JDrama10TOrthoProjFPCf
  + getType__Q26JDrama7TCameraCFv   (object position)
    __dt__Q26JDrama10TOrthoProjFv
  - getType__Q26JDrama7TCameraCFv   (map position)
    __dt__Q26JDrama13TLookAtCameraFv
    __dt__Q26JDrama12TPolarCameraFv
    @32@__dt__Q26JDrama7TCameraFv
    @32@JSGSetProjectionAspect__Q26JDrama12TPolarCameraFf
    @32@JSGGetProjectionAspect__Q26JDrama12TPolarCameraCFv
    @32@JSGSetProjectionFovy__Q26JDrama12TPolarCameraFf
    @32@JSGGetProjectionFovy__Q26JDrama12TPolarCameraCFv
    @32@JSGSetProjectionType__Q26JDrama12TPolarCameraFQ26JStage18TECameraProjection
    @32@JSGGetProjectionType__Q26JDrama12TPolarCameraCFv
    @32@__dt__Q26JDrama12TPolarCameraFv
    @32@JSGSetViewTargetPosition__Q26JDrama13TLookAtCameraFRC3Vec
    @32@JSGGetViewTargetPosition__Q26JDrama13TLookAtCameraCFP3Vec
    @32@JSGSetViewUpVector__Q26JDrama13TLookAtCameraFRC3Vec
    @32@JSGGetViewUpVector__Q26JDrama13TLookAtCameraCFP3Vec
    @32@JSGSetViewPosition__Q26JDrama13TLookAtCameraFRC3Vec
    @32@JSGGetViewPosition__Q26JDrama13TLookAtCameraCFP3Vec
    @32@JSGSetProjectionAspect__Q26JDrama13TLookAtCameraFf
    @32@JSGGetProjectionAspect__Q26JDrama13TLookAtCameraCFv
    @32@JSGSetProjectionFovy__Q26JDrama13TLookAtCameraFf
    @32@JSGGetProjectionFovy__Q26JDrama13TLookAtCameraCFv
    @32@JSGSetProjectionType__Q26JDrama13TLookAtCameraFQ26JStage18TECameraProjection
    @32@JSGGetProjectionType__Q26JDrama13TLookAtCameraCFv
    @32@__dt__Q26JDrama13TLookAtCameraFv
    @32@JSGSetFlag__Q26JDrama7TCameraFUl
    @32@JSGGetFlag__Q26JDrama7TCameraCFv
    @32@JSGSetProjectionField__Q26JDrama10TOrthoProjFPCf
    @32@JSGGetProjectionField__Q26JDrama10TOrthoProjCFPf
    @32@JSGSetProjectionFar__Q26JDrama7TCameraFf
    @32@JSGGetProjectionFar__Q26JDrama7TCameraCFv
    @32@JSGSetProjectionNear__Q26JDrama7TCameraFf
    @32@JSGGetProjectionNear__Q26JDrama7TCameraCFv
    @32@JSGSetProjectionType__Q26JDrama10TOrthoProjFQ26JStage18TECameraProjection
    @32@JSGGetProjectionType__Q26JDrama10TOrthoProjCFv
    @32@__dt__Q26JDrama10TOrthoProjFv
[ OK ] Symbol linkage (weak/local/global) matches the map.

[INFO] 1 object-only symbol(s) not in the map (usually deduplicated weak/inline helpers; not an error; -v to list).
------------------------------------------------------------------------------
RESULT: PASS with warnings (weak-symbol order -- see above)
