Unit        : mario/JSystem/J3D/J3DGraphBase/J3DMaterial
Source      : src/JSystem/J3D/J3DGraphBase/J3DMaterial.cpp
Object      : build/GMSJ01/src/JSystem/J3D/J3DGraphBase/J3DMaterial.o
Map TU      : JSystem.a J3DMaterial.cpp
Map symbols : 359 (8 UNUSED)   Object .text symbols: 358
reverse_fn_order: False
------------------------------------------------------------------------------

[FAIL] 1 map symbol(s) MISSING from the object:
  - J3DGDSetZCompLoc__FUl (UNUSED)
[ OK ] Symbol order matches the map.

[WARN] 2 UNUSED symbol(s) with wrong size (best-effort -- does not fail the check):
  - patch__11J3DMaterialFv
      map:    0x6c (108)
      object: 0x4 (4)
  - safeLoad__11J3DMaterialFv
      map:    0x84 (132)
      object: 0x4 (4)

[FAIL] 1 symbol(s) with wrong linkage (weak/local/global):
  - J3DGDWrite_u32__FUl
      map:    local
      object: weak
------------------------------------------------------------------------------
RESULT: FAIL (2 error category/categories, 2 UNUSED size mismatch(es) warning(s))
