Unit        : mario/JSystem/J3D/J3DGraphBase/J3DTransform
Source      : src/JSystem/J3D/J3DGraphBase/J3DTransform.cpp
Object      : build/GMSJ01/src/JSystem/J3D/J3DGraphBase/J3DTransform.o
Map TU      : JSystem.a J3DTransform.cpp
Map symbols : 19 (4 UNUSED)   Object .text symbols: 19
reverse_fn_order: False
------------------------------------------------------------------------------

[FAIL] 1 map symbol(s) MISSING from the object:
  - J3DPSMtx23Copy__FPA3_fPA3_f (UNUSED)
[ OK ] Symbol order matches the map.

[WARN] 3 UNUSED symbol(s) with wrong size (best-effort -- does not fail the check):
  - J3DScaleNrmMtx__FPA4_fRC3Vec
      map:    0x64 (100)
      object: 0x4 (4)
  - PSSqrtfv__FPfPfUl
      map:    0x30 (48)
      object: 0x4 (4)
  - J3DPSMTXConcatArray__FPA4_CfPA3_A4_CfPA3_A4_fUl
      map:    0x158 (344)
      object: 0x4 (4)
[ OK ] Symbol linkage (weak/local/global) matches the map.

[INFO] 1 object-only symbol(s) not in the map (usually deduplicated weak/inline helpers; not an error; -v to list).
------------------------------------------------------------------------------
RESULT: FAIL (1 error category/categories, 3 UNUSED size mismatch(es) warning(s))
