Unit        : mario/JSystem/JKernel/JKRAramArchive
Source      : src/JSystem/JKernel/JKRAramArchive.cpp
Object      : build/GMSJ01/src/JSystem/JKernel/JKRAramArchive.o
Map TU      : JSystem.a JKRAramArchive.cpp
Map symbols : 18 (10 UNUSED)   Object .text symbols: 18
reverse_fn_order: False
------------------------------------------------------------------------------

[ OK ] All map symbols are present in the object.
[ OK ] Symbol order matches the map.

[WARN] 9 UNUSED symbol(s) with wrong size (best-effort -- does not fail the check):
  - fixedInit__14JKRAramArchiveFl
      map:    0x40 (64)
      object: 0x4 (4)
  - mountFixed__14JKRAramArchiveFl
      map:    0xe0 (224)
      object: 0x8 (8)
  - mountFixed__14JKRAramArchiveFPCc
      map:    0xb4 (180)
      object: 0x8 (8)
  - unmountFixed__14JKRAramArchiveFv
      map:    0x100 (256)
      object: 0x4 (4)
  - getAramAddress_Entry__14JKRAramArchiveFPQ210JKRArchive12SDIFileEntry
      map:    0x24 (36)
      object: 0x8 (8)
  - getAramAddress__14JKRAramArchiveFPCc
      map:    0x50 (80)
      object: 0x8 (8)
  - getAramAddress__14JKRAramArchiveFUlPCc
      map:    0x4c (76)
      object: 0x8 (8)
  - getAramAddress__14JKRAramArchiveFUs
      map:    0x4c (76)
      object: 0x8 (8)
  - getIdxAramAddress__14JKRAramArchiveFUl
      map:    0x4c (76)
      object: 0x8 (8)
[ OK ] Symbol linkage (weak/local/global) matches the map.
------------------------------------------------------------------------------
RESULT: PASS with warnings (9 UNUSED size mismatch(es) -- see above)
