Unit        : mario/Map/MapWireManager
Source      : src/Map/MapWireManager.cpp
Object      : build/GMSJ01/src/Map/MapWireManager.o
Map TU      : Map.a MapWireManager.cpp
Map symbols : 30 (7 UNUSED)   Object .text symbols: 63
reverse_fn_order: True
------------------------------------------------------------------------------

[FAIL] 1 map symbol(s) MISSING from the object:
  - __ct__10TTakeActorFPCc (UNUSED)
[ OK ] Symbol order matches the map.

[WARN] 5 UNUSED symbol(s) with wrong size (best-effort -- does not fail the check):
  - entry__15TMapWireManagerFP10TTakeActor
      map:    0x144 (324)
      object: 0x140 (320)
  - getPointPosInWire__15TMapWireManagerCFRCQ29JGeometry8TVec3<f>PQ29JGeometry8TVec3<f>
      map:    0x7c (124)
      object: 0x4 (4)
  - __ct__20TMapWireActorManagerFP10TTakeActor
      map:    0x154 (340)
      object: 0x11c (284)
  - doWireToActor__20TMapWireActorManagerFv
      map:    0x6c (108)
      object: 0x4 (4)
  - checkTakingActor__13TMapWireActorFv
      map:    0xe8 (232)
      object: 0x4 (4)
[ OK ] Symbol linkage (weak/local/global) matches the map.

[INFO] 34 object-only symbol(s) not in the map (usually deduplicated weak/inline helpers; not an error; -v to list).
------------------------------------------------------------------------------
RESULT: FAIL (1 error category/categories, 5 UNUSED size mismatch(es) warning(s))
