Unit        : mario/Player/MarioAccess
Source      : src/Player/MarioAccess.cpp
Object      : build/GMSJ01/src/Player/MarioAccess.o
Map TU      : Player.a MarioAccess.cpp
Map symbols : 45 (11 UNUSED)   Object .text symbols: 34
reverse_fn_order: True
------------------------------------------------------------------------------

[FAIL] 11 map symbol(s) MISSING from the object:
  - SMS_GetMarioSpeedY__FP9THitActor (UNUSED)
  - SMS_IsMarioTouchGround4cm__FP9THitActor (UNUSED)
  - SMS_GetMarioWork__Fi (UNUSED)
  - SMS_IsMarioSpeedZero__Fv (UNUSED)
  - SMS_GetMarioJumpIntoWaterModelData__Fv (UNUSED)
  - SMS_GetMarioHPMax__Fv (UNUSED)
  - SMS_IsMarioWearingAloha__Fv (UNUSED)
  - SMS_IsMarioNoCap__Fv (UNUSED)
  - SMS_IsStatusHipDropOrHipDropEnd__FP9THitActor (UNUSED)
  - SMS_IsMarioStatusHipDropEnd__Fv (UNUSED)
  - SMS_IsMarioStatusWaiting__Fv (UNUSED)
[ OK ] Symbol order matches the map.
[ OK ] UNUSED symbol sizes match (0/11 checked).
[ OK ] Symbol linkage (weak/local/global) matches the map.
------------------------------------------------------------------------------
RESULT: FAIL (1 error category/categories)
