Unit        : mario/JSystem/JAudio/JAInterface/JAIData
Source      : src/JSystem/JAudio/JAInterface/JAIData.cpp
Object      : build/GMSJ01/src/JSystem/JAudio/JAInterface/JAIData.o
Map TU      : JSystem.a JAIData.cpp
Map symbols : 31 (11 UNUSED)   Object .text symbols: 31
reverse_fn_order: False
------------------------------------------------------------------------------

[ OK ] All map symbols are present in the object.
[ OK ] Symbol order matches the map.

[WARN] 9 UNUSED symbol(s) with wrong size (best-effort -- does not fail the check):
  - __ct__7JAIDataFv
      map:    0x4c (76)
      object: 0x4 (4)
  - clearAutoHeap__7JAIDataFP12JAIHeapBlock
      map:    0x3c (60)
      object: 0x4 (4)
  - clearAutoHeap__7JAIDataFUl
      map:    0x64 (100)
      object: 0x4 (4)
  - clearStayHeap__7JAIDataFUl
      map:    0x7c (124)
      object: 0x4 (4)
  - changeAutoHeapPointerToPosition__7JAIDataFPUc
      map:    0x48 (72)
      object: 0x4 (4)
  - stopPlayingSeq__7JAIDataFUl
      map:    0x70 (112)
      object: 0x4 (4)
  - getAutoHeapPointer__7JAIDataFUl
      map:    0x40 (64)
      object: 0x8 (8)
  - reloadInfoDataWork__7JAIDataFP13JAISoundTable
      map:    0x60 (96)
      object: 0x88 (136)
  - setInfoDataPointer__7JAIDataFP13JAISoundTablePUc
      map:    0x1b0 (432)
      object: 0x8c (140)
[ OK ] Symbol linkage (weak/local/global) matches the map.
------------------------------------------------------------------------------
RESULT: PASS with warnings (9 UNUSED size mismatch(es) -- see above)
