Unit        : mario/Map/PollutionManager
Source      : src/Map/PollutionManager.cpp
Object      : build/GMSJ01/src/Map/PollutionManager.o
Map TU      : Map.a PollutionManager.cpp
Map symbols : 31 (4 UNUSED)   Object .text symbols: 55
reverse_fn_order: True
------------------------------------------------------------------------------

[ OK ] All map symbols are present in the object.

[WARN] Only weak symbols are out of order (compiler-controlled -- does not fail the check):
    __dt__17TPollutionManagerFv
    __ct__17TPollutionManagerFPCc
    load__17TPollutionManagerFR20JSUMemoryInputStream
    initPollutionInfo__17TPollutionManagerFv
    setDataAddress__17TPollutionManagerFPQ217TPollutionManager14TPollutionInfo
    newJointModel__17TPollutionManagerCFi
    perform__17TPollutionManagerFUlPQ26JDrama9TGraphics
    draw__17TPollutionManagerFv
    cleanedAll__17TPollutionManagerCFv
    subtractFromYMap__17TPollutionManagerCFfff
    isPolluted__17TPollutionManagerCFfff
    isProhibit__17TPollutionManagerCFfff
    getPollutionDegree__17TPollutionManagerCFv
    getPollutionType__17TPollutionManagerCFfff
    stampGround__17TPollutionManagerFUsffff
    clean__17TPollutionManagerFffff
    stamp__17TPollutionManagerFUsffff
    stampModel__17TPollutionManagerFP8J3DModel
    getPlaneType__25TPollutionLayerWallMinusXCFv
    getTexPosS__25TPollutionLayerWallMinusXCFf
    isInArea__24TPollutionLayerWallPlusXCFfff
    isInAreaSize__24TPollutionLayerWallPlusXCFffff
    getTexPosT__23TPollutionLayerWallBaseCFf
  - getTexResource__15TPollutionLayerFPCc   (map position)
    newJointObj__15TPollutionLayerCFv
    getJ3DModelDataFlag__15TPollutionLayerCFv
  + getTexResource__15TPollutionLayerFPCc   (object position)
    getPlaneType__25TPollutionLayerWallMinusZCFv
    getTexPosS__25TPollutionLayerWallMinusZCFf
    isInArea__24TPollutionLayerWallPlusZCFfff
    isInAreaSize__24TPollutionLayerWallPlusZCFffff
    __sinit_PollutionManager_cpp

[WARN] 2 UNUSED symbol(s) with wrong size (best-effort -- does not fail the check):
  - subtractFromYMap__17TPollutionManagerCFfff
      map:    0xa4 (164)
      object: 0x4 (4)
  - isProhibit__17TPollutionManagerCFfff
      map:    0xa8 (168)
      object: 0x4 (4)
[ OK ] Symbol linkage (weak/local/global) matches the map.

[INFO] 24 object-only symbol(s) not in the map (usually deduplicated weak/inline helpers; not an error; -v to list).
------------------------------------------------------------------------------
RESULT: PASS with warnings (weak-symbol order; 2 UNUSED size mismatch(es) -- see above)
