Unit        : mario/MoveBG/MapObjBianco
Source      : src/MoveBG/MapObjBianco.cpp
Object      : build/GMSJ01/src/MoveBG/MapObjBianco.o
Map TU      : MoveBG.a MapObjBianco.cpp
Map symbols : 79 (5 UNUSED)   Object .text symbols: 0
reverse_fn_order: True
------------------------------------------------------------------------------

[FAIL] 79 map symbol(s) MISSING from the object:
  - __dt__8TWoodLogFv
  - control__8TWoodLogFv
  - __ct__14TBellWatermillFPCc
  - loadAfter__14TBellWatermillFv
  - control__14TBellWatermillFv
  - touchWater__14TBellWatermillFP9THitActor
  - __ct__11TBiancoBellFPCc
  - initMapObj__11TBiancoBellFv
  - touchPlayer__11TBiancoBellFP9THitActor
  - touchWater__11TBiancoBellFP9THitActor
  - ringSingle__11TBiancoBellFv (UNUSED)
  - ring__11TBiancoBellFv (UNUSED)
  - stopToRing__11TBiancoBellFv (UNUSED)
  - __ct__15TLampSeesawMainFPCc
  - __dt__11TLampSeesawFv
  - loadAfter__15TLampSeesawMainFv
  - control__15TLampSeesawMainFv
  - touchPlayer__15TLampSeesawMainFP9THitActor
  - move__15TLampSeesawMainFv (UNUSED)
  - pushDown__15TLampSeesawMainFf
  - __ct__11TLampSeesawFPCc
  - load__11TLampSeesawFR20JSUMemoryInputStream
  - touchPlayer__11TLampSeesawFP9THitActor
  - pushDown__11TLampSeesawFf
  - __ct__15TLeafBoatRottenFPCc
  - __dt__9TLeafBoatFv
  - load__15TLeafBoatRottenFR20JSUMemoryInputStream
  - perform__15TLeafBoatRottenFUlPQ26JDrama9TGraphics
  - control__15TLeafBoatRottenFv
  - __ct__9TLeafBoatFPCc
  - initMapObj__9TLeafBoatFv
  - calc__9TLeafBoatFv
  - control__9TLeafBoatFv
  - bind__9TLeafBoatFv
  - touchWall__9TLeafBoatFPQ29JGeometry8TVec3<f>P18TBGWallCheckRecord
  - touchActor__9TLeafBoatFP9THitActor
  - __ct__19TBiancoMiniWindmillFPCc
  - initMapObj__19TBiancoMiniWindmillFv
  - control__19TBiancoMiniWindmillFv
  - calc__19TBiancoMiniWindmillFv
  - touchWater__19TBiancoMiniWindmillFP9THitActor
  - __ct__24TBiancoWatermillVerticalFPCc
  - load__24TBiancoWatermillVerticalFR20JSUMemoryInputStream
  - loadAfter__24TBiancoWatermillVerticalFv
  - control__24TBiancoWatermillVerticalFv
  - setGroundCollision__24TBiancoWatermillVerticalFv
  - touchWater__24TBiancoWatermillVerticalFP9THitActor
  - __ct__16TBiancoWatermillFPCc
  - initMapObj__16TBiancoWatermillFv
  - control__16TBiancoWatermillFv
  - touchWater__16TBiancoWatermillFP9THitActor
  - turn__16TBiancoWatermillFRCQ29JGeometry8TVec3<f>PC12TBGCheckDataf (UNUSED)
  - turnByEnemy__16TBiancoWatermillFP9THitActorPC12TBGCheckData
  - initMapObj__17TMapObjRootPakkunFv
  - drawObject__17TMapObjRootPakkunFPQ26JDrama9TGraphics
  - load__12TBigWindmillFR20JSUMemoryInputStream
  - control__12TBigWindmillFv
  - __dt__14TBellWatermillFv
  - __dt__11TBiancoBellFv
  - __dt__15TLampSeesawMainFv
  - __dt__15TLeafBoatRottenFv
  - __dt__19TBiancoMiniWindmillFv
  - __dt__24TBiancoWatermillVerticalFv
  - __dt__16TBiancoWatermillFv
  - __dt__17TMapObjRootPakkunFv
  - __dt__12TBigWindmillFv
  - __sinit_MapObjBianco_cpp
  - @32@__dt__12TBigWindmillFv
  - @32@__dt__17TMapObjRootPakkunFv
  - @32@__dt__16TBiancoWatermillFv
  - @32@__dt__24TBiancoWatermillVerticalFv
  - @32@__dt__19TBiancoMiniWindmillFv
  - @32@__dt__9TLeafBoatFv
  - @32@__dt__15TLeafBoatRottenFv
  - @32@__dt__11TLampSeesawFv
  - @32@__dt__15TLampSeesawMainFv
  - @32@__dt__11TBiancoBellFv
  - @32@__dt__14TBellWatermillFv
  - @32@__dt__8TWoodLogFv
[ OK ] Symbol order matches the map.
[ OK ] UNUSED symbol sizes match (0/5 checked).
[ OK ] Symbol linkage (weak/local/global) matches the map.
------------------------------------------------------------------------------
RESULT: FAIL (1 error category/categories)
