Unit        : mario/JSystem/JKernel/JKRCompArchive
Source      : src/JSystem/JKernel/JKRCompArchive.cpp
Object      : build/GMSJ01/src/JSystem/JKernel/JKRCompArchive.o
Map TU      : JSystem.a JKRCompArchive.cpp
Map symbols : 11 (4 UNUSED)   Object .text symbols: 13
reverse_fn_order: False
------------------------------------------------------------------------------

[ OK ] All map symbols are present in the object.
[ OK ] Symbol order matches the map.

[WARN] 4 UNUSED symbol(s) with wrong size (best-effort -- does not fail the check):
  - fixedInit__14JKRCompArchiveFl
      map:    0x44 (68)
      object: 0x4 (4)
  - mountFixed__14JKRCompArchiveFl
      map:    0xf0 (240)
      object: 0x4 (4)
  - mountFixed__14JKRCompArchiveFPCc
      map:    0xc0 (192)
      object: 0x4 (4)
  - unmountFixed__14JKRCompArchiveFv
      map:    0x11c (284)
      object: 0x4 (4)
[ OK ] Symbol linkage (weak/local/global) matches the map.

[INFO] 2 object-only symbol(s) not in the map (usually deduplicated weak/inline helpers; not an error; -v to list).
------------------------------------------------------------------------------
RESULT: PASS with warnings (4 UNUSED size mismatch(es) -- see above)
