Unit        : mario/M3DUtil/MActor
Source      : src/M3DUtil/MActor.cpp
Object      : build/GMSJ01/src/M3DUtil/MActor.o
Map TU      : M3DUtil.a MActor.cpp
Map symbols : 82 (22 UNUSED)   Object .text symbols: 83
reverse_fn_order: True
------------------------------------------------------------------------------

[ OK ] All map symbols are present in the object.
[ OK ] Symbol order matches the map.

[WARN] 5 UNUSED symbol(s) with wrong size (best-effort -- does not fail the check):
  - dumpReport__6MActorFv
      map:    0xe8 (232)
      object: 0x4 (4)
  - update__6MActorFv
      map:    0x1f8 (504)
      object: 0x4 (4)
  - loadSetDeformData__6MActorFPCc
      map:    0x70 (112)
      object: 0x4 (4)
  - getCurAnmName__6MActorCFi
      map:    0x54 (84)
      object: 0x4 (4)
  - initDLByIndex__6MActorFUs
      map:    0x104 (260)
      object: 0x4 (4)
[ OK ] Symbol linkage (weak/local/global) matches the map.

[INFO] 1 object-only symbol(s) not in the map (usually deduplicated weak/inline helpers; not an error; -v to list).
------------------------------------------------------------------------------
RESULT: PASS with warnings (5 UNUSED size mismatch(es) -- see above)
