Unit        : mario/PowerPC_EABI_Support/Runtime/runtime
Source      : src/PowerPC_EABI_Support/Runtime/runtime.c
Object      : build/GMSJ01/src/PowerPC_EABI_Support/Runtime/runtime.o
Map TU      : Runtime.PPCEABI.H.a runtime.c
Map symbols : 115 (105 UNUSED)   Object .text symbols: 10
reverse_fn_order: True
------------------------------------------------------------------------------

[FAIL] 105 map symbol(s) MISSING from the object:
  - __save_fpr (UNUSED)
  - _savefpr_14 (UNUSED)
  - _savefpr_15 (UNUSED)
  - _savefpr_16 (UNUSED)
  - _savefpr_17 (UNUSED)
  - _savefpr_18 (UNUSED)
  - _savefpr_19 (UNUSED)
  - _savefpr_20 (UNUSED)
  - _savefpr_21 (UNUSED)
  - _savefpr_22 (UNUSED)
  - _savefpr_23 (UNUSED)
  - _savefpr_24 (UNUSED)
  - _savefpr_25 (UNUSED)
  - _savefpr_26 (UNUSED)
  - _savefpr_27 (UNUSED)
  - _savefpr_28 (UNUSED)
  - _savefpr_29 (UNUSED)
  - _savefpr_30 (UNUSED)
  - _savefpr_31 (UNUSED)
  - _savevr (UNUSED)
  - __savev20 (UNUSED)
  - __savev21 (UNUSED)
  - __savev22 (UNUSED)
  - __savev23 (UNUSED)
  - __savev24 (UNUSED)
  - __savev25 (UNUSED)
  - __savev26 (UNUSED)
  - __savev27 (UNUSED)
  - __savev28 (UNUSED)
  - __savev29 (UNUSED)
  - __savev30 (UNUSED)
  - __savev31 (UNUSED)
  - __restore_fpr (UNUSED)
  - _restfpr_14 (UNUSED)
  - _restfpr_15 (UNUSED)
  - _restfpr_16 (UNUSED)
  - _restfpr_17 (UNUSED)
  - _restfpr_18 (UNUSED)
  - _restfpr_19 (UNUSED)
  - _restfpr_20 (UNUSED)
  - _restfpr_21 (UNUSED)
  - _restfpr_22 (UNUSED)
  - _restfpr_23 (UNUSED)
  - _restfpr_24 (UNUSED)
  - _restfpr_25 (UNUSED)
  - _restfpr_26 (UNUSED)
  - _restfpr_27 (UNUSED)
  - _restfpr_28 (UNUSED)
  - _restfpr_29 (UNUSED)
  - _restfpr_30 (UNUSED)
  - _restfpr_31 (UNUSED)
  - __save_gpr (UNUSED)
  - _savegpr_14 (UNUSED)
  - _savegpr_15 (UNUSED)
  - _savegpr_16 (UNUSED)
  - _savegpr_17 (UNUSED)
  - _savegpr_18 (UNUSED)
  - _savegpr_19 (UNUSED)
  - _savegpr_20 (UNUSED)
  - _savegpr_21 (UNUSED)
  - _savegpr_22 (UNUSED)
  - _savegpr_23 (UNUSED)
  - _savegpr_24 (UNUSED)
  - _savegpr_25 (UNUSED)
  - _savegpr_26 (UNUSED)
  - _savegpr_27 (UNUSED)
  - _savegpr_28 (UNUSED)
  - _savegpr_29 (UNUSED)
  - _savegpr_30 (UNUSED)
  - _savegpr_31 (UNUSED)
  - __restore_gpr (UNUSED)
  - _restgpr_14 (UNUSED)
  - _restgpr_15 (UNUSED)
  - _restgpr_16 (UNUSED)
  - _restgpr_17 (UNUSED)
  - _restgpr_18 (UNUSED)
  - _restgpr_19 (UNUSED)
  - _restgpr_20 (UNUSED)
  - _restgpr_21 (UNUSED)
  - _restgpr_22 (UNUSED)
  - _restgpr_23 (UNUSED)
  - _restgpr_24 (UNUSED)
  - _restgpr_25 (UNUSED)
  - _restgpr_26 (UNUSED)
  - _restgpr_27 (UNUSED)
  - _restgpr_28 (UNUSED)
  - _restgpr_29 (UNUSED)
  - _restgpr_30 (UNUSED)
  - _restgpr_31 (UNUSED)
  - _restorevr (UNUSED)
  - __restv20 (UNUSED)
  - __restv21 (UNUSED)
  - __restv22 (UNUSED)
  - __restv23 (UNUSED)
  - __restv24 (UNUSED)
  - __restv25 (UNUSED)
  - __restv26 (UNUSED)
  - __restv27 (UNUSED)
  - __restv28 (UNUSED)
  - __restv29 (UNUSED)
  - __restv30 (UNUSED)
  - __restv31 (UNUSED)
  - __cvt_sll_dbl (UNUSED)
  - __cvt_ull_dbl (UNUSED)
  - __cvt_ull_flt (UNUSED)
[ OK ] Symbol order matches the map.
[ OK ] UNUSED symbol sizes match (0/105 checked).
[ OK ] Symbol linkage (weak/local/global) matches the map.
------------------------------------------------------------------------------
RESULT: FAIL (1 error category/categories)
