Unit        : mario/MoveBG/WoodBarrel
Source      : src/MoveBG/WoodBarrel.cpp
Object      : build/GMSJ01/src/MoveBG/WoodBarrel.o
Map TU      : MoveBG.a WoodBarrel.cpp
Map symbols : 21 (0 UNUSED)   Object .text symbols: 46
reverse_fn_order: True
------------------------------------------------------------------------------

[ OK ] All map symbols are present in the object.

[WARN] Only weak symbols are out of order (compiler-controlled -- does not fail the check):
    __dt__11TWoodBarrelFv
    getFlushTime__11TWoodBarrelCFv
  + checkIllegalAttr__14TMapObjGeneralCFv   (object position)
    getLivingTime__14TMapObjGeneralCFv
  - checkIllegalAttr__14TMapObjGeneralCFv   (map position)
    __ct__11TWoodBarrelFPCc
    load__11TWoodBarrelFR20JSUMemoryInputStream
    loadAfter__11TWoodBarrelFv
    control__11TWoodBarrelFv
    receiveMessage__11TWoodBarrelFP9THitActorUl
    touchActor__11TWoodBarrelFP9THitActor
    touchPlayer__11TWoodBarrelFP9THitActor
    touchGround__11TWoodBarrelFPQ29JGeometry8TVec3<f>
    touchWall__11TWoodBarrelFPQ29JGeometry8TVec3<f>P18TBGWallCheckRecord
    appear__11TWoodBarrelFv
    appeared__11TWoodBarrelFv
    kill__11TWoodBarrelFv
    breaking__11TWoodBarrelFv
    hold__11TWoodBarrelFP10TTakeActor
    put__11TWoodBarrelFv
    __sinit_WoodBarrel_cpp
    @32@__dt__11TWoodBarrelFv
[ OK ] Symbol linkage (weak/local/global) matches the map.

[INFO] 25 object-only symbol(s) not in the map (usually deduplicated weak/inline helpers; not an error; -v to list).
------------------------------------------------------------------------------
RESULT: PASS with warnings (weak-symbol order -- see above)
