Unit        : mario/MoveBG/MapObjMamma
Source      : src/MoveBG/MapObjMamma.cpp
Object      : build/GMSJ01/src/MoveBG/MapObjMamma.o
Map TU      : MoveBG.a MapObjMamma.cpp
Map symbols : 109 (10 UNUSED)   Object .text symbols: 0
reverse_fn_order: True
------------------------------------------------------------------------------

[FAIL] 109 map symbol(s) MISSING from the object:
  - __dt__8TSandEggFv
  - getSDLModelFlag__8TSandEggCFv
  - __ct__23TMammaMirrorMapOperatorFPCc
  - loadAfter__23TMammaMirrorMapOperatorFv
  - perform__23TMammaMirrorMapOperatorFUlPQ26JDrama9TGraphics
  - hide__23TMammaMirrorMapOperatorFi (UNUSED)
  - show__23TMammaMirrorMapOperatorFi (UNUSED)
  - __ct__15TGoalWatermelonFPCc
  - load__15TGoalWatermelonFR20JSUMemoryInputStream
  - loadAfter__15TGoalWatermelonFv
  - control__15TGoalWatermelonFv
  - touchActor__15TGoalWatermelonFP9THitActor
  - control__11TWatermelonFv (UNUSED)
  - __ct__9TSandBirdFPCc
  - __dt__10TJointCoinFv
  - initMapObj__9TSandBirdFv
  - nameIsObj__9TSandBirdFPCc
  - makeObjFromJointName__9TSandBirdFPCcUs
  - control__9TSandBirdFv
  - initMapObj__11TMammaYachtFv
  - control__11TMammaYachtFv
  - __ct__17TMammaBlockRotateFPCc
  - load__17TMammaBlockRotateFR20JSUMemoryInputStream
  - initMapObj__17TMammaBlockRotateFv
  - control__17TMammaBlockRotateFv
  - touchWater__17TMammaBlockRotateFP9THitActor
  - __ct__13TShiningStoneFPCc
  - load__13TShiningStoneFR20JSUMemoryInputStream
  - perform__13TShiningStoneFUlPQ26JDrama9TGraphics
  - putOnLight__13TShiningStoneFP10TLiveActor
  - endDemo__13TShiningStoneFv (UNUSED)
  - __ct__11TLeanMirrorFPCc
  - load__11TLeanMirrorFR20JSUMemoryInputStream
  - initMapObj__11TLeanMirrorFv
  - getSDLModelFlag__11TLeanMirrorCFv
  - loadAfter__11TLeanMirrorFv
  - control__11TLeanMirrorFv
  - controlShake__11TLeanMirrorFv
  - controlGoTarget__11TLeanMirrorFv
  - startCameraShakeSE__FUlUl
  - release__11TLeanMirrorFv
  - calcCurrentMtx__11TLeanMirrorFPA4_f (UNUSED)
  - touchEnemy__11TLeanMirrorFP9THitActor
  - touchPlayer__11TLeanMirrorFP9THitActor
  - receiveMessage__11TLeanMirrorFP9THitActorUl
  - updateSpeedVec__11TLeanMirrorFRCQ29JGeometry8TVec3<f>f (UNUSED)
  - draw__11TLeanMirrorCFv
  - enemyIsOn__11TLeanMirrorCFv (UNUSED)
  - __ct__11TSandCastleFPCc
  - __dt__13TSandBombBaseFv
  - initMapObj__11TSandCastleFv
  - loadAfter__11TSandCastleFv
  - findTriggerActor__11TSandCastleFv
  - calcRootMatrix__11TSandCastleFv
  - waitBeforeExplode__11TSandCastleFv
  - SandCastleCallBack__FUlUl
  - explode__11TSandCastleFv
  - expanded__11TSandCastleFv
  - withering__11TSandCastleFv
  - __ct__13TSandBombBaseFPCc
  - initMapObj__13TSandBombBaseFv
  - loadAfter__13TSandBombBaseFv
  - findTriggerActor__13TSandBombBaseFv
  - control__13TSandBombBaseFv
  - grow__13TSandBombBaseFv
  - waitBeforeExplode__13TSandBombBaseFv
  - explode__13TSandBombBaseFv
  - exploding__13TSandBombBaseFv
  - expanded__13TSandBombBaseFv
  - withered__13TSandBombBaseFv
  - initMapObj__9TSandBombFv
  - getSDLModelFlag__9TSandBombCFv
  - touchWater__9TSandBombFP9THitActor
  - makeObjAppeared__9TSandBombFv
  - initMapObj__13TSandLeafBaseFv
  - control__13TSandLeafBaseFv
  - grow__13TSandLeafBaseFv
  - __ct__9TSandBaseFPCc
  - withering__9TSandBaseFv
  - isDown__9TSandBaseCFv (UNUSED)
  - control__9TSandLeafFv
  - touchWater__9TSandLeafFP9THitActor
  - __dt__23TMammaMirrorMapOperatorFv
  - __dt__15TGoalWatermelonFv
  - __dt__11TWatermelonFv (UNUSED)
  - getDepthAtFloating__11TMapObjBallFv
  - __dt__9TSandBirdFv
  - __dt__11TMammaYachtFv
  - __dt__17TMammaBlockRotateFv
  - __dt__13TShiningStoneFv
  - __dt__11TLeanMirrorFv
  - __dt__11TSandCastleFv
  - __dt__9TSandBombFv
  - __dt__13TSandLeafBaseFv
  - __sinit_MapObjMamma_cpp
  - @32@__dt__9TSandLeafFv
  - @32@__dt__9TSandBaseFv
  - @32@__dt__13TSandLeafBaseFv
  - @32@__dt__9TSandBombFv
  - @32@__dt__13TSandBombBaseFv
  - @32@__dt__11TSandCastleFv
  - @32@__dt__11TLeanMirrorFv
  - @32@__dt__13TShiningStoneFv
  - @32@__dt__17TMammaBlockRotateFv
  - @32@__dt__11TMammaYachtFv
  - @32@__dt__9TSandBirdFv
  - @32@__dt__11TWatermelonFv (UNUSED)
  - @32@__dt__15TGoalWatermelonFv
  - @32@__dt__8TSandEggFv
[ OK ] Symbol order matches the map.
[ OK ] UNUSED symbol sizes match (0/10 checked).
[ OK ] Symbol linkage (weak/local/global) matches the map.
------------------------------------------------------------------------------
RESULT: FAIL (1 error category/categories)
