Unit        : mario/Animal/AnimalBase
Source      : src/Animal/AnimalBase.cpp
Object      : build/GMSJ01/src/Animal/AnimalBase.o
Map TU      : Animal.a AnimalBase.cpp
Map symbols : 21 (3 UNUSED)   Object .text symbols: 49
reverse_fn_order: True
------------------------------------------------------------------------------

[FAIL] 3 map symbol(s) MISSING from the object:
  - set<f>__Q29JGeometry8TVec3<f>Ffff
  - MsClamp<f>__Ffff
  - set<f>__Q29JGeometry8TVec4<f>Fffff (UNUSED)
[ OK ] Symbol order matches the map.

[WARN] 2 UNUSED symbol(s) with wrong size (best-effort -- does not fail the check):
  - animalWalkIn__11TAnimalBaseFv
      map:    0x5c (92)
      object: 0x4 (4)
  - flyToCurPathNode__11TAnimalBaseFff
      map:    0x4a0 (1184)
      object: 0x4 (4)
[ OK ] Symbol linkage (weak/local/global) matches the map.

[INFO] 31 object-only symbol(s) not in the map (usually deduplicated weak/inline helpers; not an error; -v to list).
------------------------------------------------------------------------------
RESULT: FAIL (1 error category/categories, 2 UNUSED size mismatch(es) warning(s))
