Unit        : mario/Enemy/BossHanachanAnm
Source      : src/Enemy/BossHanachanAnm.cpp
Object      : build/GMSJ01/src/Enemy/BossHanachanAnm.o
Map TU      : Enemy.a BossHanachanAnm.cpp
Map symbols : 14 (4 UNUSED)   Object .text symbols: 0
reverse_fn_order: True
------------------------------------------------------------------------------

[FAIL] 14 map symbol(s) MISSING from the object:
  - changeAnmRateAndFrameUpdate___13TBossHanachanFv
  - copyFrameFromOldAnmToNewAnm___13TBossHanachanFv (UNUSED)
  - setHeadAndBodyNonstopMotionBlendRatio___13TBossHanachanFf (UNUSED)
  - offHeadAndBodyNonstopMotionBlend___13TBossHanachanFv (UNUSED)
  - isAllBckAlreadyEnd__13TBossHanachanCF23EnumBossHanachanAnmKind
  - isFinishedGetUp__13TBossHanachanCFv
  - considerSetAnm__13TBossHanachanF24EnumBossHanachanNerveAnm
  - setAnmTimerWhenDead__13TBossHanachanFv
  - setAnmTimerWhenDamage__13TBossHanachanFv
  - setAnmTimerWhenSnort__13TBossHanachanFv
  - setAnmTimerWhenGetUp__13TBossHanachanFv
  - setTumbleAnm__13TBossHanachanF36EnumBossHanachanStopMotionBlendOnOff
  - setTumbleBckRate___13TBossHanachanFP22TBossHanachanPartsBase (UNUSED)
  - setHeadAndBodyAnm__13TBossHanachanF23EnumBossHanachanAnmKind36EnumBossHanachanStopMotionBlendOnOff
[ OK ] Symbol order matches the map.
[ OK ] UNUSED symbol sizes match (0/4 checked).
[ OK ] Symbol linkage (weak/local/global) matches the map.
------------------------------------------------------------------------------
RESULT: FAIL (1 error category/categories)
