Unit        : mario/dolphin/gx/GXFifo
Source      : src/dolphin/gx/GXFifo.c
Object      : build/GMSJ01/src/dolphin/gx/GXFifo.o
Map TU      : gx.a GXFifo.c
Map symbols : 37 (21 UNUSED)   Object .text symbols: 19
reverse_fn_order: False
------------------------------------------------------------------------------

[FAIL] 18 map symbol(s) MISSING from the object:
  - GXSaveCPUFifo (UNUSED)
  - __GXSaveCPUFifoAux (UNUSED)
  - GXSaveGPFifo (UNUSED)
  - GXGetGPStatus (UNUSED)
  - GXGetFifoStatus (UNUSED)
  - GXGetFifoBase (UNUSED)
  - GXGetFifoSize (UNUSED)
  - GXGetFifoLimits (UNUSED)
  - GXSetBreakPtCallback (UNUSED)
  - __GXInsaneWatermark (UNUSED)
  - __GXCleanGPFifo (UNUSED)
  - GXSetCurrentGXThread (UNUSED)
  - GXGetCurrentGXThread (UNUSED)
  - GXGetGPFifo (UNUSED)
  - GXGetOverflowCount (UNUSED)
  - GXResetOverflowCount (UNUSED)
  - GXRedirectWriteGatherPipe (UNUSED)
  - GXRestoreWriteGatherPipe (UNUSED)
[ OK ] Symbol order matches the map.
[ OK ] UNUSED symbol sizes match (3/21 checked).
[ OK ] Symbol linkage (weak/local/global) matches the map.
------------------------------------------------------------------------------
RESULT: FAIL (1 error category/categories)
