Unit        : mario/MoveBG/MapObjMare
Source      : src/MoveBG/MapObjMare.cpp
Object      : build/GMSJ01/src/MoveBG/MapObjMare.o
Map TU      : MoveBG.a MapObjMare.cpp
Map symbols : 72 (5 UNUSED)   Object .text symbols: 0
reverse_fn_order: True
------------------------------------------------------------------------------

[FAIL] 72 map symbol(s) MISSING from the object:
  - __dt__15TMareEventPointFv
  - load__15TMareEventPointFR20JSUMemoryInputStream
  - receiveMessage__15TMareEventPointFP9THitActorUl
  - drawObject__9TMareCorkFPQ26JDrama9TGraphics
  - getTakingMtx__9TMareCorkFv
  - calcRootMatrix__9TMareCorkFv
  - moveObject__9TMareCorkFv
  - loadAfter__9TMareCorkFv
  - load__9TMareFallFR20JSUMemoryInputStream
  - calc__9TMareFallFv
  - __ct__10TMuddyBoatFPCc
  - initMapObj__10TMuddyBoatFv
  - getSDLModelFlag__10TMuddyBoatCFv
  - calc__10TMuddyBoatFv
  - control__10TMuddyBoatFv
  - bind__10TMuddyBoatFv
  - getObjCollisionHeightOffset__11TMapObjBaseCFv
  - bindToWall__10TMuddyBoatFRCQ29JGeometry8TVec3<f>fPQ29JGeometry8TVec3<f> (UNUSED)
  - touchWall__10TMuddyBoatFPQ29JGeometry8TVec3<f>RC18TBGWallCheckRecord (UNUSED)
  - kill__10TMuddyBoatFv
  - calcRootMatrix__10TMuddyBoatFv
  - moveByWater__10TMuddyBoatFv
  - load__14TMapObjPuncherFR20JSUMemoryInputStream
  - control__14TMapObjPuncherFv
  - touchPlayer__14TMapObjPuncherFP9THitActor
  - __ct__9TWireBellFPCc
  - loadAfter__9TWireBellFv
  - control__9TWireBellFv
  - draw__9TWireBellCFv
  - initDraw__9TWireBellCFv
  - __ct__15TMapObjGrowTreeFPCc
  - initMapObj__15TMapObjGrowTreeFv
  - loadAfter__15TMapObjGrowTreeFv
  - control__15TMapObjGrowTreeFv
  - touchWater__15TMapObjGrowTreeFP9THitActor
  - updateHeight__15TMapObjGrowTreeFv (UNUSED)
  - getGrowHeightFromRate__15TMapObjGrowTreeCFf (UNUSED)
  - initMapObj__18TMapObjElasticCodeFv
  - control__18TMapObjElasticCodeFv
  - draw__18TMapObjElasticCodeCFv
  - __ct__9TCogwheelFPCc
  - initMapObj__9TCogwheelFv
  - control__9TCogwheelFv
  - calc__9TCogwheelFv
  - rebound__9TCogwheelFv (UNUSED)
  - draw__9TCogwheelCFv
  - initDraw__9TCogwheelCFv
  - __ct__14TCogwheelScaleFPCc
  - control__14TCogwheelScaleFv
  - touchPlayer__14TCogwheelScaleFP9THitActor
  - receiveMessage__14TCogwheelScaleFP9THitActorUl
  - touchWater__14TCogwheelScaleFP9THitActor
  - __dt__9TMareCorkFv
  - __dt__9TMareFallFv
  - __dt__10TMuddyBoatFv
  - __dt__14TMapObjPuncherFv
  - __dt__9TWireBellFv
  - __dt__15TMapObjGrowTreeFv
  - __dt__18TMapObjElasticCodeFv
  - __dt__9TCogwheelFv
  - __dt__14TCogwheelScaleFv
  - __sinit_MapObjMare_cpp
  - @32@__dt__14TCogwheelScaleFv
  - @32@__dt__9TCogwheelFv
  - @32@__dt__18TMapObjElasticCodeFv
  - @32@__dt__15TMapObjGrowTreeFv
  - @32@__dt__9TWireBellFv
  - @32@__dt__14TMapObjPuncherFv
  - @32@__dt__10TMuddyBoatFv
  - @32@__dt__9TMareFallFv
  - @32@__dt__9TMareCorkFv
  - @32@__dt__15TMareEventPointFv
[ OK ] Symbol order matches the map.
[ OK ] UNUSED symbol sizes match (0/5 checked).
[ OK ] Symbol linkage (weak/local/global) matches the map.
------------------------------------------------------------------------------
RESULT: FAIL (1 error category/categories)
