Unit        : mario/Enemy/yunbo
Source      : src/Enemy/yunbo.cpp
Object      : build/GMSJ01/src/Enemy/yunbo.o
Map TU      : Enemy.a yunbo.cpp
Map symbols : 59 (24 UNUSED)   Object .text symbols: 0
reverse_fn_order: True
------------------------------------------------------------------------------

[FAIL] 59 map symbol(s) MISSING from the object:
  - __dt__17TNerveYumboFreezeFv
  - execute__17TNerveYumboFreezeCFP24TSpineBase<10TLiveActor>
  - __dt__18TNerveYumboDancingFv
  - theNerve__17TNerveYumboFreezeFv (UNUSED)
  - execute__17TNerveYumboAttackCFP24TSpineBase<10TLiveActor>
  - __dt__20TNerveYumboAppearingFv
  - theNerve__17TNerveYumboAttackFv
  - __dt__17TNerveYumboAttackFv
  - execute__20TNerveYumboAppearingCFP24TSpineBase<10TLiveActor>
  - theNerve__20TNerveYumboAppearingFv (UNUSED)
  - execute__17TNerveYumboHidingCFP24TSpineBase<10TLiveActor>
  - theNerve__17TNerveYumboHidingFv
  - __dt__17TNerveYumboHidingFv
  - execute__18TNerveYumboDancingCFP24TSpineBase<10TLiveActor>
  - theNerve__18TNerveYumboDancingFv (UNUSED)
  - getBasNameTable__6TYumboCFv
  - loadMaterialTable__13TYumboManagerFPP16J3DMaterialTablePCc (UNUSED)
  - createModelData__13TYumboManagerFv
  - load__13TYumboManagerFR20JSUMemoryInputStream
  - __ct__13TYumboManagerFPCc
  - __ct__12TYumboParamsFPCc (UNUSED)
  - attackToMario__6TYumboFv
  - doKeepDistance__6TYumboFv
  - setDeadAnm__6TYumboFv
  - getUnusedSeed__6TYumboFv (UNUSED)
  - isDead__6TYumboCFv (UNUSED)
  - isFreeze__6TYumboCFv (UNUSED)
  - isWaterproof__6TYumboCFv (UNUSED)
  - changeToYumbo__6TYumboFv (UNUSED)
  - changeToFlower__6TYumboFv (UNUSED)
  - lookatMario__6TYumboFv (UNUSED)
  - shotSeeds__6TYumboFv
  - isAllSeedBroken__6TYumboCFv (UNUSED)
  - isWantToAppear__6TYumboCFv (UNUSED)
  - isFindOutMario__6TYumboCFv (UNUSED)
  - updateEffect__6TYumboFv (UNUSED)
  - updateCollision__6TYumboFv (UNUSED)
  - behaveHitAttack__6TYumboFv (UNUSED)
  - behaveToWater__6TYumboFP9THitActor
  - perform__6TYumboFUlPQ26JDrama9TGraphics
  - moveObject__6TYumboFv
  - receiveMessage__6TYumboFP9THitActorUl
  - initCollision__6TYumboFv (UNUSED)
  - setMaterialToMActor__6TYumboFP6MActorP16J3DMaterialTable (UNUSED)
  - initMActorAndKeeper__6TYumboFv (UNUSED)
  - reset__6TYumboFv
  - init__6TYumboFP12TLiveManager
  - __ct__6TYumboFPCc
  - startToMove__10TYumboSeedFRCQ29JGeometry8TVec3<f>RCQ29JGeometry8TVec3<f>i (UNUSED)
  - checkHitActors__10TYumboSeedFv (UNUSED)
  - perform__10TYumboSeedFUlPQ26JDrama9TGraphics
  - init__10TYumboSeedFv
  - __ct__10TYumboSeedFP6MActorRC6TYumbo (UNUSED)
  - __dt__6TYumboFv
  - __dt__13TYumboManagerFv
  - __dt__10TYumboSeedFv
  - __sinit_yunbo_cpp
  - @32@__dt__10TYumboSeedFv
  - @32@__dt__6TYumboFv
[ OK ] Symbol order matches the map.
[ OK ] UNUSED symbol sizes match (0/24 checked).
[ OK ] Symbol linkage (weak/local/global) matches the map.
------------------------------------------------------------------------------
RESULT: FAIL (1 error category/categories)
