Unit        : mario/Enemy/bossgesso
Source      : src/Enemy/bossgesso.cpp
Object      : build/GMSJ01/src/Enemy/bossgesso.o
Map TU      : Enemy.a bossgesso.cpp
Map symbols : 117 (29 UNUSED)   Object .text symbols: 168
reverse_fn_order: True
------------------------------------------------------------------------------

[FAIL] 2 map symbol(s) MISSING from the object:
  - getMActorAnmData__13TMActorKeeperCFv
  - SMS_GetMarioPos__Fv
[ OK ] Symbol order matches the map.

[WARN] 15 UNUSED symbol(s) with wrong size (best-effort -- does not fail the check):
  - performInContainer__10TBossGessoFUlPQ26JDrama9TGraphics
      map:    0x100 (256)
      object: 0x4 (4)
  - doAttackRoll__10TBossGessoFv
      map:    0x108 (264)
      object: 0x10c (268)
  - doAttackGuard__10TBossGessoFv
      map:    0x244 (580)
      object: 0x248 (584)
  - tentacleWait__10TBossGessoFv
      map:    0x68 (104)
      object: 0x4 (4)
  - tentacleAttack__10TBossGessoFv
      map:    0x68 (104)
      object: 0x4 (4)
  - setEyeDamageBtp__10TBossGessoFi
      map:    0x8c (140)
      object: 0x4 (4)
  - stopPollute__10TBossGessoFv
      map:    0x3c (60)
      object: 0x4 (4)
  - startPollute__10TBossGessoFv
      map:    0x3c (60)
      object: 0x4 (4)
  - inSight__10TBossGessoFv
      map:    0x17c (380)
      object: 0x184 (388)
  - inSightAngle__10TBossGessoFf
      map:    0x16c (364)
      object: 0xd4 (212)
  - checkTakeMsg__10TBossGessoFv
      map:    0x12c (300)
      object: 0x4 (4)
  - continuousRumble__10TBossGessoFv
      map:    0x50 (80)
      object: 0x4 (4)
  - definiteRumble__10TBossGessoFv
      map:    0x34 (52)
      object: 0x4 (4)
  - setAnm__17TBossGessoMtxCalcFi
      map:    0x48 (72)
      object: 0x4 (4)
  - getAttackModeStr__Fi
      map:    0x8 (8)
      object: 0x4 (4)
[ OK ] Symbol linkage (weak/local/global) matches the map.

[INFO] 53 object-only symbol(s) not in the map (usually deduplicated weak/inline helpers; not an error; -v to list).
------------------------------------------------------------------------------
RESULT: FAIL (1 error category/categories, 15 UNUSED size mismatch(es) warning(s))
