Unit        : mario/JSystem/JAudio/JASystem/JASHardStream
Source      : src/JSystem/JAudio/JASystem/JASHardStream.cpp
Object      : build/GMSJ01/src/JSystem/JAudio/JASystem/JASHardStream.o
Map TU      : JSystem.a JASHardStream.cpp
Map symbols : 45 (28 UNUSED)   Object .text symbols: 46
reverse_fn_order: False
------------------------------------------------------------------------------

[ OK ] All map symbols are present in the object.
[ OK ] Symbol order matches the map.

[WARN] 21 UNUSED symbol(s) with wrong size (best-effort -- does not fail the check):
  - init__Q28JASystem10HardStreamFv
      map:    0xb8 (184)
      object: 0x4 (4)
  - setMaxBgmPairs__Q28JASystem10HardStreamFUl
      map:    0x8 (8)
      object: 0x4 (4)
  - setMaxFilenames__Q28JASystem10HardStreamFUl
      map:    0x8 (8)
      object: 0x4 (4)
  - setRootDir__Q28JASystem10HardStreamFPCc
      map:    0x7c (124)
      object: 0x4 (4)
  - setMasterVol__Q28JASystem10HardStreamFf
      map:    0x54 (84)
      object: 0x4 (4)
  - setFile__Q28JASystem10HardStreamFUlPCcf
      map:    0xcc (204)
      object: 0x4 (4)
  - setBgmPair__Q28JASystem10HardStreamFUlUsUs
      map:    0xc8 (200)
      object: 0x4 (4)
  - registBgmPair__Q28JASystem10HardStreamFUlUl
      map:    0x150 (336)
      object: 0x4 (4)
  - unregistBgmPair__Q28JASystem10HardStreamFUl
      map:    0x74 (116)
      object: 0x4 (4)
  - playBgm__Q28JASystem10HardStreamFUl
      map:    0xac (172)
      object: 0x4 (4)
  - stopBgm__Q28JASystem10HardStreamFUl
      map:    0xcc (204)
      object: 0x4 (4)
  - checkPlaying__Q28JASystem10HardStreamFv
      map:    0x48 (72)
      object: 0x8 (8)
  - moveVolume__Q28JASystem10HardStreamFfUl
      map:    0x78 (120)
      object: 0x4 (4)
  - getFreeList__Q28JASystem10HardStreamFv
      map:    0x3c (60)
      object: 0x8 (8)
  - setMasterVol__Q38JASystem10HardStream8TControlFf
      map:    0x8 (8)
      object: 0x4 (4)
  - extendFilename__Q38JASystem10HardStream8TControlFPcPc
      map:    0x54 (84)
      object: 0x4 (4)
  - msecToFrames__Q38JASystem10HardStream8TControlFUl
      map:    0x88 (136)
      object: 0x8 (8)
  - __ct__Q38JASystem10HardStream15THardStreamFileFv
      map:    0x3c (60)
      object: 0x4 (4)
  - setNameVol__Q38JASystem10HardStream15THardStreamFileFPCcf
      map:    0x3c (60)
      object: 0x4 (4)
  - __ct__Q38JASystem10HardStream9TPlayPairFv
      map:    0x1c (28)
      object: 0x4 (4)
  - getRegisted__Q38JASystem10HardStream9TPlayPairFv
      map:    0x28 (40)
      object: 0x8 (8)
[ OK ] Symbol linkage (weak/local/global) matches the map.

[INFO] 1 object-only symbol(s) not in the map (usually deduplicated weak/inline helpers; not an error; -v to list).
------------------------------------------------------------------------------
RESULT: PASS with warnings (21 UNUSED size mismatch(es) -- see above)
