Unit        : mario/Enemy/BossHanachanMain
Source      : src/Enemy/BossHanachanMain.cpp
Object      : build/GMSJ01/src/Enemy/BossHanachanMain.o
Map TU      : Enemy.a BossHanachanMain.cpp
Map symbols : 32 (3 UNUSED)   Object .text symbols: 0
reverse_fn_order: True
------------------------------------------------------------------------------

[FAIL] 32 map symbol(s) MISSING from the object:
  - __dt__13TBossHanachanFv
  - hasMapCollision__13TBossHanachanCFv
  - removeAllMapCollision__13TBossHanachanFv
  - execDamage__13TBossHanachanFv
  - goToInitialRecoverGraphNode__13TBossHanachanFv
  - execSlip__13TBossHanachanFv
  - execWalk__13TBossHanachanFb
  - set<f>__Q29JGeometry8TVec3<f>Ffff
  - isCanWalk__13TBossHanachanCFv (UNUSED)
  - getBodyMaxRotateZ__13TBossHanachanCFv
  - checkFallDecideAndSetup__13TBossHanachanFv
  - isTumbleCompletelyAllBody__13TBossHanachanCFv
  - perform__13TBossHanachanFUlPQ26JDrama9TGraphics
  - MsWrap<f>__Ffff
  - moveObject__13TBossHanachanFv
  - bind__13TBossHanachanFv
  - kill__13TBossHanachanFv
  - execBodyCalcAnim___13TBossHanachanFv (UNUSED)
  - execHeadCalcAnim___13TBossHanachanFv (UNUSED)
  - CalcRevisionPosByRotateZ__FRCQ29JGeometry8TVec3<f>fP3Vec
  - throwMario___13TBossHanachanFP9THitActor
  - init__13TBossHanachanFP12TLiveManager
  - setRandomWeakBodyIndex__13TBossHanachanFv
  - __ct__13TBossHanachanFPCc
  - hasMapCollision__20TBossHanachanManagerCFv
  - clipEnemies__20TBossHanachanManagerFPQ26JDrama9TGraphics
  - loadAfter__20TBossHanachanManagerFv
  - createModelData__20TBossHanachanManagerFv
  - __ct__20TBossHanachanManagerFPCc
  - __dt__20TBossHanachanManagerFv
  - __sinit_BossHanachanMain_cpp
  - @32@__dt__13TBossHanachanFv
[ OK ] Symbol order matches the map.
[ OK ] UNUSED symbol sizes match (0/3 checked).
[ OK ] Symbol linkage (weak/local/global) matches the map.
------------------------------------------------------------------------------
RESULT: FAIL (1 error category/categories)
