Unit        : mario/PowerPC_EABI_Support/Msl/MSL_C/MSL_Common/string
Source      : src/PowerPC_EABI_Support/Msl/MSL_C/MSL_Common/string.c
Object      : build/GMSJ01/src/PowerPC_EABI_Support/Msl/MSL_C/MSL_Common/string.o
Map TU      : MSL_C.PPCEABI.bare.H.a string.c
Map symbols : 18 (10 UNUSED)   Object .text symbols: 8
reverse_fn_order: True
------------------------------------------------------------------------------

[FAIL] 10 map symbol(s) MISSING from the object:
  - __strerror (UNUSED)
  - strerror (UNUSED)
  - strtok (UNUSED)
  - strcspn (UNUSED)
  - strspn (UNUSED)
  - strpbrk (UNUSED)
  - strxfrm (UNUSED)
  - strcoll (UNUSED)
  - strncmp (UNUSED)
  - strncat (UNUSED)
[ OK ] Symbol order matches the map.
[ OK ] UNUSED symbol sizes match (0/10 checked).
[ OK ] Symbol linkage (weak/local/global) matches the map.
------------------------------------------------------------------------------
RESULT: FAIL (1 error category/categories)
