Unit        : mario/JSystem/JKernel/JKRFileCache
Source      : src/JSystem/JKernel/JKRFileCache.cpp
Object      : build/GMSJ01/src/JSystem/JKernel/JKRFileCache.o
Map TU      : JSystem.a JKRFileCache.cpp
Map symbols : 29 (28 UNUSED)   Object .text symbols: 30
reverse_fn_order: False
------------------------------------------------------------------------------

[ OK ] All map symbols are present in the object.
[ OK ] Symbol order matches the map.

[WARN] 26 UNUSED symbol(s) with wrong size (best-effort -- does not fail the check):
  - mount__12JKRFileCacheFPCcP7JKRHeapPCc
      map:    0xf4 (244)
      object: 0x8 (8)
  - __ct__12JKRFileCacheFPCcPCc
      map:    0x1e0 (480)
      object: 0x4c (76)
  - __dt__12JKRFileCacheFv
      map:    0xf0 (240)
      object: 0x78 (120)
  - becomeCurrent__12JKRFileCacheFPCc
      map:    0xb8 (184)
      object: 0x8 (8)
  - getResource__12JKRFileCacheFPCc
      map:    0x124 (292)
      object: 0x8 (8)
  - getRelResource__12JKRFileCacheFPCc
      map:    0x2c (44)
      object: 0x8 (8)
  - getResource__12JKRFileCacheFUlPCc
      map:    0x90 (144)
      object: 0x8 (8)
  - readResource__12JKRFileCacheFPvUlPCc
      map:    0xdc (220)
      object: 0x8 (8)
  - readRelResource__12JKRFileCacheFPvUlPCc
      map:    0x2c (44)
      object: 0x8 (8)
  - readResource__12JKRFileCacheFPvUlUlPCc
      map:    0x90 (144)
      object: 0x8 (8)
  - removeResourceAll__12JKRFileCacheFv
      map:    0x90 (144)
      object: 0x4 (4)
  - removeResource__12JKRFileCacheFPv
      map:    0x9c (156)
      object: 0x8 (8)
  - detachResource__12JKRFileCacheFPv
      map:    0x74 (116)
      object: 0x8 (8)
  - getResSize__12JKRFileCacheCFPCv
      map:    0x34 (52)
      object: 0x8 (8)
  - countFile__12JKRFileCacheCFPCc
      map:    0x88 (136)
      object: 0x8 (8)
  - getFirstFile__12JKRFileCacheCFPCc
      map:    0xac (172)
      object: 0x8 (8)
  - findCacheBlock__12JKRFileCacheCFPCv
      map:    0x2c (44)
      object: 0x8 (8)
  - findCacheBlock__12JKRFileCacheCFUl
      map:    0x2c (44)
      object: 0x8 (8)
  - findFile__12JKRFileCacheCFPcPCc
      map:    0x104 (260)
      object: 0x8 (8)
  - getDvdPathName__12JKRFileCacheCFPCc
      map:    0x128 (296)
      object: 0x8 (8)
  - convStrLower__12JKRFileCacheCFPc
      map:    0x4c (76)
      object: 0x4 (4)
  - __ct__Q212JKRFileCache11CCacheBlockFUlUlPCv
      map:    0x6c (108)
      object: 0x34 (52)
  - getFsResource__12JKRFileCacheFPCc
      map:    0x2c (44)
      object: 0x8 (8)
  - getNameResource__12JKRFileCacheFUlPCc
      map:    0x2c (44)
      object: 0x8 (8)
  - readFsResource__12JKRFileCacheFPvUlPCc
      map:    0x2c (44)
      object: 0x8 (8)
  - readNameResource__12JKRFileCacheFPvUlUlPCc
      map:    0x2c (44)
      object: 0x8 (8)
[ OK ] Symbol linkage (weak/local/global) matches the map.

[INFO] 1 object-only symbol(s) not in the map (usually deduplicated weak/inline helpers; not an error; -v to list).
------------------------------------------------------------------------------
RESULT: PASS with warnings (26 UNUSED size mismatch(es) -- see above)
