Unit        : mario/GC2D/Option
Source      : src/GC2D/Option.cpp
Object      : build/GMSJ01/src/GC2D/Option.o
Map TU      : GC2D.a Option.cpp
Map symbols : 85 (47 UNUSED)   Object .text symbols: 100
reverse_fn_order: True
------------------------------------------------------------------------------

[FAIL] 3 map symbol(s) MISSING from the object:
  - SMSGetMSound__Fv (UNUSED)
  - begin__Q29@unnamed@16ArrayWrapper<Ul>CFv (UNUSED)
  - __ct__7JUTRectFiiii

[WARN] Only weak symbols are out of order (compiler-controlled -- does not fail the check):
    resetChangedSetting__14TOptionControlFv
    isChangedSetting__14TOptionControlCFv
    writeValue__14TOptionControlFv
    checkInput__14TOptionControlFv
    startSoundSystemSE__6MSoundFUlUlPP8JAISoundUl
    toggleCurType__14TOptionControlFv
    setType__14TOptionControlFQ214TOptionControl10SelectTypeb
    movementOption2Card__14TOptionControlFv
    movementOption__14TOptionControlFv
  - mod__Q29JGeometry8TUtil<i>Fii   (map position)
    clamp__Q29JGeometry8TUtil<l>Flll
    movementCard2Option__14TOptionControlFv
    draw__14TOptionControlFP13J2DOrthoGraph
    movementCommon__14TOptionControlFv
    loadSetting__14TOptionControlFv
    load__14TOptionControlFv
    setInfluencedAlphaRecursive__16TOptionSoundUnitFP7J2DPaneb
    getObject__17JSUTree<7J2DPane>CFv
    adjustSound__16TOptionSoundUnitFv
    adjustView__16TOptionSoundUnitFv
    setState__16TOptionSoundUnitFQ216TOptionSoundUnit5State
    typeToFlag__16TOptionSoundUnitFQ216TOptionSoundUnit9SoundType
    flagToType__16TOptionSoundUnitFi
    stopSound__16TOptionSoundUnitFv
    getValue__16TOptionSoundUnitCFv
    setValue__16TOptionSoundUnitFi
    activate__16TOptionSoundUnitFv
    deactivate__16TOptionSoundUnitFb
    hide__16TOptionSoundUnitFv
    show__16TOptionSoundUnitFv
    adjust__16TOptionSoundUnitFv
    toggle__16TOptionSoundUnitFv
    foreachPatternAnm__16TOptionSoundUnitFRQ29@unnamed@35ArrayWrapper<P18TPatternAnmControl>M18TPatternAnmControlFPCvPv_v
    updatePatternAnm__16TOptionSoundUnitFv
    update__16TOptionSoundUnitFv
    initSurroundAnm__16TOptionSoundUnitFv
    initSteleoAnm__16TOptionSoundUnitFv
    initMonoAnm__16TOptionSoundUnitFv
    __ct__16TOptionSoundUnitFP9J2DScreen
    __ct__Q29@unnamed@35ArrayWrapper<P18TPatternAnmControl>Fv
    setInfluencedAlphaRecursive__17TOptionRumbleUnitFP7J2DPaneb
    setState__17TOptionRumbleUnitFQ217TOptionRumbleUnit5State
    setValue__17TOptionRumbleUnitFQ217TOptionRumbleUnit10RumbleType
    activate__17TOptionRumbleUnitFv
    deactivate__17TOptionRumbleUnitFb
    hide__17TOptionRumbleUnitFv
    show__17TOptionRumbleUnitFv
    adjustView__17TOptionRumbleUnitFv
    adjust__17TOptionRumbleUnitFv
    toggle__17TOptionRumbleUnitFv
    checkRumble__17TOptionRumbleUnitFv
    update__17TOptionRumbleUnitFv
    __ct__17TOptionRumbleUnitFP9J2DScreen
    setNumber__14TToggleControlFi
    getNumber__14TToggleControlCFv
    toggle__14TToggleControlFv
    setupToggle__14TToggleControlFPCUli
    __ct__14TToggleControlFP9J2DScreen
    hide__18TPatternAnmControlFv
    show__18TPatternAnmControlFv
    update__18TPatternAnmControlFv
    setupAnm__18TPatternAnmControlFv
    set__18TPatternAnmControlFPCQ218TPatternAnmControl9TAnmChunki
    __ct__18TPatternAnmControlFP9J2DScreen
    update__19TPaneScalingControlFv
    stopAnm__19TPaneScalingControlFv
    startAnm__19TPaneScalingControlFv
    setupAnm__19TPaneScalingControlFff
    __ct__19TPaneScalingControlFP7J2DPane
    update__15TBalloonControlFv
    stopAnm__15TBalloonControlFv
    startAnm__15TBalloonControlFv
    setupAnm__15TBalloonControlFv
    add__15TBalloonControlFP7TExPane
    __ct__15TBalloonControlFi
    calcMoveX__13TArrowControlCFi
    updateScale__13TArrowControlFv
    updateAlpha__13TArrowControlFv
    update__13TArrowControlFv
    print_pane_tree__9@unnamed@FP7J2DPanei
    tag_to_string__9@unnamed@FPcUl
  + mod__Q29JGeometry8TUtil<i>Fii   (object position)
    __sinit_Option_cpp

[WARN] 11 UNUSED symbol(s) with wrong size (best-effort -- does not fail the check):
  - checkInput__14TOptionControlFv
      map:    0x37c (892)
      object: 0x360 (864)
  - movementCommon__14TOptionControlFv
      map:    0x4f0 (1264)
      object: 0x4 (4)
  - getValue__16TOptionSoundUnitCFv
      map:    0x54 (84)
      object: 0x50 (80)
  - hide__16TOptionSoundUnitFv
      map:    0x30 (48)
      object: 0x4 (4)
  - show__17TOptionRumbleUnitFv
      map:    0xc (12)
      object: 0x4 (4)
  - update__15TBalloonControlFv
      map:    0x1d8 (472)
      object: 0x4 (4)
  - add__15TBalloonControlFP7TExPane
      map:    0x54 (84)
      object: 0x48 (72)
  - updateScale__13TArrowControlFv
      map:    0x10c (268)
      object: 0xe4 (228)
  - update__13TArrowControlFv
      map:    0x154 (340)
      object: 0x13c (316)
  - print_pane_tree__9@unnamed@FP7J2DPanei
      map:    0xa0 (160)
      object: 0x4 (4)
  - tag_to_string__9@unnamed@FPcUl
      map:    0x34 (52)
      object: 0x4 (4)
[ OK ] Symbol linkage (weak/local/global) matches the map.

[INFO] 18 object-only symbol(s) not in the map (usually deduplicated weak/inline helpers; not an error; -v to list).
------------------------------------------------------------------------------
RESULT: FAIL (1 error category/categories, weak-symbol order; 11 UNUSED size mismatch(es) warning(s))
