Unit        : mario/Player/MarioRun
Source      : src/Player/MarioRun.cpp
Object      : build/GMSJ01/src/Player/MarioRun.o
Map TU      : Player.a MarioRun.cpp
Map symbols : 67 (33 UNUSED)   Object .text symbols: 83
reverse_fn_order: True
------------------------------------------------------------------------------

[FAIL] 1 map symbol(s) MISSING from the object:
  - braking__6TMarioFv (UNUSED)
[ OK ] Symbol order matches the map.

[WARN] 15 UNUSED symbol(s) with wrong size (best-effort -- does not fail the check):
  - broadJumpSlip__6TMarioFv
      map:    0x148 (328)
      object: 0x70 (112)
  - ultraJumpSlip__6TMarioFv
      map:    0x130 (304)
      object: 0x58 (88)
  - uTurnJumpSlip__6TMarioFv
      map:    0x15c (348)
      object: 0x78 (120)
  - secJumpSlip__6TMarioFv
      map:    0x130 (304)
      object: 0x58 (88)
  - landSlip__6TMarioFv
      map:    0x130 (304)
      object: 0x58 (88)
  - jumpSlip__6TMarioFv
      map:    0x130 (304)
      object: 0x58 (88)
  - changePlayerWaiting__6TMarioFv
      map:    0xb0 (176)
      object: 0x4 (4)
  - doBraking__6TMarioFf
      map:    0x6c (108)
      object: 0x4 (4)
  - doStopping__6TMarioFv
      map:    0x6c (108)
      object: 0x4 (4)
  - doSlipping__6TMarioFf
      map:    0x78 (120)
      object: 0x4 (4)
  - getRunningInWaterBrake__6TMarioFv
      map:    0x28 (40)
      object: 0x4 (4)
  - changePlayerCatching__6TMarioFv
      map:    0x6c (108)
      object: 0x4 (4)
  - changePlayerPower__6TMarioFfUlUl
      map:    0x60 (96)
      object: 0x4 (4)
  - clashStandard__6TMarioFUlUl
      map:    0x90 (144)
      object: 0x4 (4)
  - postureControl__6TMarioFv
      map:    0x10 (16)
      object: 0x4 (4)
[ OK ] Symbol linkage (weak/local/global) matches the map.

[INFO] 17 object-only symbol(s) not in the map (usually deduplicated weak/inline helpers; not an error; -v to list).
------------------------------------------------------------------------------
RESULT: FAIL (1 error category/categories, 15 UNUSED size mismatch(es) warning(s))
