Unit        : mario/System/MarNameRefGen_NPC
Source      : src/System/MarNameRefGen_NPC.cpp
Object      : build/GMSJ01/src/System/MarNameRefGen_NPC.o
Map TU      : System.a MarNameRefGen_NPC.cpp
Map symbols : 11 (0 UNUSED)   Object .text symbols: 1
reverse_fn_order: True
------------------------------------------------------------------------------

[FAIL] 10 map symbol(s) MISSING from the object:
  - __dt__12TLiveManagerFv
  - __dt__11TNPCManagerFv
  - __dt__17TMareWBaseManagerFv
  - __dt__17TMareMBaseManagerFv
  - __dt__21TMonteWSpecialManagerFv
  - __dt__18TMonteWBaseManagerFv
  - __dt__21TMonteMSpecialManagerFv
  - __dt__18TMonteMBaseManagerFv
  - __dt__13TMareWManagerFv
  - __dt__13TMareMManagerFv
[ OK ] Symbol order matches the map.
[ OK ] Symbol linkage (weak/local/global) matches the map.
------------------------------------------------------------------------------
RESULT: FAIL (1 error category/categories)
