Unit        : mario/Enemy/conductor
Source      : src/Enemy/conductor.cpp
Object      : build/GMSJ01/src/Enemy/conductor.o
Map TU      : Enemy.a conductor.cpp
Map symbols : 63 (13 UNUSED)   Object .text symbols: 65
reverse_fn_order: True
------------------------------------------------------------------------------

[ OK ] All map symbols are present in the object.
[ OK ] Symbol order matches the map.

[WARN] 4 UNUSED symbol(s) with wrong size (best-effort -- does not fail the check):
  - clipGenerators__10TConductorFPQ26JDrama9TGraphics
      map:    0xc4 (196)
      object: 0x4 (4)
  - maskNFlagOfChildren__10TConductorFiUl
      map:    0x168 (360)
      object: 0x4 (4)
  - conduct__10TConductorFv
      map:    0x30 (48)
      object: 0x4 (4)
  - polluterExterminated__10TConductorFv
      map:    0xe4 (228)
      object: 0x4 (4)
[ OK ] Symbol linkage (weak/local/global) matches the map.

[INFO] 2 object-only symbol(s) not in the map (usually deduplicated weak/inline helpers; not an error; -v to list).
------------------------------------------------------------------------------
RESULT: PASS with warnings (4 UNUSED size mismatch(es) -- see above)
