Unit        : mario/MoveBG/MapObjWave
Source      : src/MoveBG/MapObjWave.cpp
Object      : build/GMSJ01/src/MoveBG/MapObjWave.o
Map TU      : MoveBG.a MapObjWave.cpp
Map symbols : 18 (6 UNUSED)   Object .text symbols: 0
reverse_fn_order: True
------------------------------------------------------------------------------

[FAIL] 18 map symbol(s) MISSING from the object:
  - __dt__11TMapObjWaveFv
  - __ct__11TMapObjWaveFPCc
  - load__11TMapObjWaveFR20JSUMemoryInputStream
  - perform__11TMapObjWaveFUlPQ26JDrama9TGraphics
  - movement__11TMapObjWaveFv (UNUSED)
  - updateTime__11TMapObjWaveFv
  - updateHeightAndAlpha__11TMapObjWaveFv
  - draw__11TMapObjWaveFv
  - getAlpha__11TMapObjWaveCFff (UNUSED)
  - noWave__11TMapObjWaveFv
  - getHeight__11TMapObjWaveCFfff
  - getWaveHeight__11TMapObjWaveCFff
  - getStaticTexPos0__11TMapObjWaveCFf (UNUSED)
  - getStaticTexPos1__11TMapObjWaveCFf (UNUSED)
  - getMoveTexPos0__11TMapObjWaveCFf (UNUSED)
  - getMoveTexPos1__11TMapObjWaveCFf (UNUSED)
  - initDraw__11TMapObjWaveFv
  - __sinit_MapObjWave_cpp
[ OK ] Symbol order matches the map.
[ OK ] UNUSED symbol sizes match (0/6 checked).
[ OK ] Symbol linkage (weak/local/global) matches the map.
------------------------------------------------------------------------------
RESULT: FAIL (1 error category/categories)
