Unit        : mario/dolphin/os/OS
Source      : src/dolphin/os/OS.c
Object      : build/GMSJ01/src/dolphin/os/OS.o
Map TU      : os.a OS.c
Map symbols : 16 (3 UNUSED)   Object .text symbols: 14
reverse_fn_order: False
------------------------------------------------------------------------------

[FAIL] 2 map symbol(s) MISSING from the object:
  - __OSIsDebuggerPresent (UNUSED)
  - DisableWriteGatherPipe (UNUSED)
[ OK ] Symbol order matches the map.

[WARN] 1 UNUSED symbol(s) with wrong size (best-effort -- does not fail the check):
  - __OSInitFPRs
      map:    0x84 (132)
      object: 0x128 (296)

[FAIL] 1 symbol(s) with wrong linkage (weak/local/global):
  - OSDefaultExceptionHandler
      map:    global
      object: local
------------------------------------------------------------------------------
RESULT: FAIL (2 error category/categories, 1 UNUSED size mismatch(es) warning(s))
