Unit        : mario/MarioUtil/DrawUtil
Source      : src/MarioUtil/DrawUtil.cpp
Object      : build/GMSJ01/src/MarioUtil/DrawUtil.o
Map TU      : MarioUtil.a DrawUtil.cpp
Map symbols : 45 (14 UNUSED)   Object .text symbols: 46
reverse_fn_order: True
------------------------------------------------------------------------------

[FAIL] 1 map symbol(s) MISSING from the object:
  - identity33__Q29JGeometry64TRotation3<Q29JGeometry38TMatrix34<Q29JGeometry13SMatrix34C<f>>>Fv
[ OK ] Symbol order matches the map.

[WARN] 14 UNUSED symbol(s) with wrong size (best-effort -- does not fail the check):
  - SMS_CopyMaterialToSort__FP11J3DMaterialP8J3DModelUs
      map:    0x88 (136)
      object: 0x4 (4)
  - SMS_DrawHorzCircle__FRCQ29JGeometry8TVec3<f>fiRC8_GXColor
      map:    0x314 (788)
      object: 0x4 (4)
  - SMS_DrawConeBeam__FRCQ29JGeometry8TVec3<f>RCQ29JGeometry8TVec3<f>fiRC8_GXColor
      map:    0x3c4 (964)
      object: 0x4 (4)
  - SMS_DrawBeamAux__Fi
      map:    0x1b4 (436)
      object: 0x4 (4)
  - MsDrawAxis__FPA4_ff
      map:    0x178 (376)
      object: 0x4 (4)
  - MsDrawCube__FRCQ29JGeometry8TVec3<f>f8_GXColor
      map:    0x144 (324)
      object: 0x4 (4)
  - MsWireInit__F9_GXVtxFmt
      map:    0x128 (296)
      object: 0x4 (4)
  - SMS_DrawBillboardLine__FPCQ26JDrama9TGraphicsPCQ29JGeometry8TVec3<f>iifPC8_GXColor
      map:    0x504 (1284)
      object: 0x4 (4)
  - SMS_CreatePolygonOrderListInModelData__FP12J3DModelDataPQ29JGeometry9TVec3<Us>
      map:    0x84 (132)
      object: 0x4 (4)
  - SMS_CreatePolygonOrderListInShape__FP8J3DShapePQ29JGeometry9TVec3<Us>
      map:    0x4b4 (1204)
      object: 0x4 (4)
  - makeCollisionIndexList__FUlPQ29JGeometry9TVec3<Us>
      map:    0x80 (128)
      object: 0x4 (4)
  - SMS_CountPolygonNumInModelData__FP12J3DModelData
      map:    0x70 (112)
      object: 0x4 (4)
  - ViewFrustumRectClipCheck__FPQ26JDrama9TGraphicsP3Vecff
      map:    0x1ac (428)
      object: 0x4 (4)
  - calcSilhouetteBorder__11TSilhouetteFv
      map:    0x134 (308)
      object: 0x4 (4)
[ OK ] Symbol linkage (weak/local/global) matches the map.

[INFO] 2 object-only symbol(s) not in the map (usually deduplicated weak/inline helpers; not an error; -v to list).
------------------------------------------------------------------------------
RESULT: FAIL (1 error category/categories, 14 UNUSED size mismatch(es) warning(s))
