Unit        : mario/Enemy/mameGesso
Source      : src/Enemy/mameGesso.cpp
Object      : build/GMSJ01/src/Enemy/mameGesso.o
Map TU      : Enemy.a mameGesso.cpp
Map symbols : 66 (11 UNUSED)   Object .text symbols: 102
reverse_fn_order: True
------------------------------------------------------------------------------

[ OK ] All map symbols are present in the object.

[WARN] Only weak symbols are out of order (compiler-controlled -- does not fail the check):
    __dt__19TNerveMameGessoWaitFv
    execute__19TNerveMameGessoWaitCFP24TSpineBase<10TLiveActor>
    __dt__30TNerveMameGessoGraphJumpWanderFv
    theNerve__19TNerveMameGessoWaitFv
    execute__21TNerveMameGessoObjectCFP24TSpineBase<10TLiveActor>
    theNerve__21TNerveMameGessoObjectFv
    __dt__21TNerveMameGessoObjectFv
    execute__21TNerveMameGessoThrownCFP24TSpineBase<10TLiveActor>
    theNerve__21TNerveMameGessoThrownFv
    __dt__21TNerveMameGessoThrownFv
    execute__21TNerveMameGessoPickUpCFP24TSpineBase<10TLiveActor>
    theNerve__21TNerveMameGessoPickUpFv
    __dt__21TNerveMameGessoPickUpFv
    execute__22TNerveMameGessoTrampleCFP24TSpineBase<10TLiveActor>
    theNerve__22TNerveMameGessoTrampleFv
    __dt__22TNerveMameGessoTrampleFv
    execute__23TNerveMameGessoJitabataCFP24TSpineBase<10TLiveActor>
    theNerve__23TNerveMameGessoJitabataFv
    __dt__23TNerveMameGessoJitabataFv
    execute__21TNerveMameGessoDamageCFP24TSpineBase<10TLiveActor>
    theNerve__21TNerveMameGessoDamageFv
    __dt__21TNerveMameGessoDamageFv
    execute__30TNerveMameGessoGraphJumpWanderCFP24TSpineBase<10TLiveActor>
    theNerve__30TNerveMameGessoGraphJumpWanderFv
    getBasNameTable__10TMameGessoCFv
    checkMarioState__10TMameGessoFv
    doKeepDistance__10TMameGessoFv
    isInhibitedForceMove__10TMameGessoFv
    entryObjCollision__10TMameGessoFv
    calcObjCollision__10TMameGessoFv
    isCollidMove__10TMameGessoFP9THitActor
    behaveToRelease__10TMameGessoFv
    behaveToTaken__10TMameGessoFP9THitActor
    behaveToWater__10TMameGessoFP9THitActor
    setDeadAnm__10TMameGessoFv
    setFreezeAnm__10TMameGessoFv
    setWaitAnm__10TMameGessoFv
    getGravityY__10TMameGessoCFv
    kill__10TMameGessoFv
    isHitValid__10TMameGessoFUl
    reset__10TMameGessoFv
    rebirth__10TMameGessoFv
    calcRootMatrix__10TMameGessoFv
    attackToMario__10TMameGessoFv
    setMActorAndKeeper__10TMameGessoFv
    moveObject__10TMameGessoFv
    init__10TMameGessoFP12TLiveManager
    load__10TMameGessoFR20JSUMemoryInputStream
    __ct__10TMameGessoFPCc
    perform__17TMameGessoManagerFUlPQ26JDrama9TGraphics
    initSetEnemies__17TMameGessoManagerFv
    createEnemyInstance__17TMameGessoManagerFv
    loadAfter__17TMameGessoManagerFv
    load__17TMameGessoManagerFR20JSUMemoryInputStream
    __ct__17TMameGessoManagerFPCc
    __ct__24TMameGessoSaveLoadParamsFPCc
  + __dt__10TMameGessoFv   (object position)
  + isEatenByYosshi__10TMameGessoFv   (object position)
    changeByJuice__10TMameGessoFv
  - isEatenByYosshi__10TMameGessoFv   (map position)
    forceKill__10TMameGessoFv
    setBehavior__11TSmallEnemyFv
    setWalkAnm__11TSmallEnemyFv
    setRunAnm__11TSmallEnemyFv
  - __dt__10TMameGessoFv   (map position)
    __dt__17TMameGessoManagerFv
    __sinit_mameGesso_cpp
    @32@__dt__10TMameGessoFv

[WARN] 2 UNUSED symbol(s) with wrong size (best-effort -- does not fail the check):
  - checkMarioState__10TMameGessoFv
      map:    0x68 (104)
      object: 0x4 (4)
  - rebirth__10TMameGessoFv
      map:    0x58 (88)
      object: 0x4 (4)
[ OK ] Symbol linkage (weak/local/global) matches the map.

[INFO] 36 object-only symbol(s) not in the map (usually deduplicated weak/inline helpers; not an error; -v to list).
------------------------------------------------------------------------------
RESULT: PASS with warnings (weak-symbol order; 2 UNUSED size mismatch(es) -- see above)
