Unit        : mario/JSystem/JAudio/JASystem/JASProbe
Source      : src/JSystem/JAudio/JASystem/JASProbe.cpp
Object      : build/GMSJ01/src/JSystem/JAudio/JASystem/JASProbe.o
Map TU      : JSystem.a JASProbe.cpp
Map symbols : 11 (9 UNUSED)   Object .text symbols: 11
reverse_fn_order: False
------------------------------------------------------------------------------

[ OK ] All map symbols are present in the object.
[ OK ] Symbol order matches the map.

[WARN] 8 UNUSED symbol(s) with wrong size (best-effort -- does not fail the check):
  - switchProbe__Q28JASystem6KernelFUll
      map:    0x234 (564)
      object: 0x4 (4)
  - resetProbe__Q28JASystem6KernelFv
      map:    0x1d4 (468)
      object: 0x4 (4)
  - getProbeName__Q28JASystem6KernelFl
      map:    0x10 (16)
      object: 0x4 (4)
  - getProbeLast__Q28JASystem6KernelFl
      map:    0x14 (20)
      object: 0x4 (4)
  - getProbeAvg__Q28JASystem6KernelFl
      map:    0x14 (20)
      object: 0x4 (4)
  - getProbeTotalAvg__Q28JASystem6KernelFl
      map:    0x1c (28)
      object: 0x4 (4)
  - getProbeTotal__Q28JASystem6KernelFl
      map:    0x14 (20)
      object: 0x4 (4)
  - getProbeMax__Q28JASystem6KernelFl
      map:    0x14 (20)
      object: 0x4 (4)
[ OK ] Symbol linkage (weak/local/global) matches the map.
------------------------------------------------------------------------------
RESULT: PASS with warnings (8 UNUSED size mismatch(es) -- see above)
