Unit        : mario/JSystem/JGadget/std-vector
Source      : src/JSystem/JGadget/std-vector.cpp
Object      : build/GMSJ01/src/JSystem/JGadget/std-vector.o
Map TU      : JSystem.a std-vector.cpp
Map symbols : 20 (11 UNUSED)   Object .text symbols: 20
reverse_fn_order: False
------------------------------------------------------------------------------

[ OK ] All map symbols are present in the object.
[ OK ] Symbol order matches the map.

[WARN] 3 UNUSED symbol(s) with wrong size (best-effort -- does not fail the check):
  - assign__Q27JGadget20TVector_pointer_voidFUlRCPv
      map:    0x84 (132)
      object: 0x4 (4)
  - __as__Q27JGadget20TVector_pointer_voidFRCQ27JGadget20TVector_pointer_void
      map:    0x19c (412)
      object: 0x210 (528)
  - ResizeRaw__Q27JGadget20TVector_pointer_voidFUl
      map:    0x94 (148)
      object: 0xac (172)
[ OK ] Symbol linkage (weak/local/global) matches the map.
------------------------------------------------------------------------------
RESULT: PASS with warnings (3 UNUSED size mismatch(es) -- see above)
