Unit        : mario/dolphin/card/CARDNet
Source      : src/dolphin/card/CARDNet.c
Object      : build/GMSJ01/src/dolphin/card/CARDNet.o
Map TU      : card.a CARDNet.c
Map symbols : 7 (7 UNUSED)   Object .text symbols: 0
reverse_fn_order: False
------------------------------------------------------------------------------

[FAIL] 7 map symbol(s) MISSING from the object:
  - CARDSetVendorID (UNUSED)
  - CARDGetVendorID (UNUSED)
  - CARDGetSerialNo (UNUSED)
  - CARDGetUniqueCode (UNUSED)
  - CARDGetAttributes (UNUSED)
  - CARDSetAttributesAsync (UNUSED)
  - CARDSetAttributes (UNUSED)
[ OK ] Symbol order matches the map.
[ OK ] UNUSED symbol sizes match (0/7 checked).
[ OK ] Symbol linkage (weak/local/global) matches the map.
------------------------------------------------------------------------------
RESULT: FAIL (1 error category/categories)
