Unit        : mario/JSystem/JKernel/JKRDvdRipper
Source      : src/JSystem/JKernel/JKRDvdRipper.cpp
Object      : build/GMSJ01/src/JSystem/JKernel/JKRDvdRipper.o
Map TU      : JSystem.a JKRDvdRipper.cpp
Map symbols : 20 (10 UNUSED)   Object .text symbols: 21
reverse_fn_order: False
------------------------------------------------------------------------------

[ OK ] All map symbols are present in the object.
[ OK ] Symbol order matches the map.

[WARN] 9 UNUSED symbol(s) with wrong size (best-effort -- does not fail the check):
  - loadToMainRAMAsync__12JKRDvdRipperFPCcPUc15JKRExpandSwitchUlP7JKRHeap
      map:    0xf4 (244)
      object: 0x8 (8)
  - loadToMainRAMAsync__12JKRDvdRipperFlPUc15JKRExpandSwitchUlP7JKRHeap
      map:    0xf4 (244)
      object: 0x8 (8)
  - loadToMainRAMAsync__12JKRDvdRipperFP10JKRDvdFilePUc15JKRExpandSwitchUlP7JKRHeap
      map:    0x1e4 (484)
      object: 0x8 (8)
  - doneProcess__12JKRDvdRipperFlP11DVDFileInfo
      map:    0x30 (48)
      object: 0x4 (4)
  - sync__12JKRDvdRipperFP12JKRDMCommandi
      map:    0x1bc (444)
      object: 0x8 (8)
  - syncAll__12JKRDvdRipperFi
      map:    0x8c (140)
      object: 0x4 (4)
  - countLeftSync__12JKRDvdRipperFv
      map:    0x34 (52)
      object: 0x4 (4)
  - __ct__12JKRDMCommandFv
      map:    0x50 (80)
      object: 0x34 (52)
  - __dt__12JKRDMCommandFv
      map:    0xa0 (160)
      object: 0x5c (92)
[ OK ] Symbol linkage (weak/local/global) matches the map.

[INFO] 1 object-only symbol(s) not in the map (usually deduplicated weak/inline helpers; not an error; -v to list).
------------------------------------------------------------------------------
RESULT: PASS with warnings (9 UNUSED size mismatch(es) -- see above)
