Unit        : mario/JSystem/JUtility/JUTGamePad
Source      : src/JSystem/JUtility/JUTGamePad.cpp
Object      : build/GMSJ01/src/JSystem/JUtility/JUTGamePad.o
Map TU      : JSystem.a JUTGamePad.cpp
Map symbols : 50 (20 UNUSED)   Object .text symbols: 51
reverse_fn_order: False
------------------------------------------------------------------------------

[ OK ] All map symbols are present in the object.
[ OK ] Symbol order matches the map.

[WARN] 14 UNUSED symbol(s) with wrong size (best-effort -- does not fail the check):
  - __ct__10JUTGamePadFv
      map:    0xc0 (192)
      object: 0x7c (124)
  - clear__10JUTGamePadFv
      map:    0xc (12)
      object: 0x4 (4)
  - triggerPatternedRumble__Q210JUTGamePad7CRumbleFUl
      map:    0x28 (40)
      object: 0x4 (4)
  - setPatternedRumble__Q210JUTGamePad7CRumbleFsUsPUc
      map:    0x60 (96)
      object: 0x4 (4)
  - startPatternedRumble__Q210JUTGamePad7CRumbleFPUcQ310JUTGamePad7CRumble7ERumbleUl
      map:    0xbc (188)
      object: 0x4 (4)
  - stopPatternedRumbleAtThePeriod__Q210JUTGamePad7CRumbleFv
      map:    0x24 (36)
      object: 0x4 (4)
  - resetButtonRepeat__10JUTGamePadFv
      map:    0x58 (88)
      object: 0x4 (4)
  - addButtonRepeat__10JUTGamePadFUl
      map:    0x38 (56)
      object: 0x4 (4)
  - removeButtonRepeat__10JUTGamePadFUl
      map:    0x40 (64)
      object: 0x4 (4)
  - __ct__16JUTGamePadRecordFv
      map:    0x20 (32)
      object: 0x4 (4)
  - setBuffer__16JUTGamePadRecordFPvUlUcUl
      map:    0x98 (152)
      object: 0x4 (4)
  - clear__16JUTGamePadRecordFv
      map:    0x40 (64)
      object: 0x4 (4)
  - seek__16JUTGamePadRecordFiQ216JUTGamePadRecord7EOrigin
      map:    0x90 (144)
      object: 0x6c (108)
  - accumeSize1Frame__16JUTGamePadRecordFUc
      map:    0x48 (72)
      object: 0x4 (4)
[ OK ] Symbol linkage (weak/local/global) matches the map.

[INFO] 1 object-only symbol(s) not in the map (usually deduplicated weak/inline helpers; not an error; -v to list).
------------------------------------------------------------------------------
RESULT: PASS with warnings (14 UNUSED size mismatch(es) -- see above)
