Unit        : mario/Enemy/BathtubKiller
Source      : src/Enemy/BathtubKiller.cpp
Object      : build/GMSJ01/src/Enemy/BathtubKiller.o
Map TU      : Enemy.a BathtubKiller.cpp
Map symbols : 73 (28 UNUSED)   Object .text symbols: 124
reverse_fn_order: True
------------------------------------------------------------------------------

[FAIL] 1 map symbol(s) MISSING from the object:
  - set<i>__Q29JGeometry8TVec3<f>Fiii

[WARN] Only weak symbols are out of order (compiler-controlled -- does not fail the check):
    __dt__21TBathtubKillerManagerFv
    createEnemyInstance__21TBathtubKillerManagerFv
    createModelData__21TBathtubKillerManagerFv
    countActiveShineKillers__21TBathtubKillerManagerFv
    countActiveKillers__21TBathtubKillerManagerFv
    generateMushroom__21TBathtubKillerManagerFQ29JGeometry8TVec3<f>
    loadAfter__21TBathtubKillerManagerFv
    load__21TBathtubKillerManagerFR20JSUMemoryInputStream
    __ct__21TBathtubKillerManagerFPCc
    execute__28TNerveBathtubKillerExplosionCFP24TSpineBase<10TLiveActor>
    theNerve__28TNerveBathtubKillerExplosionFv
    __dt__28TNerveBathtubKillerExplosionFv
    execute__24TNerveBathtubKillerBreakCFP24TSpineBase<10TLiveActor>
    theNerve__24TNerveBathtubKillerBreakFv
    __dt__24TNerveBathtubKillerBreakFv
    execute__27TNerveBathtubKillerStraightCFP24TSpineBase<10TLiveActor>
    theNerve__27TNerveBathtubKillerStraightFv
    __dt__27TNerveBathtubKillerStraightFv
    execute__32TNerveBathtubKillerChaseStraightCFP24TSpineBase<10TLiveActor>
  - __dt__24TNerveBathtubKillerChaseFv   (map position)
    theNerve__32TNerveBathtubKillerChaseStraightFv
    __dt__32TNerveBathtubKillerChaseStraightFv
    execute__24TNerveBathtubKillerChaseCFP24TSpineBase<10TLiveActor>
    theNerve__24TNerveBathtubKillerChaseFv
  + __dt__24TNerveBathtubKillerChaseFv   (object position)
    execute__25TNerveBathtubKillerWanderCFP24TSpineBase<10TLiveActor>
    theNerve__25TNerveBathtubKillerWanderFv
    __dt__25TNerveBathtubKillerWanderFv
    generateExplosion__14TBathtubKillerFv
    canChase__14TBathtubKillerFv
    isAboided__14TBathtubKillerFv
    isAttackable__14TBathtubKillerFv
    updateTimers__14TBathtubKillerFv
    setDeadBathtubKillerAnm__14TBathtubKillerFv
    setStraightBathtubKillerAnm__14TBathtubKillerFv
    setChaseBathtubKillerAnm__14TBathtubKillerFv
    setNormalBathtubKillerAnm__14TBathtubKillerFv
    getBasNameTable__14TBathtubKillerCFv
    behaveToWater__14TBathtubKillerFP9THitActor
    isCollidMove__14TBathtubKillerFP9THitActor
    attackToMario__14TBathtubKillerFv
    receiveMessage__14TBathtubKillerFP9THitActorUl
    calcRootMatrix__14TBathtubKillerFv
    getGravityY__14TBathtubKillerCFv
    makeScrewQuat__14TBathtubKillerFQ29JGeometry8TVec3<f>ff
    makeQuat__14TBathtubKillerFQ29JGeometry8TVec3<f>ff
    makeAccelerationQuat__14TBathtubKillerFv
    makeVelocityQuat__14TBathtubKillerFv
    moveStraight__14TBathtubKillerFv
    moveChasing__14TBathtubKillerFv
    moveParabolic__14TBathtubKillerFv
    makeInitialVelocity__14TBathtubKillerFQ29JGeometry8TVec3<f>
    getBathtubY__14TBathtubKillerFv
    makeNoseColor__14TBathtubKillerFv
    perform__14TBathtubKillerFUlPQ26JDrama9TGraphics
    bind__14TBathtubKillerFv
    explodeBathtubKiller__14TBathtubKillerFv
    breakBathtubKiller__14TBathtubKillerFv
    killBathtubKiller__14TBathtubKillerFv
    generateItemBathtubKiller__14TBathtubKillerFv
    resetBathtubKiller__14TBathtubKillerFv
    reset__14TBathtubKillerFv
    setMActorAndKeeper__14TBathtubKillerFv
    init__14TBathtubKillerFP12TLiveManager
    __ct__14TBathtubKillerFPCc
    __ct__20TBathtubKillerParamsFPCc
    makeNormal__25TBathtubKillerPersonalityFPC20TBathtubKillerParams
    makeShine__25TBathtubKillerPersonalityFPC20TBathtubKillerParams
    makeFast__25TBathtubKillerPersonalityFPC20TBathtubKillerParams
    __ct__25TBathtubKillerPersonalityFv
    __dt__14TBathtubKillerFv
    __sinit_BathtubKiller_cpp
    @32@__dt__14TBathtubKillerFv

[WARN] 23 UNUSED symbol(s) with wrong size (best-effort -- does not fail the check):
  - countActiveShineKillers__21TBathtubKillerManagerFv
      map:    0x78 (120)
      object: 0x8 (8)
  - generateMushroom__21TBathtubKillerManagerFQ29JGeometry8TVec3<f>
      map:    0x64 (100)
      object: 0x4 (4)
  - generateExplosion__14TBathtubKillerFv
      map:    0x54 (84)
      object: 0x4 (4)
  - canChase__14TBathtubKillerFv
      map:    0x98 (152)
      object: 0x8 (8)
  - isAttackable__14TBathtubKillerFv
      map:    0x19c (412)
      object: 0x8 (8)
  - updateTimers__14TBathtubKillerFv
      map:    0x7c (124)
      object: 0x4 (4)
  - setDeadBathtubKillerAnm__14TBathtubKillerFv
      map:    0xb8 (184)
      object: 0x4 (4)
  - setStraightBathtubKillerAnm__14TBathtubKillerFv
      map:    0x54 (84)
      object: 0x4 (4)
  - setChaseBathtubKillerAnm__14TBathtubKillerFv
      map:    0x54 (84)
      object: 0x4 (4)
  - setNormalBathtubKillerAnm__14TBathtubKillerFv
      map:    0x54 (84)
      object: 0x4 (4)
  - makeScrewQuat__14TBathtubKillerFQ29JGeometry8TVec3<f>ff
      map:    0x40c (1036)
      object: 0x4 (4)
  - makeAccelerationQuat__14TBathtubKillerFv
      map:    0x44 (68)
      object: 0x4 (4)
  - makeVelocityQuat__14TBathtubKillerFv
      map:    0x44 (68)
      object: 0x4 (4)
  - moveStraight__14TBathtubKillerFv
      map:    0xfc (252)
      object: 0x4 (4)
  - moveParabolic__14TBathtubKillerFv
      map:    0x78 (120)
      object: 0x4 (4)
  - getBathtubY__14TBathtubKillerFv
      map:    0x34 (52)
      object: 0x8 (8)
  - makeNoseColor__14TBathtubKillerFv
      map:    0xc8 (200)
      object: 0x4 (4)
  - explodeBathtubKiller__14TBathtubKillerFv
      map:    0x14c (332)
      object: 0x4 (4)
  - breakBathtubKiller__14TBathtubKillerFv
      map:    0x14c (332)
      object: 0x4 (4)
  - killBathtubKiller__14TBathtubKillerFv
      map:    0x34 (52)
      object: 0x4 (4)
  - makeNormal__25TBathtubKillerPersonalityFPC20TBathtubKillerParams
      map:    0x2c (44)
      object: 0x4 (4)
  - makeShine__25TBathtubKillerPersonalityFPC20TBathtubKillerParams
      map:    0x2c (44)
      object: 0x4 (4)
  - makeFast__25TBathtubKillerPersonalityFPC20TBathtubKillerParams
      map:    0x2c (44)
      object: 0x4 (4)
[ OK ] Symbol linkage (weak/local/global) matches the map.

[INFO] 52 object-only symbol(s) not in the map (usually deduplicated weak/inline helpers; not an error; -v to list).
------------------------------------------------------------------------------
RESULT: FAIL (1 error category/categories, weak-symbol order; 23 UNUSED size mismatch(es) warning(s))
