Unit        : mario/Enemy/Kukku
Source      : src/Enemy/Kukku.cpp
Object      : build/GMSJ01/src/Enemy/Kukku.o
Map TU      : Enemy.a Kukku.cpp
Map symbols : 72 (35 UNUSED)   Object .text symbols: 0
reverse_fn_order: True
------------------------------------------------------------------------------

[FAIL] 72 map symbol(s) MISSING from the object:
  - __dt__23TNerveKukkuRecoverGraphFv
  - execute__23TNerveKukkuRecoverGraphCFP24TSpineBase<10TLiveActor>
  - __dt__22TNerveKukkuGraphWanderFv
  - theNerve__23TNerveKukkuRecoverGraphFv (UNUSED)
  - execute__19TNerveKukkuPostFallCFP24TSpineBase<10TLiveActor>
  - theNerve__19TNerveKukkuPostFallFv
  - __dt__19TNerveKukkuPostFallFv
  - execute__15TNerveKukkuFallCFP24TSpineBase<10TLiveActor>
  - theNerve__15TNerveKukkuFallFv
  - __dt__15TNerveKukkuFallFv
  - execute__14TNerveKukkuHitCFP24TSpineBase<10TLiveActor> (UNUSED)
  - theNerve__14TNerveKukkuHitFv (UNUSED)
  - __dt__14TNerveKukkuHitFv (UNUSED)
  - execute__22TNerveKukkuGraphWanderCFP24TSpineBase<10TLiveActor>
  - set<f>__Q29JGeometry8TVec3<f>Ffff
  - theNerve__22TNerveKukkuGraphWanderFv (UNUSED)
  - getBasNameTable__6TKukkuCFv
  - createModelData__13TKukkuManagerFv
  - initCoins__13TKukkuManagerFv (UNUSED)
  - load__13TKukkuManagerFR20JSUMemoryInputStream
  - __ct__13TKukkuManagerFPCc
  - __ct__12TKukkuParamsFPCc (UNUSED)
  - getUnusedBall__6TKukkuFv (UNUSED)
  - getWaterPowerY__6TKukkuCFv (UNUSED)
  - getWaterDamageRate__6TKukkuCFv (UNUSED)
  - setAfterDeadEffect__6TKukkuFv
  - setDeadAnm__6TKukkuFv
  - changeBck__6TKukkuFPCc (UNUSED)
  - isFindOutMario__6TKukkuCFv (UNUSED)
  - isDying__6TKukkuCFv (UNUSED)
  - isRecoveringGraph__6TKukkuCFv (UNUSED)
  - isFalling__6TKukkuCFv (UNUSED)
  - dropCoins__6TKukkuFv
  - shotBall__6TKukkuFv (UNUSED)
  - decideFlyingAnm__6TKukkuFv (UNUSED)
  - doHabataki__6TKukkuFv (UNUSED)
  - doRecoverToCurPathNode__6TKukkuFv (UNUSED)
  - calcMomentum__6TKukkuFf
  - updateRotation__6TKukkuFv
  - doFlyToCurPathNode__6TKukkuFv (UNUSED)
  - behaveHitTrample__6TKukkuFv (UNUSED)
  - behaveToWater__6TKukkuFP9THitActor
  - updateEffect__6TKukkuFv (UNUSED)
  - perform__6TKukkuFUlPQ26JDrama9TGraphics
  - bind__6TKukkuFv
  - calcRootMatrix__6TKukkuFv
  - control__6TKukkuFv
  - receiveMessage__6TKukkuFP9THitActorUl
  - reset__6TKukkuFv
  - initParticle__6TKukkuFv (UNUSED)
  - initCollision__6TKukkuFv (UNUSED)
  - initBalls__6TKukkuFv (UNUSED)
  - init__6TKukkuFP12TLiveManager
  - __ct__6TKukkuFPCc
  - getUnusedItem__14TEnemyCoinUnitFv (UNUSED)
  - init__14TEnemyCoinUnitFv (UNUSED)
  - __ct__14TEnemyCoinUnitFi (UNUSED)
  - isDead__10TKukkuBallCFv (UNUSED)
  - kill__10TKukkuBallFv (UNUSED)
  - startToMove__10TKukkuBallFRCQ29JGeometry8TVec3<f>RCQ29JGeometry8TVec3<f> (UNUSED)
  - checkHitActors__10TKukkuBallFv (UNUSED)
  - bind__10TKukkuBallFv (UNUSED)
  - moveObject__10TKukkuBallFv (UNUSED)
  - perform__10TKukkuBallFUlPQ26JDrama9TGraphics
  - init__10TKukkuBallFv
  - __ct__10TKukkuBallFP6MActor (UNUSED)
  - __dt__6TKukkuFv
  - __dt__13TKukkuManagerFv
  - __dt__10TKukkuBallFv
  - __sinit_Kukku_cpp
  - @32@__dt__10TKukkuBallFv
  - @32@__dt__6TKukkuFv
[ OK ] Symbol order matches the map.
[ OK ] UNUSED symbol sizes match (0/35 checked).
[ OK ] Symbol linkage (weak/local/global) matches the map.
------------------------------------------------------------------------------
RESULT: FAIL (1 error category/categories)
