Unit        : mario/System/MSoundMainSide
Source      : src/System/MSoundMainSide.cpp
Object      : build/GMSJ01/src/System/MSoundMainSide.o
Map TU      : System.a MSoundMainSide.cpp
Map symbols : 40 (13 UNUSED)   Object .text symbols: 41
reverse_fn_order: True
------------------------------------------------------------------------------

[FAIL] 1 map symbol(s) MISSING from the object:
  - begin__Q27JGadget38TVector<Pv,Q27JGadget14TAllocator<Pv>>Fv
[ OK ] Symbol order matches the map.

[WARN] 6 UNUSED symbol(s) with wrong size (best-effort -- does not fail the check):
  - proc__29MSSTageSimpleEnvironmentMonteFv
      map:    0x3c (60)
      object: 0x4 (4)
  - calcParamRatioInCube__15MSStageCubeFadeFl
      map:    0x108 (264)
      object: 0x4 (4)
  - setBgmPosition__11MSStageProcFRC3VecfbUlUl
      map:    0x160 (352)
      object: 0x4 (4)
  - fromTHPDemo__10MSMainProcFv
      map:    0x34 (52)
      object: 0x4 (4)
  - toTHPDemo__10MSMainProcFv
      map:    0x38 (56)
      object: 0x4 (4)
  - entranceDemoWipeInEnd__10MSMainProcFv
      map:    0x10 (16)
      object: 0x4 (4)
[ OK ] Symbol linkage (weak/local/global) matches the map.

[INFO] 2 object-only symbol(s) not in the map (usually deduplicated weak/inline helpers; not an error; -v to list).
------------------------------------------------------------------------------
RESULT: FAIL (1 error category/categories, 6 UNUSED size mismatch(es) warning(s))
