Unit        : mario/JSystem/JAudio/JAInterface/JAISystemInterface
Source      : src/JSystem/JAudio/JAInterface/JAISystemInterface.cpp
Object      : build/GMSJ01/src/JSystem/JAudio/JAInterface/JAISystemInterface.o
Map TU      : JSystem.a JAISystemInterface.cpp
Map symbols : 21 (5 UNUSED)   Object .text symbols: 21
reverse_fn_order: False
------------------------------------------------------------------------------

[ OK ] All map symbols are present in the object.
[ OK ] Symbol order matches the map.

[WARN] 3 UNUSED symbol(s) with wrong size (best-effort -- does not fail the check):
  - JAIouterP__18JAISystemInterfaceFPv
      map:    0x18 (24)
      object: 0x8 (8)
  - JAIouterSW__18JAISystemInterfaceFPv
      map:    0x44 (68)
      object: 0x8 (8)
  - setAudioFrameParameter__18JAISystemInterfaceFPQ38JASystem6Kernel9TPortArgs
      map:    0xb0 (176)
      object: 0x4 (4)
[ OK ] Symbol linkage (weak/local/global) matches the map.
------------------------------------------------------------------------------
RESULT: PASS with warnings (3 UNUSED size mismatch(es) -- see above)
