Unit        : mario/Enemy/hinokuri2
Source      : src/Enemy/hinokuri2.cpp
Object      : build/GMSJ01/src/Enemy/hinokuri2.o
Map TU      : Enemy.a hinokuri2.cpp
Map symbols : 100 (30 UNUSED)   Object .text symbols: 157
reverse_fn_order: True
------------------------------------------------------------------------------

[ OK ] All map symbols are present in the object.
[ OK ] Symbol order matches the map.

[WARN] 6 UNUSED symbol(s) with wrong size (best-effort -- does not fail the check):
  - makeQuake__10THinokuri2Ff
      map:    0x40 (64)
      object: 0x4 (4)
  - shakeCamera__10THinokuri2Fi
      map:    0xa8 (168)
      object: 0x4 (4)
  - updatePolTrans__10THinokuri2Fv
      map:    0x70 (112)
      object: 0x4 (4)
  - emitPolParticle__10THinokuri2Fv
      map:    0x68 (104)
      object: 0x4 (4)
  - startDamageMotion__10THino2MaskFv
      map:    0x28 (40)
      object: 0x4 (4)
  - breakMask__10THino2MaskFv
      map:    0x50 (80)
      object: 0x4 (4)
[ OK ] Symbol linkage (weak/local/global) matches the map.

[INFO] 57 object-only symbol(s) not in the map (usually deduplicated weak/inline helpers; not an error; -v to list).
------------------------------------------------------------------------------
RESULT: PASS with warnings (6 UNUSED size mismatch(es) -- see above)
