Unit        : mario/JSystem/J2D/J2DOrthoGraph
Source      : src/JSystem/J2D/J2DOrthoGraph.cpp
Object      : build/GMSJ01/src/JSystem/J2D/J2DOrthoGraph.o
Map TU      : JSystem.a J2DOrthoGraph.cpp
Map symbols : 15 (8 UNUSED)   Object .text symbols: 18
reverse_fn_order: False
------------------------------------------------------------------------------

[ OK ] All map symbols are present in the object.
[ OK ] Symbol order matches the map.

[WARN] 7 UNUSED symbol(s) with wrong size (best-effort -- does not fail the check):
  - setOrtho__13J2DOrthoGraphFRC7JUTRectff
      map:    0x34 (52)
      object: 0x4 (4)
  - setOrigin__13J2DOrthoGraphFii
      map:    0xc4 (196)
      object: 0x4 (4)
  - J2DDrawLine__FiiiiQ28JUtility6TColori
      map:    0x10c (268)
      object: 0x4 (4)
  - J2DFillBox__FiiiiQ28JUtility6TColorQ28JUtility6TColorQ28JUtility6TColorQ28JUtility6TColor
      map:    0x94 (148)
      object: 0x4 (4)
  - J2DFillBox__F7JUTRectQ28JUtility6TColorQ28JUtility6TColorQ28JUtility6TColorQ28JUtility6TColor
      map:    0xf0 (240)
      object: 0x4 (4)
  - J2DDrawFrame__FiiiiQ28JUtility6TColorUc
      map:    0x74 (116)
      object: 0x4 (4)
  - J2DDrawFrame__F7JUTRectQ28JUtility6TColorUc
      map:    0xf0 (240)
      object: 0x4 (4)
[ OK ] Symbol linkage (weak/local/global) matches the map.

[INFO] 3 object-only symbol(s) not in the map (usually deduplicated weak/inline helpers; not an error; -v to list).
------------------------------------------------------------------------------
RESULT: PASS with warnings (7 UNUSED size mismatch(es) -- see above)
