Unit        : mario/JSystem/JGadget/singlelinklist
Source      : src/JSystem/JGadget/singlelinklist.cpp
Object      : build/GMSJ01/src/JSystem/JGadget/singlelinklist.o
Map TU      : JSystem.a singlelinklist.cpp
Map symbols : 16 (14 UNUSED)   Object .text symbols: 12
reverse_fn_order: False
------------------------------------------------------------------------------

[FAIL] 4 map symbol(s) MISSING from the object:
  - __distance<Q37JGadget19TSingleNodeLinkList8iterator>__3stdFQ37JGadget19TSingleNodeLinkList8iteratorQ37JGadget19TSingleNodeLinkList8iteratorQ23std18input_iterator_tag (UNUSED)
  - Remove_if<Q37JGadget9@unnamed@52TPRIsEqual_pointer_<Q27JGadget19TSingleLinkListNode>>__Q27JGadget19TSingleNodeLinkListFQ37JGadget9@unnamed@52TPRIsEqual_pointer_<Q27JGadget19TSingleLinkListNode>RQ27JGadget19TSingleNodeLinkList (UNUSED)
  - swap<PPQ27JGadget19TSingleLinkListNode>__3stdFRPPQ27JGadget19TSingleLinkListNodeRPPQ27JGadget19TSingleLinkListNode (UNUSED)
  - swap<PQ27JGadget19TSingleLinkListNode>__3stdFRPQ27JGadget19TSingleLinkListNodeRPQ27JGadget19TSingleLinkListNode (UNUSED)
[ OK ] Symbol order matches the map.

[WARN] 10 UNUSED symbol(s) with wrong size (best-effort -- does not fail the check):
  - erase__Q27JGadget19TSingleNodeLinkListFQ37JGadget19TSingleNodeLinkList8iterator
      map:    0x5c (92)
      object: 0x4 (4)
  - erase__Q27JGadget19TSingleNodeLinkListFQ37JGadget19TSingleNodeLinkList8iteratorQ37JGadget19TSingleNodeLinkList8iterator
      map:    0x48 (72)
      object: 0x4 (4)
  - clear__Q27JGadget19TSingleNodeLinkListFv
      map:    0x18 (24)
      object: 0x4 (4)
  - splice__Q27JGadget19TSingleNodeLinkListFQ37JGadget19TSingleNodeLinkList8iteratorRQ27JGadget19TSingleNodeLinkList
      map:    0x58 (88)
      object: 0x4 (4)
  - splice__Q27JGadget19TSingleNodeLinkListFQ37JGadget19TSingleNodeLinkList8iteratorRQ27JGadget19TSingleNodeLinkListQ37JGadget19TSingleNodeLinkList8iterator
      map:    0x98 (152)
      object: 0x4 (4)
  - splice__Q27JGadget19TSingleNodeLinkListFQ37JGadget19TSingleNodeLinkList8iteratorRQ27JGadget19TSingleNodeLinkListQ37JGadget19TSingleNodeLinkList8iteratorQ37JGadget19TSingleNodeLinkList8iterator
      map:    0xe8 (232)
      object: 0x4 (4)
  - swap__Q27JGadget19TSingleNodeLinkListFRQ27JGadget19TSingleNodeLinkList
      map:    0x98 (152)
      object: 0x4 (4)
  - reverse__Q27JGadget19TSingleNodeLinkListFv
      map:    0x98 (152)
      object: 0x4 (4)
  - Find__Q27JGadget19TSingleNodeLinkListFPCQ27JGadget19TSingleLinkListNode
      map:    0x84 (132)
      object: 0x4 (4)
  - Remove__Q27JGadget19TSingleNodeLinkListFPQ27JGadget19TSingleLinkListNode
      map:    0x48 (72)
      object: 0x4 (4)
[ OK ] Symbol linkage (weak/local/global) matches the map.
------------------------------------------------------------------------------
RESULT: FAIL (1 error category/categories, 10 UNUSED size mismatch(es) warning(s))
