Unit        : mario/MoveBG/MapObjLib
Source      : src/MoveBG/MapObjLib.cpp
Object      : build/GMSJ01/src/MoveBG/MapObjLib.o
Map TU      : MoveBG.a MapObjLib.cpp
Map symbols : 122 (36 UNUSED)   Object .text symbols: 155
reverse_fn_order: True
------------------------------------------------------------------------------

[FAIL] 1 map symbol(s) MISSING from the object:
  - at__Q29JGeometry13SMatrix33C<f>CFUlUl

[FAIL] Non-weak symbol ORDER differs from the map (weak & object-only symbols ignored):
    __ct__11TMapObjTurnFPCc
    initMapObj__11TMapObjTurnFv
    loadAfter__11TMapObjTurnFv
    receiveMessage__11TMapObjTurnFP9THitActorUl
    control__11TMapObjTurnFv
    turn__11TMapObjTurnFv
    touchWater__11TMapObjTurnFP9THitActor
    __ct__16TMapObjMessengerFPCc
    receiveMessage__16TMapObjMessengerFP9THitActorUl
    __ct__14TMapObjLibWaveFffff
    movement__14TMapObjLibWaveFv
    getCurrentHeight__14TMapObjLibWaveCFff
    push__14TMapObjLibWaveFv
    __ct__16TMapObjVibrationFv
    movement__16TMapObjVibrationFv
    startQuickly__16TMapObjVibrationFf
    startSlowly__16TMapObjVibrationFf
    emitAndRotate__11TMapObjBaseCFlUcPCQ29JGeometry8TVec3<f>
    emitAndScale__11TMapObjBaseCFlUcPCQ29JGeometry8TVec3<f>RCQ29JGeometry8TVec3<f>
    emitAndBindScale__11TMapObjBaseCFlUcPCQ29JGeometry8TVec3<f>RCQ29JGeometry8TVec3<f>
    emitAndScale__11TMapObjBaseCFlUcPCQ29JGeometry8TVec3<f>
    emitAndRotateScale__11TMapObjBaseCFlUcPCQ29JGeometry8TVec3<f>
    emitAndSRT__11TMapObjBaseFlUcPCQ29JGeometry8TVec3<f>RCQ29JGeometry8TVec3<f>RCQ29JGeometry8TVec3<f>
    emitColumnWater__11TMapObjBaseFv
    marioHipAttack__11TMapObjBaseCFv
    marioHeadAttack__11TMapObjBaseCFv
    marioIsOn__11TMapObjBaseCFv
    marioIsOn__11TMapObjBaseFPC10TLiveActor
    actorIsOn__11TMapObjBaseCFP10TLiveActor
    sendMsgToAll__11TMapObjBaseFUl
    sendMsg__11TMapObjBaseFUlUl
    waterHitPlane__11TMapObjBaseFP9THitActor
    getWaterPos__11TMapObjBaseFP9THitActor
    getWaterSpeed__11TMapObjBaseFP9THitActor
    getWaterPlane__11TMapObjBaseFP9THitActor
    getWaterID__11TMapObjBaseFP9THitActor
    getDistance__11TMapObjBaseCFRCQ29JGeometry8TVec3<f>
    getDistanceXZ__11TMapObjBaseCFRCQ29JGeometry8TVec3<f>
    getRotYFromAxisZ__11TMapObjBaseCFRCQ29JGeometry8TVec3<f>
    getRotYFromAxisX__11TMapObjBaseCFRCQ29JGeometry8TVec3<f>
    makeVecToLocalX__11TMapObjBaseCFfPQ29JGeometry8TVec3<f>
    makeVecToLocalZ__11TMapObjBaseCFfPQ29JGeometry8TVec3<f>
    getNormalVecFromTarget__11TMapObjBaseCFfffPQ29JGeometry8TVec3<f>
    getNormalVecFromOffset__11TMapObjBaseFfffPQ29JGeometry8TVec3<f>
    getNormalVecFromTargetXZ__11TMapObjBaseCFffPQ29JGeometry8TVec3<f>
    getNormalVecFromOffsetXZ__11TMapObjBaseFffPQ29JGeometry8TVec3<f>
    rotateVecByAxisY__11TMapObjBaseFPQ29JGeometry8TVec3<f>f
    getVerticalVecFromOffsetXZ__11TMapObjBaseFffPQ29JGeometry8TVec3<f>
  + getVerticalVecToTargetXZ__11TMapObjBaseCFffPQ29JGeometry8TVec3<f>   (object position)
    set<f>__Q29JGeometry8TVec3<f>Ffff
  - getVerticalVecToTargetXZ__11TMapObjBaseCFffPQ29JGeometry8TVec3<f>   (map position)
    calcReflectingVelocity__11TMapObjBaseCFPC12TBGCheckDatafPQ29JGeometry8TVec3<f>
    makeObjMtxRotByAxis__11TMapObjBaseCFRCQ29JGeometry8TVec3<f>fPA4_f
    makeMtxRotByAxis__11TMapObjBaseFRCQ29JGeometry8TVec3<f>fPA4_f
    concatOnlyRotFromRight__11TMapObjBaseFPA4_fPA4_fPA4_f
    concatOnlyRotFromLeft__11TMapObjBaseFPA4_fPA4_fPA4_f
    updateObjMtx__11TMapObjBaseFv
    setRootMtxTrans__11TMapObjBaseFv
    makeRootMtxTrans__11TMapObjBaseFPA4_f
    updateRootMtxTrans__11TMapObjBaseFv
    setRootMtxRotX__11TMapObjBaseFv
    makeRootMtxRotX__11TMapObjBaseFPA4_f
    setRootMtxRotY__11TMapObjBaseFv
    makeRootMtxRotY__11TMapObjBaseFPA4_f
    setRootMtxRotZ__11TMapObjBaseFv
    makeRootMtxRotZ__11TMapObjBaseFPA4_f
    makeLowerStr__11TMapObjBaseFPCcPc
    moveJoint__11TMapObjBaseFP8J3DJointfff
    getJointTransX__11TMapObjBaseFP8J3DJoint
    getJointTransY__11TMapObjBaseFP8J3DJoint
    getJointTransZ__11TMapObjBaseFP8J3DJoint
    setJointTrans__11TMapObjBaseFP8J3DJointfff
    setJointTransX__11TMapObjBaseFP8J3DJointf
    setJointTransY__11TMapObjBaseFP8J3DJointf
    setJointTransZ__11TMapObjBaseFP8J3DJointf
    getJointRotateX__11TMapObjBaseFP8J3DJoint
    getJointRotateY__11TMapObjBaseFP8J3DJoint
    getJointRotateZ__11TMapObjBaseFP8J3DJoint
    setJointRotate__11TMapObjBaseFP8J3DJointsss
    setJointRotateX__11TMapObjBaseFP8J3DJoints
    setJointRotateY__11TMapObjBaseFP8J3DJoints
    setJointRotateZ__11TMapObjBaseFP8J3DJoints
    rotateJointX__11TMapObjBaseFP8J3DJointf
    rotateJointY__11TMapObjBaseFP8J3DJointf
    rotateJointZ__11TMapObjBaseFP8J3DJointf
    getJointScaleX__11TMapObjBaseFP8J3DJoint
    getJointScaleY__11TMapObjBaseFP8J3DJoint
    getJointScaleZ__11TMapObjBaseFP8J3DJoint
    setJointScale__11TMapObjBaseFP8J3DJointfff
    setJointScaleX__11TMapObjBaseFP8J3DJointf
    setJointScaleY__11TMapObjBaseFP8J3DJointf
    setJointScaleZ__11TMapObjBaseFP8J3DJointf
    calcMap__11TMapObjBaseFv
    getMapModel__11TMapObjBaseFv
    getMapModelData__11TMapObjBaseFv
    getMapMActor__11TMapObjBaseFv
    getBuildingJointObj__11TMapObjBaseFi
    getBuildingJoint__11TMapObjBaseFi
    newAndInitBuildingCollisionStatic__11TMapObjBaseFiP10TLiveActor
    newAndInitBuildingCollisionMove__11TMapObjBaseFiP10TLiveActor
    newAndInitBuildingCollisionWarp__11TMapObjBaseFiP10TLiveActor
    joinToGroup__11TMapObjBaseFPCcP9THitActor
    startAllAnim__11TMapObjBaseFP6MActorPCc
    initPacketMatColor__11TMapObjBaseFP8J3DModel11_GXTevRegIDPC11_GXColorS10
    isFruit__11TMapObjBaseFP9THitActor
    isCoin__11TMapObjBaseFP9THitActor
    throwObjFromPointWithRot__11TMapObjBaseFP11TMapObjBaseRCQ29JGeometry8TVec3<f>RCQ29JGeometry8TVec3<f>ff
    throwObjToFrontFromPoint__11TMapObjBaseCFP11TMapObjBaseRCQ29JGeometry8TVec3<f>ff
    throwObjToFront__11TMapObjBaseCFP11TMapObjBasefff
    throwObjToOverhead__11TMapObjBaseCFP11TMapObjBaseff
    checkOnManhole__11TMapObjBaseFv
    loadHideObjInfo__11TMapObjBaseFR20JSUMemoryInputStreamPlPfPfPl
    isDemo__11TMapObjBaseFv
    isHideObj__11TMapObjBaseFP9THitActor
    __sinit_MapObjLib_cpp

[WARN] 31 UNUSED symbol(s) with wrong size (best-effort -- does not fail the check):
  - __ct__16TMapObjVibrationFv
      map:    0x20 (32)
      object: 0x4 (4)
  - movement__16TMapObjVibrationFv
      map:    0xf0 (240)
      object: 0x4 (4)
  - startQuickly__16TMapObjVibrationFf
      map:    0x10 (16)
      object: 0x4 (4)
  - startSlowly__16TMapObjVibrationFf
      map:    0x88 (136)
      object: 0x4 (4)
  - emitAndRotate__11TMapObjBaseCFlUcPCQ29JGeometry8TVec3<f>
      map:    0xb8 (184)
      object: 0x4 (4)
  - actorIsOn__11TMapObjBaseCFP10TLiveActor
      map:    0x40 (64)
      object: 0x4 (4)
  - sendMsgToAll__11TMapObjBaseFUl
      map:    0x84 (132)
      object: 0x4 (4)
  - getNormalVecFromOffset__11TMapObjBaseFfffPQ29JGeometry8TVec3<f>
      map:    0x30 (48)
      object: 0x4 (4)
  - getNormalVecFromOffsetXZ__11TMapObjBaseFffPQ29JGeometry8TVec3<f>
      map:    0x34 (52)
      object: 0x4 (4)
  - getVerticalVecFromOffsetXZ__11TMapObjBaseFffPQ29JGeometry8TVec3<f>
      map:    0xb0 (176)
      object: 0x4 (4)
  - setRootMtxTrans__11TMapObjBaseFv
      map:    0x7c (124)
      object: 0x4 (4)
  - makeRootMtxTrans__11TMapObjBaseFPA4_f
      map:    0x50 (80)
      object: 0x4 (4)
  - setJointTrans__11TMapObjBaseFP8J3DJointfff
      map:    0x58 (88)
      object: 0x4 (4)
  - getJointRotateX__11TMapObjBaseFP8J3DJoint
      map:    0x8 (8)
      object: 0x2c (44)
  - getJointRotateY__11TMapObjBaseFP8J3DJoint
      map:    0x8 (8)
      object: 0x2c (44)
  - getJointRotateZ__11TMapObjBaseFP8J3DJoint
      map:    0x8 (8)
      object: 0x2c (44)
  - setJointRotate__11TMapObjBaseFP8J3DJointsss
      map:    0x58 (88)
      object: 0x4 (4)
  - setJointRotateX__11TMapObjBaseFP8J3DJoints
      map:    0x50 (80)
      object: 0x4 (4)
  - setJointRotateY__11TMapObjBaseFP8J3DJoints
      map:    0x50 (80)
      object: 0x4 (4)
  - setJointRotateZ__11TMapObjBaseFP8J3DJoints
      map:    0x50 (80)
      object: 0x4 (4)
  - rotateJointX__11TMapObjBaseFP8J3DJointf
      map:    0x74 (116)
      object: 0x4 (4)
  - rotateJointY__11TMapObjBaseFP8J3DJointf
      map:    0x74 (116)
      object: 0x4 (4)
  - rotateJointZ__11TMapObjBaseFP8J3DJointf
      map:    0x74 (116)
      object: 0x4 (4)
  - setJointScale__11TMapObjBaseFP8J3DJointfff
      map:    0x58 (88)
      object: 0x4 (4)
  - setJointScaleX__11TMapObjBaseFP8J3DJointf
      map:    0x50 (80)
      object: 0x4 (4)
  - setJointScaleZ__11TMapObjBaseFP8J3DJointf
      map:    0x50 (80)
      object: 0x4 (4)
  - getMapModel__11TMapObjBaseFv
      map:    0x18 (24)
      object: 0x4 (4)
  - getMapModelData__11TMapObjBaseFv
      map:    0x1c (28)
      object: 0x4 (4)
  - getMapMActor__11TMapObjBaseFv
      map:    0x18 (24)
      object: 0x4 (4)
  - newAndInitBuildingCollisionStatic__11TMapObjBaseFiP10TLiveActor
      map:    0x94 (148)
      object: 0x4 (4)
  - throwObjToOverhead__11TMapObjBaseCFP11TMapObjBaseff
      map:    0x98 (152)
      object: 0x4 (4)
[ OK ] Symbol linkage (weak/local/global) matches the map.

[INFO] 34 object-only symbol(s) not in the map (usually deduplicated weak/inline helpers; not an error; -v to list).
------------------------------------------------------------------------------
RESULT: FAIL (2 error category/categories, 31 UNUSED size mismatch(es) warning(s))
