Unit        : mario/JSystem/J3D/J3DGraphBase/J3DSys
Source      : src/JSystem/J3D/J3DGraphBase/J3DSys.cpp
Object      : build/GMSJ01/src/JSystem/J3D/J3DGraphBase/J3DSys.o
Map TU      : JSystem.a J3DSys.cpp
Map symbols : 16 (9 UNUSED)   Object .text symbols: 16
reverse_fn_order: False
------------------------------------------------------------------------------

[ OK ] All map symbols are present in the object.
[ OK ] Symbol order matches the map.

[WARN] 8 UNUSED symbol(s) with wrong size (best-effort -- does not fail the check):
  - loadTexMtx__6J3DSysCFUlPA4_f
      map:    0x30 (48)
      object: 0x4 (4)
  - reinitGX__6J3DSysFv
      map:    0x5c (92)
      object: 0x4 (4)
  - reinitGenMode__6J3DSysFv
      map:    0x4c (76)
      object: 0x4 (4)
  - reinitLighting__6J3DSysFv
      map:    0xac (172)
      object: 0x4 (4)
  - reinitTransform__6J3DSysFv
      map:    0x104 (260)
      object: 0x4 (4)
  - reinitTevStages__6J3DSysFv
      map:    0x2ac (684)
      object: 0x4 (4)
  - reinitIndStages__6J3DSysFv
      map:    0xfc (252)
      object: 0x4 (4)
  - reinitPixelProc__6J3DSysFv
      map:    0x94 (148)
      object: 0x4 (4)
[ OK ] Symbol linkage (weak/local/global) matches the map.
------------------------------------------------------------------------------
RESULT: PASS with warnings (8 UNUSED size mismatch(es) -- see above)
