Unit        : mario/dolphin/gd/GDTransform
Source      : src/dolphin/gd/GDTransform.c
Object      : build/GMSJ01/src/dolphin/gd/GDTransform.o
Map TU      : gd.a GDTransform.c
Map symbols : 8 (7 UNUSED)   Object .text symbols: 1
reverse_fn_order: False
------------------------------------------------------------------------------

[FAIL] 7 map symbol(s) MISSING from the object:
  - GDLoadPosMtxImm (UNUSED)
  - GDLoadPosMtxIndx (UNUSED)
  - GDLoadNrmMtxImm (UNUSED)
  - GDLoadNrmMtxImm3x3 (UNUSED)
  - GDLoadNrmMtxIndx3x3 (UNUSED)
  - GDLoadTexMtxImm (UNUSED)
  - GDLoadTexMtxIndx (UNUSED)
[ OK ] Symbol order matches the map.
[ OK ] UNUSED symbol sizes match (0/7 checked).
[ OK ] Symbol linkage (weak/local/global) matches the map.
------------------------------------------------------------------------------
RESULT: FAIL (1 error category/categories)
