Unit        : mario/MoveBG/ModelGate
Source      : src/MoveBG/ModelGate.cpp
Object      : build/GMSJ01/src/MoveBG/ModelGate.o
Map TU      : MoveBG.a ModelGate.cpp
Map symbols : 9 (0 UNUSED)   Object .text symbols: 0
reverse_fn_order: True
------------------------------------------------------------------------------

[FAIL] 9 map symbol(s) MISSING from the object:
  - __dt__10TModelGateFv
  - getTakingMtx__10TModelGateFv
  - perform__10TModelGateFUlPQ26JDrama9TGraphics
  - receiveMessage__10TModelGateFP9THitActorUl
  - screenBlur__10TModelGateFPQ26JDrama9TGraphics
  - startOpen__10TModelGateFv
  - loadAfter__10TModelGateFv
  - __sinit_ModelGate_cpp
  - @32@__dt__10TModelGateFv
[ OK ] Symbol order matches the map.
[ OK ] Symbol linkage (weak/local/global) matches the map.
------------------------------------------------------------------------------
RESULT: FAIL (1 error category/categories)
