// Bun Snapshot v1, https://bun.sh/docs/test/snapshots

exports[`evaluateQaGate default path evaluateQaGate without opts is byte-identical to today 1`] = `
"clean
{
  "qaGatePassed": true,
  "qaGateSkipped": false,
  "qaGateExitCode": 0,
  "qaFindings": [],
  "qaCounts": {
    "errors": 0,
    "warnings": 0
  },
  "hint": null
}

advisory warning only
{
  "qaGatePassed": false,
  "qaGateSkipped": false,
  "qaGateExitCode": 2,
  "qaFindings": [
    {
      "rule_id": "type_erasing_cast",
      "severity": "warning",
      "file": "src/melee/ft/ftcoll.c",
      "line": 7,
      "excerpt": "lbSnap_Apply((void*)&fighter->mv, 0x24);",
      "message": "New type-erasing pointer cast.",
      "standard_id": "global_standard:typed-fields-over-pointer-math",
      "detail": {
        "llm_review": true,
        "cast": "void*"
      }
    }
  ],
  "qaCounts": {
    "errors": 0,
    "warnings": 1
  },
  "hint": "QA gate failed: 1 QA finding(s) detected (0 error, 1 warning) (rule_ids: type_erasing_cast at src/melee/ft/ftcoll.c:7). Each finding cites the violated standard; remove every finding or prove a false positive — a lower match % without it is the correct outcome. See qa_scan.json."
}

errors past the hint limit plus an advisory
{
  "qaGatePassed": false,
  "qaGateSkipped": false,
  "qaGateExitCode": 1,
  "qaFindings": [
    {
      "rule_id": "extern_in_c",
      "severity": "error",
      "file": "src/melee/ft/ftcoll.c",
      "line": 100,
      "excerpt": "extern const f32 lbl_804DA60C;",
      "message": "extern-for-literal anchor referencing TU-owned data",
      "standard_id": "global_standard:literals-and-data-ownership"
    },
    {
      "rule_id": "extern_in_c",
      "severity": "error",
      "file": "src/melee/ft/ftcoll.c",
      "line": 101,
      "excerpt": "extern const f32 lbl_804DA60C;",
      "message": "extern-for-literal anchor referencing TU-owned data",
      "standard_id": "global_standard:literals-and-data-ownership"
    },
    {
      "rule_id": "extern_in_c",
      "severity": "error",
      "file": "src/melee/ft/ftcoll.c",
      "line": 102,
      "excerpt": "extern const f32 lbl_804DA60C;",
      "message": "extern-for-literal anchor referencing TU-owned data",
      "standard_id": "global_standard:literals-and-data-ownership"
    },
    {
      "rule_id": "extern_in_c",
      "severity": "error",
      "file": "src/melee/ft/ftcoll.c",
      "line": 103,
      "excerpt": "extern const f32 lbl_804DA60C;",
      "message": "extern-for-literal anchor referencing TU-owned data",
      "standard_id": "global_standard:literals-and-data-ownership"
    },
    {
      "rule_id": "extern_in_c",
      "severity": "error",
      "file": "src/melee/ft/ftcoll.c",
      "line": 104,
      "excerpt": "extern const f32 lbl_804DA60C;",
      "message": "extern-for-literal anchor referencing TU-owned data",
      "standard_id": "global_standard:literals-and-data-ownership"
    },
    {
      "rule_id": "extern_in_c",
      "severity": "error",
      "file": "src/melee/ft/ftcoll.c",
      "line": 105,
      "excerpt": "extern const f32 lbl_804DA60C;",
      "message": "extern-for-literal anchor referencing TU-owned data",
      "standard_id": "global_standard:literals-and-data-ownership"
    },
    {
      "rule_id": "extern_in_c",
      "severity": "error",
      "file": "src/melee/ft/ftcoll.c",
      "line": 106,
      "excerpt": "extern const f32 lbl_804DA60C;",
      "message": "extern-for-literal anchor referencing TU-owned data",
      "standard_id": "global_standard:literals-and-data-ownership"
    },
    {
      "rule_id": "extern_in_c",
      "severity": "error",
      "file": "src/melee/ft/ftcoll.c",
      "line": 107,
      "excerpt": "extern const f32 lbl_804DA60C;",
      "message": "extern-for-literal anchor referencing TU-owned data",
      "standard_id": "global_standard:literals-and-data-ownership"
    },
    {
      "rule_id": "extern_in_c",
      "severity": "error",
      "file": "src/melee/ft/ftcoll.c",
      "line": 108,
      "excerpt": "extern const f32 lbl_804DA60C;",
      "message": "extern-for-literal anchor referencing TU-owned data",
      "standard_id": "global_standard:literals-and-data-ownership"
    },
    {
      "rule_id": "extern_in_c",
      "severity": "error",
      "file": "src/melee/ft/ftcoll.c",
      "line": 109,
      "excerpt": "extern const f32 lbl_804DA60C;",
      "message": "extern-for-literal anchor referencing TU-owned data",
      "standard_id": "global_standard:literals-and-data-ownership"
    },
    {
      "rule_id": "type_erasing_cast",
      "severity": "warning",
      "file": "src/melee/ft/ftcoll.c",
      "line": 7,
      "excerpt": "lbSnap_Apply((void*)&fighter->mv, 0x24);",
      "message": "New type-erasing pointer cast.",
      "standard_id": "global_standard:typed-fields-over-pointer-math",
      "detail": {
        "llm_review": true,
        "cast": "void*"
      }
    }
  ],
  "qaCounts": {
    "errors": 10,
    "warnings": 1
  },
  "hint": "QA gate failed: 11 QA finding(s) detected (10 error, 1 warning) (rule_ids: extern_in_c at src/melee/ft/ftcoll.c:100, extern_in_c at src/melee/ft/ftcoll.c:101, extern_in_c at src/melee/ft/ftcoll.c:102, extern_in_c at src/melee/ft/ftcoll.c:103, extern_in_c at src/melee/ft/ftcoll.c:104, extern_in_c at src/melee/ft/ftcoll.c:105, extern_in_c at src/melee/ft/ftcoll.c:106, extern_in_c at src/melee/ft/ftcoll.c:107, +2 more). Each finding cites the violated standard; remove every finding or prove a false positive — a lower match % without it is the correct outcome. See qa_scan.json."
}

tool error
{
  "qaGatePassed": false,
  "qaGateSkipped": false,
  "qaGateExitCode": -1,
  "qaFindings": null,
  "qaCounts": null,
  "hint": "QA gate could not run and fails closed: scan_diff.py not found at /nope/scan_diff.py. Fix the scanner (toolpacks/gamecube-decomp/source_editing/review_lint/api/scan_diff.py) or, in an emergency only, rerun with --skip-qa-gate."
}

unparseable stdout
{
  "qaGatePassed": false,
  "qaGateSkipped": false,
  "qaGateExitCode": 0,
  "qaFindings": null,
  "qaCounts": null,
  "hint": "QA gate could not run and fails closed: scan_diff.py did not return parseable JSON (exit 0). Fix the scanner (toolpacks/gamecube-decomp/source_editing/review_lint/api/scan_diff.py) or, in an emergency only, rerun with --skip-qa-gate."
}

skipped
{
  "qaGatePassed": true,
  "qaGateSkipped": true,
  "qaGateExitCode": null,
  "qaFindings": null,
  "qaCounts": null,
  "hint": null
}"
`;
