Unit        : mario/Player/MarioRecord
Source      : src/Player/MarioRecord.cpp
Object      : build/GMSJ01/src/Player/MarioRecord.o
Map TU      : Player.a MarioRecord.cpp
Map symbols : 22 (11 UNUSED)   Object .text symbols: 11
reverse_fn_order: True
------------------------------------------------------------------------------

[FAIL] 11 map symbol(s) MISSING from the object:
  - record__17TMarioInputRecordFfsUlUcUc (UNUSED)
  - reset__17TMarioInputRecordFv (UNUSED)
  - init__17TMarioInputRecordFv (UNUSED)
  - recordReset__23TRecordValueManager<Uc>Fv (UNUSED)
  - record__23TRecordValueManager<Uc>FUc (UNUSED)
  - recordReset__23TRecordValueManager<Us>Fv (UNUSED)
  - record__23TRecordValueManager<Us>FUs (UNUSED)
  - recordReset__22TRecordValueManager<s>Fv (UNUSED)
  - record__22TRecordValueManager<s>Fs (UNUSED)
  - recordReset__22TRecordValueManager<f>Fv (UNUSED)
  - record__22TRecordValueManager<f>Ff (UNUSED)
[ OK ] Symbol order matches the map.
[ OK ] UNUSED symbol sizes match (0/11 checked).
[ OK ] Symbol linkage (weak/local/global) matches the map.
------------------------------------------------------------------------------
RESULT: FAIL (1 error category/categories)
