Unit        : mario/Enemy/bossManta
Source      : src/Enemy/bossManta.cpp
Object      : build/GMSJ01/src/Enemy/bossManta.o
Map TU      : Enemy.a bossManta.cpp
Map symbols : 74 (25 UNUSED)   Object .text symbols: 120
reverse_fn_order: True
------------------------------------------------------------------------------

[ OK ] All map symbols are present in the object.

[FAIL] Non-weak symbol ORDER differs from the map (weak & object-only symbols ignored):
    __ct__16TBossMantaParamsFPCc
    initAdditionalCollision__17TBossMantaManagerFv
    createEnemy__17TBossMantaManagerFv
    spawn__17TBossMantaManagerFiRCQ29JGeometry8TVec3<f>
    createEnemies__17TBossMantaManagerFi
    setupEfbAlpha__17TBossMantaManagerFPQ26JDrama9TGraphics
    perform__17TBossMantaManagerFUlPQ26JDrama9TGraphics
    updateMantaEscape__17TBossMantaManagerFv
    drawMantaShadow__17TBossMantaManagerFPQ26JDrama9TGraphics
    getMantaColor__17TBossMantaManagerFv
    createEnemyInstance__17TBossMantaManagerFv
    createModelData__17TBossMantaManagerFv
    loadAfter__17TBossMantaManagerFv
    loadEffects__17TBossMantaManagerFv
    load__17TBossMantaManagerFR20JSUMemoryInputStream
    adaptAdditionalCollision__17TBossMantaManagerFP10TBossManta
    __ct__17TBossMantaManagerFPCc
    perform__29TBossMantaAdditionalCollisionFUlPQ26JDrama9TGraphics
    setManta__29TBossMantaAdditionalCollisionFP10TBossManta
    receiveMessage__29TBossMantaAdditionalCollisionFP9THitActorUl
    __ct__29TBossMantaAdditionalCollisionFPCc
    update__32TBossMantaAdditionalCollisionSetFUlPQ26JDrama9TGraphics
    isUsed__32TBossMantaAdditionalCollisionSetFv
    adapt__32TBossMantaAdditionalCollisionSetFP10TBossManta
    __ct__32TBossMantaAdditionalCollisionSetFv
    update__Q217TBossMantaManager18TMantaMessageStateFv
    update__Q217TBossMantaManager17TMantaBattleStateFv
    updateAttractor__10TBossMantaFv
    getPolluteRadius__10TBossMantaFv
    isPolluting__10TBossMantaFv
    isDamageable__10TBossMantaFv
    calcRootMatrix__10TBossMantaFv
    updateEpilogueFrame__10TBossMantaFv
    getEpilogueValue__10TBossMantaFv
    resetDamageAnimEpilogue__10TBossMantaFv
    startDamageAnimEpilogue__10TBossMantaFv
    control__10TBossMantaFv
    initNthGeneration__10TBossMantaFi
    receiveMessage__10TBossMantaFP9THitActorUl
    collidedWithWater__10TBossMantaFv
    isSpawnState__10TBossMantaFv
    moveObject__10TBossMantaFv
    init__10TBossMantaFP12TLiveManager
    getIntoGraphVec__10TBossMantaFPQ29JGeometry8TVec3<f>
    updateAnimBlend__10TBossMantaFv
    startDamageAnim__10TBossMantaFv
    startWalkAnim__10TBossMantaFv
    setCollision__10TBossMantaFv
    getTailAnimSpeed__10TBossMantaFv
    __ct__10TBossMantaFPCc
    execute__21TNerveMantaAppearDemoCFP24TSpineBase<10TLiveActor>
  + theNerve__21TNerveMantaAppearDemoFv   (object position)
    execute__16TNerveMantaDeathCFP24TSpineBase<10TLiveActor>
  + theNerve__16TNerveMantaDeathFv   (object position)
    execute__16TNerveMantaSpawnCFP24TSpineBase<10TLiveActor>
  + theNerve__16TNerveMantaSpawnFv   (object position)
    execute__19TNerveMantaHitWaterCFP24TSpineBase<10TLiveActor>
  + theNerve__19TNerveMantaHitWaterFv   (object position)
    execute__15TNerveMantaMoveCFP24TSpineBase<10TLiveActor>
  - theNerve__21TNerveMantaAppearDemoFv   (map position)
  - theNerve__16TNerveMantaDeathFv   (map position)
  - theNerve__16TNerveMantaSpawnFv   (map position)
  - theNerve__19TNerveMantaHitWaterFv   (map position)
    theNerve__15TNerveMantaMoveFv
    AttackMario__9@unnamed@FP9THitActor
    __sinit_bossManta_cpp

[WARN] 6 UNUSED symbol(s) with wrong size (best-effort -- does not fail the check):
  - initAdditionalCollision__17TBossMantaManagerFv
      map:    0x9c (156)
      object: 0x140 (320)
  - createEnemy__17TBossMantaManagerFv
      map:    0xf8 (248)
      object: 0xec (236)
  - __ct__29TBossMantaAdditionalCollisionFPCc
      map:    0x114 (276)
      object: 0x128 (296)
  - isPolluting__10TBossMantaFv
      map:    0x28 (40)
      object: 0x38 (56)
  - updateAnimBlend__10TBossMantaFv
      map:    0x1f0 (496)
      object: 0x1ec (492)
  - startWalkAnim__10TBossMantaFv
      map:    0xd4 (212)
      object: 0xd8 (216)
[ OK ] Symbol linkage (weak/local/global) matches the map.

[INFO] 46 object-only symbol(s) not in the map (usually deduplicated weak/inline helpers; not an error; -v to list).
------------------------------------------------------------------------------
RESULT: FAIL (1 error category/categories, 6 UNUSED size mismatch(es) warning(s))
