Unit        : mario/MarioUtil/DLUtil
Source      : src/MarioUtil/DLUtil.cpp
Object      : build/GMSJ01/src/MarioUtil/DLUtil.o
Map TU      : MarioUtil.a DLUtil.cpp
Map symbols : 19 (9 UNUSED)   Object .text symbols: 19
reverse_fn_order: True
------------------------------------------------------------------------------

[ OK ] All map symbols are present in the object.
[ OK ] Symbol order matches the map.

[WARN] 7 UNUSED symbol(s) with wrong size (best-effort -- does not fail the check):
  - draw__15TDLTexQuadMultiFi
      map:    0x10c (268)
      object: 0x4 (4)
  - setEnd__15TDLTexQuadMultiFv
      map:    0x1d4 (468)
      object: 0x4 (4)
  - request__15TDLTexQuadMultiFPCQ29JGeometry8TVec3<f>
      map:    0x1b4 (436)
      object: 0x4 (4)
  - createDLBuffer__15TDLTexQuadMultiFUs
      map:    0xa0 (160)
      object: 0x4 (4)
  - setChangeNum__15TDLTexQuadMultiFUs
      map:    0x5c (92)
      object: 0x4 (4)
  - initValue__10TDLTexQuadFUs
      map:    0x3c (60)
      object: 0x4 (4)
  - reset__15TDLTexQuadMultiFv
      map:    0x38 (56)
      object: 0x4 (4)
[ OK ] Symbol linkage (weak/local/global) matches the map.
------------------------------------------------------------------------------
RESULT: PASS with warnings (7 UNUSED size mismatch(es) -- see above)
