Unit        : mario/PowerPC_EABI_Support/Runtime/NMWException
Source      : src/PowerPC_EABI_Support/Runtime/NMWException.cp
Object      : build/GMSJ01/src/PowerPC_EABI_Support/Runtime/NMWException.o
Map TU      : Runtime.PPCEABI.H.a NMWException.cp
Map symbols : 13 (8 UNUSED)   Object .text symbols: 5
reverse_fn_order: True
------------------------------------------------------------------------------

[FAIL] 8 map symbol(s) MISSING from the object:
  - __destroy_new_array2 (UNUSED)
  - __throw_catch_compare (UNUSED)
  - unexpected__3stdFv (UNUSED)
  - set_unexpected__3stdFPFv_v (UNUSED)
  - terminate__3stdFv (UNUSED)
  - set_terminate__3stdFPFv_v (UNUSED)
  - duhandler__3stdFv (UNUSED)
  - dthandler__3stdFv (UNUSED)
[ OK ] Symbol order matches the map.
[ OK ] UNUSED symbol sizes match (0/8 checked).
[ OK ] Symbol linkage (weak/local/global) matches the map.
------------------------------------------------------------------------------
RESULT: FAIL (1 error category/categories)
