Unit        : mario/Player/MarioSpecial
Source      : src/Player/MarioSpecial.cpp
Object      : build/GMSJ01/src/Player/MarioSpecial.o
Map TU      : Player.a MarioSpecial.cpp
Map symbols : 47 (26 UNUSED)   Object .text symbols: 68
reverse_fn_order: True
------------------------------------------------------------------------------

[ OK ] All map symbols are present in the object.
[ OK ] Symbol order matches the map.

[WARN] 12 UNUSED symbol(s) with wrong size (best-effort -- does not fail the check):
  - setPullingAnm__6TMarioFRCQ29JGeometry8TVec3<f>f
      map:    0xd8 (216)
      object: 0x4 (4)
  - wireSWaitToWaitR__6TMarioFv
      map:    0x1fc (508)
      object: 0x20c (524)
  - wireSWaitToWaitL__6TMarioFv
      map:    0x1fc (508)
      object: 0x20c (524)
  - getNozzleEmitVX__6TMarioFv
      map:    0x64 (100)
      object: 0x4 (4)
  - wireReturn__6TMarioFv
      map:    0x1f8 (504)
      object: 0x208 (520)
  - wireSWaitToHang__6TMarioFv
      map:    0x24c (588)
      object: 0x25c (604)
  - wireWaitToHang__6TMarioFv
      map:    0x250 (592)
      object: 0x260 (608)
  - wireWaitToSWaitR__6TMarioFv
      map:    0x254 (596)
      object: 0x264 (612)
  - wireWaitToSWaitL__6TMarioFv
      map:    0x1fc (508)
      object: 0x20c (524)
  - findNearestWall__6TMarioFRC18TBGWallCheckRecord
      map:    0xec (236)
      object: 0x4 (4)
  - hangingCommon__6TMarioFii
      map:    0x78 (120)
      object: 0x4 (4)
  - barJumpSetting__6TMarioFv
      map:    0x8c (140)
      object: 0x4 (4)
[ OK ] Symbol linkage (weak/local/global) matches the map.

[INFO] 21 object-only symbol(s) not in the map (usually deduplicated weak/inline helpers; not an error; -v to list).
------------------------------------------------------------------------------
RESULT: PASS with warnings (12 UNUSED size mismatch(es) -- see above)
