Unit        : mario/Enemy/enemy
Source      : src/Enemy/enemy.cpp
Object      : build/GMSJ01/src/Enemy/enemy.o
Map TU      : Enemy.a enemy.cpp
Map symbols : 43 (4 UNUSED)   Object .text symbols: 74
reverse_fn_order: True
------------------------------------------------------------------------------

[FAIL] 1 map symbol(s) MISSING from the object:
  - __as__Q29JGeometry8TVec3<f>FRCQ29JGeometry8TVec3<f>
[ OK ] Symbol order matches the map.

[WARN] 4 UNUSED symbol(s) with wrong size (best-effort -- does not fail the check):
  - searchNearestBrother__11TSpineEnemyCFv
      map:    0x124 (292)
      object: 0x4 (4)
  - updateStayCount__11TSpineEnemyFf
      map:    0x38 (56)
      object: 0x4 (4)
  - goToInitialGraphNodeCheckY__11TSpineEnemyFf
      map:    0xe8 (232)
      object: 0x4 (4)
  - goToInitialVisibleNode__11TSpineEnemyFff
      map:    0xfc (252)
      object: 0x4 (4)
[ OK ] Symbol linkage (weak/local/global) matches the map.

[INFO] 32 object-only symbol(s) not in the map (usually deduplicated weak/inline helpers; not an error; -v to list).
------------------------------------------------------------------------------
RESULT: FAIL (1 error category/categories, 4 UNUSED size mismatch(es) warning(s))
