Unit        : mario/Player/MarioJump
Source      : src/Player/MarioJump.cpp
Object      : build/GMSJ01/src/Player/MarioJump.o
Map TU      : Player.a MarioJump.cpp
Map symbols : 49 (29 UNUSED)   Object .text symbols: 65
reverse_fn_order: True
------------------------------------------------------------------------------

[FAIL] 3 map symbol(s) MISSING from the object:
  - setJumpingAttackArea__6TMarioFv (UNUSED)
  - doSpinJumping__6TMarioFv (UNUSED)
  - doSlipJumping__6TMarioFv (UNUSED)

[FAIL] Non-weak symbol ORDER differs from the map (weak & object-only symbols ignored):
    jumpMain__6TMarioFv
    fallDead__6TMarioFv
    diving__6TMarioFv
    hipAttacking__6TMarioFv
    pullJumping__6TMarioFv
    wireJumping__6TMarioFv
    rotateJumping__6TMarioFv
    rocketing__6TMarioFv
    rocketCheck__6TMarioFv
    boardJumping__6TMarioFv
    rotateBroadJumping__6TMarioFv
    broadJumping__6TMarioFv
    fireLanding__6TMarioFv
    fireJumping__6TMarioFv
    missJumping__6TMarioFv
    trample__6TMarioFv
    thrownDowning__6TMarioFv
    fireDowning__6TMarioFv
    slipFalling__6TMarioFv
    catchStop__6TMarioFv
    stayWall__6TMarioFv
    landSafeDown__6TMarioFv
    jumpForeDown__6TMarioFv
    jumpBackDown__6TMarioFv
    jumpShortForeDown__6TMarioFv
    jumpShortBackDown__6TMarioFv
    checkWallJumping__6TMarioFv
    jumpDownCommon__6TMarioFiif
    jumpingThrow__6TMarioFv
    jumpCatch__6TMarioFv
    jumpWall__6TMarioFv
    uTurnJumping__6TMarioFv
    landing__6TMarioFv
    backJumping__6TMarioFv
    ultraJumping__6TMarioFv
    secJumping__6TMarioFv
    jumping__6TMarioFv
    jumpingCommonEvents__6TMarioFv
    checkBackTrig__6TMarioFv
    considerJumpRotate__6TMarioFv
    jumpingBasic__6TMarioFiii
    askStrongGroundTouch__6TMarioFv
  + checkJumpingThrowStart__6TMarioFv   (object position)
    doJumping__6TMarioFv
  - checkJumpingThrowStart__6TMarioFv   (map position)
    startJumpWall__6TMarioFv
    __sinit_MarioJump_cpp

[WARN] 6 UNUSED symbol(s) with wrong size (best-effort -- does not fail the check):
  - rotateJumping__6TMarioFv
      map:    0x15c (348)
      object: 0x160 (352)
  - checkWallJumping__6TMarioFv
      map:    0x60 (96)
      object: 0x4 (4)
  - secJumping__6TMarioFv
      map:    0x15c (348)
      object: 0x158 (344)
  - jumping__6TMarioFv
      map:    0x180 (384)
      object: 0x17c (380)
  - askStrongGroundTouch__6TMarioFv
      map:    0x154 (340)
      object: 0x4 (4)
  - checkJumpingThrowStart__6TMarioFv
      map:    0x5c (92)
      object: 0x4 (4)
[ OK ] Symbol linkage (weak/local/global) matches the map.

[INFO] 19 object-only symbol(s) not in the map (usually deduplicated weak/inline helpers; not an error; -v to list).
------------------------------------------------------------------------------
RESULT: FAIL (2 error category/categories, 6 UNUSED size mismatch(es) warning(s))
