Unit        : mario/dolphin/vi/vi
Source      : src/dolphin/vi/vi.c
Object      : build/GMSJ01/src/dolphin/vi/vi.o
Map TU      : vi.a vi.c
Map symbols : 37 (19 UNUSED)   Object .text symbols: 18
reverse_fn_order: False
------------------------------------------------------------------------------

[FAIL] 19 map symbol(s) MISSING from the object:
  - getEncoderType (UNUSED)
  - cntlzd (UNUSED)
  - VISetRegs (UNUSED)
  - VISetPreRetraceCallback (UNUSED)
  - AdjustPosition (UNUSED)
  - ImportAdjustingValues (UNUSED)
  - setInterruptRegs (UNUSED)
  - setPicConfig (UNUSED)
  - setBBIntervalRegs (UNUSED)
  - setScalingRegs (UNUSED)
  - calcFbbs (UNUSED)
  - setHorizontalRegs (UNUSED)
  - PrintDebugPalCaution (UNUSED)
  - VIConfigurePan (UNUSED)
  - VISetNextRightFrameBuffer (UNUSED)
  - VISet3D (UNUSED)
  - getCurrentHalfLine (UNUSED)
  - __VISetAdjustingValues (UNUSED)
  - __VIGetAdjustingValues (UNUSED)
[ OK ] Symbol order matches the map.
[ OK ] UNUSED symbol sizes match (0/19 checked).
[ OK ] Symbol linkage (weak/local/global) matches the map.
------------------------------------------------------------------------------
RESULT: FAIL (1 error category/categories)
