Unit        : mario/Player/MarioDraw
Source      : src/Player/MarioDraw.cpp
Object      : build/GMSJ01/src/Player/MarioDraw.o
Map TU      : Player.a MarioDraw.cpp
Map symbols : 67 (14 UNUSED)   Object .text symbols: 86
reverse_fn_order: True
------------------------------------------------------------------------------

[FAIL] 14 map symbol(s) MISSING from the object:
  - thinkDashEffect__6TMarioFv (UNUSED)
  - removeCallBack__6TMarioFv (UNUSED)
  - calcAnimHands__6TMarioFv (UNUSED)
  - calcAnimBody__6TMarioFUlPQ26JDrama9TGraphics (UNUSED)
  - setLength__Q29JGeometry8TVec3<f>FRCQ29JGeometry8TVec3<f>f
  - set<f>__Q29JGeometry8TVec3<f>Ffff
  - calcBaseMtxSwim__6TMarioFPA4_f (UNUSED)
  - calcBaseMtxPole__6TMarioFPA4_f (UNUSED)
  - calcBaseMtxTorocco__6TMarioFPA4_f (UNUSED)
  - __ct__24M3UMtxCalcSIAnmBlendQuatFv
  - changeHandByRate__6TMarioFf (UNUSED)
  - getRailMtx__6TMarioCFv (UNUSED)
  - calcBodyPos__6TMarioFPQ29JGeometry8TVec3<f> (UNUSED)
  - CheckMarioFootPosCtrl__Fv (UNUSED)

[FAIL] Non-weak symbol ORDER differs from the map (weak & object-only symbols ignored):
    addDamageFog__6TMarioFPQ26JDrama9TGraphics
    addDirty__6TMarioFv
    boxDrawPrepare__6TMarioFPA4_f
    drawLogic__6TMarioFv
    drawSpecial__6TMarioFPQ26JDrama9TGraphics
    entryModels__6TMarioFPQ26JDrama9TGraphics
    calcView__6TMarioFPQ26JDrama9TGraphics
    calcAnim__6TMarioFUlPQ26JDrama9TGraphics
    addUpper__6TMarioFv
    setUpperDamageRun__6TMarioFv
    addCallBack__6TMarioFPQ26JDrama9TGraphics
    calcBaseMtx__6TMarioFPA4_f
    considerWaist__6TMarioFv
    finalDrawInitialize__6TMarioFv
    initMirrorModel__6TMarioFv
    initModel__6TMarioFv
    loadAnmTexPattern__6TMarioFPP16J3DAnmTexPatternPcP12J3DModelData
  + loadAnm__6TMarioFPP15J3DAnmTransformPCc   (object position)
    loadBas__6TMarioFPPvPCc
  - loadAnm__6TMarioFPP15J3DAnmTransformPCc   (map position)
    setReverseAnimation__6TMarioFif
    setAnimation__6TMarioFif
    changeHand__6TMarioFi
    isAnimeLoopOrStop__6TMarioFv
    isLast1AnimeFrame__6TMarioFv
    getMotionFrameCtrl__6TMarioFv
    getCurrentFrame__6TMarioFi
    getTakenMtx__6TMarioFv
    getTakingMtx__6TMarioFv
    getTrampleCt__6TMarioFv
    setPositions__6TMarioFv
    takeOffGlass__6TMarioFv
    wearGlass__6TMarioFv
    isWearingHelm__6TMarioFv
    isWearingCap__6TMarioFv
    setDivHelm__6TMarioFv
    getWallAngle__6TMarioCFv
    getPumpFrame__6TMarioCFv
    getCenterAnmMtx__6TMarioFv
    getRootAnmMtx__6TMarioFv
    getHeadRot__6TMarioFv
    getJumpIntoWaterModelData__6TMarioFv
    MarioFootDirLCtrl__FP7J3DNodei
    MarioFootPosLCtrl__FP7J3DNodei
    MarioFootDirRCtrl__FP7J3DNodei
    MarioFootPosRCtrl__FP7J3DNodei
    MarioWaistCtrl__FP7J3DNodei
    MarioHeadCtrl__FP7J3DNodei
    isPumpOK__15TMarioAnimeDataCFv
    __sinit_MarioDraw_cpp

[WARN] 2 UNUSED symbol(s) with wrong size (best-effort -- does not fail the check):
  - getHeadRot__6TMarioFv
      map:    0x7c (124)
      object: 0x4 (4)
  - getJumpIntoWaterModelData__6TMarioFv
      map:    0x24 (36)
      object: 0x4 (4)
[ OK ] Symbol linkage (weak/local/global) matches the map.

[INFO] 33 object-only symbol(s) not in the map (usually deduplicated weak/inline helpers; not an error; -v to list).
------------------------------------------------------------------------------
RESULT: FAIL (2 error category/categories, 2 UNUSED size mismatch(es) warning(s))
