Unit        : mario/MoveBG/MapObjAirport
Source      : src/MoveBG/MapObjAirport.cpp
Object      : build/GMSJ01/src/MoveBG/MapObjAirport.o
Map TU      : MoveBG.a MapObjAirport.cpp
Map symbols : 18 (4 UNUSED)   Object .text symbols: 51
reverse_fn_order: True
------------------------------------------------------------------------------

[ OK ] All map symbols are present in the object.
[ OK ] Symbol order matches the map.

[WARN] 2 UNUSED symbol(s) with wrong size (best-effort -- does not fail the check):
  - __ct__12TAirportPoolFPCc
      map:    0x4c (76)
      object: 0x44 (68)
  - appear__12TAirportPoolFv
      map:    0x40 (64)
      object: 0x4 (4)
[ OK ] Symbol linkage (weak/local/global) matches the map.

[INFO] 33 object-only symbol(s) not in the map (usually deduplicated weak/inline helpers; not an error; -v to list).
------------------------------------------------------------------------------
RESULT: PASS with warnings (2 UNUSED size mismatch(es) -- see above)
