Unit        : mario/dolphin/os/OSRtc
Source      : src/dolphin/os/OSRtc.c
Object      : build/GMSJ01/src/dolphin/os/OSRtc.o
Map TU      : os.a OSRtc.c
Map symbols : 32 (16 UNUSED)   Object .text symbols: 18
reverse_fn_order: False
------------------------------------------------------------------------------

[FAIL] 14 map symbol(s) MISSING from the object:
  - GetRTC (UNUSED)
  - __OSGetRTC (UNUSED)
  - __OSSetRTC (UNUSED)
  - __OSCheckSram (UNUSED)
  - __OSReadROMCallback (UNUSED)
  - __OSReadROMAsync (UNUSED)
  - OSGetVideoMode (UNUSED)
  - OSSetVideoMode (UNUSED)
  - OSGetLanguage (UNUSED)
  - OSSetLanguage (UNUSED)
  - __OSGetBootMode (UNUSED)
  - __OSSetBootMode (UNUSED)
  - OSGetEuRgb60Mode (UNUSED)
  - OSSetEuRgb60Mode (UNUSED)
[ OK ] Symbol order matches the map.
[ OK ] UNUSED symbol sizes match (2/16 checked).
[ OK ] Symbol linkage (weak/local/global) matches the map.
------------------------------------------------------------------------------
RESULT: FAIL (1 error category/categories)
