Unit        : mario/MoveBG/MapObjBall
Source      : src/MoveBG/MapObjBall.cpp
Object      : build/GMSJ01/src/MoveBG/MapObjBall.o
Map TU      : MoveBG.a MapObjBall.cpp
Map symbols : 76 (4 UNUSED)   Object .text symbols: 0
reverse_fn_order: True
------------------------------------------------------------------------------

[FAIL] 76 map symbol(s) MISSING from the object:
  - __dt__14TBigWatermelonFv
  - __ct__14TBigWatermelonFPCc
  - __dt__11TMapObjBallFv
  - initMapObj__14TBigWatermelonFv
  - loadAfter__14TBigWatermelonFv
  - receiveMessage__14TBigWatermelonFP9THitActorUl
  - checkWallCollision__14TBigWatermelonFPQ29JGeometry8TVec3<f>
  - startEvent__14TBigWatermelonFv
  - control__14TBigWatermelonFv
  - appearing__14TBigWatermelonFv
  - kill__14TBigWatermelonFv
  - touchActor__14TBigWatermelonFP9THitActor
  - touchGround__14TBigWatermelonFPQ29JGeometry8TVec3<f>
  - rebound__14TBigWatermelonFPQ29JGeometry8TVec3<f>
  - touchWall__14TBigWatermelonFPQ29JGeometry8TVec3<f>P18TBGWallCheckRecord
  - touchWaterSurface__14TBigWatermelonFv
  - loadAfter__11TCoverFruitFv
  - receiveMessage__11TCoverFruitFP9THitActorUl
  - calcRootMatrix__11TCoverFruitFv
  - __ct__12TRandomFruitFPCc
  - __dt__11TResetFruitFv
  - initMapObj__12TRandomFruitFv
  - __ct__11TResetFruitFPCc
  - initMapObj__11TResetFruitFv
  - receiveMessage__11TResetFruitFP9THitActorUl
  - getLivingTime__11TResetFruitCFv
  - makeObjAppeared__11TResetFruitFv
  - killByTimer__11TResetFruitFi
  - perform__11TResetFruitFUlPQ26JDrama9TGraphics
  - control__11TResetFruitFv
  - appearing__11TResetFruitFv
  - breaking__11TResetFruitFv
  - rotting__11TResetFruitFv (UNUSED)
  - waitEffect__11TResetFruitFv (UNUSED)
  - living__11TResetFruitFv (UNUSED)
  - kicked__11TResetFruitFv
  - pick__11TResetFruitFP9THitActor (UNUSED)
  - makeObjLiving__11TResetFruitFv
  - touchGround__11TResetFruitFPQ29JGeometry8TVec3<f>
  - touchActor__11TResetFruitFP9THitActor
  - touchWater__11TResetFruitFP9THitActor
  - touchWaterSurface__11TResetFruitFv
  - touchPollution__11TResetFruitFv
  - hold__11TResetFruitFP10TTakeActor
  - thrown__11TResetFruitFv
  - makeObjWaitingToAppear__11TResetFruitFv
  - waitingToAppear__11TResetFruitFv
  - checkGroundCollision__11TResetFruitFPQ29JGeometry8TVec3<f>
  - __ct__11TMapObjBallFPCc
  - initMapObj__11TMapObjBallFv
  - receiveMessage__11TMapObjBallFP9THitActorUl
  - control__11TMapObjBallFv
  - makeObjAppeared__11TMapObjBallFv
  - makeObjDefault__11TMapObjBallFv
  - checkWallCollision__11TMapObjBallFPQ29JGeometry8TVec3<f>
  - calcCurrentMtx__11TMapObjBallFv
  - touchActor__11TMapObjBallFP9THitActor
  - boundByActor__11TMapObjBallFP9THitActor
  - touchWater__11TMapObjBallFP9THitActor
  - kicked__11TMapObjBallFv
  - hold__11TMapObjBallFP10TTakeActor
  - put__11TMapObjBallFv
  - touchGround__11TMapObjBallFPQ29JGeometry8TVec3<f>
  - rebound__11TMapObjBallFPQ29JGeometry8TVec3<f>
  - touchWaterSurface__11TMapObjBallFv
  - touchPollution__11TMapObjBallFv
  - touchWall__11TMapObjBallFPQ29JGeometry8TVec3<f>P18TBGWallCheckRecord
  - touchRoof__11TMapObjBallFPQ29JGeometry8TVec3<f>
  - __dt__11TCoverFruitFv
  - __dt__12TRandomFruitFv
  - __sinit_MapObjBall_cpp
  - @32@__dt__11TMapObjBallFv
  - @32@__dt__11TResetFruitFv
  - @32@__dt__12TRandomFruitFv
  - @32@__dt__11TCoverFruitFv
  - @32@__dt__14TBigWatermelonFv
[ OK ] Symbol order matches the map.
[ OK ] UNUSED symbol sizes match (0/4 checked).
[ OK ] Symbol linkage (weak/local/global) matches the map.
------------------------------------------------------------------------------
RESULT: FAIL (1 error category/categories)
