Unit        : mario/Strategic/spcinterp
Source      : src/Strategic/spcinterp.cpp
Object      : build/GMSJ01/src/Strategic/spcinterp.o
Map TU      : Strategic.a spcinterp.cpp
Map symbols : 83 (10 UNUSED)   Object .text symbols: 88
reverse_fn_order: True
------------------------------------------------------------------------------

[ OK ] All map symbols are present in the object.
[ OK ] Symbol order matches the map.

[WARN] 6 UNUSED symbol(s) with wrong size (best-effort -- does not fail the check):
  - referByName__10TSpcInterpFPCc
      map:    0x13c (316)
      object: 0x58 (88)
  - referByIndex__10TSpcInterpFUl
      map:    0x4c (76)
      object: 0x4 (4)
  - invokeByName__10TSpcInterpFPCcUl
      map:    0x154 (340)
      object: 0x5c (92)
  - invokeByAddress__10TSpcInterpFUlUl
      map:    0x1e4 (484)
      object: 0x4 (4)
  - callByName__10TSpcInterpFPCcUl
      map:    0x228 (552)
      object: 0x2c (44)
  - callByAddress__10TSpcInterpFUlUl
      map:    0x70c (1804)
      object: 0x4 (4)
[ OK ] Symbol linkage (weak/local/global) matches the map.

[INFO] 5 object-only symbol(s) not in the map (usually deduplicated weak/inline helpers; not an error; -v to list).
------------------------------------------------------------------------------
RESULT: PASS with warnings (6 UNUSED size mismatch(es) -- see above)
