Unit        : mario/Animal/BeeHive
Source      : src/Animal/BeeHive.cpp
Object      : build/GMSJ01/src/Animal/BeeHive.o
Map TU      : Animal.a BeeHive.cpp
Map symbols : 75 (34 UNUSED)   Object .text symbols: 0
reverse_fn_order: True
------------------------------------------------------------------------------

[FAIL] 75 map symbol(s) MISSING from the object:
  - __dt__18TNerveBeeHiveResetFv
  - execute__18TNerveBeeHiveResetCFP24TSpineBase<10TLiveActor>
  - __dt__17TNerveBeeHiveWaitFv
  - theNerve__18TNerveBeeHiveResetFv (UNUSED)
  - execute__25TNerveBeeHiveMarioWaterInCFP24TSpineBase<10TLiveActor>
  - __dt__19TNerveBeeHiveAttackFv
  - set<f>__Q29JGeometry8TVec3<f>Ffff
  - theNerve__25TNerveBeeHiveMarioWaterInFv (UNUSED)
  - __dt__25TNerveBeeHiveMarioWaterInFv
  - execute__19TNerveBeeHiveAttackCFP24TSpineBase<10TLiveActor>
  - theNerve__19TNerveBeeHiveAttackFv (UNUSED)
  - execute__18TNerveBeeHiveBreakCFP24TSpineBase<10TLiveActor>
  - theNerve__18TNerveBeeHiveBreakFv (UNUSED)
  - __dt__18TNerveBeeHiveBreakFv
  - execute__17TNerveBeeHiveFallCFP24TSpineBase<10TLiveActor>
  - theNerve__17TNerveBeeHiveFallFv (UNUSED)
  - __dt__17TNerveBeeHiveFallFv
  - execute__17TNerveBeeHiveWaitCFP24TSpineBase<10TLiveActor>
  - theNerve__17TNerveBeeHiveWaitFv (UNUSED)
  - createModelData__15TBeeHiveManagerFv
  - load__15TBeeHiveManagerFR20JSUMemoryInputStream
  - __ct__15TBeeHiveManagerFPCc
  - isNotBreakOnceYet__8TBeeHiveCFv (UNUSED)
  - isWaiting__8TBeeHiveCFv (UNUSED)
  - isFalling__8TBeeHiveCFv (UNUSED)
  - getCenterOfGravity__8TBeeHiveCFv
  - setShakePower__8TBeeHiveFRCQ29JGeometry8TVec3<f> (UNUSED)
  - isMissMario__8TBeeHiveCFv (UNUSED)
  - doScaling__8TBeeHiveFv (UNUSED)
  - prepareReset__8TBeeHiveFv (UNUSED)
  - prepareVanish__8TBeeHiveFv (UNUSED)
  - prepareBreak__8TBeeHiveFv (UNUSED)
  - dropCoin__8TBeeHiveFv (UNUSED)
  - appearAllBees__8TBeeHiveFv (UNUSED)
  - decrimentBee__8TBeeHiveFv (UNUSED)
  - disappearBee__8TBeeHiveFi (UNUSED)
  - appearBee__8TBeeHiveFi
  - doFall__8TBeeHiveFv (UNUSED)
  - prepareFall__8TBeeHiveFv (UNUSED)
  - doWait__8TBeeHiveFv
  - prepareWait__8TBeeHiveFv (UNUSED)
  - calcRootMatrix__8TBeeHiveFv
  - setSQ__Q29JGeometry64TRotation3<Q29JGeometry38TMatrix34<Q29JGeometry13SMatrix34C<f>>>FRCQ29JGeometry8TVec3<f>RCQ29JGeometry9TQuat4<f>
  - controlSound__8TBeeHiveFv
  - controlCollision__8TBeeHiveFv
  - bind__8TBeeHiveFv
  - control__8TBeeHiveFv
  - perform__8TBeeHiveFUlPQ26JDrama9TGraphics
  - receiveMessage__8TBeeHiveFP9THitActorUl
  - createRealoidActor__8TBeeHiveFP6MActor
  - loadCoin__8TBeeHiveFR20JSUMemoryInputStream (UNUSED)
  - load__8TBeeHiveFR20JSUMemoryInputStream
  - receiveMessageFromChild__8TBeeHiveFP4TBee
  - setBoidParamOnMarioWaterIn__8TBeeHiveFv (UNUSED)
  - setBoidParamOnWaiting__8TBeeHiveFv (UNUSED)
  - setBoidParamOnAttacking__8TBeeHiveFv (UNUSED)
  - setBoidBaseParams__8TBeeHiveFv (UNUSED)
  - initBoids__8TBeeHiveFv (UNUSED)
  - initCollision__8TBeeHiveFv (UNUSED)
  - reset__8TBeeHiveFv
  - init__8TBeeHiveFP12TLiveManager
  - __ct__8TBeeHiveFPCc
  - behaveToEat__4TBeeFv (UNUSED)
  - receiveMessage__4TBeeFP9THitActorUl
  - init__4TBeeFv
  - __ct__4TBeeFP6MActorP8TBeeHive (UNUSED)
  - __ct__14TBeeHiveParamsFPCc (UNUSED)
  - SMS_EmitWaterHitParticleAndSound__9@unnamed@FPQ29JGeometry8TVec3<f> (UNUSED)
  - SMS_IsMarioInWater__9@unnamed@Fv (UNUSED)
  - __dt__15TBeeHiveManagerFv
  - __dt__8TBeeHiveFv
  - __dt__4TBeeFv
  - __sinit_BeeHive_cpp
  - @32@__dt__4TBeeFv
  - @32@__dt__8TBeeHiveFv
[ OK ] Symbol order matches the map.
[ OK ] UNUSED symbol sizes match (0/34 checked).
[ OK ] Symbol linkage (weak/local/global) matches the map.
------------------------------------------------------------------------------
RESULT: FAIL (1 error category/categories)
