Unit        : mario/Enemy/seal
Source      : src/Enemy/seal.cpp
Object      : build/GMSJ01/src/Enemy/seal.o
Map TU      : Enemy.a seal.cpp
Map symbols : 22 (4 UNUSED)   Object .text symbols: 0
reverse_fn_order: True
------------------------------------------------------------------------------

[FAIL] 22 map symbol(s) MISSING from the object:
  - __dt__13TNerveSealDieFv
  - execute__13TNerveSealDieCFP24TSpineBase<10TLiveActor>
  - __dt__15TNerveSealSleepFv
  - theNerve__13TNerveSealDieFv (UNUSED)
  - execute__14TNerveSealWaitCFP24TSpineBase<10TLiveActor>
  - theNerve__14TNerveSealWaitFv (UNUSED)
  - __dt__14TNerveSealWaitFv
  - execute__15TNerveSealSleepCFP24TSpineBase<10TLiveActor>
  - theNerve__15TNerveSealSleepFv (UNUSED)
  - load__12TSealManagerFR20JSUMemoryInputStream
  - initJParticle__12TSealManagerFv (UNUSED)
  - createModelData__12TSealManagerFv
  - __ct__12TSealManagerFPCc
  - perform__5TSealFUlPQ26JDrama9TGraphics
  - calcRootMatrix__5TSealFv
  - receiveMessage__5TSealFP9THitActorUl
  - init__5TSealFP12TLiveManager
  - __ct__5TSealFPCc
  - __dt__12TSealManagerFv
  - __dt__5TSealFv
  - __sinit_seal_cpp
  - @32@__dt__5TSealFv
[ OK ] Symbol order matches the map.
[ OK ] UNUSED symbol sizes match (0/4 checked).
[ OK ] Symbol linkage (weak/local/global) matches the map.
------------------------------------------------------------------------------
RESULT: FAIL (1 error category/categories)
