Unit        : mario/JSystem/JAudio/JASystem/JASDSPInterface
Source      : src/JSystem/JAudio/JASystem/JASDSPInterface.cpp
Object      : build/GMSJ01/src/JSystem/JAudio/JASystem/JASDSPInterface.o
Map TU      : JSystem.a JASDSPInterface.cpp
Map symbols : 40 (15 UNUSED)   Object .text symbols: 40
reverse_fn_order: False
------------------------------------------------------------------------------

[ OK ] All map symbols are present in the object.
[ OK ] Symbol order matches the map.

[WARN] 4 UNUSED symbol(s) with wrong size (best-effort -- does not fail the check):
  - cacheChannelAll__Q28JASystem12DSPInterfaceFv
      map:    0x28 (40)
      object: 0x4 (4)
  - changeFXLineParam__Q38JASystem12DSPInterface8FXBufferFUcUl
      map:    0xe4 (228)
      object: 0x4 (4)
  - setPitchIndirect__Q38JASystem12DSPInterface9DSPBufferFff
      map:    0x40 (64)
      object: 0x4 (4)
  - cacheChannel__Q38JASystem12DSPInterface9DSPBufferFv
      map:    0x24 (36)
      object: 0x4 (4)
[ OK ] Symbol linkage (weak/local/global) matches the map.
------------------------------------------------------------------------------
RESULT: PASS with warnings (4 UNUSED size mismatch(es) -- see above)
