Unit        : mario/Map/MapEvent
Source      : src/Map/MapEvent.cpp
Object      : build/GMSJ01/src/Map/MapEvent.o
Map TU      : Map.a MapEvent.cpp
Map symbols : 10 (2 UNUSED)   Object .text symbols: 28
reverse_fn_order: True
------------------------------------------------------------------------------

[ OK ] All map symbols are present in the object.
[ OK ] Symbol order matches the map.

[WARN] 2 UNUSED symbol(s) with wrong size (best-effort -- does not fail the check):
  - watchMapEvent__9TMapEventFv
      map:    0x54 (84)
      object: 0x4 (4)
  - controlMapEvent__9TMapEventFv
      map:    0x54 (84)
      object: 0x4 (4)
[ OK ] Symbol linkage (weak/local/global) matches the map.

[INFO] 18 object-only symbol(s) not in the map (usually deduplicated weak/inline helpers; not an error; -v to list).
------------------------------------------------------------------------------
RESULT: PASS with warnings (2 UNUSED size mismatch(es) -- see above)
