Unit        : mario/JSystem/JAudio/JAInterface/JAIBasic
Source      : src/JSystem/JAudio/JAInterface/JAIBasic.cpp
Object      : build/GMSJ01/src/JSystem/JAudio/JAInterface/JAIBasic.o
Map TU      : JSystem.a JAIBasic.cpp
Map symbols : 107 (42 UNUSED)   Object .text symbols: 107
reverse_fn_order: False
------------------------------------------------------------------------------

[ OK ] All map symbols are present in the object.
[ OK ] Symbol order matches the map.

[WARN] 36 UNUSED symbol(s) with wrong size (best-effort -- does not fail the check):
  - bootDSP__8JAIBasicFv
      map:    0x20 (32)
      object: 0x4 (4)
  - readInitSoundData__8JAIBasicFv
      map:    0x30 (48)
      object: 0x4 (4)
  - checkAllWaveLoadStatus__8JAIBasicFv
      map:    0x44 (68)
      object: 0x4 (4)
  - startSoundVec__8JAIBasicFUlPP8JAISoundP3VecUlUlUc
      map:    0x38 (56)
      object: 0x4 (4)
  - startSoundVecReturnHandle__8JAIBasicFUlP3VecUlUlUc
      map:    0x64 (100)
      object: 0x4 (4)
  - getPlayingSoundHandle__8JAIBasicFPP8JAISoundUl
      map:    0x6c (108)
      object: 0x4 (4)
  - stopPlayingObjectSe__8JAIBasicFPv
      map:    0x88 (136)
      object: 0x4 (4)
  - stopPlayingIDObjectSe__8JAIBasicFUlPv
      map:    0x98 (152)
      object: 0x4 (4)
  - stopPlayingCategorySe__8JAIBasicFUc
      map:    0x68 (104)
      object: 0x4 (4)
  - stopPlayingCategoryObjectSe__8JAIBasicFUcPv
      map:    0x90 (144)
      object: 0x4 (4)
  - stopAllSe__8JAIBasicFPv
      map:    0x88 (136)
      object: 0x4 (4)
  - stopAllSe__8JAIBasicFUcPv
      map:    0x90 (144)
      object: 0x4 (4)
  - stopAllSeq__8JAIBasicFPv
      map:    0x28 (40)
      object: 0x4 (4)
  - stopAllStream__8JAIBasicFPv
      map:    0x28 (40)
      object: 0x4 (4)
  - stopActorSoundOneBuffer__8JAIBasicFPvP8JAISound
      map:    0x64 (100)
      object: 0x4 (4)
  - stopIDSoundOneBuffer__8JAIBasicFUlP8JAISound
      map:    0x6c (108)
      object: 0x4 (4)
  - stopIDActorSoundOneBuffer__8JAIBasicFUlPvP8JAISound
      map:    0x84 (132)
      object: 0x4 (4)
  - stopAllSound__8JAIBasicFPv
      map:    0xfc (252)
      object: 0x4 (4)
  - getPlayingSoundLinkHeadPointer__8JAIBasicFUl
      map:    0x64 (100)
      object: 0x4 (4)
  - stopAllSound__8JAIBasicFUl
      map:    0x124 (292)
      object: 0x4 (4)
  - stopAllSound__8JAIBasicFUlPv
      map:    0x154 (340)
      object: 0x4 (4)
  - deleteObject__8JAIBasicFPv
      map:    0x110 (272)
      object: 0x4 (4)
  - releaseSoundHandle__8JAIBasicFP8JAISound
      map:    0x14 (20)
      object: 0x4 (4)
  - getDummyVecPointer__8JAIBasicFv
      map:    0x68 (104)
      object: 0x4 (4)
  - getGameFrameCounter__8JAIBasicFv
      map:    0x8 (8)
      object: 0x4 (4)
  - setPauseFlagAll__8JAIBasicFUc
      map:    0xbc (188)
      object: 0x4 (4)
  - checkPlayingSoundTrack__8JAIBasicFUl
      map:    0x50 (80)
      object: 0x4 (4)
  - changeSoundScene__8JAIBasicFUl
      map:    0x194 (404)
      object: 0x4 (4)
  - allocDvdBuffer__8JAIBasicFPUcUlUl
      map:    0x2c (44)
      object: 0x4 (4)
  - deallocDvdBuffer__8JAIBasicFPUc
      map:    0x24 (36)
      object: 0x4 (4)
  - getSeInfoMode__8JAIBasicFv
      map:    0x10 (16)
      object: 0x4 (4)
  - getSeInfoStartPointer__8JAIBasicFv
      map:    0xc (12)
      object: 0x4 (4)
  - getSeInfoCategoryMax__8JAIBasicFv
      map:    0x8 (8)
      object: 0x4 (4)
  - setSeCancelSwitch__8JAIBasicFUcUc
      map:    0x58 (88)
      object: 0x4 (4)
  - allocStreamBuffer__8JAIBasicFPvl
      map:    0x58 (88)
      object: 0x4 (4)
  - deallocStreamBuffer__8JAIBasicFv
      map:    0x20 (32)
      object: 0x4 (4)
[ OK ] Symbol linkage (weak/local/global) matches the map.
------------------------------------------------------------------------------
RESULT: PASS with warnings (36 UNUSED size mismatch(es) -- see above)
