Unit        : mario/Enemy/hamukuri
Source      : src/Enemy/hamukuri.cpp
Object      : build/GMSJ01/src/Enemy/hamukuri.o
Map TU      : Enemy.a hamukuri.cpp
Map symbols : 263 (39 UNUSED)   Object .text symbols: 315
reverse_fn_order: True
------------------------------------------------------------------------------

[ OK ] All map symbols are present in the object.

[WARN] Only weak symbols are out of order (compiler-controlled -- does not fail the check):
    __dt__27TNerveDoroHanePrepareAttackFv
    execute__27TNerveDoroHanePrepareAttackCFP24TSpineBase<10TLiveActor>
    theNerve__27TNerveDoroHanePrepareAttackFv
    execute__22TNerveDoroHaneHitWaterCFP24TSpineBase<10TLiveActor>
    theNerve__22TNerveDoroHaneHitWaterFv
    __dt__22TNerveDoroHaneHitWaterFv
    execute__18TNerveDoroHaneRiseCFP24TSpineBase<10TLiveActor>
    theNerve__18TNerveDoroHaneRiseFv
    __dt__18TNerveDoroHaneRiseFv
    execute__25TNerveFireHamuKuriRecoverCFP24TSpineBase<10TLiveActor>
    setBckAnm__13TFireHamuKuriFi
    theNerve__25TNerveFireHamuKuriRecoverFv
    __dt__25TNerveFireHamuKuriRecoverFv
    execute__24TNerveDoroHamuKuriRobCapCFP24TSpineBase<10TLiveActor>
    theNerve__24TNerveDoroHamuKuriRobCapFv
    __dt__24TNerveDoroHamuKuriRobCapFv
    execute__29TNerveHaneHamuKuriMoveOnGraphCFP24TSpineBase<10TLiveActor>
    theNerve__29TNerveHaneHamuKuriMoveOnGraphFv
    __dt__29TNerveHaneHamuKuriMoveOnGraphFv
    execute__24TNerveHaneHamuKuriUpWaitCFP24TSpineBase<10TLiveActor>
    theNerve__24TNerveHaneHamuKuriUpWaitFv
    __dt__24TNerveHaneHamuKuriUpWaitFv
    execute__25TNerveDangoHamuKuriAttackCFP24TSpineBase<10TLiveActor>
    theNerve__25TNerveDangoHamuKuriAttackFv
    __dt__25TNerveDangoHamuKuriAttackFv
    execute__23TNerveDangoHamuKuriWaitCFP24TSpineBase<10TLiveActor>
    theNerve__23TNerveDangoHamuKuriWaitFv
    __dt__23TNerveDangoHamuKuriWaitFv
    execute__22TNerveHamuKuriJitabataCFP24TSpineBase<10TLiveActor>
    theNerve__22TNerveHamuKuriJitabataFv
    __dt__22TNerveHamuKuriJitabataFv
    execute__18TNerveHamuKuriLandCFP24TSpineBase<10TLiveActor>
    theNerve__18TNerveHamuKuriLandFv
    __dt__18TNerveHamuKuriLandFv
    execute__21TNerveHamuKuriWallDieCFP24TSpineBase<10TLiveActor>
    theNerve__21TNerveHamuKuriWallDieFv
    __dt__21TNerveHamuKuriWallDieFv
    execute__25TNerveHamuKuriBoundFreezeCFP24TSpineBase<10TLiveActor>
    theNerve__25TNerveHamuKuriBoundFreezeFv
    __dt__25TNerveHamuKuriBoundFreezeFv
    execute__30TNerveHamuKuriGoForSearchActorCFP24TSpineBase<10TLiveActor>
    theNerve__30TNerveHamuKuriGoForSearchActorFv
    __dt__30TNerveHamuKuriGoForSearchActorFv
    isCollidMove__13TDoroHamuKuriFP9THitActor
    onHaveCap__13TDoroHamuKuriFv
    setBehavior__13TDoroHamuKuriFv
    attackToMario__13TDoroHamuKuriFv
    setMActorAndKeeper__13TDoroHamuKuriFv
    kill__13TDoroHamuKuriFv
    reset__13TDoroHamuKuriFv
    init__13TDoroHamuKuriFP12TLiveManager
    __ct__13TDoroHamuKuriFPCc
    __dt__9THamuKuriFv
    changeTevColor__13TFireHamuKuriFv
    sendAttackMsgToMario__13TFireHamuKuriFv
    dieFire__13TFireHamuKuriFv
    genFire__13TFireHamuKuriFv
    setWalkAnm__13TFireHamuKuriFv
    recoverFire__13TFireHamuKuriFv
    isHitValid__13TFireHamuKuriFUl
    walkBehavior__13TFireHamuKuriFif
    calcRootMatrix__13TFireHamuKuriFv
    moveObject__13TFireHamuKuriFv
    setMActorAndKeeper__13TFireHamuKuriFv
    reset__13TFireHamuKuriFv
    behaveToWater__13TFireHamuKuriFP9THitActor
    canDoJitabata__9THamuKuriFv
    init__13TFireHamuKuriFP12TLiveManager
    __ct__13TFireHamuKuriFPCc
    isNowGenerate__18TBossDangoHamuKuriFv
    isNowAttack__18TBossDangoHamuKuriFv
    generateBody__18TBossDangoHamuKuriFv
    genEventCoin__18TBossDangoHamuKuriFv
    moveObject__18TBossDangoHamuKuriFv
    setGenerateAnm__18TBossDangoHamuKuriFv
    isDead__18TBossDangoHamuKuriFv
    reset__18TBossDangoHamuKuriFv
    perform__18TBossDangoHamuKuriFUlPQ26JDrama9TGraphics
    init__18TBossDangoHamuKuriFP12TLiveManager
    __ct__18TBossDangoHamuKuriFPCc
    __dt__14TDangoHamuKuriFv
    swingBody__14TDangoHamuKuriFv
    behaveToWater__14TDangoHamuKuriFP9THitActor
    nerveInit__14TDangoHamuKuriFv
    forceKill__14TDangoHamuKuriFv
    isHitValid__14TDangoHamuKuriFUl
    receiveMessage__14TDangoHamuKuriFP9THitActorUl
    reset__14TDangoHamuKuriFv
    calcRootMatrix__14TDangoHamuKuriFv
    setRunAnm__14TDangoHamuKuriFv
    getTakingMtx__14TDangoHamuKuriFv
    attackToMario__14TDangoHamuKuriFv
    isCollidMove__14TDangoHamuKuriFP9THitActor
    updateAnmSound__14TDangoHamuKuriFv
    moveObject__14TDangoHamuKuriFv
    changeByJuice__14TDangoHamuKuriFv
    perform__14TDangoHamuKuriFUlPQ26JDrama9TGraphics
    init__14TDangoHamuKuriFP12TLiveManager
    __ct__14TDangoHamuKuriFPCc
    isReachedToGoal__14THaneHamuKuri2CFv
    walkBehavior__14THaneHamuKuri2Fif
    sendAttackMsgToMario__14THaneHamuKuri2Fv
    reset__14THaneHamuKuri2Fv
    __ct__14THaneHamuKuri2FPCc
    __dt__13THaneHamuKuriFv
    isCollidMove__13TDoroHaneKuriFP9THitActor
    setBehavior__13TDoroHaneKuriFv
    behaveToWater__13TDoroHaneKuriFP9THitActor
    setMActorAndKeeper__13TDoroHaneKuriFv
    attackToMario__13TDoroHaneKuriFv
    onHaveCap__13TDoroHaneKuriFv
    reset__13TDoroHaneKuriFv
    init__13TDoroHaneKuriFP12TLiveManager
    __ct__13TDoroHaneKuriFPCc
    getBasNameTable__13THaneHamuKuriCFv
    resetFlyParam__13THaneHamuKuriFv
    isHitValid__13THaneHamuKuriFUl
    isCollidMove__13THaneHamuKuriFP9THitActor
    setDeadAnm__13THaneHamuKuriFv
    setBckAnm__13THaneHamuKuriFi
    setCrashAnm__13THaneHamuKuriFv
    behaveToWater__13THaneHamuKuriFP9THitActor
    setRollAnm__13THaneHamuKuriFv
    setRunAnm__13THaneHamuKuriFv
    setWalkAnm__13THaneHamuKuriFv
    setWaitAnm__13THaneHamuKuriFv
    setMActorAndKeeper__13THaneHamuKuriFv
    attackToMario__13THaneHamuKuriFv
    isReachedToGoal__13THaneHamuKuriCFv
    bind__13THaneHamuKuriFv
    walkBehavior__13THaneHamuKuriFif
    reset__13THaneHamuKuriFv
    moveObject__13THaneHamuKuriFv
    init__13THaneHamuKuriFP12TLiveManager
    __ct__13THaneHamuKuriFPCc
    forceRoll__9THamuKuriFQ29JGeometry8TVec3<f>b
    isSerialWallDie__9THamuKuriFv
    isAttackToHam__9THamuKuriFv
    isCollidMove__9THamuKuriFP9THitActor
    isHitValid__9THamuKuriFUl
    isResignationAttack__9THamuKuriFv
    getTakingMtx__9THamuKuriFv
    getBasNameTable__9THamuKuriCFv
    initAttacker__9THamuKuriFP9THitActor
    walkBehavior__9THamuKuriFif
    setAppearAnm__9THamuKuriFv
    setWallDeadEffect__9THamuKuriFv
    setCrashAnm__9THamuKuriFv
    setRollAnm__9THamuKuriFv
    setRunAnm__9THamuKuriFv
    setWaitAnm__9THamuKuriFv
    setDeadAnm__9THamuKuriFv
    setWalkAnm__9THamuKuriFv
    setGenerateAnm__9THamuKuriFv
    setBckAnm__9THamuKuriFi
    endHitWaterJump__9THamuKuriFv
    setAfterDeadEffect__9THamuKuriFv
    genRandomItem__9THamuKuriFv
    getGravityY__9THamuKuriCFv
    makeCapFly__9THamuKuriFP11TMapObjBase
    onHaveCap__9THamuKuriFv
    selectCapHolder__9THamuKuriFv
    changeCapHolder__9THamuKuriFv
    setBehavior__9THamuKuriFv
    moveObject__9THamuKuriFv
    attackToMario__9THamuKuriFv
    behaveToFindMario__9THamuKuriFv
    canGoForSearchActor__9THamuKuriFv
    jumpToSearchActor__9THamuKuriFv
    isGiveUpSearchActor__9THamuKuriFv
    setSearchActor__9THamuKuriFP9THitActor
    isFindMario__9THamuKuriFf
    behaveToWater__9THamuKuriFP9THitActor
    releaseCap__9THamuKuriFv
    bind__9THamuKuriFv
    reset__9THamuKuriFv
    setMActorAndKeeper__9THamuKuriFv
    init__9THamuKuriFP12TLiveManager
    __ct__9THamuKuriFPCc
    createHige__20TDoroHamuKuriManagerFv
    perform__20TDoroHamuKuriManagerFUlPQ26JDrama9TGraphics
    createModelData__20TDoroHamuKuriManagerFv
    createEnemyInstance__20TDoroHamuKuriManagerFv
    loadAfter__20TDoroHamuKuriManagerFv
    load__20TDoroHamuKuriManagerFR20JSUMemoryInputStream
    __ct__20TDoroHamuKuriManagerFPCc
    __dt__16THamuKuriManagerFv
    perform__9TDoroHigeFUlPQ26JDrama9TGraphics
    createModelData__20TFireHamuKuriManagerFv
    initSetEnemies__20TFireHamuKuriManagerFv
    createEnemyInstance__20TFireHamuKuriManagerFv
    load__20TFireHamuKuriManagerFR20JSUMemoryInputStream
    __dt__23THamuKuriSaveLoadParamsFv
    __ct__20TFireHamuKuriManagerFPCc
    createEnemyInstance__25TBossDangoHamuKuriManagerFv
    load__25TBossDangoHamuKuriManagerFR20JSUMemoryInputStream
    __ct__25TBossDangoHamuKuriManagerFPCc
    __dt__21TDangoHamuKuriManagerFv
    createHige__20TDoroHaneKuriManagerFv
    perform__20TDoroHaneKuriManagerFUlPQ26JDrama9TGraphics
    createModelDataArray__21TDangoHamuKuriManagerFPC19TModelDataLoadEntry
    createEnemyInstance__21TDangoHamuKuriManagerFv
    load__21TDangoHamuKuriManagerFR20JSUMemoryInputStream
    __ct__21TDangoHamuKuriManagerFPCc
    createModelData__20TDoroHaneKuriManagerFv
    createEnemyInstance__20TDoroHaneKuriManagerFv
    loadAfter__20TDoroHaneKuriManagerFv
    load__20TDoroHaneKuriManagerFR20JSUMemoryInputStream
    __ct__20TDoroHaneKuriManagerFPCc
    __dt__20THaneHamuKuriManagerFv
    createAnmData__20THaneHamuKuriManagerFv
    createModelData__20THaneHamuKuriManagerFv
    createEnemyInstance__20THaneHamuKuriManagerFv
    load__20THaneHamuKuriManagerFR20JSUMemoryInputStream
    __ct__20THaneHamuKuriManagerFPCc
    createEnemyInstance__16THamuKuriManagerFv
    checkSerialKill__16THamuKuriManagerFv
    requestSerialKill__16THamuKuriManagerFP9THamuKuri
    setSearchHamuKuri__16THamuKuriManagerFv
    perform__16THamuKuriManagerFUlPQ26JDrama9TGraphics
    createAnmData__16THamuKuriManagerFv
    createModelData__16THamuKuriManagerFv
    loadAfter__16THamuKuriManagerFv
    load__16THamuKuriManagerFR20JSUMemoryInputStream
    __ct__16THamuKuriManagerFPCc
    __ct__27TFireHamuKuriSaveLoadParamsFPCc
    __ct__32TBossDangoHamuKuriSaveLoadParamsFPCc
    __ct__27THaneHamuKuriSaveLoadParamsFPCc
    __ct__23THamuKuriSaveLoadParamsFPCc
    stateLaunch__17THamuKuriLauncherFv
    drawObject__17THamuKuriLauncherFPQ26JDrama9TGraphics
    __dt__13TDoroHamuKuriFv
    __dt__13TFireHamuKuriFv
  + __dt__18TBossDangoHamuKuriFv   (object position)
    changeByJuice__18TBossDangoHamuKuriFv
    isFindMario__18TBossDangoHamuKuriFf
  - __dt__18TBossDangoHamuKuriFv   (map position)
  + __dt__14THaneHamuKuri2Fv   (object position)
  + behaveToWater__14THaneHamuKuri2FP9THitActor   (object position)
    forceKill__14THaneHamuKuri2Fv
    isHitValid__14THaneHamuKuri2FUl
  - behaveToWater__14THaneHamuKuri2FP9THitActor   (map position)
    setBehavior__13THaneHamuKuriFv
    setGenerateAnm__13THaneHamuKuriFv
    canDoJitabata__13THaneHamuKuriFv
  - __dt__14THaneHamuKuri2Fv   (map position)
    __dt__13TDoroHaneKuriFv
    __dt__20TDoroHamuKuriManagerFv
    initSetEnemies__18TSmallEnemyManagerFv
    __dt__9TDoroHigeFv
    __dt__20TFireHamuKuriManagerFv
    __dt__25TBossDangoHamuKuriManagerFv
    clipEnemies__25TBossDangoHamuKuriManagerFPQ26JDrama9TGraphics
    clipEnemies__21TDangoHamuKuriManagerFPQ26JDrama9TGraphics
    __dt__20TDoroHaneKuriManagerFv
    __dt__17THamuKuriLauncherFv
    __sinit_hamukuri_cpp
    @32@__dt__17THamuKuriLauncherFv
    @32@__dt__9THamuKuriFv
    @32@__dt__13THaneHamuKuriFv
    @32@__dt__13TDoroHaneKuriFv
    @32@__dt__14THaneHamuKuri2Fv
    @32@__dt__14TDangoHamuKuriFv
    @32@__dt__18TBossDangoHamuKuriFv
    @32@__dt__13TFireHamuKuriFv
    @32@__dt__13TDoroHamuKuriFv

[WARN] 15 UNUSED symbol(s) with wrong size (best-effort -- does not fail the check):
  - execute__25TNerveDangoHamuKuriAttackCFP24TSpineBase<10TLiveActor>
      map:    0xb4 (180)
      object: 0x4 (4)
  - dieFire__13TFireHamuKuriFv
      map:    0xe8 (232)
      object: 0x4 (4)
  - genFire__13TFireHamuKuriFv
      map:    0x24 (36)
      object: 0x4 (4)
  - recoverFire__13TFireHamuKuriFv
      map:    0x88 (136)
      object: 0xa8 (168)
  - isNowGenerate__18TBossDangoHamuKuriFv
      map:    0x44 (68)
      object: 0x4 (4)
  - isNowAttack__18TBossDangoHamuKuriFv
      map:    0x44 (68)
      object: 0x4 (4)
  - nerveInit__14TDangoHamuKuriFv
      map:    0x9c (156)
      object: 0x4 (4)
  - resetFlyParam__13THaneHamuKuriFv
      map:    0x1c (28)
      object: 0x4 (4)
  - isSerialWallDie__9THamuKuriFv
      map:    0x98 (152)
      object: 0x4 (4)
  - isAttackToHam__9THamuKuriFv
      map:    0x8c (140)
      object: 0x4 (4)
  - setAppearAnm__9THamuKuriFv
      map:    0x30 (48)
      object: 0x4 (4)
  - setWallDeadEffect__9THamuKuriFv
      map:    0x130 (304)
      object: 0x4 (4)
  - changeCapHolder__9THamuKuriFv
      map:    0x1b4 (436)
      object: 0x4 (4)
  - canGoForSearchActor__9THamuKuriFv
      map:    0x64 (100)
      object: 0x4 (4)
  - releaseCap__9THamuKuriFv
      map:    0xb4 (180)
      object: 0x4 (4)

[FAIL] 1 symbol(s) with wrong linkage (weak/local/global):
  - onHaveCap__13TDoroHamuKuriFv
      map:    weak
      object: global

[INFO] 52 object-only symbol(s) not in the map (usually deduplicated weak/inline helpers; not an error; -v to list).
------------------------------------------------------------------------------
RESULT: FAIL (1 error category/categories, weak-symbol order; 15 UNUSED size mismatch(es) warning(s))
