Unit        : mario/Enemy/tamaNoko
Source      : src/Enemy/tamaNoko.cpp
Object      : build/GMSJ01/src/Enemy/tamaNoko.o
Map TU      : Enemy.a tamaNoko.cpp
Map symbols : 71 (13 UNUSED)   Object .text symbols: 118
reverse_fn_order: True
------------------------------------------------------------------------------

[ OK ] All map symbols are present in the object.

[WARN] Only weak symbols are out of order (compiler-controlled -- does not fail the check):
    __dt__18TNerveTamaNokoWaitFv
    execute__18TNerveTamaNokoWaitCFP24TSpineBase<10TLiveActor>
    theNerve__18TNerveTamaNokoWaitFv
    execute__22TNerveTamaNokoHitWaterCFP24TSpineBase<10TLiveActor>
    __dt__19TNerveTamaNokoSleepFv
    theNerve__22TNerveTamaNokoHitWaterFv
    __dt__22TNerveTamaNokoHitWaterFv
    execute__18TNerveTamaNokoSinkCFP24TSpineBase<10TLiveActor>
    theNerve__18TNerveTamaNokoSinkFv
    __dt__18TNerveTamaNokoSinkFv
    execute__20TNerveTamaNokoThrownCFP24TSpineBase<10TLiveActor>
    theNerve__20TNerveTamaNokoThrownFv
    __dt__20TNerveTamaNokoThrownFv
    execute__20TNerveTamaNokoPickUpCFP24TSpineBase<10TLiveActor>
    theNerve__20TNerveTamaNokoPickUpFv
    __dt__20TNerveTamaNokoPickUpFv
    execute__18TNerveTamaNokoDownCFP24TSpineBase<10TLiveActor>
    theNerve__18TNerveTamaNokoDownFv
    __dt__18TNerveTamaNokoDownFv
    execute__20TNerveTamaNokoAttackCFP24TSpineBase<10TLiveActor>
    theNerve__20TNerveTamaNokoAttackFv
    __dt__20TNerveTamaNokoAttackFv
    execute__19TNerveTamaNokoSleepCFP24TSpineBase<10TLiveActor>
    theNerve__19TNerveTamaNokoSleepFv
    isCollidMove__9TTamaNokoFP9THitActor
    isReachedToGoal__9TTamaNokoCFv
    setDeadAnm__9TTamaNokoFv
    setWalkAnm__9TTamaNokoFv
    getGravityY__9TTamaNokoCFv
    getBasNameTable__9TTamaNokoCFv
    setAfterDeadEffect__9TTamaNokoFv
    forceSleep__9TTamaNokoFv
    forceWakeUp__9TTamaNokoFv
    landEffect__9TTamaNokoFv
    requestShadow__9TTamaNokoFv
    calcRootMatrix__9TTamaNokoFv
    doKeepDistance__9TTamaNokoFv
    attackToMario__9TTamaNokoFv
    isHitValid__9TTamaNokoFUl
    receiveMessage__9TTamaNokoFP9THitActorUl
    changeByJuice__9TTamaNokoFv
    behaveToRelease__9TTamaNokoFv
    behaveToTaken__9TTamaNokoFP9THitActor
    walkBehavior__9TTamaNokoFif
    set<f>__Q29JGeometry8TVec3<f>Ffff
    MsWrap<f>__Ffff
    behaveToWater__9TTamaNokoFP9THitActor
    behaveToFindMario__9TTamaNokoFv
    moveObject__9TTamaNokoFv
    perform__9TTamaNokoFUlPQ26JDrama9TGraphics
    reset__9TTamaNokoFv
    setMActorAndKeeper__9TTamaNokoFv
    init__9TTamaNokoFP12TLiveManager
    load__9TTamaNokoFR20JSUMemoryInputStream
    __ct__9TTamaNokoFPCc
    createModelData__16TTamaNokoManagerFv
    createEnemyInstance__16TTamaNokoManagerFv
    initSetEnemies__16TTamaNokoManagerFv
    loadAfter__16TTamaNokoManagerFv
    load__16TTamaNokoManagerFR20JSUMemoryInputStream
    __ct__16TTamaNokoManagerFPCc
    __ct__23TTamaNokoSaveLoadParamsFPCc
    setBckAnm__15TTamaNokoFlowerFi
    perform__15TTamaNokoFlowerFUlPQ26JDrama9TGraphics
    __ct__15TTamaNokoFlowerFPC10TLiveActoriP12SDLModelDataUlPCc
  + __dt__9TTamaNokoFv   (object position)
    forceKill__9TTamaNokoFv
  - __dt__9TTamaNokoFv   (map position)
    __dt__16TTamaNokoManagerFv
    __dt__15TTamaNokoFlowerFv
    __sinit_tamaNoko_cpp
    @32@__dt__9TTamaNokoFv

[WARN] 2 UNUSED symbol(s) with wrong size (best-effort -- does not fail the check):
  - forceWakeUp__9TTamaNokoFv
      map:    0xf8 (248)
      object: 0x4 (4)
  - setBckAnm__15TTamaNokoFlowerFi
      map:    0xa8 (168)
      object: 0xac (172)
[ OK ] Symbol linkage (weak/local/global) matches the map.

[INFO] 47 object-only symbol(s) not in the map (usually deduplicated weak/inline helpers; not an error; -v to list).
------------------------------------------------------------------------------
RESULT: PASS with warnings (weak-symbol order; 2 UNUSED size mismatch(es) -- see above)
