Unit        : mario/Map/BathWaterManager
Source      : src/Map/BathWaterManager.cpp
Object      : build/GMSJ01/src/Map/BathWaterManager.o
Map TU      : Map.a BathWaterManager.cpp
Map symbols : 51 (11 UNUSED)   Object .text symbols: 86
reverse_fn_order: True
------------------------------------------------------------------------------

[FAIL] 1 map symbol(s) MISSING from the object:
  - clearEFB__22TBathWaterMeshRendererF8_GXColorUsUsb (UNUSED)

[FAIL] Non-weak symbol ORDER differs from the map (weak & object-only symbols ignored):
    perform__17TBathWaterManagerFUlPQ26JDrama9TGraphics
    set<f>__Q29JGeometry8TVec3<f>Ffff
    throwMario__17TBathWaterManagerFf
    CalcJumpVelocityY__9@unnamed@FRCQ29JGeometry8TVec3<f>RCQ29JGeometry8TVec3<f>fffPQ29JGeometry8TVec3<f>
    getWaterHeight__17TBathWaterManagerCFff
    preprocess__17TBathWaterManagerFPQ26JDrama9TGraphics
    initializeIfYet___17TBathWaterManagerFv
    wave__17TBathWaterManagerCFRQ29JGeometry8TVec3<f>RQ29JGeometry8TVec3<f>ff
    loadAfter__17TBathWaterManagerFv
  + calcCoord__22TBathWaterMeshRendererFv   (object position)
  + makeNormalMap__22TBathWaterMeshRendererFv   (object position)
  + makeHeightMap__22TBathWaterMeshRendererFf   (object position)
    clearHeightMap__22TBathWaterMeshRendererFv
    load__17TBathWaterManagerFR20JSUMemoryInputStream
    __ct__17TBathWaterManagerFv
    perform__22TBathWaterPreprocessorFUlPQ26JDrama9TGraphics
    __ct__22TBathWaterPreprocessorFP17TBathWaterManager
    init_tobj_resource__FP9_GXTexObjPv
    make_ORTHOmatrix__FPA4_fffffffff
    f2i__Ff
    draw_mist__FUsUsUsUsPv
    init_draw_light__FPA4_fPQ29JGeometry8TVec3<f>P8_GXColor
    set_light_pos_nrm__FP11_GXLightObjPA4_fPQ29JGeometry8TVec3<f>PQ29JGeometry8TVec3<f>
    clearEFB_alpha__9@unnamed@FssssUc
    drawCap__FRCQ29JGeometry8TVec3<f>f
    initScreen2D__Fss
    minmax_set__FRQ29JGeometry8TBox3<f>RCQ29JGeometry8TVec3<f>
    __ct__22TBathWaterGlobalParamsFv
    __ct__16TBathWaterParamsFPCc
  - calcCoord__22TBathWaterMeshRendererFv   (map position)
  - makeNormalMap__22TBathWaterMeshRendererFv   (map position)
  - makeHeightMap__22TBathWaterMeshRendererFf   (map position)
    __sinit_BathWaterManager_cpp

[WARN] 8 UNUSED symbol(s) with wrong size (best-effort -- does not fail the check):
  - CalcJumpVelocityY__9@unnamed@FRCQ29JGeometry8TVec3<f>RCQ29JGeometry8TVec3<f>fffPQ29JGeometry8TVec3<f>
      map:    0xa8 (168)
      object: 0x4 (4)
  - wave__17TBathWaterManagerCFRQ29JGeometry8TVec3<f>RQ29JGeometry8TVec3<f>ff
      map:    0x25c (604)
      object: 0x4 (4)
  - make_ORTHOmatrix__FPA4_fffffffff
      map:    0x98 (152)
      object: 0x4 (4)
  - f2i__Ff
      map:    0x44 (68)
      object: 0x4 (4)
  - init_draw_light__FPA4_fPQ29JGeometry8TVec3<f>P8_GXColor
      map:    0x1c4 (452)
      object: 0x4 (4)
  - set_light_pos_nrm__FP11_GXLightObjPA4_fPQ29JGeometry8TVec3<f>PQ29JGeometry8TVec3<f>
      map:    0x10c (268)
      object: 0x4 (4)
  - initScreen2D__Fss
      map:    0x150 (336)
      object: 0x4 (4)
  - minmax_set__FRQ29JGeometry8TBox3<f>RCQ29JGeometry8TVec3<f>
      map:    0x7c (124)
      object: 0x4 (4)

[FAIL] 4 symbol(s) with wrong linkage (weak/local/global):
  - clearHeightMap__22TBathWaterMeshRendererFv
      map:    weak
      object: global
  - calcCoord__22TBathWaterMeshRendererFv
      map:    weak
      object: global
  - makeNormalMap__22TBathWaterMeshRendererFv
      map:    weak
      object: global
  - makeHeightMap__22TBathWaterMeshRendererFf
      map:    weak
      object: global

[INFO] 36 object-only symbol(s) not in the map (usually deduplicated weak/inline helpers; not an error; -v to list).
------------------------------------------------------------------------------
RESULT: FAIL (3 error category/categories, 8 UNUSED size mismatch(es) warning(s))
