Unit        : mario/dolphin/gx/GXTexture
Source      : src/dolphin/gx/GXTexture.c
Object      : build/GMSJ01/src/dolphin/gx/GXTexture.o
Map TU      : gx.a GXTexture.c
Map symbols : 54 (31 UNUSED)   Object .text symbols: 23
reverse_fn_order: False
------------------------------------------------------------------------------

[FAIL] 31 map symbol(s) MISSING from the object:
  - __GXGetTexTileShift (UNUSED)
  - GXInitTexObjData (UNUSED)
  - GXInitTexObjWrapMode (UNUSED)
  - GXInitTexObjTlut (UNUSED)
  - GXInitTexObjUserData (UNUSED)
  - GXGetTexObjUserData (UNUSED)
  - GXGetTexObjData (UNUSED)
  - GXGetTexObjWrapS (UNUSED)
  - GXGetTexObjWrapT (UNUSED)
  - GXGetTexObjMipMap (UNUSED)
  - GXGetTexObjLODAll (UNUSED)
  - GXGetTexObjMinFilt (UNUSED)
  - GXGetTexObjMagFilt (UNUSED)
  - GXGetTexObjMinLOD (UNUSED)
  - GXGetTexObjMaxLOD (UNUSED)
  - GXGetTexObjLODBias (UNUSED)
  - GXGetTexObjBiasClamp (UNUSED)
  - GXGetTexObjEdgeLOD (UNUSED)
  - GXGetTexObjMaxAniso (UNUSED)
  - GXGetTexObjTlut (UNUSED)
  - GXGetTlutObjAll (UNUSED)
  - GXGetTlutObjData (UNUSED)
  - GXGetTlutObjFmt (UNUSED)
  - GXGetTlutObjNumEntries (UNUSED)
  - GXInitTexPreLoadRegion (UNUSED)
  - GXGetTexRegionAll (UNUSED)
  - GXGetTlutRegionAll (UNUSED)
  - GXInvalidateTexRegion (UNUSED)
  - GXPreLoadEntireTexture (UNUSED)
  - GXSetTexCoordBias (UNUSED)
  - __GXGetSUTexSize (UNUSED)
[ OK ] Symbol order matches the map.
[ OK ] UNUSED symbol sizes match (0/31 checked).
[ OK ] Symbol linkage (weak/local/global) matches the map.
------------------------------------------------------------------------------
RESULT: FAIL (1 error category/categories)
