Unit        : mario/JSystem/JGadget/std-list
Source      : src/JSystem/JGadget/std-list.cpp
Object      : build/GMSJ01/src/JSystem/JGadget/std-list.o
Map TU      : JSystem.a std-list.cpp
Map symbols : 18 (11 UNUSED)   Object .text symbols: 8
reverse_fn_order: False
------------------------------------------------------------------------------

[FAIL] 10 map symbol(s) MISSING from the object:
  - __ct__Q27JGadget18TList_pointer_voidFUlRCPvRCQ27JGadget14TAllocator<Pv> (UNUSED)
  - insert__Q27JGadget36TList<Pv,Q27JGadget14TAllocator<Pv>>FQ37JGadget36TList<Pv,Q27JGadget14TAllocator<Pv>>8iteratorRCPv (UNUSED)
  - insert__Q27JGadget18TList_pointer_voidFQ37JGadget36TList<Pv,Q27JGadget14TAllocator<Pv>>8iteratorUlRCPv (UNUSED)
  - erase__Q27JGadget18TList_pointer_voidFQ37JGadget36TList<Pv,Q27JGadget14TAllocator<Pv>>8iterator (UNUSED)
  - erase__Q27JGadget18TList_pointer_voidFQ37JGadget36TList<Pv,Q27JGadget14TAllocator<Pv>>8iteratorQ37JGadget36TList<Pv,Q27JGadget14TAllocator<Pv>>8iterator (UNUSED)
  - remove__Q27JGadget18TList_pointer_voidFRCPv (UNUSED)
  - assign__Q27JGadget18TList_pointer_voidFUlRCPv (UNUSED)
  - resize__Q27JGadget18TList_pointer_voidFUlRCPv (UNUSED)
  - unique__Q27JGadget18TList_pointer_voidFv (UNUSED)
  - __as__Q27JGadget18TList_pointer_voidFRCQ27JGadget18TList_pointer_void (UNUSED)
[ OK ] Symbol order matches the map.
[ OK ] UNUSED symbol sizes match (1/11 checked).
[ OK ] Symbol linkage (weak/local/global) matches the map.
------------------------------------------------------------------------------
RESULT: FAIL (1 error category/categories)
