Unit        : mario/Player/Yoshi
Source      : src/Player/Yoshi.cpp
Object      : build/GMSJ01/src/Player/Yoshi.o
Map TU      : Player.a Yoshi.cpp
Map symbols : 31 (6 UNUSED)   Object .text symbols: 53
reverse_fn_order: True
------------------------------------------------------------------------------

[ OK ] All map symbols are present in the object.
[ OK ] Symbol order matches the map.

[WARN] 5 UNUSED symbol(s) with wrong size (best-effort -- does not fail the check):
  - emitTongue__6TYoshiFv
      map:    0x160 (352)
      object: 0x12c (300)
  - thinkJumpEnd__6TYoshiFUsPUs
      map:    0x24 (36)
      object: 0x4 (4)
  - appear__6TYoshiFv
      map:    0x110 (272)
      object: 0x4 (4)
  - changeHand__6TYoshiFv
      map:    0x1cc (460)
      object: 0x214 (532)
  - startVoice__6TYoshiFUl
      map:    0x2c (44)
      object: 0x4 (4)

[FAIL] 1 symbol(s) with wrong linkage (weak/local/global):
  - YoshiHeadCtrl__FP7J3DNodei
      map:    local
      object: global

[INFO] 22 object-only symbol(s) not in the map (usually deduplicated weak/inline helpers; not an error; -v to list).
------------------------------------------------------------------------------
RESULT: FAIL (1 error category/categories, 5 UNUSED size mismatch(es) warning(s))
