Unit        : mario/dolphin/gx/GXDraw
Source      : src/dolphin/gx/GXDraw.c
Object      : build/GMSJ01/src/dolphin/gx/GXDraw.o
Map TU      : gx.a GXDraw.c
Map symbols : 23 (20 UNUSED)   Object .text symbols: 6
reverse_fn_order: False
------------------------------------------------------------------------------

[FAIL] 18 map symbol(s) MISSING from the object:
  - vsub (UNUSED)
  - vcross (UNUSED)
  - normalize (UNUSED)
  - myvertex (UNUSED)
  - DumpTriangle (UNUSED)
  - Subdivide (UNUSED)
  - SubDivTriangle (UNUSED)
  - GXDrawCylinder (UNUSED)
  - GXDrawTorus (UNUSED)
  - GXDrawDodeca (UNUSED)
  - GXDrawOctahedron (UNUSED)
  - GXDrawIcosahedron (UNUSED)
  - GXDrawSphere1 (UNUSED)
  - CmpNormal32 (UNUSED)
  - AddNormal (UNUSED)
  - SubdivideNrm (UNUSED)
  - SubDivNrm (UNUSED)
  - GXGenNormalTable (UNUSED)
[ OK ] Symbol order matches the map.
[ OK ] UNUSED symbol sizes match (2/20 checked).
[ OK ] Symbol linkage (weak/local/global) matches the map.

[INFO] 1 object-only symbol(s) not in the map (usually deduplicated weak/inline helpers; not an error; -v to list).
------------------------------------------------------------------------------
RESULT: FAIL (1 error category/categories)
