Unit        : mario/JSystem/JKernel/JKRDvdFile
Source      : src/JSystem/JKernel/JKRDvdFile.cpp
Object      : build/GMSJ01/src/JSystem/JKernel/JKRDvdFile.o
Map TU      : JSystem.a JKRDvdFile.cpp
Map symbols : 20 (6 UNUSED)   Object .text symbols: 21
reverse_fn_order: False
------------------------------------------------------------------------------

[ OK ] All map symbols are present in the object.
[ OK ] Symbol order matches the map.

[WARN] 2 UNUSED symbol(s) with wrong size (best-effort -- does not fail the check):
  - check__10JKRDvdFileFv
      map:    0xac (172)
      object: 0x8 (8)
  - load__10JKRDvdFileFPCcP7JKRHeap
      map:    0x384 (900)
      object: 0x8 (8)
[ OK ] Symbol linkage (weak/local/global) matches the map.

[INFO] 1 object-only symbol(s) not in the map (usually deduplicated weak/inline helpers; not an error; -v to list).
------------------------------------------------------------------------------
RESULT: PASS with warnings (2 UNUSED size mismatch(es) -- see above)
