Unit        : mario/Animal/Bird
Source      : src/Animal/Bird.cpp
Object      : build/GMSJ01/src/Animal/Bird.o
Map TU      : Animal.a Bird.cpp
Map symbols : 78 (30 UNUSED)   Object .text symbols: 0
reverse_fn_order: True
------------------------------------------------------------------------------

[FAIL] 78 map symbol(s) MISSING from the object:
  - __dt__23TNerveAnimalBirdLandingFv
  - execute__23TNerveAnimalBirdLandingCFP24TSpineBase<10TLiveActor>
  - __dt__28TNerveAnimalBirdWaitOnGroundFv
  - __dt__27TNerveAnimalBirdGraphWanderFv
  - theNerve__23TNerveAnimalBirdLandingFv (UNUSED)
  - execute__26TNerveAnimalBirdPreLandingCFP24TSpineBase<10TLiveActor>
  - theNerve__26TNerveAnimalBirdPreLandingFv
  - __dt__26TNerveAnimalBirdPreLandingFv
  - execute__24TNerveAnimalBirdComebackCFP24TSpineBase<10TLiveActor>
  - theNerve__24TNerveAnimalBirdComebackFv
  - __dt__24TNerveAnimalBirdComebackFv
  - execute__28TNerveAnimalBirdChangeToCoinCFP24TSpineBase<10TLiveActor>
  - theNerve__28TNerveAnimalBirdChangeToCoinFv
  - __dt__28TNerveAnimalBirdChangeToCoinFv
  - execute__27TNerveAnimalBirdGraphWanderCFP24TSpineBase<10TLiveActor>
  - theNerve__27TNerveAnimalBirdGraphWanderFv (UNUSED)
  - execute__23TNerveAnimalBirdTakeoffCFP24TSpineBase<10TLiveActor>
  - theNerve__23TNerveAnimalBirdTakeoffFv (UNUSED)
  - __dt__23TNerveAnimalBirdTakeoffFv
  - execute__28TNerveAnimalBirdWalkOnGroundCFP24TSpineBase<10TLiveActor>
  - set<f>__Q29JGeometry8TVec3<f>Ffff
  - MsWrap<f>__Ffff
  - theNerve__28TNerveAnimalBirdWalkOnGroundFv
  - __dt__28TNerveAnimalBirdWalkOnGroundFv
  - execute__30TNerveAnimalBirdActionOnGroundCFP24TSpineBase<10TLiveActor>
  - theNerve__30TNerveAnimalBirdActionOnGroundFv
  - __dt__30TNerveAnimalBirdActionOnGroundFv
  - execute__28TNerveAnimalBirdWaitOnGroundCFP24TSpineBase<10TLiveActor>
  - theNerve__28TNerveAnimalBirdWaitOnGroundFv
  - createModelData__18TAnimalBirdManagerFv
  - loadAfter__18TAnimalBirdManagerFv
  - load__18TAnimalBirdManagerFR20JSUMemoryInputStream
  - __ct__18TAnimalBirdManagerFPCc
  - __ct__17TAnimalBirdParamsFPCc
  - getFootGroundHeight__11TAnimalBirdFv (UNUSED)
  - getWaterPowerY__11TAnimalBirdCFv (UNUSED)
  - getWaterDamageRate__11TAnimalBirdCFv (UNUSED)
  - getMyMarchSpeed__11TAnimalBirdCFv (UNUSED)
  - setBckAnm__11TAnimalBirdFi (UNUSED)
  - setParamsOnLanding__11TAnimalBirdFv (UNUSED)
  - setParamsOnFloating__11TAnimalBirdFv (UNUSED)
  - setGoalToComeback__11TAnimalBirdFv (UNUSED)
  - doGotoRandomNextGraphNode__11TAnimalBirdFv (UNUSED)
  - doLanding__11TAnimalBirdFb
  - doWalk__11TAnimalBirdFv (UNUSED)
  - doFlyToCurPathNode__11TAnimalBirdFv
  - doDropCoin__11TAnimalBirdFv (UNUSED)
  - isFlying__11TAnimalBirdCFv (UNUSED)
  - isChanged__11TAnimalBirdCFv (UNUSED)
  - isCheckWithWireBinder__11TAnimalBirdCFv (UNUSED)
  - isGroundShaken__11TAnimalBirdCFv (UNUSED)
  - isChangeToItem__11TAnimalBirdCFv (UNUSED)
  - isFindMario__11TAnimalBirdCFv
  - isWantToRest__11TAnimalBirdCFv (UNUSED)
  - isWantToAction__11TAnimalBirdCFv (UNUSED)
  - isWantToFly__11TAnimalBirdCFv (UNUSED)
  - updateSound__11TAnimalBirdFv (UNUSED)
  - checkNotAppear__11TAnimalBirdFl (UNUSED)
  - checkChangeToItem__11TAnimalBirdFv (UNUSED)
  - checkFalling__11TAnimalBirdFv (UNUSED)
  - isOnGroundNerve__11TAnimalBirdCFv (UNUSED)
  - behaveHitWater__11TAnimalBirdFv (UNUSED)
  - getBasNameTable__11TAnimalBirdCFv
  - bind__11TAnimalBirdFv
  - moveObject__11TAnimalBirdFv
  - calcRootMatrix__11TAnimalBirdFv
  - receiveMessage__11TAnimalBirdFP9THitActorUl
  - loadAfter__11TAnimalBirdFv
  - load__11TAnimalBirdFR20JSUMemoryInputStream
  - initParams__11TAnimalBirdFv
  - initCollision__11TAnimalBirdFv (UNUSED)
  - initTevColor__11TAnimalBirdFPC11_GXColorS10 (UNUSED)
  - init__11TAnimalBirdFP12TLiveManager
  - __ct__11TAnimalBirdFPCc
  - __dt__18TAnimalBirdManagerFv
  - __dt__11TAnimalBirdFv
  - __sinit_Bird_cpp
  - @32@__dt__11TAnimalBirdFv
[ OK ] Symbol order matches the map.
[ OK ] UNUSED symbol sizes match (0/30 checked).
[ OK ] Symbol linkage (weak/local/global) matches the map.
------------------------------------------------------------------------------
RESULT: FAIL (1 error category/categories)
