Unit        : mario/dolphin/os/OSLink
Source      : src/dolphin/os/OSLink.c
Object      : build/GMSJ01/src/dolphin/os/OSLink.o
Map TU      : os.a OSLink.c
Map symbols : 9 (8 UNUSED)   Object .text symbols: 1
reverse_fn_order: False
------------------------------------------------------------------------------

[FAIL] 8 map symbol(s) MISSING from the object:
  - OSNotifyLink (UNUSED)
  - OSNotifyUnlink (UNUSED)
  - OSSetStringTable (UNUSED)
  - Relocate (UNUSED)
  - OSLink (UNUSED)
  - Undo (UNUSED)
  - OSUnlink (UNUSED)
  - OSSearchModule (UNUSED)
[ OK ] Symbol order matches the map.
[ OK ] UNUSED symbol sizes match (0/8 checked).
[ OK ] Symbol linkage (weak/local/global) matches the map.
------------------------------------------------------------------------------
RESULT: FAIL (1 error category/categories)
