Unit        : mario/JSystem/JKernel/JKRDvdAramRipper
Source      : src/JSystem/JKernel/JKRDvdAramRipper.cpp
Object      : build/GMSJ01/src/JSystem/JKernel/JKRDvdAramRipper.o
Map TU      : JSystem.a JKRDvdAramRipper.cpp
Map symbols : 23 (8 UNUSED)   Object .text symbols: 25
reverse_fn_order: False
------------------------------------------------------------------------------

[ OK ] All map symbols are present in the object.
[ OK ] Symbol order matches the map.

[WARN] 5 UNUSED symbol(s) with wrong size (best-effort -- does not fail the check):
  - loadToAram_Async__16JKRDvdAramRipperFPcUl15JKRExpandSwitchPFUl_vUlUl
      map:    0x158 (344)
      object: 0x74 (116)
  - loadToAram_Async__16JKRDvdAramRipperFlUl15JKRExpandSwitchPFUl_vUlUl
      map:    0x100 (256)
      object: 0x8 (8)
  - syncAramAll__16JKRDvdAramRipperFi
      map:    0x10c (268)
      object: 0x8 (8)
  - countLeftSync__16JKRDvdAramRipperFv
      map:    0x34 (52)
      object: 0x4 (4)
  - afterAramAsync__16JKRDvdAramRipperFP12JKRADCommand
      map:    0x40 (64)
      object: 0x4 (4)
[ OK ] Symbol linkage (weak/local/global) matches the map.

[INFO] 2 object-only symbol(s) not in the map (usually deduplicated weak/inline helpers; not an error; -v to list).
------------------------------------------------------------------------------
RESULT: PASS with warnings (5 UNUSED size mismatch(es) -- see above)
