Unit        : mario/Enemy/tinkoopa
Source      : src/Enemy/tinkoopa.cpp
Object      : build/GMSJ01/src/Enemy/tinkoopa.o
Map TU      : Enemy.a tinkoopa.cpp
Map symbols : 96 (45 UNUSED)   Object .text symbols: 0
reverse_fn_order: True
------------------------------------------------------------------------------

[FAIL] 96 map symbol(s) MISSING from the object:
  - __dt__19TNerveTinKoopaBreakFv
  - execute__19TNerveTinKoopaBreakCFP24TSpineBase<10TLiveActor>
  - theNerve__19TNerveTinKoopaBreakFv (UNUSED)
  - execute__20TNerveTinKoopaDamageCFP24TSpineBase<10TLiveActor>
  - theNerve__20TNerveTinKoopaDamageFv (UNUSED)
  - __dt__20TNerveTinKoopaDamageFv
  - execute__18TNerveTinKoopaWaitCFP24TSpineBase<10TLiveActor>
  - theNerve__18TNerveTinKoopaWaitFv (UNUSED)
  - __dt__18TNerveTinKoopaWaitFv
  - createEnemyInstance__16TTinKoopaManagerFv
  - loadAfter__16TTinKoopaManagerFv
  - load__16TTinKoopaManagerFR20JSUMemoryInputStream
  - createModelData__16TTinKoopaManagerFv
  - __ct__16TTinKoopaManagerFPCc
  - emitTinKoopaEffects__9TTinKoopaFv
  - startTinKoopaMessage__9TTinKoopaFUl (UNUSED)
  - checkTinKoopaFirstFlameMessage__9TTinKoopaFv
  - checkTinKoopaFirstRocketMessage__9TTinKoopaFv (UNUSED)
  - checkTinKoopaKillerApproachingMessage__9TTinKoopaFv
  - checkTinKoopaMessage__9TTinKoopaFv (UNUSED)
  - checkKillerLaunch__9TTinKoopaFv (UNUSED)
  - launchKiller__9TTinKoopaFi
  - startBreakingParts__9TTinKoopaFv (UNUSED)
  - hitParts__9TTinKoopaFv
  - receiveMessage__9TTinKoopaFP9THitActorUl
  - changeBck__9TTinKoopaFi (UNUSED)
  - getBasNameTable__9TTinKoopaCFv
  - updateTimers__9TTinKoopaFv (UNUSED)
  - makeEyeBeamEffect__9TTinKoopaFv (UNUSED)
  - setEular__Q29JGeometry64TRotation3<Q29JGeometry38TMatrix34<Q29JGeometry13SMatrix34C<f>>>Ffff (UNUSED)
  - perform__9TTinKoopaFUlPQ26JDrama9TGraphics
  - printTinKoopaDebugInfo__FP9TTinKoopa (UNUSED)
  - checkTruckAnimationPass__9TTinKoopaFi (UNUSED)
  - checkLap__9TTinKoopaFv (UNUSED)
  - makeKillerQueue__9TTinKoopaFiSc (UNUSED)
  - makeHitCollision__9TTinKoopaFv (UNUSED)
  - resetTinKoopa__9TTinKoopaFv
  - reset__9TTinKoopaFv
  - checkKillerApproachingFromBack__9TTinKoopaFP14TCoasterKillerQ29JGeometry8TVec3<f>f (UNUSED)
  - calcCoasterDistanceInOrder__9TTinKoopaFii (UNUSED)
  - calcCoasterDistance__9TTinKoopaFii
  - makeCoasterDistanceTable__9TTinKoopaFv (UNUSED)
  - __ct__9TTinKoopaFPCc
  - calc__16TTinKoopaMtxCalcFUs
  - joinAnm__16TTinKoopaMtxCalcFi (UNUSED)
  - __ct__16TTinKoopaMtxCalcFP9TTinKoopa (UNUSED)
  - perform__18TTinKoopaPartsBaseFUlPQ26JDrama9TGraphics
  - receiveMessage__18TTinKoopaPartsBaseFP9THitActorUl
  - emitPartsDisappearEffects__18TTinKoopaPartsBaseFPPCcif
  - emitPartsDisappearEffects__18TTinKoopaPartsBaseFv
  - emitPartsTrackEffects__18TTinKoopaPartsBaseFPPCci
  - emitPartsTrackEffects__18TTinKoopaPartsBaseFv (UNUSED)
  - startBreaking__18TTinKoopaPartsBaseFv
  - resetTinKoopaPartsBase__18TTinKoopaPartsBaseFv (UNUSED)
  - reset__18TTinKoopaPartsBaseFv
  - initTinKoopaPartsBase__18TTinKoopaPartsBaseFv
  - __ct__18TTinKoopaPartsBaseFPCciP9TTinKoopa (UNUSED)
  - checkOrder__23TTinKoopaLaunchScheduleFv (UNUSED)
  - __ct__23TTinKoopaLaunchScheduleFUcP9TTinKoopa (UNUSED)
  - checkOrder__20TTinKoopaLaunchOrderFv
  - makeOrder__20TTinKoopaLaunchOrderFSclScSc (UNUSED)
  - __ct__20TTinKoopaLaunchOrderFP9TTinKoopa (UNUSED)
  - emitFlameEffects__14TTinKoopaFlameFv
  - isHighPosition__14TTinKoopaFlameFv (UNUSED)
  - checkMario__14TTinKoopaFlameFv (UNUSED)
  - perform__14TTinKoopaFlameFUlPQ26JDrama9TGraphics
  - hitWater__14TTinKoopaFlameFv (UNUSED)
  - receiveMessage__14TTinKoopaFlameFP9THitActorUl
  - resetTinKoopaFlame__14TTinKoopaFlameFv (UNUSED)
  - makeHitCollision__14TTinKoopaFlameFv (UNUSED)
  - __ct__14TTinKoopaFlameFPCcP9TTinKoopa (UNUSED)
  - makeLaunchSchedule__9TTinKoopaFv
  - init__9TTinKoopaFP12TLiveManager
  - TTinKoopa_getBreakingPartsIndex__Fi (UNUSED)
  - TTinKoopa_getPartsVisibleFrame__Fi (UNUSED)
  - TTinKoopa_getDamageAnimationIndex__Fi (UNUSED)
  - TTinKoopa_getBreakAnimationIndex__Fi (UNUSED)
  - TTinKoopa_getWaitAnimationIndex__Fi (UNUSED)
  - TTinKoopa_getActorType__Fi (UNUSED)
  - TTinKoopa_getBreakingAnimationIndex__Fi (UNUSED)
  - TTinKoopa_getPartsFileName__Fi (UNUSED)
  - TTinKoopa_getCollisionFileName__Fi (UNUSED)
  - TTinKoopa_getJointIndex__Fi (UNUSED)
  - __ct__15TTinKoopaParamsFPCc
  - __dt__16TTinKoopaManagerFv
  - hasMapCollision__16TTinKoopaManagerCFv
  - __dt__16TTinKoopaMtxCalcFv
  - __dt__18TTinKoopaPartsBaseFv
  - __dt__14TTinKoopaFlameFv
  - __dt__9TTinKoopaFv
  - hasMapCollision__9TTinKoopaCFv
  - __sinit_tinkoopa_cpp
  - @32@__dt__9TTinKoopaFv
  - @32@__dt__14TTinKoopaFlameFv
  - @32@__dt__18TTinKoopaPartsBaseFv
  - @104@4@calc__16TTinKoopaMtxCalcFUs
[ OK ] Symbol order matches the map.
[ OK ] UNUSED symbol sizes match (0/45 checked).
[ OK ] Symbol linkage (weak/local/global) matches the map.
------------------------------------------------------------------------------
RESULT: FAIL (1 error category/categories)
