Unit        : mario/JSystem/JAudio/JASystem/JASKernelDebug
Source      : src/JSystem/JAudio/JASystem/JASKernelDebug.cpp
Object      : build/GMSJ01/src/JSystem/JAudio/JASystem/JASKernelDebug.o
Map TU      : JSystem.a JASKernelDebug.cpp
Map symbols : 7 (6 UNUSED)   Object .text symbols: 7
reverse_fn_order: False
------------------------------------------------------------------------------

[ OK ] All map symbols are present in the object.
[ OK ] Symbol order matches the map.

[WARN] 6 UNUSED symbol(s) with wrong size (best-effort -- does not fail the check):
  - stackCheck__Q28JASystem6KernelFPUx
      map:    0x5c (92)
      object: 0x4 (4)
  - setLdHistMax__Q28JASystem6KernelFl
      map:    0x8 (8)
      object: 0x4 (4)
  - checkLdHistInit__Q28JASystem6KernelFv
      map:    0x5c (92)
      object: 0x4 (4)
  - checkLdHistIn__Q28JASystem6KernelFUlPUcUl
      map:    0x90 (144)
      object: 0x4 (4)
  - checkLdHistOut__Q28JASystem6KernelFv
      map:    0x40 (64)
      object: 0x4 (4)
  - checkLdHistPrint__Q28JASystem6KernelFv
      map:    0x64 (100)
      object: 0x4 (4)
[ OK ] Symbol linkage (weak/local/global) matches the map.
------------------------------------------------------------------------------
RESULT: PASS with warnings (6 UNUSED size mismatch(es) -- see above)
