Unit        : mario/NPC/NpcAnm
Source      : src/NPC/NpcAnm.cpp
Object      : build/GMSJ01/src/NPC/NpcAnm.o
Map TU      : NPC.a NpcAnm.cpp
Map symbols : 50 (6 UNUSED)   Object .text symbols: 67
reverse_fn_order: True
------------------------------------------------------------------------------

[ OK ] All map symbols are present in the object.

[WARN] Only weak symbols are out of order (compiler-controlled -- does not fail the check):
    monteMESetAnmWhenNear__8TBaseNPCFv
    monteMESetAnmWhenFar__8TBaseNPCFv
    sunflowerReviving__8TBaseNPCFv
    sunflowerReviveIn__8TBaseNPCFv
    sunflowerDownIn___8TBaseNPCFv
    peachTiredOut___8TBaseNPCFv
    peachTiredIn___8TBaseNPCFv
    peachParasolOut___8TBaseNPCFv
    peachParasolIn___8TBaseNPCFv
    npcMareStanding__8TBaseNPCFv
    npcMareStandIn__8TBaseNPCFv
    npcBlowning__8TBaseNPCFv
    npcBlownIn__8TBaseNPCFv
    npcMadding__8TBaseNPCFv
    npcMadIn__8TBaseNPCFv
    npcThrowing__8TBaseNPCFv
    npcThrowIn__8TBaseNPCFv
    npcSinking__8TBaseNPCFv
    npcWetOut__8TBaseNPCFv
    npcWetting__8TBaseNPCFv
    npcWetIn__8TBaseNPCFv
    npcHappyIn__8TBaseNPCFUc
    npcDanceIn__8TBaseNPCFv
    npcTakenIn__8TBaseNPCFv
    npcTalkOut__8TBaseNPCFv
    npcTalking__8TBaseNPCFv
    npcTalkIn__8TBaseNPCFv
    npcStepIn__8TBaseNPCFv
    npcRecoverAfterIn__8TBaseNPCFv
    npcRecoverFromSinking__8TBaseNPCFv
    npcFallIn__8TBaseNPCFv
    npcWaitIn__8TBaseNPCFv
    getNpcWaitAnmBase___8TBaseNPCFv
    walkAnmRateChange___8TBaseNPCFv
    randomizeBckAndBtpFrame___8TBaseNPCFv
    requestTalkAnm___8TBaseNPCFv
    setKeepAnm___8TBaseNPCFv
    requestNpcAnm___8TBaseNPCF14EnumNpcAnmKind27EnumNpcStopMotionBlendOnOff
    setNpcAnm___8TBaseNPCF14EnumNpcAnmKind27EnumNpcStopMotionBlendOnOff
    onStopMotionBlend__8TBaseNPCFv
    offStopMotionBlend__8TBaseNPCFv
    isNowMotionBlend__8TBaseNPCCFv
    CalcJumpVelocityY__Fff
  + CLBCalcRatio<f>__Ffff   (object position)
  + CLBPalFrame<l>__Fl   (object position)
    CLBLinearInbetween<f>__Ffff
  - CLBCalcRatio<f>__Ffff   (map position)
  + CLBChaseGeneralConstantSpecifySpeed<f>__FPfff   (object position)
    CLBChaseConstantSpecifyFrame<f>__FPfff
  - CLBChaseGeneralConstantSpecifySpeed<f>__FPfff   (map position)
  - CLBPalFrame<l>__Fl   (map position)
    CLBRoundf<l>__Ff
    __sinit_NpcAnm_cpp

[WARN] 4 UNUSED symbol(s) with wrong size (best-effort -- does not fail the check):
  - onStopMotionBlend__8TBaseNPCFv
      map:    0x10 (16)
      object: 0x4 (4)
  - offStopMotionBlend__8TBaseNPCFv
      map:    0x10 (16)
      object: 0x4 (4)
  - isNowMotionBlend__8TBaseNPCCFv
      map:    0x54 (84)
      object: 0x4 (4)
  - CalcJumpVelocityY__Fff
      map:    0x78 (120)
      object: 0x4 (4)
[ OK ] Symbol linkage (weak/local/global) matches the map.

[INFO] 17 object-only symbol(s) not in the map (usually deduplicated weak/inline helpers; not an error; -v to list).
------------------------------------------------------------------------------
RESULT: PASS with warnings (weak-symbol order; 4 UNUSED size mismatch(es) -- see above)
