Unit        : mario/NPC/NpcManager
Source      : src/NPC/NpcManager.cpp
Object      : build/GMSJ01/src/NPC/NpcManager.o
Map TU      : NPC.a NpcManager.cpp
Map symbols : 91 (6 UNUSED)   Object .text symbols: 102
reverse_fn_order: True
------------------------------------------------------------------------------

[ OK ] All map symbols are present in the object.

[FAIL] Non-weak symbol ORDER differs from the map (weak & object-only symbols ignored):
    createModelData__18TSunflowerSManagerFv
    createModelData__18TSunflowerLManagerFv
    createModelData__18TRaccoonDogManagerFv
    createModelData__13TPeachManagerFv
    createModelData__15TKinojiiManagerFv
    createModelData__15TKinopioManagerFv
    createModelData__17TMareWBaseManagerFv
    createModelData__17TMareMBaseManagerFv
    createModelData__15TMonteWCManagerFv
    createModelData__15TMonteWBManagerFv
    createModelData__15TMonteWAManagerFv
    createModelData__14TMonteWManagerFv
    createModelData__15TMonteMHManagerFv
    createModelData__15TMonteMGManagerFv
    createModelData__15TMonteMFManagerFv
    createModelData__15TMonteMEManagerFv
    createModelData__15TMonteMDManagerFv
    createModelData__15TMonteMCManagerFv
    createModelData__15TMonteMBManagerFv
    createModelData__15TMonteMAManagerFv
    createModelData__14TMonteMManagerFv
    load__18TSunflowerLManagerFR20JSUMemoryInputStream
    load__18TRaccoonDogManagerFR20JSUMemoryInputStream
    load__13TPeachManagerFR20JSUMemoryInputStream
    load__15TKinojiiManagerFR20JSUMemoryInputStream
    load__15TKinopioManagerFR20JSUMemoryInputStream
    load__14TMareWBManagerFR20JSUMemoryInputStream
    load__14TMareWAManagerFR20JSUMemoryInputStream
    load__14TMareMDManagerFR20JSUMemoryInputStream
    load__14TMareMCManagerFR20JSUMemoryInputStream
    load__14TMareMBManagerFR20JSUMemoryInputStream
    load__14TMareMAManagerFR20JSUMemoryInputStream
    load__15TMonteWCManagerFR20JSUMemoryInputStream
    load__15TMonteMHManagerFR20JSUMemoryInputStream
    load__15TMonteMGManagerFR20JSUMemoryInputStream
    load__15TMonteMFManagerFR20JSUMemoryInputStream
    createAnmData__21TMonteWSpecialManagerFv
    createAnmData__21TMonteMSpecialManagerFv
    createAnmData__18TMonteWBaseManagerFv
    createAnmData__18TMonteMBaseManagerFv
    getBmt___16TMareBaseManagerFb
  - __ct__16TMareBaseManagerFPCc   (map position)
    __ct__17TMareWBaseManagerFPCc
    __ct__17TMareMBaseManagerFPCc
    __ct__18TMonteWBaseManagerFPCc
    __ct__18TMonteMBaseManagerFPCc
  - perform__11TNPCManagerFUlPQ26JDrama9TGraphics   (map position)
  - clipEnemies__11TNPCManagerFPQ26JDrama9TGraphics   (map position)
  - getPartsSDLModelData__11TNPCManagerCFPCc   (map position)
  - getBmt___11TNPCManagerFb   (map position)
  + __ct__16TMareBaseManagerFPCc   (object position)
    changeTextureToStraw___18TMonteWBaseManagerFP12J3DModelData
    changeTextureToStraw___18TMonteMBaseManagerFP12J3DModelData
    changeTextureToPollution___11TNPCManagerFP12J3DModelData
    makeOriginalPartsModelDataKeeper___11TNPCManagerFUlUl
    makeCommonPartsModelDataKeeper___11TNPCManagerFUlPCcPP16TModelDataKeeper
  + perform__11TNPCManagerFUlPQ26JDrama9TGraphics   (object position)
  + clipEnemies__11TNPCManagerFPQ26JDrama9TGraphics   (object position)
  + getPartsSDLModelData__11TNPCManagerCFPCc   (object position)
  + getBmt___11TNPCManagerFb   (object position)
    makePartsModelData___11TNPCManagerFUlUlP16TModelDataKeeper
    load__11TNPCManagerFR20JSUMemoryInputStream
    __ct__11TNPCManagerFPCc
    createModelData__21TMareJellyFishManagerFv
    perform__21TMareJellyFishManagerFUlPQ26JDrama9TGraphics
    __ct__21TMareJellyFishManagerFPCc
    createModelData__16TBoardNpcManagerFv
    clipActors__16TBoardNpcManagerFPQ26JDrama9TGraphics

[WARN] 2 UNUSED symbol(s) with wrong size (best-effort -- does not fail the check):
  - changeTextureToStraw___18TMonteWBaseManagerFP12J3DModelData
      map:    0x40 (64)
      object: 0x4 (4)
  - changeTextureToStraw___18TMonteMBaseManagerFP12J3DModelData
      map:    0x40 (64)
      object: 0x4 (4)
[ OK ] Symbol linkage (weak/local/global) matches the map.

[INFO] 11 object-only symbol(s) not in the map (usually deduplicated weak/inline helpers; not an error; -v to list).
------------------------------------------------------------------------------
RESULT: FAIL (1 error category/categories, 2 UNUSED size mismatch(es) warning(s))
