Unit        : mario/Enemy/wireBinder
Source      : src/Enemy/wireBinder.cpp
Object      : build/GMSJ01/src/Enemy/wireBinder.o
Map TU      : Enemy.a wireBinder.cpp
Map symbols : 15 (6 UNUSED)   Object .text symbols: 19
reverse_fn_order: True
------------------------------------------------------------------------------

[ OK ] All map symbols are present in the object.
[ OK ] Symbol order matches the map.

[WARN] 4 UNUSED symbol(s) with wrong size (best-effort -- does not fail the check):
  - getEndRangePos__11TWireBinderFf
      map:    0x18 (24)
      object: 0x4 (4)
  - getStartRangePos__11TWireBinderFf
      map:    0x1c (28)
      object: 0x4 (4)
  - isStartWire__11TWireBinderCFRCQ29JGeometry8TVec3<f>f
      map:    0x6c (108)
      object: 0x4 (4)
  - reset__11TWireBinderFRCQ29JGeometry8TVec3<f>
      map:    0x138 (312)
      object: 0x130 (304)
[ OK ] Symbol linkage (weak/local/global) matches the map.

[INFO] 4 object-only symbol(s) not in the map (usually deduplicated weak/inline helpers; not an error; -v to list).
------------------------------------------------------------------------------
RESULT: PASS with warnings (4 UNUSED size mismatch(es) -- see above)
