Unit        : mario/MoveBG/MapObjPole
Source      : src/MoveBG/MapObjPole.cpp
Object      : build/GMSJ01/src/MoveBG/MapObjPole.o
Map TU      : MoveBG.a MapObjPole.cpp
Map symbols : 14 (6 UNUSED)   Object .text symbols: 40
reverse_fn_order: True
------------------------------------------------------------------------------

[ OK ] All map symbols are present in the object.
[ OK ] Symbol order matches the map.

[WARN] 4 UNUSED symbol(s) with wrong size (best-effort -- does not fail the check):
  - registerObj__18TMapObjPoleManagerFP11TMapObjPole
      map:    0xa0 (160)
      object: 0x4 (4)
  - loadPole__18TMapObjPoleManagerFPQ218TMapObjPoleManager15TMapObjPoleInfoP11TMapObjPolePCc
      map:    0x80 (128)
      object: 0x4 (4)
  - __ct__11TMapObjPoleFPCc
      map:    0x5c (92)
      object: 0x44 (68)
  - load__11TMapObjPoleFR20JSUMemoryInputStream
      map:    0xe0 (224)
      object: 0x4 (4)
[ OK ] Symbol linkage (weak/local/global) matches the map.

[INFO] 26 object-only symbol(s) not in the map (usually deduplicated weak/inline helpers; not an error; -v to list).
------------------------------------------------------------------------------
RESULT: PASS with warnings (4 UNUSED size mismatch(es) -- see above)
