Unit        : mario/Enemy/bosseel
Source      : src/Enemy/bosseel.cpp
Object      : build/GMSJ01/src/Enemy/bosseel.o
Map TU      : Enemy.a bosseel.cpp
Map symbols : 165 (23 UNUSED)   Object .text symbols: 213
reverse_fn_order: True
------------------------------------------------------------------------------

[ OK ] All map symbols are present in the object.

[WARN] Only weak symbols are out of order (compiler-controlled -- does not fail the check):
    __dt__26TNerveBossEelSleepOnBottomFv
    execute__26TNerveBossEelSleepOnBottomCFP24TSpineBase<10TLiveActor>
    theNerve__26TNerveBossEelSleepOnBottomFv
    execute__26TNerveBossEelMouthOpenWaitCFP24TSpineBase<10TLiveActor>
    __dt__16TNerveBossEelEatFv
    theNerve__26TNerveBossEelMouthOpenWaitFv
    __dt__26TNerveBossEelMouthOpenWaitFv
    execute__16TNerveBossEelDieCFP24TSpineBase<10TLiveActor>
    theNerve__16TNerveBossEelDieFv
    __dt__16TNerveBossEelDieFv
    execute__16TNerveBossEelEatCFP24TSpineBase<10TLiveActor>
    __dt__22TNerveBossEelQuickBackFv
    theNerve__16TNerveBossEelEatFv
    execute__22TNerveBossEelQuickBackCFP24TSpineBase<10TLiveActor>
    theNerve__22TNerveBossEelQuickBackFv
    execute__21TNerveBossEelSlowBackCFP24TSpineBase<10TLiveActor>
    theNerve__21TNerveBossEelSlowBackFv
    __dt__21TNerveBossEelSlowBackFv
    ExecBackNerve_Sub__FP24TSpineBase<10TLiveActor>f
    __dt__23TNerveBossEelSecondSpinFv
    execute__20TNerveBossEelOutWaitCFP24TSpineBase<10TLiveActor>
    __dt__20TNerveBossEelOutWaitFv
    theNerve__20TNerveBossEelOutWaitFv
    execute__19TNerveBossEelAppearCFP24TSpineBase<10TLiveActor>
    theNerve__19TNerveBossEelAppearFv
    __dt__19TNerveBossEelAppearFv
    execute__23TNerveBossEelSecondSpinCFP24TSpineBase<10TLiveActor>
    MsWrap<f>__Ffff
    theNerve__23TNerveBossEelSecondSpinFv
    execute__22TNerveBossEelFirstSpinCFP24TSpineBase<10TLiveActor>
    theNerve__22TNerveBossEelFirstSpinFv
    __dt__22TNerveBossEelFirstSpinFv
    ExecSpinNerve_Sub__FP8TBossEel
    execute__23TNerveBossEelWaitAppearCFP24TSpineBase<10TLiveActor>
    theNerve__23TNerveBossEelWaitAppearFv
    __dt__23TNerveBossEelWaitAppearFv
    getBasNameTable__8TBossEelCFv
    startMoguCamera__8TBossEelFv
    hoseiDiveCameraCallback__FUlUl
    isInBossEelMoguDemo__8TBossEelFv
    quickBack__8TBossEelFv
    isValidToothDamage__8TBossEelFv
    deadCheck__8TBossEelFv
    setBckAnm__8TBossEelFi
    perform__8TBossEelFUlPQ26JDrama9TGraphics
    collideToMario__8TBossEelFv
    invalidateAllCollision__8TBossEelFv
    generateVortex__8TBossEelFv
    forceShedTears__8TBossEelFb
    shedTears__8TBossEelFPA4_f
    isEyeBlurOn__8TBossEelFv
    canEatMario__8TBossEelFv
    forceEat__8TBossEelFv
    updateTearsCnt__8TBossEelFv
    calcAndSetCollisionCubeBite___8TBossEelFv
    getTakingMtx__8TBossEelFv
    init__8TBossEelFP12TLiveManager
    __dt__17TBossEelCollisionFv
    perform__29TBossEelTearsRecoverCollisionFUlPQ26JDrama9TGraphics
    behaveToMario__29TBossEelTearsRecoverCollisionFv
    initCollision__29TBossEelTearsRecoverCollisionFv
    behaveToMario__24TBossEelBarrierCollisionFv
    initCollision__24TBossEelBarrierCollisionFv
    perform__20TBossEelAwaCollisionFUlPQ26JDrama9TGraphics
    behaveToMario__20TBossEelAwaCollisionFv
    initCollision__20TBossEelAwaCollisionFv
    initCollision__21TBossEelBodyCollisionFv
    behaveToMario__17TBossEelCollisionFv
    initCollision__17TBossEelCollisionFv
    perform__17TBossEelCollisionFUlPQ26JDrama9TGraphics
    __ct__17TBossEelCollisionFPA4_fPCc
    generateBubble__8TBossEelFRQ29JGeometry8TVec3<f>
    __dt__27TNerveBEelTearsMarioRecoverFv
    __ct__8TBossEelFPCc
    generate__17TBossEelHeartCoinFRQ29JGeometry8TVec3<f>
    perform__17TBossEelHeartCoinFUlPQ26JDrama9TGraphics
    __ct__17TBossEelHeartCoinFPC10TLiveActoriP12SDLModelDataUlPCc
    setBckAnm__11TBossEelEyeFi
    perform__11TBossEelEyeFUlPQ26JDrama9TGraphics
    __ct__11TBossEelEyeFPC10TLiveActoriP12SDLModelDataUlPCc
    reset__14TBossEelVortexFv
    perform__14TBossEelVortexFUlPQ26JDrama9TGraphics
    __ct__14TBossEelVortexFP8TBossEelPCc
    perform__13TBossEelToothFUlPQ26JDrama9TGraphics
    updateTremble__13TBossEelToothFv
    receiveMessage__13TBossEelToothFP9THitActorUl
    changeToothAlpha__13TBossEelToothFUc
    __ct__13TBossEelToothFUcP8TBossEelPCcP12SDLModelDataPCc
    clipEnemies__15TBossEelManagerFPQ26JDrama9TGraphics
    createModelData__15TBossEelManagerFv
    loadAfter__15TBossEelManagerFv
    __ct__18TBossEelSaveParamsFv
    execute__17TNerveOilBallStayCFP24TSpineBase<10TLiveActor>
    theNerve__17TNerveOilBallStayFv
    __dt__17TNerveOilBallStayFv
    calcRootMatrix__8TOilBallFv
    moveObject__8TOilBallFv
    __dt__20TNerveBEelTearsSplitFv
    __dt__21TNerveBEelTearsMoveUpFv
    reset__8TOilBallFv
    __dt__23TNerveBEelTearsGenerateFv
    load__8TOilBallFR20JSUMemoryInputStream
    execute__20TNerveBEelTearsSplitCFP24TSpineBase<10TLiveActor>
    theNerve__20TNerveBEelTearsSplitFv
    execute__27TNerveBEelTearsMarioRecoverCFP24TSpineBase<10TLiveActor>
    theNerve__27TNerveBEelTearsMarioRecoverFv
    execute__23TNerveBEelTearsWaterHitCFP24TSpineBase<10TLiveActor>
    theNerve__23TNerveBEelTearsWaterHitFv
    __dt__23TNerveBEelTearsWaterHitFv
    execute__21TNerveBEelTearsMoveUpCFP24TSpineBase<10TLiveActor>
    theNerve__21TNerveBEelTearsMoveUpFv
    execute__23TNerveBEelTearsGenerateCFP24TSpineBase<10TLiveActor>
    theNerve__23TNerveBEelTearsGenerateFv
    getBasNameTable__10TBEelTearsCFv
    deadEffect__10TBEelTearsFv
    setRecoverTears__10TBEelTearsFv
    setBubble__10TBEelTearsFv
    reset__10TBEelTearsFv
    kill__10TBEelTearsFv
    receiveMessage__10TBEelTearsFP9THitActorUl
    perform__10TBEelTearsFUlPQ26JDrama9TGraphics
    calcRootMatrix__10TBEelTearsFv
    moveObject__10TBEelTearsFv
    setMActorAndKeeper__10TBEelTearsFv
    init__10TBEelTearsFP12TLiveManager
    __ct__10TBEelTearsFPCc
    splitTears__17TBEelTearsManagerFRQ29JGeometry8TVec3<f>
    createEnemies__17TBEelTearsManagerFi
    createEnemyInstance__17TBEelTearsManagerFv
    perform__17TBEelTearsManagerFUlPQ26JDrama9TGraphics
    createModelData__17TBEelTearsManagerFv
    loadAfter__17TBEelTearsManagerFv
    load__17TBEelTearsManagerFR20JSUMemoryInputStream
    __ct__17TBEelTearsManagerFPCc
    __ct__24TBEelTearsSaveLoadParamsFPCc
    generate__14TBEelTearsDropFRQ29JGeometry8TVec3<f>
    perform__14TBEelTearsDropFUlPQ26JDrama9TGraphics
    __ct__14TBEelTearsDropFP10TBEelTearsiP12SDLModelDataPCc
    __dt__8TBossEelFv
  + receiveMessage__8TBossEelFP9THitActorUl   (object position)
    hasMapCollision__8TBossEelCFv
  - receiveMessage__8TBossEelFP9THitActorUl   (map position)
    __dt__29TBossEelTearsRecoverCollisionFv
    __dt__24TBossEelBarrierCollisionFv
    __dt__20TBossEelAwaCollisionFv
    __dt__21TBossEelBodyCollisionFv
    __dt__17TBossEelHeartCoinFv
    __dt__11TBossEelEyeFv
    __dt__14TBossEelVortexFv
    __dt__13TBossEelToothFv
    __dt__15TBossEelManagerFv
    __dt__8TOilBallFv
    __dt__17TBEelTearsManagerFv
    __dt__14TBEelTearsDropFv
    __sinit_bosseel_cpp
    @32@__dt__14TBEelTearsDropFv
    @32@__dt__10TBEelTearsFv
    @32@__dt__8TOilBallFv
    @32@__dt__13TBossEelToothFv
    @32@__dt__14TBossEelVortexFv
    @32@__dt__17TBossEelCollisionFv
    @32@__dt__21TBossEelBodyCollisionFv
    @32@__dt__20TBossEelAwaCollisionFv
    @32@__dt__24TBossEelBarrierCollisionFv
    @32@__dt__29TBossEelTearsRecoverCollisionFv
    @32@__dt__8TBossEelFv

[WARN] 5 UNUSED symbol(s) with wrong size (best-effort -- does not fail the check):
  - quickBack__8TBossEelFv
      map:    0xe8 (232)
      object: 0xdc (220)
  - isEyeBlurOn__8TBossEelFv
      map:    0x8 (8)
      object: 0x4 (4)
  - setBckAnm__11TBossEelEyeFi
      map:    0xa0 (160)
      object: 0xa4 (164)
  - setRecoverTears__10TBEelTearsFv
      map:    0x48 (72)
      object: 0x4 (4)
  - generate__14TBEelTearsDropFRQ29JGeometry8TVec3<f>
      map:    0x12c (300)
      object: 0x4 (4)
[ OK ] Symbol linkage (weak/local/global) matches the map.

[INFO] 48 object-only symbol(s) not in the map (usually deduplicated weak/inline helpers; not an error; -v to list).
------------------------------------------------------------------------------
RESULT: PASS with warnings (weak-symbol order; 5 UNUSED size mismatch(es) -- see above)
