Unit        : mario/Enemy/fruitsboat
Source      : src/Enemy/fruitsboat.cpp
Object      : build/GMSJ01/src/Enemy/fruitsboat.o
Map TU      : Enemy.a fruitsboat.cpp
Map symbols : 31 (7 UNUSED)   Object .text symbols: 0
reverse_fn_order: True
------------------------------------------------------------------------------

[FAIL] 31 map symbol(s) MISSING from the object:
  - __dt__24TNerveFruitsBoatBckTraceFv
  - execute__24TNerveFruitsBoatBckTraceCFP24TSpineBase<10TLiveActor>
  - theNerve__24TNerveFruitsBoatBckTraceFv (UNUSED)
  - execute__27TNerveFruitsBoatGraphWanderCFP24TSpineBase<10TLiveActor>
  - __dt__27TNerveFruitsBoatGraphWanderFv
  - MsWrap<f>__Ffff
  - theNerve__27TNerveFruitsBoatGraphWanderFv (UNUSED)
  - createEnemyInstance__18TFruitsBoatManagerFv
  - load__18TFruitsBoatManagerFR20JSUMemoryInputStream
  - createModelData__18TFruitsBoatManagerFv
  - __ct__18TFruitsBoatManagerFiPCc
  - requestShadow__11TFruitsBoatFv
  - moveObject__11TFruitsBoatFv
  - set<f>__Q29JGeometry8TVec3<f>Ffff
  - calcRootMatrix__11TFruitsBoatFv
  - setGroundCollision__11TFruitsBoatFv
  - receiveMessage__11TFruitsBoatFP9THitActorUl
  - init__11TFruitsBoatFP12TLiveManager
  - load__11TFruitsBoatFR20JSUMemoryInputStream
  - rowToCurPathNode__11TFruitsBoatFf (UNUSED)
  - getRootJointMtx__11TFruitsBoatCFv
  - getBoatType__11TFruitsBoatCFv (UNUSED)
  - traceBckTrack__11TFruitsBoatFv (UNUSED)
  - setJumpReaction__11TFruitsBoatFv (UNUSED)
  - setBckTrack__11TFruitsBoatFPCc
  - __ct__11TFruitsBoatFPCc
  - __ct__17TFruitsBoatParamsFPCc (UNUSED)
  - __dt__18TFruitsBoatManagerFv
  - __dt__11TFruitsBoatFv
  - __sinit_fruitsboat_cpp
  - @32@__dt__11TFruitsBoatFv
[ OK ] Symbol order matches the map.
[ OK ] UNUSED symbol sizes match (0/7 checked).
[ OK ] Symbol linkage (weak/local/global) matches the map.
------------------------------------------------------------------------------
RESULT: FAIL (1 error category/categories)
