Unit        : mario/Enemy/effectEnemy
Source      : src/Enemy/effectEnemy.cpp
Object      : build/GMSJ01/src/Enemy/effectEnemy.o
Map TU      : Enemy.a effectEnemy.cpp
Map symbols : 19 (1 UNUSED)   Object .text symbols: 0
reverse_fn_order: True
------------------------------------------------------------------------------

[FAIL] 19 map symbol(s) MISSING from the object:
  - __dt__12TEffectEnemyFv
  - emitEffect__12TEffectEnemyFv (UNUSED)
  - setDeadAnm__12TEffectEnemyFv
  - sendAttackMsgToMario__12TEffectEnemyFv
  - behaveToWater__12TEffectEnemyFP9THitActor
  - reset__12TEffectEnemyFv
  - perform__12TEffectEnemyFUlPQ26JDrama9TGraphics
  - forceKill__12TEffectEnemyFv
  - kill__12TEffectEnemyFv
  - setMActorAndKeeper__12TEffectEnemyFv
  - init__12TEffectEnemyFP12TLiveManager
  - __ct__12TEffectEnemyFPCc
  - initSetEnemies__19TEffectEnemyManagerFv
  - createEnemyInstance__19TEffectEnemyManagerFv
  - loadAfter__19TEffectEnemyManagerFv
  - load__19TEffectEnemyManagerFR20JSUMemoryInputStream
  - __dt__19TEffectEnemyManagerFv
  - __sinit_effectEnemy_cpp
  - @32@__dt__12TEffectEnemyFv
[ OK ] Symbol order matches the map.
[ OK ] UNUSED symbol sizes match (0/1 checked).
[ OK ] Symbol linkage (weak/local/global) matches the map.
------------------------------------------------------------------------------
RESULT: FAIL (1 error category/categories)
