Unit        : mario/dolphin/gx/GXLight
Source      : src/dolphin/gx/GXLight.c
Object      : build/GMSJ01/src/dolphin/gx/GXLight.o
Map TU      : gx.a GXLight.c
Map symbols : 21 (8 UNUSED)   Object .text symbols: 13
reverse_fn_order: False
------------------------------------------------------------------------------

[FAIL] 8 map symbol(s) MISSING from the object:
  - GXGetLightAttnA (UNUSED)
  - GXGetLightAttnK (UNUSED)
  - GXInitLightSpot (UNUSED)
  - GXGetLightPos (UNUSED)
  - GXInitLightDir (UNUSED)
  - GXGetLightDir (UNUSED)
  - GXInitSpecularDirHA (UNUSED)
  - GXLoadLightObjIndx (UNUSED)
[ OK ] Symbol order matches the map.
[ OK ] UNUSED symbol sizes match (0/8 checked).
[ OK ] Symbol linkage (weak/local/global) matches the map.
------------------------------------------------------------------------------
RESULT: FAIL (1 error category/categories)
