Unit        : mario/JSystem/JKernel/JKRAramHeap
Source      : src/JSystem/JKernel/JKRAramHeap.cpp
Object      : build/GMSJ01/src/JSystem/JKernel/JKRAramHeap.o
Map TU      : JSystem.a JKRAramHeap.cpp
Map symbols : 17 (10 UNUSED)   Object .text symbols: 17
reverse_fn_order: False
------------------------------------------------------------------------------

[ OK ] All map symbols are present in the object.
[ OK ] Symbol order matches the map.

[WARN] 8 UNUSED symbol(s) with wrong size (best-effort -- does not fail the check):
  - changeGroupID__11JKRAramHeapFUc
      map:    0x60 (96)
      object: 0x8 (8)
  - freeLevel__11JKRAramHeapFUc
      map:    0xac (172)
      object: 0x8 (8)
  - freeGroup__11JKRAramHeapFUc
      map:    0xac (172)
      object: 0x8 (8)
  - freeAll__11JKRAramHeapFv
      map:    0xc4 (196)
      object: 0x4 (4)
  - freeTail__11JKRAramHeapFv
      map:    0x88 (136)
      object: 0x4 (4)
  - getUsedSize__11JKRAramHeapFUc
      map:    0xd4 (212)
      object: 0x8 (8)
  - isEmpty__11JKRAramHeapFv
      map:    0x74 (116)
      object: 0x8 (8)
  - dump__11JKRAramHeapFv
      map:    0x64 (100)
      object: 0x4 (4)
[ OK ] Symbol linkage (weak/local/global) matches the map.
------------------------------------------------------------------------------
RESULT: PASS with warnings (8 UNUSED size mismatch(es) -- see above)
