Unit        : mario/dolphin/card/CARDUnlock
Source      : src/dolphin/card/CARDUnlock.c
Object      : build/GMSJ01/src/dolphin/card/CARDUnlock.o
Map TU      : card.a CARDUnlock.c
Map symbols : 11 (5 UNUSED)   Object .text symbols: 11
reverse_fn_order: False
------------------------------------------------------------------------------

[ OK ] All map symbols are present in the object.

[FAIL] Non-weak symbol ORDER differs from the map (weak & object-only symbols ignored):
  - CARDRand   (map position)
  - CARDSrand   (map position)
    exnor_1st
    exnor
    bitrev
    ReadArrayUnlock
  + CARDRand   (object position)
  + CARDSrand   (object position)
    GetInitVal
    DummyLen
    __CARDUnlock
    InitCallback
    DoneCallback
[ OK ] UNUSED symbol sizes match (5/5 checked).
[ OK ] Symbol linkage (weak/local/global) matches the map.
------------------------------------------------------------------------------
RESULT: FAIL (1 error category/categories)
