Unit        : mario/Enemy/elecNokonoko
Source      : src/Enemy/elecNokonoko.cpp
Object      : build/GMSJ01/src/Enemy/elecNokonoko.o
Map TU      : Enemy.a elecNokonoko.cpp
Map symbols : 90 (21 UNUSED)   Object .text symbols: 0
reverse_fn_order: True
------------------------------------------------------------------------------

[FAIL] 90 map symbol(s) MISSING from the object:
  - __dt__24TNerveElecCarapaceReturnFv
  - execute__24TNerveElecCarapaceReturnCFP24TSpineBase<10TLiveActor>
  - __dt__24TNerveElecNokonokoFreezeFv
  - theNerve__24TNerveElecCarapaceReturnFv (UNUSED)
  - execute__22TNerveElecCarapaceWaitCFP24TSpineBase<10TLiveActor>
  - theNerve__22TNerveElecCarapaceWaitFv (UNUSED)
  - __dt__22TNerveElecCarapaceWaitFv
  - execute__22TNerveElecCarapaceMoveCFP24TSpineBase<10TLiveActor>
  - __dt__25TNerveElecNokonokoCollectFv
  - theNerve__22TNerveElecCarapaceMoveFv (UNUSED)
  - __dt__22TNerveElecCarapaceMoveFv
  - execute__24TNerveElecNokonokoAttackCFP24TSpineBase<10TLiveActor>
  - theNerve__24TNerveElecNokonokoAttackFv (UNUSED)
  - __dt__24TNerveElecNokonokoAttackFv
  - execute__25TNerveElecNokonokoRebirthCFP24TSpineBase<10TLiveActor>
  - theNerve__25TNerveElecNokonokoRebirthFv (UNUSED)
  - __dt__25TNerveElecNokonokoRebirthFv
  - execute__24TNerveElecNokonokoFreezeCFP24TSpineBase<10TLiveActor>
  - theNerve__24TNerveElecNokonokoFreezeFv (UNUSED)
  - execute__22TNerveElecNokonokoTurnCFP24TSpineBase<10TLiveActor>
  - theNerve__22TNerveElecNokonokoTurnFv (UNUSED)
  - __dt__22TNerveElecNokonokoTurnFv
  - execute__25TNerveElecNokonokoCollectCFP24TSpineBase<10TLiveActor>
  - theNerve__25TNerveElecNokonokoCollectFv (UNUSED)
  - execute__23TNerveElecNokonokoShootCFP24TSpineBase<10TLiveActor>
  - theNerve__23TNerveElecNokonokoShootFv (UNUSED)
  - __dt__23TNerveElecNokonokoShootFv
  - isMove__13TElecCarapaceFv (UNUSED)
  - move__13TElecCarapaceFv (UNUSED)
  - reflect__13TElecCarapaceFP9THitActor
  - receiveMessage__13TElecCarapaceFP9THitActorUl
  - sendMessage__13TElecCarapaceFv
  - calcRootMatrix__13TElecCarapaceFv
  - bind__13TElecCarapaceFv
  - setZigParameter__13TElecCarapaceFv (UNUSED)
  - shoot__13TElecCarapaceFv
  - appear__13TElecCarapaceFv
  - getNowGravity__13TElecCarapaceFv
  - behaveToHitWall__13TElecCarapaceFPC12TBGCheckData
  - kill__13TElecCarapaceFv
  - behaveToHitGround__13TElecCarapaceFv
  - setBehavior__13TElecCarapaceFv
  - perform__13TElecCarapaceFUlPQ26JDrama9TGraphics
  - loadInit__13TElecCarapaceFP11TSpineEnemyPCc
  - __ct__13TElecCarapaceFPCc
  - recoverCarapace__13TElecNokonokoFv (UNUSED)
  - isDeadByThunder__13TElecNokonokoFv (UNUSED)
  - forceCatchReady__13TElecNokonokoFv (UNUSED)
  - isCatchReady__13TElecNokonokoFv (UNUSED)
  - isShootReady__13TElecNokonokoFv (UNUSED)
  - genRandomItem__13TElecNokonokoFv
  - setMeltAnm__13TElecNokonokoFv
  - setDeadAnm__13TElecNokonokoFv
  - setRunAnm__13TElecNokonokoFv
  - setWalkAnm__13TElecNokonokoFv
  - setWaitAnm__13TElecNokonokoFv
  - getBasNameTable__13TElecNokonokoCFv
  - shootIn__13TElecNokonokoFv (UNUSED)
  - catchIn__13TElecNokonokoFv (UNUSED)
  - behaveToWater__13TElecNokonokoFP9THitActor
  - behaveToFindMario__13TElecNokonokoFv
  - isResignationAttack__13TElecNokonokoFv
  - receiveMessage__13TElecNokonokoFP9THitActorUl
  - sendAttackMsgToMario__13TElecNokonokoFv
  - calcRootMatrix__13TElecNokonokoFv
  - attackToMario__13TElecNokonokoFv
  - moveObject__13TElecNokonokoFv
  - setMActorAndKeeper__13TElecNokonokoFv
  - load__13TElecNokonokoFR20JSUMemoryInputStream
  - rest__13TElecNokonokoFv
  - init__13TElecNokonokoFP12TLiveManager
  - __ct__13TElecNokonokoFPCc
  - perform__20TElecNokonokoManagerFUlPQ26JDrama9TGraphics
  - clipEnemies__20TElecNokonokoManagerFPQ26JDrama9TGraphics
  - createModelData__20TElecNokonokoManagerFv
  - createEnemyInstance__20TElecNokonokoManagerFv
  - initSetEnemies__20TElecNokonokoManagerFv
  - load__20TElecNokonokoManagerFR20JSUMemoryInputStream
  - __ct__20TElecNokonokoManagerFPCc
  - __ct__27TElecNokonokoSaveLoadParamsFPCc (UNUSED)
  - createNokonokoThunder__FQ29JGeometry8TVec3<f> (UNUSED)
  - __dt__13TElecCarapaceFv
  - rebirth__13TElecCarapaceFv
  - recoverScale__13TElecCarapaceFv
  - getPhaseShift__13TElecCarapaceCFv
  - __dt__13TElecNokonokoFv
  - __dt__20TElecNokonokoManagerFv
  - __sinit_elecNokonoko_cpp
  - @32@__dt__13TElecNokonokoFv
  - @32@__dt__13TElecCarapaceFv
[ OK ] Symbol order matches the map.
[ OK ] UNUSED symbol sizes match (0/21 checked).
[ OK ] Symbol linkage (weak/local/global) matches the map.
------------------------------------------------------------------------------
RESULT: FAIL (1 error category/categories)
