Unit        : mario/Map/MapEventMare
Source      : src/Map/MapEventMare.cpp
Object      : build/GMSJ01/src/Map/MapEventMare.o
Map TU      : Map.a MapEventMare.cpp
Map symbols : 41 (7 UNUSED)   Object .text symbols: 75
reverse_fn_order: True
------------------------------------------------------------------------------

[ OK ] All map symbols are present in the object.
[ OK ] Symbol order matches the map.

[WARN] 6 UNUSED symbol(s) with wrong size (best-effort -- does not fail the check):
  - emitEffect__21TMareEventDepressWallFi
      map:    0xc0 (192)
      object: 0x4 (4)
  - startToRise__21TMareEventDepressWallFv
      map:    0x70 (112)
      object: 0x4 (4)
  - setJointPosX__21TMareEventDepressWallFfi
      map:    0x80 (128)
      object: 0x4 (4)
  - finishEvent__21TMareEventDepressWallFv
      map:    0xe8 (232)
      object: 0x4 (4)
  - __ct__13TMareWallRockFPCc
      map:    0x84 (132)
      object: 0x4c (76)
  - depress__13TMareWallRockFv
      map:    0x60 (96)
      object: 0x4 (4)
[ OK ] Symbol linkage (weak/local/global) matches the map.

[INFO] 34 object-only symbol(s) not in the map (usually deduplicated weak/inline helpers; not an error; -v to list).
------------------------------------------------------------------------------
RESULT: PASS with warnings (6 UNUSED size mismatch(es) -- see above)
