Unit        : mario/dolphin/dsp/dsp
Source      : src/dolphin/dsp/dsp.c
Object      : build/GMSJ01/src/dolphin/dsp/dsp.o
Map TU      : dsp.a dsp.c
Map symbols : 14 (8 UNUSED)   Object .text symbols: 6
reverse_fn_order: False
------------------------------------------------------------------------------

[FAIL] 8 map symbol(s) MISSING from the object:
  - DSPReadCPUToDSPMbox (UNUSED)
  - DSPCheckInit (UNUSED)
  - DSPReset (UNUSED)
  - DSPHalt (UNUSED)
  - DSPUnhalt (UNUSED)
  - DSPGetDMAStatus (UNUSED)
  - DSPCancelTask (UNUSED)
  - DSPAssertTask (UNUSED)
[ OK ] Symbol order matches the map.
[ OK ] UNUSED symbol sizes match (0/8 checked).
[ OK ] Symbol linkage (weak/local/global) matches the map.
------------------------------------------------------------------------------
RESULT: FAIL (1 error category/categories)
