Unit        : mario/MSound/MSoundSE
Source      : src/MSound/MSoundSE.cpp
Object      : build/GMSJ01/src/MSound/MSoundSE.o
Map TU      : MSound.a MSoundSE.cpp
Map symbols : 49 (20 UNUSED)   Object .text symbols: 69
reverse_fn_order: True
------------------------------------------------------------------------------

[ OK ] All map symbols are present in the object.

[WARN] Only weak symbols are out of order (compiler-controlled -- does not fail the check):
    checkMonoSound__Q214MSoundSESystem8MSoundSEFUlP8JAIActor
    startSoundNpcActor__Q214MSoundSESystem8MSoundSEFUlPC3VecUlPP8JAISoundUlUc
    getNewIDBySurfaceCode__Q214MSoundSESystem8MSoundSEFUlP8JAIActor
    getNewIDByGroundCode__Q214MSoundSESystem8MSoundSEFUlP8JAIActor
    startSoundActorInner__Q214MSoundSESystem8MSoundSEFUlPP8JAISoundP8JAIActorUlUc
    checkSoundArea__Q214MSoundSESystem8MSoundSEFUlRC3Vec
    startSoundActorWithInfo__Q214MSoundSESystem8MSoundSEFUlPC3VecP3VecfUlUlPP8JAISoundUlUc
    startSoundSystemSE__Q214MSoundSESystem8MSoundSEFUlUlPP8JAISoundUl
    startSoundActor__Q214MSoundSESystem8MSoundSEFUlPC3VecUlPP8JAISoundUlUc
    getRandomID__Q214MSoundSESystem8MSoundSEFUl
    construct__Q214MSoundSESystem8MSoundSEFv
    __dt__31JALLinkD<16MSSetSoundMember,Ul>Fv
    __dt__49JALListGrp<13MSSetSoundGrp,Ul,16MSSetSoundMember>Fv
    __dt__31JALListD<16MSSetSoundMember,Ul>Fv
    __dt__27JSUList<16MSSetSoundMember>Fv
    __ct__10JSUPtrListFv
    __dt__29MSSetSoundTL<13MSSetSoundGrp>Fv
    __dt__24JSULink<13MSSetSoundGrp>Fv
  + __ct__29MSSetSoundTL<13MSSetSoundGrp>FUlPCcP13MSSetSoundGrpUcUcUcUcfUcffffflflfffb   (object position)
  + __dt__34JALListHioNode<13MSSetSoundGrp,Ul>Fv   (object position)
    __ct__Q214MSoundSESystem8MSoundSEFv
    randPlay__Q214MSoundSESystem10MSRandPlayFUl
    __ct__Q214MSoundSESystem10MSRandPlayFUlllff
    __dt__39JSULink<Q214MSoundSESystem10MSRandPlay>Fv
    startSeRandPlay__Q214MSoundSESystem10MSRandPlayFUlUl
    createRandPlayVecDynamic__Q214MSoundSESystem10MSRandPlayFUs
    __dt__Q214MSoundSESystem13MSRandPlayVecFv
    __ct__Q214MSoundSESystem13MSRandPlayVecFv
    __dt__42JSULink<Q214MSoundSESystem13MSRandPlayVec>Fv
    createRandPlayVec__Q214MSoundSESystem10MSRandPlayFUlUs
    registerTransDynamic__Q214MSoundSESystem10MSRandPlayFPC3Vec
    registerTrans__Q214MSoundSESystem10MSRandPlayFUlPC3Vec
    construct__Q214MSoundSESystem10MSRandPlayFUlllff
    getRandVol__Q214MSoundSESystem9MSRandVolFUl
    getRandomVolume__Q214MSoundSESystem9MSRandVolFUlUl
    __ct__Q214MSoundSESystem9MSRandVolFUl
    __dt__37JSULink<Q214MSoundSESystem9MSRandVol>Fv
    construct__Q214MSoundSESystem9MSRandVolFUl
  - __ct__31JALLinkD<16MSSetSoundMember,Ul>FP16MSSetSoundMemberUlP31JALListD<16MSSetSoundMember,Ul>   (map position)
  - __dt__27JSULink<16MSSetSoundMember>Fv   (map position)
  - __ct__29MSSetSoundTL<13MSSetSoundGrp>FUlPCcP13MSSetSoundGrpUcUcUcUcfUcffffflflfffb   (map position)
  - __dt__34JALListHioNode<13MSSetSoundGrp,Ul>Fv   (map position)
    frameLoopDyna__33JALListFrameLoop<13MSSetSoundGrp>Fv
    __ct__9JADPrm<l>FlPCc
    __ct__34JALListHioNode<13MSSetSoundGrp,Ul>FPCcUlP13MSSetSoundGrp
    __dt__28JALListS<13MSSetSoundGrp,Ul>Fv
    __dt__24JALList<13MSSetSoundGrp>Fv
  + __ct__31JALLinkD<16MSSetSoundMember,Ul>FP16MSSetSoundMemberUlP31JALListD<16MSSetSoundMember,Ul>   (object position)
  + __dt__27JSULink<16MSSetSoundMember>Fv   (object position)
    __sinit_MSoundSE_cpp
    __dt__39JSUList<Q214MSoundSESystem10MSRandPlay>Fv
    __dt__37JSUList<Q214MSoundSESystem9MSRandVol>Fv
    @20@frameLoopDyna__29MSSetSoundTL<13MSSetSoundGrp>Fv

[WARN] 1 UNUSED symbol(s) with wrong size (best-effort -- does not fail the check):
  - getRandomVolume__Q214MSoundSESystem9MSRandVolFUlUl
      map:    0x68 (104)
      object: 0x4 (4)
[ OK ] Symbol linkage (weak/local/global) matches the map.

[INFO] 20 object-only symbol(s) not in the map (usually deduplicated weak/inline helpers; not an error; -v to list).
------------------------------------------------------------------------------
RESULT: PASS with warnings (weak-symbol order; 1 UNUSED size mismatch(es) -- see above)
