Unit        : mario/Player/MarioMove
Source      : src/Player/MarioMove.cpp
Object      : build/GMSJ01/src/Player/MarioMove.o
Map TU      : Player.a MarioMove.cpp
Map symbols : 94 (26 UNUSED)   Object .text symbols: 118
reverse_fn_order: True
------------------------------------------------------------------------------

[ OK ] All map symbols are present in the object.
[ OK ] Symbol order matches the map.

[WARN] 19 UNUSED symbol(s) with wrong size (best-effort -- does not fail the check):
  - view1stMove__6TMarioFv
      map:    0xa8 (168)
      object: 0x4 (4)
  - talkMove__6TMarioFv
      map:    0x5c (92)
      object: 0x4 (4)
  - canReadBillboard__6TMarioFi
      map:    0x70 (112)
      object: 0x4 (4)
  - getActorMtx__6TMarioFRC9THitActorPA4_f
      map:    0xf0 (240)
      object: 0x4 (4)
  - checkStickSmash__6TMarioFv
      map:    0x24 (36)
      object: 0x4 (4)
  - getLRLevel__6TMarioFUc
      map:    0xd8 (216)
      object: 0x4 (4)
  - getDizzyPower__6TMarioFv
      map:    0x60 (96)
      object: 0x4 (4)
  - getDizzyAngle__6TMarioFv
      map:    0xb0 (176)
      object: 0x4 (4)
  - doReturn__6TMarioFv
      map:    0x9c (156)
      object: 0x4 (4)
  - checkGraffitoLava__6TMarioFv
      map:    0x218 (536)
      object: 0x4 (4)
  - checkGraffitoDamage__6TMarioFv
      map:    0x1d0 (464)
      object: 0x4 (4)
  - setStatusToRunning__6TMarioFUlUl
      map:    0xdc (220)
      object: 0xd8 (216)
  - setMissJumping__6TMarioFv
      map:    0x15c (348)
      object: 0x4 (4)
  - isTurnning__6TMarioFv
      map:    0x2c (44)
      object: 0x4 (4)
  - isTurnStart__6TMarioFv
      map:    0x50 (80)
      object: 0x4 (4)
  - isSlipLimit__6TMarioFv
      map:    0x20 (32)
      object: 0x4 (4)
  - changePos__6TMarioFRC3Vec
      map:    0x1c (28)
      object: 0x4 (4)
  - isSpeedZero__6TMarioFv
      map:    0x38 (56)
      object: 0x4 (4)
  - getGroundJumpPower__6TMarioCFv
      map:    0x3c (60)
      object: 0x4 (4)
[ OK ] Symbol linkage (weak/local/global) matches the map.

[INFO] 24 object-only symbol(s) not in the map (usually deduplicated weak/inline helpers; not an error; -v to list).
------------------------------------------------------------------------------
RESULT: PASS with warnings (19 UNUSED size mismatch(es) -- see above)
