Unit        : mario/JSystem/dspproc
Source      : src/JSystem/dspproc.c
Object      : build/GMSJ01/src/JSystem/dspproc.o
Map TU      : JSystem.a dspproc.c
Map symbols : 28 (23 UNUSED)   Object .text symbols: 5
reverse_fn_order: False
------------------------------------------------------------------------------

[FAIL] 23 map symbol(s) MISSING from the object:
  - DSPSendCommands__FPUlUl (UNUSED)
  - DSPWaitFinish__Fv (UNUSED)
  - Dswap__FUlUlUl (UNUSED)
  - Dmix__FUlUlUls (UNUSED)
  - Dcopy__FUlUlUl (UNUSED)
  - DloadBuffer1__FUlUl (UNUSED)
  - DloadBuffer__FUlUlUl (UNUSED)
  - DsaveBuffer__FUsUlUl (UNUSED)
  - DsetLoopState__FUl (UNUSED)
  - DadpcmDec__FUlUlUlUl (UNUSED)
  - DloadFilter__FUlUl (UNUSED)
  - DcopyfromARAM__FUlUlUl (UNUSED)
  - DoscStart__FUcUsUs (UNUSED)
  - DoscStop__FUc (UNUSED)
  - DoscStore__FUl (UNUSED)
  - Dmixer__FUlUl (UNUSED)
  - Dresampletest__Fv (UNUSED)
  - Dadpcmtest__FUl (UNUSED)
  - wait_callback__FUs (UNUSED)
  - DwaitFrame__Fv (UNUSED)
  - DiplSec__FUlPFUs_v (UNUSED)
  - DagbSec__FUlPFUs_v (UNUSED)
  - dummy_callback__FUs (UNUSED)
[ OK ] Symbol order matches the map.
[ OK ] UNUSED symbol sizes match (0/23 checked).
[ OK ] Symbol linkage (weak/local/global) matches the map.
------------------------------------------------------------------------------
RESULT: FAIL (1 error category/categories)
