Unit        : mario/JSystem/JUtility/JUTDbPrint
Source      : src/JSystem/JUtility/JUTDbPrint.cpp
Object      : build/GMSJ01/src/JSystem/JUtility/JUTDbPrint.o
Map TU      : JSystem.a JUTDbPrint.cpp
Map symbols : 13 (12 UNUSED)   Object .text symbols: 2
reverse_fn_order: False
------------------------------------------------------------------------------

[FAIL] 12 map symbol(s) MISSING from the object:
  - start__10JUTDbPrintFP7JUTFont (UNUSED)
  - __ct__10JUTDbPrintFP7JUTFont (UNUSED)
  - __dt__10JUTDbPrintFv (UNUSED)
  - changeFont__10JUTDbPrintFP7JUTFont (UNUSED)
  - enter__10JUTDbPrintFiiiPCci (UNUSED)
  - print__10JUTDbPrintFiiPCce (UNUSED)
  - print__10JUTDbPrintFiiiPCce (UNUSED)
  - reset__10JUTDbPrintFv (UNUSED)
  - flush__10JUTDbPrintFv (UNUSED)
  - drawString__10JUTDbPrintFiiiPCUc (UNUSED)
  - JUTReport__FiiPCce (UNUSED)
  - JUTReport__FiiiPCce (UNUSED)
[ OK ] Symbol order matches the map.
[ OK ] UNUSED symbol sizes match (0/12 checked).
[ OK ] Symbol linkage (weak/local/global) matches the map.

[INFO] 1 object-only symbol(s) not in the map (usually deduplicated weak/inline helpers; not an error; -v to list).
------------------------------------------------------------------------------
RESULT: FAIL (1 error category/categories)
