Unit        : mario/JSystem/JAudio/JAInterface/JAIGlobalParameter
Source      : src/JSystem/JAudio/JAInterface/JAIGlobalParameter.cpp
Object      : build/GMSJ01/src/JSystem/JAudio/JAInterface/JAIGlobalParameter.o
Map TU      : JSystem.a JAIGlobalParameter.cpp
Map symbols : 105 (81 UNUSED)   Object .text symbols: 105
reverse_fn_order: False
------------------------------------------------------------------------------

[ OK ] All map symbols are present in the object.
[ OK ] Symbol order matches the map.

[WARN] 12 UNUSED symbol(s) with wrong size (best-effort -- does not fail the check):
  - setParamInitFileLoadSwitch__18JAIGlobalParameterFUc
      map:    0xc (12)
      object: 0x4 (4)
  - setParamStreamDecodedBufferBlocks__18JAIGlobalParameterFUl
      map:    0x20 (32)
      object: 0x4 (4)
  - setParamPanDistanceMax__18JAIGlobalParameterFf
      map:    0x14 (20)
      object: 0x8 (8)
  - setParamPanAngleParameter__18JAIGlobalParameterFf
      map:    0x20 (32)
      object: 0x8 (8)
  - getParamInitFileLoadSwitch__18JAIGlobalParameterFv
      map:    0xc (12)
      object: 0x8 (8)
  - getParamInitDataPointer__18JAIGlobalParameterFv
      map:    0xc (12)
      object: 0x8 (8)
  - getParamSoundOutputMode__18JAIGlobalParameterFv
      map:    0xc (12)
      object: 0x8 (8)
  - getParamInitDataLoadOffFlag__18JAIGlobalParameterFv
      map:    0x20 (32)
      object: 0x8 (8)
  - getParamStreamUseOffFlag__18JAIGlobalParameterFv
      map:    0x20 (32)
      object: 0x8 (8)
  - getParamSeDolbyCenterValue__18JAIGlobalParameterFv
      map:    0x8 (8)
      object: 0x1c (28)
  - getParamSeqEntryCancelFlag__18JAIGlobalParameterFv
      map:    0x20 (32)
      object: 0x8 (8)
  - getParamStreamEntryCancelFlag__18JAIGlobalParameterFv
      map:    0x20 (32)
      object: 0x8 (8)
[ OK ] Symbol linkage (weak/local/global) matches the map.
------------------------------------------------------------------------------
RESULT: PASS with warnings (12 UNUSED size mismatch(es) -- see above)
