Unit        : mario/Enemy/bosspakkun
Source      : src/Enemy/bosspakkun.cpp
Object      : build/GMSJ01/src/Enemy/bosspakkun.o
Map TU      : Enemy.a bosspakkun.cpp
Map symbols : 151 (25 UNUSED)   Object .text symbols: 0
reverse_fn_order: True
------------------------------------------------------------------------------

[FAIL] 151 map symbol(s) MISSING from the object:
  - __dt__15TNerveBPCannonLFv
  - execute__15TNerveBPCannonLCFP24TSpineBase<10TLiveActor>
  - __dt__13TNerveBPWaitLFv
  - theNerve__15TNerveBPCannonLFv
  - execute__13TNerveBPWaitLCFP24TSpineBase<10TLiveActor>
  - theNerve__13TNerveBPWaitLFv
  - execute__18TNerveBPBreakSleepCFP24TSpineBase<10TLiveActor>
  - __dt__15TNerveBPTakeOffFv
  - theNerve__18TNerveBPBreakSleepFv
  - __dt__18TNerveBPBreakSleepFv
  - execute__13TNerveBPSleepCFP24TSpineBase<10TLiveActor>
  - theNerve__13TNerveBPSleepFv
  - __dt__13TNerveBPSleepFv
  - execute__12TNerveBPFallCFP24TSpineBase<10TLiveActor>
  - __dt__15TNerveBPTornadoFv
  - __dt__12TNerveBPWaitFv
  - __dt__13TNerveBPVomitFv
  - theNerve__12TNerveBPFallFv
  - __dt__12TNerveBPFallFv
  - execute__13TNerveBPHoverCFP24TSpineBase<10TLiveActor>
  - __dt__11TNerveBPFlyFv
  - __dt__16TNerveBPFlyPivotFv
  - __dt__17TNerveBPFlyCannonFv
  - __dt__13TNerveBPHoverFv
  - theNerve__13TNerveBPHoverFv
  - execute__16TNerveBPFlyPivotCFP24TSpineBase<10TLiveActor>
  - theNerve__16TNerveBPFlyPivotFv
  - execute__17TNerveBPFlyCannonCFP24TSpineBase<10TLiveActor>
  - theNerve__17TNerveBPFlyCannonFv
  - execute__17TNerveBPTouchDownCFP24TSpineBase<10TLiveActor>
  - theNerve__17TNerveBPTouchDownFv
  - __dt__17TNerveBPTouchDownFv
  - execute__11TNerveBPFlyCFP24TSpineBase<10TLiveActor>
  - theNerve__11TNerveBPFlyFv
  - execute__15TNerveBPTakeOffCFP24TSpineBase<10TLiveActor>
  - theNerve__15TNerveBPTakeOffFv
  - execute__11TNerveBPDieCFP24TSpineBase<10TLiveActor>
  - theNerve__11TNerveBPDieFv
  - __dt__11TNerveBPDieFv
  - execute__14TNerveBPPreDieCFP24TSpineBase<10TLiveActor>
  - theNerve__14TNerveBPPreDieFv
  - __dt__14TNerveBPPreDieFv
  - execute__17TNerveBPJumpReactCFP24TSpineBase<10TLiveActor>
  - theNerve__17TNerveBPJumpReactFv
  - __dt__17TNerveBPJumpReactFv
  - execute__18TNerveBPStompReactCFP24TSpineBase<10TLiveActor>
  - theNerve__18TNerveBPStompReactFv
  - __dt__18TNerveBPStompReactFv
  - execute__13TNerveBPSwingCFP24TSpineBase<10TLiveActor>
  - theNerve__13TNerveBPSwingFv
  - __dt__13TNerveBPSwingFv
  - execute__13TNerveBPGetUpCFP24TSpineBase<10TLiveActor>
  - theNerve__13TNerveBPGetUpFv
  - __dt__13TNerveBPGetUpFv
  - execute__17TNerveBPTumbleOutCFP24TSpineBase<10TLiveActor>
  - theNerve__17TNerveBPTumbleOutFv
  - __dt__17TNerveBPTumbleOutFv
  - execute__14TNerveBPTumbleCFP24TSpineBase<10TLiveActor>
  - theNerve__14TNerveBPTumbleFv
  - __dt__14TNerveBPTumbleFv
  - execute__16TNerveBPTumbleInCFP24TSpineBase<10TLiveActor>
  - theNerve__16TNerveBPTumbleInFv
  - __dt__16TNerveBPTumbleInFv
  - execute__15TNerveBPSwallowCFP24TSpineBase<10TLiveActor>
  - theNerve__15TNerveBPSwallowFv
  - __dt__15TNerveBPSwallowFv
  - execute__13TNerveBPPivotCFP24TSpineBase<10TLiveActor>
  - theNerve__13TNerveBPPivotFv
  - __dt__13TNerveBPPivotFv
  - execute__15TNerveBPTornadoCFP24TSpineBase<10TLiveActor>
  - theNerve__15TNerveBPTornadoFv
  - execute__13TNerveBPVomitCFP24TSpineBase<10TLiveActor>
  - set<f>__Q29JGeometry8TVec3<f>Ffff
  - theNerve__13TNerveBPVomitFv
  - execute__14TNerveBPCannonCFP24TSpineBase<10TLiveActor>
  - theNerve__14TNerveBPCannonFv
  - __dt__14TNerveBPCannonFv
  - execute__12TNerveBPWaitCFP24TSpineBase<10TLiveActor>
  - MsWrap<f>__Ffff
  - theNerve__12TNerveBPWaitFv
  - load__18TBossPakkunManagerFR20JSUMemoryInputStream
  - createModelData__18TBossPakkunManagerFv
  - initJParticle__18TBossPakkunManagerFv (UNUSED)
  - __ct__18TBossPakkunManagerFPCci
  - perform__11TBossPakkunFUlPQ26JDrama9TGraphics
  - receiveMessage__11TBossPakkunFP9THitActorUl
  - kill__11TBossPakkunFv
  - setGroundCollision__11TBossPakkunFv
  - getBasNameTable__11TBossPakkunCFv
  - flyToCurPathNode__11TBossPakkunFff (UNUSED)
  - changeBck__11TBossPakkunFi
  - killSmallEnemies__11TBossPakkunFv (UNUSED)
  - launchTornado__11TBossPakkunFv (UNUSED)
  - launchPolDrop__11TBossPakkunFv
  - gotTrampleDamage__11TBossPakkunFv (UNUSED)
  - gotHipDropDamage__11TBossPakkunFv
  - gotWaterDamage__11TBossPakkunFv (UNUSED)
  - gotFlyingDamage__11TBossPakkunFv (UNUSED)
  - inArea__11TBossPakkunFRCQ29JGeometry8TVec3<f> (UNUSED)
  - resetWaterMark__11TBossPakkunFv (UNUSED)
  - startTornadoBlur__11TBossPakkunFv (UNUSED)
  - ignoreWaterCheck__11TBossPakkunFv (UNUSED)
  - is2ndFightNow__11TBossPakkunCFv (UNUSED)
  - showMessage__11TBossPakkunFUl
  - rumblePad__11TBossPakkunFiRCQ29JGeometry8TVec3<f>
  - startBGM__11TBossPakkunFv (UNUSED)
  - checkMarioRiding__11TBossPakkunFv
  - init__11TBossPakkunFP12TLiveManager
  - __ct__11TBossPakkunFPCc
  - calc__18TBossPakkunMtxCalcFUs
  - setAnm__18TBossPakkunMtxCalcFi (UNUSED)
  - joinAnm__18TBossPakkunMtxCalcFi (UNUSED)
  - calcHeadDir__18TBossPakkunMtxCalcFUs
  - calcBellyScale__18TBossPakkunMtxCalcFUs
  - __ct__18TBossPakkunMtxCalcFP11TBossPakkun (UNUSED)
  - perform__8TBPNavelFUlPQ26JDrama9TGraphics
  - receiveMessage__8TBPNavelFP9THitActorUl
  - __ct__8TBPNavelFP11TBossPakkunPCc (UNUSED)
  - perform__10TBPHeadHitFUlPQ26JDrama9TGraphics
  - throwActor__10TBPHeadHitFP9THitActor
  - receiveMessage__10TBPHeadHitFP9THitActorUl
  - __ct__10TBPHeadHitFP11TBossPakkunPCc (UNUSED)
  - launch__10TBPTornadoFRCQ29JGeometry8TVec3<f> (UNUSED)
  - perform__10TBPTornadoFUlPQ26JDrama9TGraphics
  - vanish__10TBPTornadoFv (UNUSED)
  - __ct__10TBPTornadoFP11TBossPakkunPCc
  - perform__8TBPVomitFUlPQ26JDrama9TGraphics
  - vomitFinished__8TBPVomitFv (UNUSED)
  - vomit__8TBPVomitFv (UNUSED)
  - __ct__8TBPVomitFP11TBossPakkunPCc (UNUSED)
  - perform__10TBPPolDropFUlPQ26JDrama9TGraphics
  - launch__10TBPPolDropFRCQ29JGeometry8TVec3<f>RCQ29JGeometry8TVec3<f> (UNUSED)
  - move__10TBPPolDropFv
  - drop__10TBPPolDropFv (UNUSED)
  - __ct__10TBPPolDropFP11TBossPakkunPCc
  - __ct__17TBossPakkunParamsFPCc
  - __dt__18TBossPakkunManagerFv
  - __dt__11TBossPakkunFv
  - __dt__18TBossPakkunMtxCalcFv
  - __dt__8TBPNavelFv
  - __dt__10TBPHeadHitFv
  - __dt__10TBPTornadoFv
  - __dt__8TBPVomitFv
  - __dt__10TBPPolDropFv
  - __sinit_bosspakkun_cpp
  - @32@__dt__10TBPPolDropFv
  - @32@__dt__10TBPTornadoFv
  - @32@__dt__10TBPHeadHitFv
  - @32@__dt__8TBPNavelFv
  - @104@4@calc__18TBossPakkunMtxCalcFUs
  - @32@__dt__11TBossPakkunFv
[ OK ] Symbol order matches the map.
[ OK ] UNUSED symbol sizes match (0/25 checked).
[ OK ] Symbol linkage (weak/local/global) matches the map.
------------------------------------------------------------------------------
RESULT: FAIL (1 error category/categories)
