Unit        : mario/Enemy/coasterkiller
Source      : src/Enemy/coasterkiller.cpp
Object      : build/GMSJ01/src/Enemy/coasterkiller.o
Map TU      : Enemy.a coasterkiller.cpp
Map symbols : 42 (5 UNUSED)   Object .text symbols: 82
reverse_fn_order: True
------------------------------------------------------------------------------

[FAIL] 3 map symbol(s) MISSING from the object:
  - __ct__28TCoasterKillerSaveLoadParamsFPCc (UNUSED)
  - __ct__19TCoasterEnemyParamsFPCc (UNUSED)
  - __sinit_coasterkiller_cpp
[ OK ] Symbol order matches the map.
[ OK ] UNUSED symbol sizes match (3/5 checked).

[FAIL] 1 symbol(s) with wrong linkage (weak/local/global):
  - setNormalFlyAnm__13TCoasterEnemyFv
      map:    weak
      object: global

[INFO] 43 object-only symbol(s) not in the map (usually deduplicated weak/inline helpers; not an error; -v to list).
------------------------------------------------------------------------------
RESULT: FAIL (2 error category/categories)
