Unit        : mario/Enemy/SleepBossHanachan
Source      : src/Enemy/SleepBossHanachan.cpp
Object      : build/GMSJ01/src/Enemy/SleepBossHanachan.o
Map TU      : Enemy.a SleepBossHanachan.cpp
Map symbols : 14 (0 UNUSED)   Object .text symbols: 0
reverse_fn_order: True
------------------------------------------------------------------------------

[FAIL] 14 map symbol(s) MISSING from the object:
  - __dt__14TNerveSBH_FallFv
  - execute__14TNerveSBH_FallCFP24TSpineBase<10TLiveActor>
  - __dt__23TNerveSBH_SleepContinueFv
  - theNerve__14TNerveSBH_FallFv
  - execute__23TNerveSBH_SleepContinueCFP24TSpineBase<10TLiveActor>
  - theNerve__23TNerveSBH_SleepContinueFv
  - startFall__18TSleepBossHanachanFfff
  - getBasNameTable__18TSleepBossHanachanCFv
  - calcRootMatrix__18TSleepBossHanachanFv
  - init__18TSleepBossHanachanFP12TLiveManager
  - createModelData__25TSleepBossHanachanManagerFv
  - __dt__18TSleepBossHanachanFv
  - __dt__25TSleepBossHanachanManagerFv
  - @32@__dt__18TSleepBossHanachanFv
[ OK ] Symbol order matches the map.
[ OK ] Symbol linkage (weak/local/global) matches the map.
------------------------------------------------------------------------------
RESULT: FAIL (1 error category/categories)
