Unit        : mario/dolphin/gx/GXMisc
Source      : src/dolphin/gx/GXMisc.c
Object      : build/GMSJ01/src/dolphin/gx/GXMisc.o
Map TU      : gx.a GXMisc.c
Map symbols : 31 (10 UNUSED)   Object .text symbols: 21
reverse_fn_order: False
------------------------------------------------------------------------------

[FAIL] 10 map symbol(s) MISSING from the object:
  - GXResetWriteGatherPipe (UNUSED)
  - __GXAbort (UNUSED)
  - GXAbortFrame (UNUSED)
  - GXReadDrawSync (UNUSED)
  - GXTexModeSync (UNUSED)
  - GXPokeARGB (UNUSED)
  - GXPokeZ (UNUSED)
  - GXSetDrawDoneCallback (UNUSED)
  - GXCompressZ16 (UNUSED)
  - GXDecompressZ16 (UNUSED)
[ OK ] Symbol order matches the map.
[ OK ] UNUSED symbol sizes match (0/10 checked).
[ OK ] Symbol linkage (weak/local/global) matches the map.
------------------------------------------------------------------------------
RESULT: FAIL (1 error category/categories)
