Unit        : mario/Enemy/enemytable
Source      : src/Enemy/enemytable.cpp
Object      : build/GMSJ01/src/Enemy/enemytable.o
Map TU      : Enemy.a enemytable.cpp
Map symbols : 10 (1 UNUSED)   Object .text symbols: 13
reverse_fn_order: True
------------------------------------------------------------------------------

[FAIL] 1 map symbol(s) MISSING from the object:
  - __dt__Q27JGadget35TVector_pointer<P15TStageEnemyInfo>Fv (UNUSED)

[WARN] Only weak symbols are out of order (compiler-controlled -- does not fail the check):
    __dt__15TStageEnemyInfoFv
    getMatchedInfo__20TStageEnemyInfoTableFl
    __ct__20TStageEnemyInfoTableFPCc
    __dt__53TNameRefPtrAryT<15TStageEnemyInfo,Q26JDrama8TNameRef>Fv
    load__15TStageEnemyInfoFR20JSUMemoryInputStream
    __dt__20TStageEnemyInfoTableFv
  + searchF__53TNameRefPtrAryT<15TStageEnemyInfo,Q26JDrama8TNameRef>FUsPCc   (object position)
    loadAfter__53TNameRefPtrAryT<15TStageEnemyInfo,Q26JDrama8TNameRef>Fv
  - searchF__53TNameRefPtrAryT<15TStageEnemyInfo,Q26JDrama8TNameRef>FUsPCc   (map position)
    load__53TNameRefPtrAryT<15TStageEnemyInfo,Q26JDrama8TNameRef>FR20JSUMemoryInputStream
[ OK ] UNUSED symbol sizes match (0/1 checked).
[ OK ] Symbol linkage (weak/local/global) matches the map.

[INFO] 4 object-only symbol(s) not in the map (usually deduplicated weak/inline helpers; not an error; -v to list).
------------------------------------------------------------------------------
RESULT: FAIL (1 error category/categories, weak-symbol order warning(s))
