Unit        : mario/Enemy/graph
Source      : src/Enemy/graph.cpp
Object      : build/GMSJ01/src/Enemy/graph.o
Map TU      : Enemy.a graph.cpp
Map symbols : 47 (13 UNUSED)   Object .text symbols: 47
reverse_fn_order: True
------------------------------------------------------------------------------

[ OK ] All map symbols are present in the object.
[ OK ] Symbol order matches the map.

[WARN] 8 UNUSED symbol(s) with wrong size (best-effort -- does not fail the check):
  - __dt__11TGraphGroupFv
      map:    0x94 (148)
      object: 0x40 (64)
  - getDesignatedNodeIndex__9TGraphWebCFUlif
      map:    0x208 (520)
      object: 0x4 (4)
  - isOnePath__9TGraphWebCFv
      map:    0xa0 (160)
      object: 0x4 (4)
  - getNodeIndexInXZRange__9TGraphWebCFRCQ29JGeometry8TVec3<f>fUl
      map:    0x160 (352)
      object: 0x4 (4)
  - findNearestNodeIndexCheckY__9TGraphWebCFRCQ29JGeometry8TVec3<f>fUl
      map:    0x114 (276)
      object: 0x4 (4)
  - findFarthestNodeIndex__9TGraphWebCFRCQ29JGeometry8TVec3<f>Ul
      map:    0xfc (252)
      object: 0x4 (4)
  - getAimToGoalNextIndex__9TGraphWebCFiiUlf
      map:    0x1b4 (436)
      object: 0x4 (4)
  - getNthT__11TSplineRailFi
      map:    0x24 (36)
      object: 0x14 (20)
[ OK ] Symbol linkage (weak/local/global) matches the map.
------------------------------------------------------------------------------
RESULT: PASS with warnings (8 UNUSED size mismatch(es) -- see above)
