Unit        : mario/Enemy/namekuri
Source      : src/Enemy/namekuri.cpp
Object      : build/GMSJ01/src/Enemy/namekuri.o
Map TU      : Enemy.a namekuri.cpp
Map symbols : 71 (5 UNUSED)   Object .text symbols: 122
reverse_fn_order: True
------------------------------------------------------------------------------

[ OK ] All map symbols are present in the object.
[ OK ] Symbol order matches the map.

[WARN] 1 UNUSED symbol(s) with wrong size (best-effort -- does not fail the check):
  - canJumpAttack__9TNameKuriCFv
      map:    0x50 (80)
      object: 0x4 (4)

[FAIL] 2 symbol(s) with wrong linkage (weak/local/global):
  - NameKuriScaleCallback__FP7J3DNodei
      map:    local
      object: global
  - NameKuriAttackCallback__FP7J3DNodei
      map:    local
      object: global

[INFO] 51 object-only symbol(s) not in the map (usually deduplicated weak/inline helpers; not an error; -v to list).
------------------------------------------------------------------------------
RESULT: FAIL (1 error category/categories, 1 UNUSED size mismatch(es) warning(s))
