Unit        : mario/Enemy/cannon
Source      : src/Enemy/cannon.cpp
Object      : build/GMSJ01/src/Enemy/cannon.o
Map TU      : Enemy.a cannon.cpp
Map symbols : 80 (25 UNUSED)   Object .text symbols: 0
reverse_fn_order: True
------------------------------------------------------------------------------

[FAIL] 80 map symbol(s) MISSING from the object:
  - __dt__18TNerveCannonObjectFv
  - execute__18TNerveCannonObjectCFP24TSpineBase<10TLiveActor>
  - theNerve__18TNerveCannonObjectFv (UNUSED)
  - execute__22TNerveCannonDamageDemoCFP24TSpineBase<10TLiveActor>
  - theNerve__22TNerveCannonDamageDemoFv (UNUSED)
  - __dt__22TNerveCannonDamageDemoFv
  - execute__18TNerveCannonDamageCFP24TSpineBase<10TLiveActor>
  - __dt__18TNerveCannonSearchFv
  - theNerve__18TNerveCannonDamageFv (UNUSED)
  - __dt__18TNerveCannonDamageFv
  - execute__17TNerveCannonCloseCFP24TSpineBase<10TLiveActor>
  - __dt__16TNerveCannonOpenFv
  - theNerve__17TNerveCannonCloseFv (UNUSED)
  - __dt__17TNerveCannonCloseFv
  - execute__26TNerveCannonForceBombShootCFP24TSpineBase<10TLiveActor>
  - theNerve__26TNerveCannonForceBombShootFv (UNUSED)
  - __dt__26TNerveCannonForceBombShootFv
  - execute__17TNerveCannonShootCFP24TSpineBase<10TLiveActor>
  - theNerve__17TNerveCannonShootFv (UNUSED)
  - __dt__17TNerveCannonShootFv
  - execute__18TNerveCannonSearchCFP24TSpineBase<10TLiveActor>
  - theNerve__18TNerveCannonSearchFv (UNUSED)
  - execute__16TNerveCannonOpenCFP24TSpineBase<10TLiveActor>
  - theNerve__16TNerveCannonOpenFv (UNUSED)
  - startChorobeiShout__7TCannonFv
  - gateOpen__7TCannonFv (UNUSED)
  - killShootAct__7TCannonFv (UNUSED)
  - isObject__7TCannonFv
  - turnToGoal__7TCannonFv (UNUSED)
  - startMarioDemo__7TCannonFv (UNUSED)
  - startDemo__7TCannonFv (UNUSED)
  - deadCannon__7TCannonFv (UNUSED)
  - setKillerGoalPoint__7TCannonFv
  - damage__7TCannonFv (UNUSED)
  - endKillerShoot__7TCannonFv (UNUSED)
  - killerShoot__7TCannonFv
  - MsWrap<f>__Ffff
  - updateAttachPos__7TCannonFv (UNUSED)
  - hitHead__7TCannonFP8TBombHei (UNUSED)
  - bombScaleUp__7TCannonFv (UNUSED)
  - bombShoot__7TCannonFv
  - bombSet__7TCannonFv
  - getTakingMtx__7TCannonFv
  - calcRootMatrix__7TCannonFv
  - perform__7TCannonFUlPQ26JDrama9TGraphics
  - getBasNameTable__7TCannonCFv
  - entryObjCollision__7TCannonFv (UNUSED)
  - calcObjCollision__7TCannonFv (UNUSED)
  - receiveMessage__7TCannonFP9THitActorUl
  - moveObject__7TCannonFv
  - reset__7TCannonFv
  - init__7TCannonFP12TLiveManager
  - loadAfter__7TCannonFv
  - load__7TCannonFR20JSUMemoryInputStream
  - __ct__7TCannonFPCc
  - setBckAnm__10TCannonDomFi (UNUSED)
  - perform__10TCannonDomFUlPQ26JDrama9TGraphics
  - __ct__10TCannonDomFP10TLiveActoriP12SDLModelDataUlPCc
  - isDownEnd__9TChorobeiFv (UNUSED)
  - isUpEnd__9TChorobeiFv (UNUSED)
  - receiveMessage__9TChorobeiFP9THitActorUl
  - checkHit__9TChorobeiFv
  - setBckAnm__9TChorobeiFi (UNUSED)
  - perform__9TChorobeiFUlPQ26JDrama9TGraphics
  - __ct__9TChorobeiFP7TCannoniPCc
  - createEnemyInstance__14TCannonManagerFv
  - load__14TCannonManagerFR20JSUMemoryInputStream
  - __ct__14TCannonManagerFPCc
  - __ct__21TCannonSaveLoadParamsFPCc
  - isCollidMove__7TCannonFP9THitActor
  - isHitVallid__7TCannonFUl
  - isInhibitedForceMove__7TCannonFv
  - __dt__7TCannonFv
  - __dt__10TCannonDomFv
  - __dt__9TChorobeiFv
  - __dt__14TCannonManagerFv
  - clipEnemies__14TCannonManagerFPQ26JDrama9TGraphics
  - __sinit_cannon_cpp
  - @32@__dt__9TChorobeiFv
  - @32@__dt__7TCannonFv
[ OK ] Symbol order matches the map.
[ OK ] UNUSED symbol sizes match (0/25 checked).
[ OK ] Symbol linkage (weak/local/global) matches the map.
------------------------------------------------------------------------------
RESULT: FAIL (1 error category/categories)
