Unit        : mario/Player/ModelWaterManager
Source      : src/Player/ModelWaterManager.cpp
Object      : build/GMSJ01/src/Player/ModelWaterManager.o
Map TU      : Player.a ModelWaterManager.cpp
Map symbols : 40 (13 UNUSED)   Object .text symbols: 61
reverse_fn_order: True
------------------------------------------------------------------------------

[FAIL] 1 map symbol(s) MISSING from the object:
  - @32@__dt__14TWaterHitActorFv
[ OK ] Symbol order matches the map.

[WARN] 4 UNUSED symbol(s) with wrong size (best-effort -- does not fail the check):
  - init_sphere_glist__Fv
      map:    0x1c (28)
      object: 0x4 (4)
  - splashWallPosSize__18TModelWaterManagerFRCQ29JGeometry8TVec3<f>f
      map:    0x90 (144)
      object: 0x4 (4)
  - touchingExec__18TModelWaterManagerFi
      map:    0xcc (204)
      object: 0x4 (4)
  - getWaterAlpha__18TModelWaterManagerCFv
      map:    0x8 (8)
      object: 0x4 (4)
[ OK ] Symbol linkage (weak/local/global) matches the map.

[INFO] 22 object-only symbol(s) not in the map (usually deduplicated weak/inline helpers; not an error; -v to list).
------------------------------------------------------------------------------
RESULT: FAIL (1 error category/categories, 4 UNUSED size mismatch(es) warning(s))
