Unit        : mario/Player/MarioCheckCol
Source      : src/Player/MarioCheckCol.cpp
Object      : build/GMSJ01/src/Player/MarioCheckCol.o
Map TU      : Player.a MarioCheckCol.cpp
Map symbols : 19 (14 UNUSED)   Object .text symbols: 35
reverse_fn_order: True
------------------------------------------------------------------------------

[ OK ] All map symbols are present in the object.
[ OK ] Symbol order matches the map.

[WARN] 4 UNUSED symbol(s) with wrong size (best-effort -- does not fail the check):
  - hitSurfingBoard__6TMarioFP9THitActor
      map:    0x90 (144)
      object: 0x4 (4)
  - hitPool__6TMarioFP9THitActor
      map:    0x88 (136)
      object: 0x4 (4)
  - hitPull__6TMarioFP9THitActor
      map:    0xc4 (196)
      object: 0x4 (4)
  - hitHipDrop__6TMarioFP9THitActor
      map:    0x6c (108)
      object: 0x68 (104)
[ OK ] Symbol linkage (weak/local/global) matches the map.

[INFO] 16 object-only symbol(s) not in the map (usually deduplicated weak/inline helpers; not an error; -v to list).
------------------------------------------------------------------------------
RESULT: PASS with warnings (4 UNUSED size mismatch(es) -- see above)
