Unit        : mario/JSystem/J3D/J3DGraphAnimator/J3DAnimation
Source      : src/JSystem/J3D/J3DGraphAnimator/J3DAnimation.cpp
Object      : build/GMSJ01/src/JSystem/J3D/J3DGraphAnimator/J3DAnimation.o
Map TU      : JSystem.a J3DAnimation.cpp
Map symbols : 43 (3 UNUSED)   Object .text symbols: 43
reverse_fn_order: False
------------------------------------------------------------------------------

[FAIL] 3 map symbol(s) MISSING from the object:
  - isLegal__10J3DAnmBaseCFPc (UNUSED)
  - calcPostTransform__19J3DAnmTextureSRTKeyCFfUsP17J3DTextureSRTInfo (UNUSED)
  - getVisibility__20J3DAnmVisibilityFullCFUsPUc (UNUSED)
[ OK ] Symbol order matches the map.
[ OK ] UNUSED symbol sizes match (0/3 checked).

[FAIL] 2 symbol(s) with wrong linkage (weak/local/global):
  - J3DGetKeyFrameInterpolation<s>__FfP18J3DAnmKeyTableBasePs
      map:    local
      object: weak
  - J3DGetKeyFrameInterpolation<f>__FfP18J3DAnmKeyTableBasePf
      map:    local
      object: weak

[INFO] 3 object-only symbol(s) not in the map (usually deduplicated weak/inline helpers; not an error; -v to list).
------------------------------------------------------------------------------
RESULT: FAIL (2 error category/categories)
