Unit        : mario/Map/MapMirror
Source      : src/Map/MapMirror.cpp
Object      : build/GMSJ01/src/Map/MapMirror.o
Map TU      : Map.a MapMirror.cpp
Map symbols : 35 (8 UNUSED)   Object .text symbols: 61
reverse_fn_order: True
------------------------------------------------------------------------------

[FAIL] 1 map symbol(s) MISSING from the object:
  - scaleAdd__Q29JGeometry8TVec3<f>FfRCQ29JGeometry8TVec3<f>RCQ29JGeometry8TVec3<f>

[FAIL] Non-weak symbol ORDER differs from the map (weak & object-only symbols ignored):
    perform__17TMirrorMapDrawBufFUlPQ26JDrama9TGraphics
    __ct__19TMirrorModelManagerFPCc
    load__19TMirrorModelManagerFR20JSUMemoryInputStream
    registerObjMirror__19TMirrorModelManagerFP12TMirrorModel
    loadAfter__19TMirrorModelManagerFv
    findMirrorCamera__19TMirrorModelManagerFv
    perform__19TMirrorModelManagerFUlPQ26JDrama9TGraphics
  - set<f>__Q29JGeometry8TVec3<f>Ffff   (map position)
    isInMirror__19TMirrorModelManagerCFRQ29JGeometry8TVec3<f>
    isUpperThanMirrorPlane__19TMirrorModelManagerCFRCQ29JGeometry8TVec3<f>
    init__15TMirrorModelObjFPCc
    calc__15TMirrorModelObjFv
    setPlane__15TMirrorModelObjFv
    __ct__12TMirrorModelFv
    init__12TMirrorModelFPCc
    getMirrorTexInfo__12TMirrorModelFv
    calcView__12TMirrorModelFv
    entry__12TMirrorModelFv
    initPlaneInfo__12TMirrorModelFv
    setPlane__12TMirrorModelFv
    getVertexFormat__FPC12J3DModelData7_GXAttr
    __ct__13TMirrorCameraFPCc
  + set<f>__Q29JGeometry8TVec3<f>Ffff   (object position)
    calcEffectMtx__13TMirrorCameraFPA4_f
    drawSetting__13TMirrorCameraFPA4_f
    perform__13TMirrorCameraFUlPQ26JDrama9TGraphics
    makeMirrorViewMtx__13TMirrorCameraFv
    __sinit_MapMirror_cpp

[WARN] 5 UNUSED symbol(s) with wrong size (best-effort -- does not fail the check):
  - getMirrorTexInfo__12TMirrorModelFv
      map:    0x18 (24)
      object: 0x4 (4)
  - calcView__12TMirrorModelFv
      map:    0x24 (36)
      object: 0x4 (4)
  - entry__12TMirrorModelFv
      map:    0x200 (512)
      object: 0x4 (4)
  - calcEffectMtx__13TMirrorCameraFPA4_f
      map:    0x70 (112)
      object: 0x4 (4)
  - makeMirrorViewMtx__13TMirrorCameraFv
      map:    0x120 (288)
      object: 0x4 (4)
[ OK ] Symbol linkage (weak/local/global) matches the map.

[INFO] 27 object-only symbol(s) not in the map (usually deduplicated weak/inline helpers; not an error; -v to list).
------------------------------------------------------------------------------
RESULT: FAIL (2 error category/categories, 5 UNUSED size mismatch(es) warning(s))
