Unit        : mario/Strategic/liveinterp
Source      : src/Strategic/liveinterp.cpp
Object      : build/GMSJ01/src/Strategic/liveinterp.o
Map TU      : Strategic.a liveinterp.cpp
Map symbols : 13 (1 UNUSED)   Object .text symbols: 14
reverse_fn_order: True
------------------------------------------------------------------------------

[ OK ] All map symbols are present in the object.
[ OK ] Symbol order matches the map.

[WARN] 1 UNUSED symbol(s) with wrong size (best-effort -- does not fail the check):
  - linSetSubBck__FP29TSpcTypedInterp<10TLiveActor>Ul
      map:    0x1b4 (436)
      object: 0x4 (4)

[FAIL] 10 symbol(s) with wrong linkage (weak/local/global):
  - linPushNerve__FP29TSpcTypedInterp<10TLiveActor>Ul
      map:    local
      object: global
  - linSetSRT__FP29TSpcTypedInterp<10TLiveActor>Ul
      map:    local
      object: global
  - linGetSRT__FP29TSpcTypedInterp<10TLiveActor>Ul
      map:    local
      object: global
  - linSetAnmRate__FP29TSpcTypedInterp<10TLiveActor>Ul
      map:    local
      object: global
  - linSetBls__FP29TSpcTypedInterp<10TLiveActor>Ul
      map:    local
      object: global
  - linSetBlk__FP29TSpcTypedInterp<10TLiveActor>Ul
      map:    local
      object: global
  - linSetBtk__FP29TSpcTypedInterp<10TLiveActor>Ul
      map:    local
      object: global
  - linSetBtp__FP29TSpcTypedInterp<10TLiveActor>Ul
      map:    local
      object: global
  - linSetBpk__FP29TSpcTypedInterp<10TLiveActor>Ul
      map:    local
      object: global
  - linSetBck__FP29TSpcTypedInterp<10TLiveActor>Ul
      map:    local
      object: global

[INFO] 1 object-only symbol(s) not in the map (usually deduplicated weak/inline helpers; not an error; -v to list).
------------------------------------------------------------------------------
RESULT: FAIL (1 error category/categories, 1 UNUSED size mismatch(es) warning(s))
