Unit        : mario/GC2D/SelectShine2
Source      : src/GC2D/SelectShine2.cpp
Object      : build/GMSJ01/src/GC2D/SelectShine2.o
Map TU      : GC2D.a SelectShine2.cpp
Map symbols : 18 (3 UNUSED)   Object .text symbols: 0
reverse_fn_order: True
------------------------------------------------------------------------------

[FAIL] 18 map symbol(s) MISSING from the object:
  - __dt__12TSelectShineFv
  - makeNewPosition__12TSelectShineFffff (UNUSED)
  - move__12TSelectShineFv
  - __ct__12TSelectShineFP12J3DModelDataP11J3DAnmColorP17JPAEmitterManagerRQ29JGeometry8TVec3<f>sUcfff
  - perform__19TSelectShineManagerFUlPQ26JDrama9TGraphics
  - sub__Q29JGeometry8TVec2<f>FRCQ29JGeometry8TVec2<f>
  - set<f>__Q29JGeometry8TVec3<f>Ffff
  - JMASSin__Fs
  - JMASCos__Fs
  - startDecrease__19TSelectShineManagerFi
  - startIncrease__19TSelectShineManagerFi
  - startClose__19TSelectShineManagerFv
  - getPosition__19TSelectShineManagerFs (UNUSED)
  - getAngle__19TSelectShineManagerFRCQ29JGeometry8TVec3<f> (UNUSED)
  - initData__19TSelectShineManagerFPUcUcUcP17JPAEmitterManager
  - __ct__19TSelectShineManagerFPCc
  - __dt__19TSelectShineManagerFv
  - __sinit_SelectShine2_cpp
[ OK ] Symbol order matches the map.
[ OK ] UNUSED symbol sizes match (0/3 checked).
[ OK ] Symbol linkage (weak/local/global) matches the map.
------------------------------------------------------------------------------
RESULT: FAIL (1 error category/categories)
