Unit        : mario/JSystem/JParticle/JPAMath
Source      : src/JSystem/JParticle/JPAMath.cpp
Object      : build/GMSJ01/src/JSystem/JParticle/JPAMath.o
Map TU      : JSystem.a JPAMath.cpp
Map symbols : 22 (10 UNUSED)   Object .text symbols: 22
reverse_fn_order: False
------------------------------------------------------------------------------

[ OK ] All map symbols are present in the object.
[ OK ] Symbol order matches the map.

[WARN] 10 UNUSED symbol(s) with wrong size (best-effort -- does not fail the check):
  - JPAGetScaleXYRotateMtx__FRQ29JGeometry8TVec3<f>ssPA4_f
      map:    0x174 (372)
      object: 0x4 (4)
  - JPAGetScaleYZRotateMtx__FRQ29JGeometry8TVec3<f>ssPA4_f
      map:    0x174 (372)
      object: 0x4 (4)
  - JPAGetZRotateMtx__FsPA4_f
      map:    0x94 (148)
      object: 0x98 (152)
  - JPAConvertFloatToFix__Ff
      map:    0x34 (52)
      object: 0x4 (4)
  - JPAConvertFloatVecToFixVec__FRQ29JGeometry8TVec3<s>RCQ29JGeometry8TVec3<f>
      map:    0x9c (156)
      object: 0x4 (4)
  - JPABound__FRQ29JGeometry8TVec3<f>RCQ29JGeometry8TVec3<f>RCQ29JGeometry8TVec3<f>ff
      map:    0xfc (252)
      object: 0x4 (4)
  - JPAGetSVecElement__FPA4_fRQ29JGeometry8TVec3<f>
      map:    0x18c (396)
      object: 0x4 (4)
  - JPAGetRMtxElement__FPA4_fPA4_f
      map:    0x24c (588)
      object: 0x4 (4)
  - JPAGetRTMtxElement__FPA4_fPA4_f
      map:    0x250 (592)
      object: 0x4 (4)
  - JPARadVecToSVec__FRQ29JGeometry8TVec3<f>RQ29JGeometry8TVec3<s>
      map:    0x58 (88)
      object: 0x4 (4)
[ OK ] Symbol linkage (weak/local/global) matches the map.
------------------------------------------------------------------------------
RESULT: PASS with warnings (10 UNUSED size mismatch(es) -- see above)
