Unit        : mario/JSystem/J2D/J2DWindow
Source      : src/JSystem/J2D/J2DWindow.cpp
Object      : build/GMSJ01/src/JSystem/J2D/J2DWindow.o
Map TU      : JSystem.a J2DWindow.cpp
Map symbols : 26 (14 UNUSED)   Object .text symbols: 30
reverse_fn_order: False
------------------------------------------------------------------------------

[ OK ] All map symbols are present in the object.
[ OK ] Symbol order matches the map.

[WARN] 14 UNUSED symbol(s) with wrong size (best-effort -- does not fail the check):
  - __ct__9J2DWindowFPC7ResTIMGPC7ResTIMGPC7ResTIMGPC7ResTIMG
      map:    0x1c0 (448)
      object: 0x78 (120)
  - __ct__9J2DWindowFPCcPCcPCcPCc
      map:    0x1f0 (496)
      object: 0x78 (120)
  - __ct__9J2DWindowFPC7ResTIMG14J2DTextureBase
      map:    0x1bc (444)
      object: 0x78 (120)
  - __ct__9J2DWindowFPCc14J2DTextureBase
      map:    0x1cc (460)
      object: 0x78 (120)
  - __ct__9J2DWindowFUlRC7JUTRectPC7ResTIMGPC7ResTIMGPC7ResTIMGPC7ResTIMGPC7ResTLUT
      map:    0xd8 (216)
      object: 0x78 (120)
  - __ct__9J2DWindowFUlRC7JUTRectPCcPCcPCcPCcPC7ResTLUT
      map:    0x114 (276)
      object: 0x78 (120)
  - __ct__9J2DWindowFUlRC7JUTRectPC7ResTIMG14J2DTextureBasePC7ResTLUT
      map:    0xd8 (216)
      object: 0x78 (120)
  - __ct__9J2DWindowFUlRC7JUTRectPCc14J2DTextureBasePC7ResTLUT
      map:    0xe8 (232)
      object: 0x78 (120)
  - initiate__9J2DWindowFPC7ResTIMGPC7ResTIMGPC7ResTIMGPC7ResTIMGPC7ResTLUT15J2DWindowMirrorRC7JUTRect
      map:    0x20c (524)
      object: 0x4 (4)
  - initiateColor__9J2DWindowFv
      map:    0xfc (252)
      object: 0x4 (4)
  - J2DConvertMirror__F14J2DTextureBase
      map:    0x48 (72)
      object: 0x10 (16)
  - draw__9J2DWindowFRC7JUTRect
      map:    0xf0 (240)
      object: 0x4 (4)
  - draw__9J2DWindowFRC7JUTRectRC7JUTRect
      map:    0x4f0 (1264)
      object: 0x4 (4)
  - setContentsColor__9J2DWindowFQ28JUtility6TColorQ28JUtility6TColorQ28JUtility6TColorQ28JUtility6TColor
      map:    0x24 (36)
      object: 0x4 (4)
[ OK ] Symbol linkage (weak/local/global) matches the map.

[INFO] 4 object-only symbol(s) not in the map (usually deduplicated weak/inline helpers; not an error; -v to list).
------------------------------------------------------------------------------
RESULT: PASS with warnings (14 UNUSED size mismatch(es) -- see above)
