Unit        : mario/JSystem/JKernel/JKRAramStream
Source      : src/JSystem/JKernel/JKRAramStream.cpp
Object      : build/GMSJ01/src/JSystem/JKernel/JKRAramStream.o
Map TU      : JSystem.a JKRAramStream.cpp
Map symbols : 13 (3 UNUSED)   Object .text symbols: 15
reverse_fn_order: False
------------------------------------------------------------------------------

[ OK ] All map symbols are present in the object.
[ OK ] Symbol order matches the map.

[WARN] 3 UNUSED symbol(s) with wrong size (best-effort -- does not fail the check):
  - write_StreamToAram_Async__13JKRAramStreamFP18JSUFileInputStreamP12JKRAramBlockUlUl
      map:    0xb0 (176)
      object: 0x8 (8)
  - write_StreamToAram__13JKRAramStreamFP18JSUFileInputStreamP12JKRAramBlockUlUl
      map:    0x24 (36)
      object: 0x8 (8)
  - write_StreamToAram__13JKRAramStreamFP18JSUFileInputStreamUlUlUl
      map:    0xe0 (224)
      object: 0x8 (8)
[ OK ] Symbol linkage (weak/local/global) matches the map.

[INFO] 2 object-only symbol(s) not in the map (usually deduplicated weak/inline helpers; not an error; -v to list).
------------------------------------------------------------------------------
RESULT: PASS with warnings (3 UNUSED size mismatch(es) -- see above)
