Unit        : mario/Map/PollutionEvent
Source      : src/Map/PollutionEvent.cpp
Object      : build/GMSJ01/src/Map/PollutionEvent.o
Map TU      : Map.a PollutionEvent.cpp
Map symbols : 24 (20 UNUSED)   Object .text symbols: 31
reverse_fn_order: True
------------------------------------------------------------------------------

[FAIL] 9 map symbol(s) MISSING from the object:
  - __dt__22TPollutionEventAreaObjFv (UNUSED)
  - set<f>__Q29JGeometry8TVec3<f>Ffff (UNUSED)
  - __dt__19TPollutionEventMazeFv (UNUSED)
  - __dt__25TPollutionEventModelStampFv (UNUSED)
  - __dt__30TPollutionEventModelStampMarioFv (UNUSED)
  - @32@__dt__30TPollutionEventModelStampMarioFv (UNUSED)
  - @32@__dt__25TPollutionEventModelStampFv (UNUSED)
  - @32@__dt__19TPollutionEventMazeFv (UNUSED)
  - @32@__dt__22TPollutionEventAreaObjFv (UNUSED)

[WARN] Only weak symbols are out of order (compiler-controlled -- does not fail the check):
  + __dt__14TPollutionTestFv   (object position)
  + perform__14TPollutionTestFUlPQ26JDrama9TGraphics   (object position)
    __ct__22TPollutionEventAreaObjFPCc
    init__22TPollutionEventAreaObjFPCc
    perform__22TPollutionEventAreaObjFUlPQ26JDrama9TGraphics
    __ct__19TPollutionEventMazeFPCc
    init__19TPollutionEventMazeFv
    perform__19TPollutionEventMazeFUlPQ26JDrama9TGraphics
    __ct__25TPollutionEventModelStampFPCc
    init__25TPollutionEventModelStampFPCc
    perform__25TPollutionEventModelStampFUlPQ26JDrama9TGraphics
    perform__30TPollutionEventModelStampMarioFUlPQ26JDrama9TGraphics
    loadAfter__14TPollutionTestFv
    registerEvent__14TPollutionTestFPQ26JDrama8TViewObj
  - __dt__14TPollutionTestFv   (map position)
  - perform__14TPollutionTestFUlPQ26JDrama9TGraphics   (map position)
    __sinit_PollutionEvent_cpp

[WARN] 10 UNUSED symbol(s) with wrong size (best-effort -- does not fail the check):
  - __ct__22TPollutionEventAreaObjFPCc
      map:    0x58 (88)
      object: 0x4 (4)
  - init__22TPollutionEventAreaObjFPCc
      map:    0x174 (372)
      object: 0x4 (4)
  - perform__22TPollutionEventAreaObjFUlPQ26JDrama9TGraphics
      map:    0x1ac (428)
      object: 0x4 (4)
  - __ct__19TPollutionEventMazeFPCc
      map:    0x50 (80)
      object: 0x4 (4)
  - init__19TPollutionEventMazeFv
      map:    0x4c (76)
      object: 0x4 (4)
  - __ct__25TPollutionEventModelStampFPCc
      map:    0xf8 (248)
      object: 0x4 (4)
  - init__25TPollutionEventModelStampFPCc
      map:    0x170 (368)
      object: 0x4 (4)
  - perform__25TPollutionEventModelStampFUlPQ26JDrama9TGraphics
      map:    0x10c (268)
      object: 0x4 (4)
  - perform__30TPollutionEventModelStampMarioFUlPQ26JDrama9TGraphics
      map:    0x184 (388)
      object: 0x4 (4)
  - registerEvent__14TPollutionTestFPQ26JDrama8TViewObj
      map:    0xac (172)
      object: 0x4 (4)
[ OK ] Symbol linkage (weak/local/global) matches the map.

[INFO] 16 object-only symbol(s) not in the map (usually deduplicated weak/inline helpers; not an error; -v to list).
------------------------------------------------------------------------------
RESULT: FAIL (1 error category/categories, weak-symbol order; 10 UNUSED size mismatch(es) warning(s))
