Unit        : mario/Enemy/BossHanachanSub
Source      : src/Enemy/BossHanachanSub.cpp
Object      : build/GMSJ01/src/Enemy/BossHanachanSub.o
Map TU      : Enemy.a BossHanachanSub.cpp
Map symbols : 10 (1 UNUSED)   Object .text symbols: 0
reverse_fn_order: True
------------------------------------------------------------------------------

[FAIL] 10 map symbol(s) MISSING from the object:
  - setDegreeZAndRevisionPosXZ__11TSphereLinkFif
  - moveHead__11TSphereLinkFRCQ29JGeometry8TVec3<f>
  - isIllegalData__12TBGCheckDataCFv
  - execMapCollision___11TSphereLinkFPQ29JGeometry8TVec3<f> (UNUSED)
  - __ct__11TSphereLinkFUsRCQ29JGeometry8TVec3<f>ffffff
  - __ct__12TSpherePointFv
  - receiveMessage__14TWaterHitActorFP9THitActorUl
  - onWaterHitCounter__14TWaterHitActorFv
  - BHSCalcRevisionDistXZByRotateZ__FfffPfPf
  - BHSCalcCentrifugalForce__FRCQ29JGeometry8TVec3<f>RCQ29JGeometry8TVec3<f>RCQ29JGeometry8TVec3<f>f
[ OK ] Symbol order matches the map.
[ OK ] UNUSED symbol sizes match (0/1 checked).
[ OK ] Symbol linkage (weak/local/global) matches the map.
------------------------------------------------------------------------------
RESULT: FAIL (1 error category/categories)
