Unit        : mario/JSystem/J3D/J3DGraphAnimator/J3DCluster
Source      : src/JSystem/J3D/J3DGraphAnimator/J3DCluster.cpp
Object      : build/GMSJ01/src/JSystem/J3D/J3DGraphAnimator/J3DCluster.o
Map TU      : JSystem.a J3DCluster.cpp
Map symbols : 23 (9 UNUSED)   Object .text symbols: 23
reverse_fn_order: False
------------------------------------------------------------------------------

[ OK ] All map symbols are present in the object.
[ OK ] Symbol order matches the map.

[WARN] 6 UNUSED symbol(s) with wrong size (best-effort -- does not fail the check):
  - clear__13J3DDeformDataFv
      map:    0x20 (32)
      object: 0x4 (4)
  - __ct__13J3DDeformDataFv
      map:    0x20 (32)
      object: 0x4 (4)
  - base__13J3DDeformDataFP8J3DModel
      map:    0x74 (116)
      object: 0x4 (4)
  - clear__11J3DDeformerFv
      map:    0x20 (32)
      object: 0x4 (4)
  - base__11J3DDeformerFP8J3DModel
      map:    0x52c (1324)
      object: 0x4 (4)
  - calc__15J3DVtxColorCalcFP8J3DModel
      map:    0x114 (276)
      object: 0x118 (280)
[ OK ] Symbol linkage (weak/local/global) matches the map.
------------------------------------------------------------------------------
RESULT: PASS with warnings (6 UNUSED size mismatch(es) -- see above)
