Unit        : mario/Enemy/wireTrap
Source      : src/Enemy/wireTrap.cpp
Object      : build/GMSJ01/src/Enemy/wireTrap.o
Map TU      : Enemy.a wireTrap.cpp
Map symbols : 66 (32 UNUSED)   Object .text symbols: 0
reverse_fn_order: True
------------------------------------------------------------------------------

[FAIL] 66 map symbol(s) MISSING from the object:
  - __dt__20TNerveWireTrapGoWaitFv
  - execute__20TNerveWireTrapGoWaitCFP24TSpineBase<10TLiveActor>
  - theNerve__20TNerveWireTrapGoWaitFv (UNUSED)
  - execute__18TNerveWireTrapWaitCFP24TSpineBase<10TLiveActor>
  - theNerve__18TNerveWireTrapWaitFv (UNUSED)
  - __dt__18TNerveWireTrapWaitFv
  - execute__20TNerveWireTrapSearchCFP24TSpineBase<10TLiveActor>
  - theNerve__20TNerveWireTrapSearchFv (UNUSED)
  - __dt__20TNerveWireTrapSearchFv
  - execute__27TNerveWireTrapOnewayMoveEndCFP24TSpineBase<10TLiveActor>
  - theNerve__27TNerveWireTrapOnewayMoveEndFv (UNUSED)
  - __dt__27TNerveWireTrapOnewayMoveEndFv
  - execute__24TNerveWireTrapOnewayMoveCFP24TSpineBase<10TLiveActor>
  - __dt__29TNerveWireTrapOnewayMoveStartFv
  - theNerve__24TNerveWireTrapOnewayMoveFv (UNUSED)
  - __dt__24TNerveWireTrapOnewayMoveFv
  - execute__29TNerveWireTrapOnewayMoveStartCFP24TSpineBase<10TLiveActor>
  - theNerve__29TNerveWireTrapOnewayMoveStartFv (UNUSED)
  - execute__24TNerveWireTrapReturnMoveCFP24TSpineBase<10TLiveActor>
  - theNerve__24TNerveWireTrapReturnMoveFv (UNUSED)
  - __dt__24TNerveWireTrapReturnMoveFv
  - createModelData__16TWireTrapManagerFv
  - load__16TWireTrapManagerFR20JSUMemoryInputStream
  - __ct__16TWireTrapManagerFPCc
  - __ct__15TWireTrapParamsFPCc (UNUSED)
  - isEndWire__9TWireTrapCFv (UNUSED)
  - isStartWire__9TWireTrapCFv (UNUSED)
  - getWireBinder__9TWireTrapCFv
  - getWireBinder__9TWireTrapFv (UNUSED)
  - getRangePosInWire__9TWireTrapCFv (UNUSED)
  - getNerveFromMode__9TWireTrapFi
  - isReflect__9TWireTrapCFv (UNUSED)
  - getWireDir__9TWireTrapCFv
  - getDirAtWirePos__9TWireTrapCFv (UNUSED)
  - setMoveMode__9TWireTrapFi (UNUSED)
  - emitEffects__9TWireTrapFv (UNUSED)
  - updateCollision__9TWireTrapFv (UNUSED)
  - checkHitActors__9TWireTrapFv
  - getDir__11TWireBinderCFv
  - doResetToEdge__9TWireTrapFv (UNUSED)
  - doScaleDown__9TWireTrapFv (UNUSED)
  - doScaleUp__9TWireTrapFv (UNUSED)
  - doSearchMove__9TWireTrapFv (UNUSED)
  - doOnewayMove__9TWireTrapFv (UNUSED)
  - doReturnMove__9TWireTrapFv (UNUSED)
  - getWaterPow__9TWireTrapCFv (UNUSED)
  - calcMomentum__9TWireTrapFv (UNUSED)
  - moveObject__9TWireTrapFv
  - calcRootMatrix__9TWireTrapFv
  - behaveHitWireTrap__9TWireTrapFP9TWireTrapRCQ29JGeometry8TVec3<f>RCQ29JGeometry8TVec3<f> (UNUSED)
  - kill__9TWireTrapFv
  - behaveHitWater__9TWireTrapFP9THitActor (UNUSED)
  - receiveMessage__9TWireTrapFP9THitActorUl
  - initThisColor__9TWireTrapFPC11_GXColorS10 (UNUSED)
  - initWire__9TWireTrapFv (UNUSED)
  - initParticle__9TWireTrapFv (UNUSED)
  - initCollision__9TWireTrapFv (UNUSED)
  - load__9TWireTrapFR20JSUMemoryInputStream
  - set<f>__Q29JGeometry8TVec3<f>Ffff
  - init__9TWireTrapFP12TLiveManager
  - __ct__9TWireTrapFPCc
  - SMSReportVec__9@unnamed@FPCcRCQ29JGeometry8TVec3<f> (UNUSED)
  - __dt__16TWireTrapManagerFv
  - __dt__9TWireTrapFv
  - __sinit_wireTrap_cpp
  - @32@__dt__9TWireTrapFv
[ OK ] Symbol order matches the map.
[ OK ] UNUSED symbol sizes match (0/32 checked).
[ OK ] Symbol linkage (weak/local/global) matches the map.
------------------------------------------------------------------------------
RESULT: FAIL (1 error category/categories)
