Unit        : mario/JSystem/J3D/J3DGraphAnimator/J3DModel
Source      : src/JSystem/J3D/J3DGraphAnimator/J3DModel.cpp
Object      : build/GMSJ01/src/JSystem/J3D/J3DGraphAnimator/J3DModel.o
Map TU      : JSystem.a J3DModel.cpp
Map symbols : 58 (22 UNUSED)   Object .text symbols: 41
reverse_fn_order: False
------------------------------------------------------------------------------

[FAIL] 22 map symbol(s) MISSING from the object:
  - newSharedDisplayList__12J3DModelDataFv (UNUSED)
  - entryTexNoAnimator__12J3DModelDataFP16J3DAnmTexPattern (UNUSED)
  - patch__8J3DModelFv (UNUSED)
  - setDeformData__8J3DModelFP13J3DDeformData19J3DDeformAttachFlag (UNUSED)
  - setVtxColorCalc__8J3DModelFP15J3DVtxColorCalc19J3DDeformAttachFlag (UNUSED)
  - setVtxShader__8J3DModelFP12J3DVtxShader19J3DDeformAttachFlag (UNUSED)
  - calcBaseMtx__8J3DModelFv (UNUSED)
  - J3DCreateModel__FP12J3DModelDataUlP7JKRHeapbPP12JKRSolidHeap (UNUSED)
  - J3DCreateModel__FP12JKRSolidHeapUlP12J3DModelDataUl (UNUSED)
  - J3DCreateModelArray__FP12JKRSolidHeapiPP8J3DModelP12J3DModelDataUl (UNUSED)
  - __ct__14J3DSimpleModelFP12J3DModelDataUl (UNUSED)
  - __dt__14J3DSimpleModelFv (UNUSED)
  - initialize__14J3DSimpleModelFv (UNUSED)
  - entryModelData__14J3DSimpleModelFP12J3DModelDataUl (UNUSED)
  - lock__14J3DSimpleModelFv (UNUSED)
  - unlock__14J3DSimpleModelFv (UNUSED)
  - update__14J3DSimpleModelFv (UNUSED)
  - calc__14J3DSimpleModelFv (UNUSED)
  - entry__14J3DSimpleModelFv (UNUSED)
  - viewCalc__14J3DSimpleModelFv (UNUSED)
  - calcNrmMtx__14J3DSimpleModelFv (UNUSED)
  - prepareShapePackets__14J3DSimpleModelFv (UNUSED)
[ OK ] Symbol order matches the map.
[ OK ] UNUSED symbol sizes match (0/22 checked).
[ OK ] Symbol linkage (weak/local/global) matches the map.

[INFO] 5 object-only symbol(s) not in the map (usually deduplicated weak/inline helpers; not an error; -v to list).
------------------------------------------------------------------------------
RESULT: FAIL (1 error category/categories)
