[1/1] MWCC build/GMSJ01/src/Enemy/hamukuri.o
### mwcceppc.exe Compiler:
#      In: include\JSystem\JGadget\std-list.hpp
#    From: src\Enemy\hamukuri.cpp
# -------------------------------
#     201: }
# Warning: ^
#   return value expected
#    (instantiating: 'JGadget::TList<MActorSubAnmInfo, 
#   JGadget::TAllocator<MActorSubAnmInfo>>::Confirm()')
### mwcceppc.exe Compiler:
#    File: src\Enemy\hamukuri.cpp
# -------------------------------
#    2501: DEFINE_NERVE(TNerveDangoHamuKuriAttack, TLiveActor) { }
# Warning:                                                       ^
#   return value expected
### mwcceppc.exe Compiler:
#    2675: }
# Warning: ^
#   return value expected
