50/736
100/736
150/736
200/736
250/736
300/736
350/736
400/736
450/736
500/736
550/736
600/736
650/736
700/736
{
  "units": 736,
  "states": {
    "pass": 449,
    "error": 15,
    "fail": 272
  },
  "missing_symbols": 4529,
  "order_files": 17,
  "binding_symbols": 46,
  "missing_files": 265,
  "binding_files": 22,
  "game": {
    "units": 382,
    "states": {
      "pass": 244,
      "fail": 136,
      "error": 2
    },
    "missing_symbols": 3638,
    "order_files": 10,
    "binding_symbols": 29
  },
  "restricted": {
    "units": 354,
    "states": {
      "error": 13,
      "pass": 205,
      "fail": 136
    },
    "missing_symbols": 891,
    "order_files": 7,
    "binding_symbols": 17
  }
}
