Unit        : mario/NPC/NpcManager
Source      : src/NPC/NpcManager.cpp
Object      : build/GMSJ01/src/NPC/NpcManager.o
Map TU      : NPC.a NpcManager.cpp
Map symbols : 91 (6 UNUSED)   Object .text symbols: 102
reverse_fn_order: True
------------------------------------------------------------------------------

[ OK ] All map symbols are present in the object.
[ OK ] Symbol order matches the map.

[WARN] 2 UNUSED symbol(s) with wrong size (best-effort -- does not fail the check):
  - changeTextureToStraw___18TMonteWBaseManagerFP12J3DModelData
      map:    0x40 (64)
      object: 0x4 (4)
  - changeTextureToStraw___18TMonteMBaseManagerFP12J3DModelData
      map:    0x40 (64)
      object: 0x4 (4)
[ OK ] Symbol linkage (weak/local/global) matches the map.

[INFO] 11 object-only symbol(s) not in the map (usually deduplicated weak/inline helpers; not an error; -v to list).
------------------------------------------------------------------------------
RESULT: PASS with warnings (2 UNUSED size mismatch(es) -- see above)
