[1/29] MWCC build/GMSJ01/src/Strategic/liveactor.o
### mwcceppc.exe Compiler:
#      In: include\JSystem\JGadget\std-list.hpp
#    From: src\Strategic\liveactor.cpp
# ------------------------------------
#     201: }
# Warning: ^
#   return value expected
#    (instantiating: 'JGadget::TList<MActorSubAnmInfo, 
#   JGadget::TAllocator<MActorSubAnmInfo>>::Confirm()')
[2/29] MWCC build/GMSJ01/src/Player/MarioCap.o
### mwcceppc.exe Compiler:
#      In: include\JSystem\JGadget\std-list.hpp
#    From: src\Player\MarioCap.cpp
# --------------------------------
#     201: }
# Warning: ^
#   return value expected
#    (instantiating: 'JGadget::TList<MActorSubAnmInfo, 
#   JGadget::TAllocator<MActorSubAnmInfo>>::Confirm()')
[3/29] MWCC build/GMSJ01/src/Player/MarioAutodemo.o
### mwcceppc.exe Compiler:
#      In: include\JSystem\JGadget\std-list.hpp
#    From: src\Player\MarioAutodemo.cpp
# -------------------------------------
#     201: }
# Warning: ^
#   return value expected
#    (instantiating: 'JGadget::TList<MActorSubAnmInfo, 
#   JGadget::TAllocator<MActorSubAnmInfo>>::Confirm()')
[4/29] MWCC build/GMSJ01/src/MarioUtil/ModelUtil.o
### mwcceppc.exe Compiler:
#      In: include\JSystem\JGadget\std-list.hpp
#    From: src\MarioUtil\ModelUtil.cpp
# ------------------------------------
#     201: }
# Warning: ^
#   return value expected
#    (instantiating: 'JGadget::TList<MActorSubAnmInfo, 
#   JGadget::TAllocator<MActorSubAnmInfo>>::Confirm()')
[5/29] MWCC build/GMSJ01/src/Player/MarioMain.o
### mwcceppc.exe Compiler:
#      In: include\JSystem\JGadget\std-list.hpp
#    From: src\Player\MarioMain.cpp
# ---------------------------------
#     201: }
# Warning: ^
#   return value expected
#    (instantiating: 'JGadget::TList<MActorSubAnmInfo, 
#   JGadget::TAllocator<MActorSubAnmInfo>>::Confirm()')
[6/29] MWCC build/GMSJ01/src/Player/MarioDraw.o
### mwcceppc.exe Compiler:
#      In: include\JSystem\JGadget\std-list.hpp
#    From: src\Player\MarioDraw.cpp
# ---------------------------------
#     201: }
# Warning: ^
#   return value expected
#    (instantiating: 'JGadget::TList<MActorSubAnmInfo, 
#   JGadget::TAllocator<MActorSubAnmInfo>>::Confirm()')
[7/29] MWCC build/GMSJ01/src/Player/MarioMove.o
sjiswrap: File Z:\Users\Ford\sms-symbol-order-20260915\src\Player\MarioMove.cpp contains Shift JIS encoding errors
### mwcceppc.exe Compiler:
#      In: include\JSystem\JGadget\std-list.hpp
#    From: src\Player\MarioMove.cpp
# ---------------------------------
#     201: }
# Warning: ^
#   return value expected
#    (instantiating: 'JGadget::TList<MActorSubAnmInfo, 
#   JGadget::TAllocator<MActorSubAnmInfo>>::Confirm()')
[8/29] MWCC build/GMSJ01/src/Player/Tongue.o
### mwcceppc.exe Compiler:
#      In: include\JSystem\JGadget\std-list.hpp
#    From: src\Player\Tongue.cpp
# ------------------------------
#     201: }
# Warning: ^
#   return value expected
#    (instantiating: 'JGadget::TList<MActorSubAnmInfo, 
#   JGadget::TAllocator<MActorSubAnmInfo>>::Confirm()')
[9/29] MWCC build/GMSJ01/src/Player/WaterGun.o
### mwcceppc.exe Compiler:
#      In: include\JSystem\JGadget\std-list.hpp
#    From: src\Player\WaterGun.cpp
# --------------------------------
#     201: }
# Warning: ^
#   return value expected
#    (instantiating: 'JGadget::TList<MActorSubAnmInfo, 
#   JGadget::TAllocator<MActorSubAnmInfo>>::Confirm()')
[10/29] MWCC build/GMSJ01/src/Player/MarioReceiveMsg.o
### mwcceppc.exe Compiler:
#      In: include\JSystem\JGadget\std-list.hpp
#    From: src\Player\MarioReceiveMsg.cpp
# ---------------------------------------
#     201: }
# Warning: ^
#   return value expected
#    (instantiating: 'JGadget::TList<MActorSubAnmInfo, 
#   JGadget::TAllocator<MActorSubAnmInfo>>::Confirm()')
[11/29] MWCC build/GMSJ01/src/NPC/NpcBase.o
### mwcceppc.exe Compiler:
#      In: include\JSystem\JGadget\std-list.hpp
#    From: src\NPC\NpcBase.cpp
# ----------------------------
#     201: }
# Warning: ^
#   return value expected
#    (instantiating: 'JGadget::TList<MActorSubAnmInfo, 
#   JGadget::TAllocator<MActorSubAnmInfo>>::Confirm()')
[12/29] MWCC build/GMSJ01/src/NPC/NpcInitPrg.o
### mwcceppc.exe Compiler:
#      In: include\JSystem\JGadget\std-list.hpp
#    From: src\NPC\NpcInitPrg.cpp
# -------------------------------
#     201: }
# Warning: ^
#   return value expected
#    (instantiating: 'JGadget::TList<MActorSubAnmInfo, 
#   JGadget::TAllocator<MActorSubAnmInfo>>::Confirm()')
[13/29] MWCC build/GMSJ01/src/NPC/NpcChange.o
### mwcceppc.exe Compiler:
#      In: include\JSystem\JGadget\std-list.hpp
#    From: src\NPC\NpcChange.cpp
# ------------------------------
#     201: }
# Warning: ^
#   return value expected
#    (instantiating: 'JGadget::TList<MActorSubAnmInfo, 
#   JGadget::TAllocator<MActorSubAnmInfo>>::Confirm()')
### mwcceppc.exe Compiler:
#    File: src\NPC\NpcChange.cpp
# ------------------------------
#     145: bool TBaseNPC::isNerveCanGoToThrow() const { }
# Warning:                                              ^
#   return value expected
### mwcceppc.exe Compiler:
#     639: void TBaseNPC::kill() { }
# Warning:                         ^
#   return value expected
[14/29] MWCC build/GMSJ01/src/NPC/NpcParts.o
### mwcceppc.exe Compiler:
#      In: include\JSystem\JGadget\std-list.hpp
#    From: src\NPC\NpcParts.cpp
# -----------------------------
#     201: }
# Warning: ^
#   return value expected
#    (instantiating: 'JGadget::TList<MActorSubAnmInfo, 
#   JGadget::TAllocator<MActorSubAnmInfo>>::Confirm()')
[15/29] MWCC build/GMSJ01/src/Player/MarioInit.o
### mwcceppc.exe Compiler:
#      In: include\JSystem\JGadget\std-list.hpp
#    From: src\Player\MarioInit.cpp
# ---------------------------------
#     201: }
# Warning: ^
#   return value expected
#    (instantiating: 'JGadget::TList<MActorSubAnmInfo, 
#   JGadget::TAllocator<MActorSubAnmInfo>>::Confirm()')
[16/29] MWCC build/GMSJ01/src/MoveBG/MapObjBlock.o
### mwcceppc.exe Compiler:
#      In: include\JSystem\JGadget\std-list.hpp
#    From: src\MoveBG\MapObjBlock.cpp
# -----------------------------------
#     201: }
# Warning: ^
#   return value expected
#    (instantiating: 'JGadget::TList<MActorSubAnmInfo, 
#   JGadget::TAllocator<MActorSubAnmInfo>>::Confirm()')
[17/29] MWCC build/GMSJ01/src/Map/MapStaticObject.o
### mwcceppc.exe Compiler:
#      In: include\JSystem\JGadget\std-list.hpp
#    From: src\Map\MapStaticObject.cpp
# ------------------------------------
#     201: }
# Warning: ^
#   return value expected
#    (instantiating: 'JGadget::TList<MActorSubAnmInfo, 
#   JGadget::TAllocator<MActorSubAnmInfo>>::Confirm()')
[18/29] MWCC build/GMSJ01/src/Map/Shimmer.o
### mwcceppc.exe Compiler:
#      In: include\JSystem\JGadget\std-list.hpp
#    From: src\Map\Shimmer.cpp
# ----------------------------
#     201: }
# Warning: ^
#   return value expected
#    (instantiating: 'JGadget::TList<MActorSubAnmInfo, 
#   JGadget::TAllocator<MActorSubAnmInfo>>::Confirm()')
[19/29] MWCC build/GMSJ01/src/Map/BathWaterManager.o
[20/29] MWCC build/GMSJ01/src/Enemy/enemy.o
### mwcceppc.exe Compiler:
#      In: include\JSystem\JGadget\std-list.hpp
#    From: src\Enemy\enemy.cpp
# ----------------------------
#     201: }
# Warning: ^
#   return value expected
#    (instantiating: 'JGadget::TList<MActorSubAnmInfo, 
#   JGadget::TAllocator<MActorSubAnmInfo>>::Confirm()')
### mwcceppc.exe Compiler:
#    File: src\Enemy\enemy.cpp
# ----------------------------
#     646: }
# Warning: ^
#   variable 'fVar3' is not initialized before being used
### mwcceppc.exe Compiler:
#     646: }
# Warning: ^
#   variable 'fVar3' is not initialized before being used
[21/29] MWCC build/GMSJ01/src/Enemy/enemyMario.o
sjiswrap: File Z:\Users\Ford\sms-symbol-order-20260915\src\Enemy\enemyMario.cpp contains Shift JIS encoding errors
### mwcceppc.exe Compiler:
#      In: include\JSystem\JGadget\std-list.hpp
#    From: src\Enemy\enemyMario.cpp
# ---------------------------------
#     201: }
# Warning: ^
#   return value expected
#    (instantiating: 'JGadget::TList<MActorSubAnmInfo, 
#   JGadget::TAllocator<MActorSubAnmInfo>>::Confirm()')
### mwcceppc.exe Compiler:
#    File: src\Enemy\enemyMario.cpp
# ---------------------------------
#     580: f32 TEnemyMario::getStickPower() { }
# Warning:                                    ^
#   return value expected
### mwcceppc.exe Compiler:
#    1829: }
# Warning: ^
#   return value expected
[22/29] MWCC build/GMSJ01/src/Enemy/namekuri.o
### mwcceppc.exe Compiler:
#      In: include\JSystem\JGadget\std-list.hpp
#    From: src\Enemy\namekuri.cpp
# -------------------------------
#     201: }
# Warning: ^
#   return value expected
#    (instantiating: 'JGadget::TList<MActorSubAnmInfo, 
#   JGadget::TAllocator<MActorSubAnmInfo>>::Confirm()')
### mwcceppc.exe Compiler:
#    File: src\Enemy\namekuri.cpp
# -------------------------------
#     664: bool TNameKuri::canJumpAttack() const { }
# Warning:                                         ^
#   return value expected
### mwcceppc.exe Compiler:
#     858: }
# Warning: ^
#   return value expected
[23/29] MWCC build/GMSJ01/src/Enemy/telesa.o
### mwcceppc.exe Compiler:
#      In: include\JSystem\JGadget\std-list.hpp
#    From: src\Enemy\telesa.cpp
# -----------------------------
#     201: }
# Warning: ^
#   return value expected
#    (instantiating: 'JGadget::TList<MActorSubAnmInfo, 
#   JGadget::TAllocator<MActorSubAnmInfo>>::Confirm()')
### mwcceppc.exe Compiler:
#    File: src\Enemy\telesa.cpp
# -----------------------------
#     655: bool TTelesa::isResetTransY() { }
# Warning:                                 ^
#   return value expected
### mwcceppc.exe Compiler:
#    1281: }
# Warning: ^
#   return value expected
[24/29] MWCC build/GMSJ01/src/Enemy/fireWanwan.o
### mwcceppc.exe Compiler:
#      In: include\JSystem\JGadget\std-list.hpp
#    From: src\Enemy\fireWanwan.cpp
# ---------------------------------
#     201: }
# Warning: ^
#   return value expected
#    (instantiating: 'JGadget::TList<MActorSubAnmInfo, 
#   JGadget::TAllocator<MActorSubAnmInfo>>::Confirm()')
### mwcceppc.exe Compiler:
#    File: src\Enemy\fireWanwan.cpp
# ---------------------------------
#     634: JGeometry::TVec3<f32> TFireWanwanTailHit::getBodyNthPos(int i) const { }
# Warning:                                                                        ^
#   return value expected
### mwcceppc.exe Compiler:
#     636: f32 TFireWanwanTailHit::getBodyTailPow() const { }
# Warning:                                                  ^
#   return value expected
### mwcceppc.exe Compiler:
#     638: f32 TFireWanwanTailHit::getBodyHeadPow() const { }
# Warning:                                                  ^
#   return value expected
### mwcceppc.exe Compiler:
#     709: f32 TFireWanwanTailHit::getTailLength() const { }
# Warning:                                                 ^
#   return value expected
### mwcceppc.exe Compiler:
#    2134: }
# Warning: ^
#   return value expected
### mwcceppc.exe Compiler:
#    2134: }
# Warning: ^
#   return value expected
### mwcceppc.exe Compiler:
#    2134: }
# Warning: ^
#   return value expected
### mwcceppc.exe Compiler:
#    2134: }
# Warning: ^
#   return value expected
[25/29] MWCC build/GMSJ01/src/Enemy/coasterkiller.o
### mwcceppc.exe Compiler:
#      In: include\JSystem\JGadget\std-list.hpp
#    From: src\Enemy\coasterkiller.cpp
# ------------------------------------
#     201: }
# Warning: ^
#   return value expected
#    (instantiating: 'JGadget::TList<MActorSubAnmInfo, 
#   JGadget::TAllocator<MActorSubAnmInfo>>::Confirm()')
[26/29] MWCC build/GMSJ01/src/Enemy/bosseel.o
### mwcceppc.exe Compiler:
#      In: include\JSystem\JGadget\std-list.hpp
#    From: src\Enemy\bosseel.cpp
# ------------------------------
#     201: }
# Warning: ^
#   return value expected
#    (instantiating: 'JGadget::TList<MActorSubAnmInfo, 
#   JGadget::TAllocator<MActorSubAnmInfo>>::Confirm()')
### mwcceppc.exe Compiler:
#    File: src\Enemy\bosseel.cpp
# ------------------------------
#    1614: BOOL TBossEel::isEyeBlurOn() { }
# Warning:                                ^
#   return value expected
### mwcceppc.exe Compiler:
#    2402: }
# Warning: ^
#   return value expected
[27/29] REPORT
 INFO Loading project .
 INFO Generating report for 736 units (using 12 threads)
 INFO Report generated in 0.640s
 INFO Writing to build/GMSJ01/report.json
[28/29] CHANGES
 INFO Writing to build/GMSJ01/report_changes.json
[29/29] CHANGESFMT

