Unit        : mario/MarioUtil/MtxUtil
Source      : src/MarioUtil/MtxUtil.cpp
Object      : build/GMSJ01/src/MarioUtil/MtxUtil.o
Map TU      : MarioUtil.a MtxUtil.cpp
Map symbols : 32 (7 UNUSED)   Object .text symbols: 36
reverse_fn_order: True
------------------------------------------------------------------------------

[ OK ] All map symbols are present in the object.

[WARN] Only weak symbols are out of order (compiler-controlled -- does not fail the check):
    SMS_GetActorMtx__FRC9THitActorPA4_f
    moveHeadAndTail__5TRopeFRCQ29JGeometry8TVec3<f>RCQ29JGeometry8TVec3<f>
  + moveHead__5TRopeFRCQ29JGeometry8TVec3<f>   (object position)
    scale__Q29JGeometry8TVec3<f>Ff
  - moveHead__5TRopeFRCQ29JGeometry8TVec3<f>   (map position)
    constraintTail__5TRopeFRCQ29JGeometry8TVec3<f>
    constraintHead__5TRopeFRCQ29JGeometry8TVec3<f>
    collision__5TRopeFv
    __ct__5TRopeFUsRCQ29JGeometry8TVec3<f>ffff
    __ct__10TRopePointFv
    SMS_GetLightPerspectiveForEffectMtx__FPA4_f
    SMS_MtxLookAt__FPA4_fRCQ29JGeometry8TVec3<f>RCQ29JGeometry8TVec3<f>RCQ29JGeometry8TVec3<f>
    SMS_MakeJointsToArc__FP8J3DModelRCQ29JGeometry8TVec3<f>RCQ29JGeometry8TVec3<f>RCQ29JGeometry8TVec3<f>
    remove__15TMultiMtxEffectFv
    add__15TMultiMtxEffectFv
    setUserArea__15TMultiMtxEffectFv
    setup__15TMultiMtxEffectFP8J3DModelPCc
    __ct<f>__Q29JGeometry8TVec3<f>Ffff
    __ct__30TParamT<Q29JGeometry8TVec3<f>>FP7TParamsQ29JGeometry8TVec3<f>UsPCc
    set<f>__Q29JGeometry8TVec3<f>Ffff
    __ct__10TParamT<f>FP7TParamsfUsPCc
    TMtxSwingRZReverseXZCallBack__FP7J3DNodei
    calc__20TMtxSwingRZReverseXZFPA4_f
    TMtxSwingRZCallBack__FP7J3DNodei
    calc__11TMtxSwingRZFPA4_f
    calcLocalXY__11TMtxSwingRZFPA4_fP3VecP3Vec
    TMtxTimeLagCallBack__FP7J3DNodei
    calc__11TMtxTimeLagFPA4_f
    __ct__Q211TMtxTimeLag9TDeParamsFPCc
    MtxToQuat__FPA4_fP10Quaternion
    getParams__11TMtxSwingRZFv
    getParams__11TMtxTimeLagFv
    getParams__14TMtxEffectBaseFv

[WARN] 4 UNUSED symbol(s) with wrong size (best-effort -- does not fail the check):
  - moveHeadAndTail__5TRopeFRCQ29JGeometry8TVec3<f>RCQ29JGeometry8TVec3<f>
      map:    0x19c (412)
      object: 0x4 (4)
  - SMS_MtxLookAt__FPA4_fRCQ29JGeometry8TVec3<f>RCQ29JGeometry8TVec3<f>RCQ29JGeometry8TVec3<f>
      map:    0x1e8 (488)
      object: 0x4 (4)
  - remove__15TMultiMtxEffectFv
      map:    0x48 (72)
      object: 0x4 (4)
  - add__15TMultiMtxEffectFv
      map:    0x98 (152)
      object: 0x4 (4)
[ OK ] Symbol linkage (weak/local/global) matches the map.

[INFO] 4 object-only symbol(s) not in the map (usually deduplicated weak/inline helpers; not an error; -v to list).
------------------------------------------------------------------------------
RESULT: PASS with warnings (weak-symbol order; 4 UNUSED size mismatch(es) -- see above)
