[1/64] MWCC build/GMSJ01/src/MarioUtil/MtxUtil.o
### mwcceppc.exe Compiler:
#      In: include\JSystem\JGadget\std-list.hpp
#    From: src\MarioUtil\MtxUtil.cpp
# ----------------------------------
#     201: }
# Warning: ^
#   return value expected
#    (instantiating: 'JGadget::TList<MActorSubAnmInfo, 
#   JGadget::TAllocator<MActorSubAnmInfo>>::Confirm()')
[2/64] MWCC build/GMSJ01/src/MarioUtil/ModelUtil.o
### mwcceppc.exe Compiler:
#      In: include\JSystem\JGadget\std-list.hpp
#    From: src\MarioUtil\ModelUtil.cpp
# ------------------------------------
#     201: }
# Warning: ^
#   return value expected
#    (instantiating: 'JGadget::TList<MActorSubAnmInfo, 
#   JGadget::TAllocator<MActorSubAnmInfo>>::Confirm()')
[3/64] MWCC build/GMSJ01/src/MarioUtil/ShadowUtil.o
### mwcceppc.exe Compiler:
#      In: include\JSystem\JGadget\std-list.hpp
#    From: src\MarioUtil\ShadowUtil.cpp
# -------------------------------------
#     201: }
# Warning: ^
#   return value expected
#    (instantiating: 'JGadget::TList<MActorSubAnmInfo, 
#   JGadget::TAllocator<MActorSubAnmInfo>>::Confirm()')
### mwcceppc.exe Compiler:
#     201: }
# Warning: ^
#   return value expected
#    (instantiating: 'JGadget::TList<TMBindShadowBody *, 
#   JGadget::TAllocator<TMBindShadowBody *>>::Confirm()')
[4/64] MWCC build/GMSJ01/src/System/MarNameRefGen_Map.o
### mwcceppc.exe Compiler:
#      In: include\JSystem\JGadget\std-list.hpp
#    From: src\System\MarNameRefGen_Map.cpp
# -----------------------------------------
#     201: }
# Warning: ^
#   return value expected
#    (instantiating: 'JGadget::TList<MActorSubAnmInfo, 
#   JGadget::TAllocator<MActorSubAnmInfo>>::Confirm()')
[5/64] MWCC build/GMSJ01/src/Strategic/liveactor.o
### mwcceppc.exe Compiler:
#      In: include\JSystem\JGadget\std-list.hpp
#    From: src\Strategic\liveactor.cpp
# ------------------------------------
#     201: }
# Warning: ^
#   return value expected
#    (instantiating: 'JGadget::TList<MActorSubAnmInfo, 
#   JGadget::TAllocator<MActorSubAnmInfo>>::Confirm()')
[6/64] MWCC build/GMSJ01/src/Player/MarioDraw.o
### mwcceppc.exe Compiler:
#      In: include\JSystem\JGadget\std-list.hpp
#    From: src\Player\MarioDraw.cpp
# ---------------------------------
#     201: }
# Warning: ^
#   return value expected
#    (instantiating: 'JGadget::TList<MActorSubAnmInfo, 
#   JGadget::TAllocator<MActorSubAnmInfo>>::Confirm()')
[7/64] MWCC build/GMSJ01/src/Player/MarioPhysics.o
### mwcceppc.exe Compiler:
#      In: include\JSystem\JGadget\std-list.hpp
#    From: src\Player\MarioPhysics.cpp
# ------------------------------------
#     201: }
# Warning: ^
#   return value expected
#    (instantiating: 'JGadget::TList<MActorSubAnmInfo, 
#   JGadget::TAllocator<MActorSubAnmInfo>>::Confirm()')
[8/64] MWCC build/GMSJ01/src/Player/MarioMove.o
sjiswrap: File Z:\Users\Ford\sms-symbol-order-20260915\src\Player\MarioMove.cpp contains Shift JIS encoding errors
### mwcceppc.exe Compiler:
#      In: include\JSystem\JGadget\std-list.hpp
#    From: src\Player\MarioMove.cpp
# ---------------------------------
#     201: }
# Warning: ^
#   return value expected
#    (instantiating: 'JGadget::TList<MActorSubAnmInfo, 
#   JGadget::TAllocator<MActorSubAnmInfo>>::Confirm()')
[9/64] MWCC build/GMSJ01/src/Player/MarioRun.o
### mwcceppc.exe Compiler:
#      In: include\JSystem\JGadget\std-list.hpp
#    From: src\Player\MarioRun.cpp
# --------------------------------
#     201: }
# Warning: ^
#   return value expected
#    (instantiating: 'JGadget::TList<MActorSubAnmInfo, 
#   JGadget::TAllocator<MActorSubAnmInfo>>::Confirm()')
[10/64] MWCC build/GMSJ01/src/Player/MarioWait.o
### mwcceppc.exe Compiler:
#      In: include\JSystem\JGadget\std-list.hpp
#    From: src\Player\MarioWait.cpp
# ---------------------------------
#     201: }
# Warning: ^
#   return value expected
#    (instantiating: 'JGadget::TList<MActorSubAnmInfo, 
#   JGadget::TAllocator<MActorSubAnmInfo>>::Confirm()')
[11/64] MWCC build/GMSJ01/src/Player/MarioSpecial.o
### mwcceppc.exe Compiler:
#      In: include\JSystem\JGadget\std-list.hpp
#    From: src\Player\MarioSpecial.cpp
# ------------------------------------
#     201: }
# Warning: ^
#   return value expected
#    (instantiating: 'JGadget::TList<MActorSubAnmInfo, 
#   JGadget::TAllocator<MActorSubAnmInfo>>::Confirm()')
### mwcceppc.exe Compiler:
#    File: src\Player\MarioSpecial.cpp
# ------------------------------------
#     996: s16 TMario::getNozzleEmitVX() { }
# Warning:                                 ^
#   return value expected
### mwcceppc.exe Compiler:
#    1673: }
# Warning: ^
#   return value expected
[12/64] MWCC build/GMSJ01/src/Player/Tongue.o
### mwcceppc.exe Compiler:
#      In: include\JSystem\JGadget\std-list.hpp
#    From: src\Player\Tongue.cpp
# ------------------------------
#     201: }
# Warning: ^
#   return value expected
#    (instantiating: 'JGadget::TList<MActorSubAnmInfo, 
#   JGadget::TAllocator<MActorSubAnmInfo>>::Confirm()')
[13/64] MWCC build/GMSJ01/src/Player/Yoshi.o
### mwcceppc.exe Compiler:
#      In: include\JSystem\JGadget\std-list.hpp
#    From: src\Player\Yoshi.cpp
# -----------------------------
#     201: }
# Warning: ^
#   return value expected
#    (instantiating: 'JGadget::TList<MActorSubAnmInfo, 
#   JGadget::TAllocator<MActorSubAnmInfo>>::Confirm()')
[14/64] MWCC build/GMSJ01/src/Player/ModelWaterManager.o
### mwcceppc.exe Compiler:
#      In: include\JSystem\JGadget\std-list.hpp
#    From: src\Player\ModelWaterManager.cpp
# -----------------------------------------
#     201: }
# Warning: ^
#   return value expected
#    (instantiating: 'JGadget::TList<MActorSubAnmInfo, 
#   JGadget::TAllocator<MActorSubAnmInfo>>::Confirm()')
[15/64] MWCC build/GMSJ01/src/Player/MarioInit.o
### mwcceppc.exe Compiler:
#      In: include\JSystem\JGadget\std-list.hpp
#    From: src\Player\MarioInit.cpp
# ---------------------------------
#     201: }
# Warning: ^
#   return value expected
#    (instantiating: 'JGadget::TList<MActorSubAnmInfo, 
#   JGadget::TAllocator<MActorSubAnmInfo>>::Confirm()')
[16/64] MWCC build/GMSJ01/src/NPC/NpcInitPrg.o
### mwcceppc.exe Compiler:
#      In: include\JSystem\JGadget\std-list.hpp
#    From: src\NPC\NpcInitPrg.cpp
# -------------------------------
#     201: }
# Warning: ^
#   return value expected
#    (instantiating: 'JGadget::TList<MActorSubAnmInfo, 
#   JGadget::TAllocator<MActorSubAnmInfo>>::Confirm()')
[17/64] MWCC build/GMSJ01/src/NPC/NpcChange.o
### mwcceppc.exe Compiler:
#      In: include\JSystem\JGadget\std-list.hpp
#    From: src\NPC\NpcChange.cpp
# ------------------------------
#     201: }
# Warning: ^
#   return value expected
#    (instantiating: 'JGadget::TList<MActorSubAnmInfo, 
#   JGadget::TAllocator<MActorSubAnmInfo>>::Confirm()')
### mwcceppc.exe Compiler:
#    File: src\NPC\NpcChange.cpp
# ------------------------------
#     145: bool TBaseNPC::isNerveCanGoToThrow() const { }
# Warning:                                              ^
#   return value expected
### mwcceppc.exe Compiler:
#     639: void TBaseNPC::kill() { }
# Warning:                         ^
#   return value expected
[18/64] MWCC build/GMSJ01/src/NPC/NpcCollision.o
### mwcceppc.exe Compiler:
#      In: include\JSystem\JGadget\std-list.hpp
#    From: src\NPC\NpcCollision.cpp
# ---------------------------------
#     201: }
# Warning: ^
#   return value expected
#    (instantiating: 'JGadget::TList<MActorSubAnmInfo, 
#   JGadget::TAllocator<MActorSubAnmInfo>>::Confirm()')
[19/64] MWCC build/GMSJ01/src/MoveBG/WoodBarrel.o
### mwcceppc.exe Compiler:
#      In: include\JSystem\JGadget\std-list.hpp
#    From: src\MoveBG\WoodBarrel.cpp
# ----------------------------------
#     201: }
# Warning: ^
#   return value expected
#    (instantiating: 'JGadget::TList<MActorSubAnmInfo, 
#   JGadget::TAllocator<MActorSubAnmInfo>>::Confirm()')
[20/64] MWCC build/GMSJ01/src/MoveBG/MapObjBase.o
### mwcceppc.exe Compiler:
#      In: include\JSystem\JGadget\std-list.hpp
#    From: src\MoveBG\MapObjBase.cpp
# ----------------------------------
#     201: }
# Warning: ^
#   return value expected
#    (instantiating: 'JGadget::TList<MActorSubAnmInfo, 
#   JGadget::TAllocator<MActorSubAnmInfo>>::Confirm()')
[21/64] MWCC build/GMSJ01/src/MoveBG/MapObjInit.o
### mwcceppc.exe Compiler:
#      In: include\JSystem\JGadget\std-list.hpp
#    From: src\MoveBG\MapObjInit.cpp
# ----------------------------------
#     201: }
# Warning: ^
#   return value expected
#    (instantiating: 'JGadget::TList<MActorSubAnmInfo, 
#   JGadget::TAllocator<MActorSubAnmInfo>>::Confirm()')
[22/64] MWCC build/GMSJ01/src/MoveBG/MapObjGeneral.o
### mwcceppc.exe Compiler:
#      In: include\JSystem\JGadget\std-list.hpp
#    From: src\MoveBG\MapObjGeneral.cpp
# -------------------------------------
#     201: }
# Warning: ^
#   return value expected
#    (instantiating: 'JGadget::TList<MActorSubAnmInfo, 
#   JGadget::TAllocator<MActorSubAnmInfo>>::Confirm()')
[23/64] MWCC build/GMSJ01/src/MoveBG/MapObjManager.o
### mwcceppc.exe Compiler:
#      In: include\JSystem\JGadget\std-list.hpp
#    From: src\MoveBG\MapObjManager.cpp
# -------------------------------------
#     201: }
# Warning: ^
#   return value expected
#    (instantiating: 'JGadget::TList<MActorSubAnmInfo, 
#   JGadget::TAllocator<MActorSubAnmInfo>>::Confirm()')
[24/64] MWCC build/GMSJ01/src/MoveBG/MapObjLib.o
### mwcceppc.exe Compiler:
#      In: include\JSystem\JGadget\std-list.hpp
#    From: src\MoveBG\MapObjLib.cpp
# ---------------------------------
#     201: }
# Warning: ^
#   return value expected
#    (instantiating: 'JGadget::TList<MActorSubAnmInfo, 
#   JGadget::TAllocator<MActorSubAnmInfo>>::Confirm()')
### mwcceppc.exe Compiler:
#    File: src\MoveBG\MapObjLib.cpp
# ---------------------------------
#     230: }
# Warning: ^
#   return value expected
### mwcceppc.exe Compiler:
#     835: }
# Warning: ^
#   return value expected
### mwcceppc.exe Compiler:
#    1098: }
# Warning: ^
#   return value expected
### mwcceppc.exe Compiler:
#    1098: }
# Warning: ^
#   return value expected
[25/64] MWCC build/GMSJ01/src/MoveBG/Item.o
### mwcceppc.exe Compiler:
#      In: include\JSystem\JGadget\std-list.hpp
#    From: src\MoveBG\Item.cpp
# ----------------------------
#     201: }
# Warning: ^
#   return value expected
#    (instantiating: 'JGadget::TList<MActorSubAnmInfo, 
#   JGadget::TAllocator<MActorSubAnmInfo>>::Confirm()')
[26/64] MWCC build/GMSJ01/src/MoveBG/MapObjSirena.o
### mwcceppc.exe Compiler:
#      In: include\JSystem\JGadget\std-list.hpp
#    From: src\MoveBG\MapObjSirena.cpp
# ------------------------------------
#     201: }
# Warning: ^
#   return value expected
#    (instantiating: 'JGadget::TList<MActorSubAnmInfo, 
#   JGadget::TAllocator<MActorSubAnmInfo>>::Confirm()')
[27/64] MWCC build/GMSJ01/src/MoveBG/MapObjItem2.o
### mwcceppc.exe Compiler:
#      In: include\JSystem\JGadget\std-list.hpp
#    From: src\MoveBG\MapObjItem2.cpp
# -----------------------------------
#     201: }
# Warning: ^
#   return value expected
#    (instantiating: 'JGadget::TList<MActorSubAnmInfo, 
#   JGadget::TAllocator<MActorSubAnmInfo>>::Confirm()')
[28/64] MWCC build/GMSJ01/src/MoveBG/MapObjHide.o
### mwcceppc.exe Compiler:
#      In: include\JSystem\JGadget\std-list.hpp
#    From: src\MoveBG\MapObjHide.cpp
# ----------------------------------
#     201: }
# Warning: ^
#   return value expected
#    (instantiating: 'JGadget::TList<MActorSubAnmInfo, 
#   JGadget::TAllocator<MActorSubAnmInfo>>::Confirm()')
[29/64] MWCC build/GMSJ01/src/Map/Map.o
### mwcceppc.exe Compiler:
#      In: include\JSystem\JGadget\std-list.hpp
#    From: src\Map\Map.cpp
# ------------------------
#     201: }
# Warning: ^
#   return value expected
#    (instantiating: 'JGadget::TList<MActorSubAnmInfo, 
#   JGadget::TAllocator<MActorSubAnmInfo>>::Confirm()')
### mwcceppc.exe Compiler:
#    File: src\Map\Map.cpp
# ------------------------
#     298: }
# Warning: ^
#   return value expected
### mwcceppc.exe Compiler:
#     435: }
# Warning: ^
#   return value expected
[30/64] MWCC build/GMSJ01/src/Map/MapDraw.o
### mwcceppc.exe Compiler:
#      In: include\JSystem\JGadget\std-list.hpp
#    From: src\Map\MapDraw.cpp
# ----------------------------
#     201: }
# Warning: ^
#   return value expected
#    (instantiating: 'JGadget::TList<MActorSubAnmInfo, 
#   JGadget::TAllocator<MActorSubAnmInfo>>::Confirm()')
[31/64] MWCC build/GMSJ01/src/Map/MapEvent.o
### mwcceppc.exe Compiler:
#      In: include\JSystem\JGadget\std-list.hpp
#    From: src\Map\MapEvent.cpp
# -----------------------------
#     201: }
# Warning: ^
#   return value expected
#    (instantiating: 'JGadget::TList<MActorSubAnmInfo, 
#   JGadget::TAllocator<MActorSubAnmInfo>>::Confirm()')
[32/64] MWCC build/GMSJ01/src/Map/MapWarp.o
### mwcceppc.exe Compiler:
#      In: include\JSystem\JGadget\std-list.hpp
#    From: src\Map\MapWarp.cpp
# ----------------------------
#     201: }
# Warning: ^
#   return value expected
#    (instantiating: 'JGadget::TList<MActorSubAnmInfo, 
#   JGadget::TAllocator<MActorSubAnmInfo>>::Confirm()')
[33/64] MWCC build/GMSJ01/src/Map/MapStaticObject.o
### mwcceppc.exe Compiler:
#      In: include\JSystem\JGadget\std-list.hpp
#    From: src\Map\MapStaticObject.cpp
# ------------------------------------
#     201: }
# Warning: ^
#   return value expected
#    (instantiating: 'JGadget::TList<MActorSubAnmInfo, 
#   JGadget::TAllocator<MActorSubAnmInfo>>::Confirm()')
[34/64] MWCC build/GMSJ01/src/Map/MapXlu.o
### mwcceppc.exe Compiler:
#      In: include\JSystem\JGadget\std-list.hpp
#    From: src\Map\MapXlu.cpp
# ---------------------------
#     201: }
# Warning: ^
#   return value expected
#    (instantiating: 'JGadget::TList<MActorSubAnmInfo, 
#   JGadget::TAllocator<MActorSubAnmInfo>>::Confirm()')
[35/64] MWCC build/GMSJ01/src/Map/PollutionObj.o
### mwcceppc.exe Compiler:
#      In: include\JSystem\JGadget\std-list.hpp
#    From: src\Map\PollutionObj.cpp
# ---------------------------------
#     201: }
# Warning: ^
#   return value expected
#    (instantiating: 'JGadget::TList<MActorSubAnmInfo, 
#   JGadget::TAllocator<MActorSubAnmInfo>>::Confirm()')
[36/64] MWCC build/GMSJ01/src/Map/Sky.o
### mwcceppc.exe Compiler:
#      In: include\JSystem\JGadget\std-list.hpp
#    From: src\Map\Sky.cpp
# ------------------------
#     201: }
# Warning: ^
#   return value expected
#    (instantiating: 'JGadget::TList<MActorSubAnmInfo, 
#   JGadget::TAllocator<MActorSubAnmInfo>>::Confirm()')
[37/64] MWCC build/GMSJ01/src/Map/MapEventDolpic.o
### mwcceppc.exe Compiler:
#      In: include\JSystem\JGadget\std-list.hpp
#    From: src\Map\MapEventDolpic.cpp
# -----------------------------------
#     201: }
# Warning: ^
#   return value expected
#    (instantiating: 'JGadget::TList<MActorSubAnmInfo, 
#   JGadget::TAllocator<MActorSubAnmInfo>>::Confirm()')
[38/64] MWCC build/GMSJ01/src/Map/MapEventMare.o
### mwcceppc.exe Compiler:
#      In: include\JSystem\JGadget\std-list.hpp
#    From: src\Map\MapEventMare.cpp
# ---------------------------------
#     201: }
# Warning: ^
#   return value expected
#    (instantiating: 'JGadget::TList<MActorSubAnmInfo, 
#   JGadget::TAllocator<MActorSubAnmInfo>>::Confirm()')
[39/64] MWCC build/GMSJ01/src/Enemy/conductor.o
### mwcceppc.exe Compiler:
#      In: include\JSystem\JGadget\std-list.hpp
#    From: src\Enemy\conductor.cpp
# --------------------------------
#     201: }
# Warning: ^
#   return value expected
#    (instantiating: 'JGadget::TList<MActorSubAnmInfo, 
#   JGadget::TAllocator<MActorSubAnmInfo>>::Confirm()')
### mwcceppc.exe Compiler:
#     201: }
# Warning: ^
#   return value expected
#    (instantiating: 'JGadget::TList<TLiveManager *, 
#   JGadget::TAllocator<TLiveManager *>>::Confirm()')
### mwcceppc.exe Compiler:
#     201: }
# Warning: ^
#   return value expected
#    (instantiating: 'JGadget::TList<TEnemyManager *, 
#   JGadget::TAllocator<TEnemyManager *>>::Confirm()')
### mwcceppc.exe Compiler:
#     201: }
# Warning: ^
#   return value expected
#    (instantiating: 'JGadget::TList<TLiveActor *, 
#   JGadget::TAllocator<TLiveActor *>>::Confirm()')
### mwcceppc.exe Compiler:
#     201: }
# Warning: ^
#   return value expected
#    (instantiating: 'JGadget::TList<JDrama::TViewObj *, 
#   JGadget::TAllocator<JDrama::TViewObj *>>::Confirm()')
### mwcceppc.exe Compiler:
#     201: }
# Warning: ^
#   return value expected
#    (instantiating: 'JGadget::TList<TAreaCylinderManager *, 
#   JGadget::TAllocator<TAreaCylinderManager *>>::Confirm()')
### mwcceppc.exe Compiler:
#     201: }
# Warning: ^
#   return value expected
#    (instantiating: 'JGadget::TList<TGenerator *, 
#   JGadget::TAllocator<TGenerator *>>::Confirm()')
### mwcceppc.exe Compiler:
#     201: }
# Warning: ^
#   return value expected
#    (instantiating: 'JGadget::TList<SDLModelData *, 
#   JGadget::TAllocator<SDLModelData *>>::Confirm()')
### mwcceppc.exe Compiler:
#    File: src\Enemy\conductor.cpp
# --------------------------------
#     427: }
# Warning: ^
#   return value expected
[40/64] MWCC build/GMSJ01/src/Enemy/enemy.o
### mwcceppc.exe Compiler:
#      In: include\JSystem\JGadget\std-list.hpp
#    From: src\Enemy\enemy.cpp
# ----------------------------
#     201: }
# Warning: ^
#   return value expected
#    (instantiating: 'JGadget::TList<MActorSubAnmInfo, 
#   JGadget::TAllocator<MActorSubAnmInfo>>::Confirm()')
### mwcceppc.exe Compiler:
#    File: src\Enemy\enemy.cpp
# ----------------------------
#     646: }
# Warning: ^
#   variable 'fVar3' is not initialized before being used
### mwcceppc.exe Compiler:
#     646: }
# Warning: ^
#   variable 'fVar3' is not initialized before being used
[41/64] MWCC build/GMSJ01/src/Enemy/enemyAttachment.o
### mwcceppc.exe Compiler:
#      In: include\JSystem\JGadget\std-list.hpp
#    From: src\Enemy\enemyAttachment.cpp
# --------------------------------------
#     201: }
# Warning: ^
#   return value expected
#    (instantiating: 'JGadget::TList<MActorSubAnmInfo, 
#   JGadget::TAllocator<MActorSubAnmInfo>>::Confirm()')
[42/64] MWCC build/GMSJ01/src/Enemy/graph.o
### mwcceppc.exe Compiler:
#      In: include\JSystem\JGadget\std-list.hpp
#    From: src\Enemy\graph.cpp
# ----------------------------
#     201: }
# Warning: ^
#   return value expected
#    (instantiating: 'JGadget::TList<MActorSubAnmInfo, 
#   JGadget::TAllocator<MActorSubAnmInfo>>::Confirm()')
### mwcceppc.exe Compiler:
#    File: src\Enemy\graph.cpp
# ----------------------------
#     607: }
# Warning: ^
#   return value expected
### mwcceppc.exe Compiler:
#     639: }
# Warning: ^
#   return value expected
### mwcceppc.exe Compiler:
#     960: }
# Warning: ^
#   return value expected
### mwcceppc.exe Compiler:
#     960: }
# Warning: ^
#   return value expected
[43/64] MWCC build/GMSJ01/src/Enemy/gesso.o
### mwcceppc.exe Compiler:
#      In: include\JSystem\JGadget\std-list.hpp
#    From: src\Enemy\gesso.cpp
# ----------------------------
#     201: }
# Warning: ^
#   return value expected
#    (instantiating: 'JGadget::TList<MActorSubAnmInfo, 
#   JGadget::TAllocator<MActorSubAnmInfo>>::Confirm()')
[44/64] MWCC build/GMSJ01/src/Enemy/hamukuri.o
### mwcceppc.exe Compiler:
#      In: include\JSystem\JGadget\std-list.hpp
#    From: src\Enemy\hamukuri.cpp
# -------------------------------
#     201: }
# Warning: ^
#   return value expected
#    (instantiating: 'JGadget::TList<MActorSubAnmInfo, 
#   JGadget::TAllocator<MActorSubAnmInfo>>::Confirm()')
### mwcceppc.exe Compiler:
#    File: src\Enemy\hamukuri.cpp
# -------------------------------
#    2501: DEFINE_NERVE(TNerveDangoHamuKuriAttack, TLiveActor) { }
# Warning:                                                       ^
#   return value expected
### mwcceppc.exe Compiler:
#    2675: }
# Warning: ^
#   return value expected
[45/64] MWCC build/GMSJ01/src/Enemy/spider.o
### mwcceppc.exe Compiler:
#      In: include\JSystem\JGadget\std-list.hpp
#    From: src\Enemy\spider.cpp
# -----------------------------
#     201: }
# Warning: ^
#   return value expected
#    (instantiating: 'JGadget::TList<MActorSubAnmInfo, 
#   JGadget::TAllocator<MActorSubAnmInfo>>::Confirm()')
[46/64] MWCC build/GMSJ01/src/Enemy/smallEnemy.o
### mwcceppc.exe Compiler:
#      In: include\JSystem\JGadget\std-list.hpp
#    From: src\Enemy\smallEnemy.cpp
# ---------------------------------
#     201: }
# Warning: ^
#   return value expected
#    (instantiating: 'JGadget::TList<MActorSubAnmInfo, 
#   JGadget::TAllocator<MActorSubAnmInfo>>::Confirm()')
[47/64] MWCC build/GMSJ01/src/Enemy/walker.o
### mwcceppc.exe Compiler:
#      In: include\JSystem\JGadget\std-list.hpp
#    From: src\Enemy\walker.cpp
# -----------------------------
#     201: }
# Warning: ^
#   return value expected
#    (instantiating: 'JGadget::TList<MActorSubAnmInfo, 
#   JGadget::TAllocator<MActorSubAnmInfo>>::Confirm()')
[48/64] MWCC build/GMSJ01/src/Enemy/bossgesso.o
### mwcceppc.exe Compiler:
#      In: include\JSystem\JGadget\std-list.hpp
#    From: src\Enemy\bossgesso.cpp
# --------------------------------
#     201: }
# Warning: ^
#   return value expected
#    (instantiating: 'JGadget::TList<MActorSubAnmInfo, 
#   JGadget::TAllocator<MActorSubAnmInfo>>::Confirm()')
### mwcceppc.exe Compiler:
#    File: src\Enemy\bossgesso.cpp
# --------------------------------
#     161: }
# Warning: ^
#   return value expected
### mwcceppc.exe Compiler:
#    2013: }
# Warning: ^
#   return value expected
[49/64] MWCC build/GMSJ01/src/Enemy/telesa.o
### mwcceppc.exe Compiler:
#      In: include\JSystem\JGadget\std-list.hpp
#    From: src\Enemy\telesa.cpp
# -----------------------------
#     201: }
# Warning: ^
#   return value expected
#    (instantiating: 'JGadget::TList<MActorSubAnmInfo, 
#   JGadget::TAllocator<MActorSubAnmInfo>>::Confirm()')
### mwcceppc.exe Compiler:
#    File: src\Enemy\telesa.cpp
# -----------------------------
#     655: bool TTelesa::isResetTransY() { }
# Warning:                                 ^
#   return value expected
### mwcceppc.exe Compiler:
#    1281: }
# Warning: ^
#   return value expected
[50/64] MWCC build/GMSJ01/src/Enemy/fireWanwan.o
### mwcceppc.exe Compiler:
#      In: include\JSystem\JGadget\std-list.hpp
#    From: src\Enemy\fireWanwan.cpp
# ---------------------------------
#     201: }
# Warning: ^
#   return value expected
#    (instantiating: 'JGadget::TList<MActorSubAnmInfo, 
#   JGadget::TAllocator<MActorSubAnmInfo>>::Confirm()')
### mwcceppc.exe Compiler:
#    File: src\Enemy\fireWanwan.cpp
# ---------------------------------
#     634: JGeometry::TVec3<f32> TFireWanwanTailHit::getBodyNthPos(int i) const { }
# Warning:                                                                        ^
#   return value expected
### mwcceppc.exe Compiler:
#     636: f32 TFireWanwanTailHit::getBodyTailPow() const { }
# Warning:                                                  ^
#   return value expected
### mwcceppc.exe Compiler:
#     638: f32 TFireWanwanTailHit::getBodyHeadPow() const { }
# Warning:                                                  ^
#   return value expected
### mwcceppc.exe Compiler:
#     709: f32 TFireWanwanTailHit::getTailLength() const { }
# Warning:                                                 ^
#   return value expected
### mwcceppc.exe Compiler:
#    2134: }
# Warning: ^
#   return value expected
### mwcceppc.exe Compiler:
#    2134: }
# Warning: ^
#   return value expected
### mwcceppc.exe Compiler:
#    2134: }
# Warning: ^
#   return value expected
### mwcceppc.exe Compiler:
#    2134: }
# Warning: ^
#   return value expected
[51/64] MWCC build/GMSJ01/src/Enemy/tamaNoko.o
### mwcceppc.exe Compiler:
#      In: include\JSystem\JGadget\std-list.hpp
#    From: src\Enemy\tamaNoko.cpp
# -------------------------------
#     201: }
# Warning: ^
#   return value expected
#    (instantiating: 'JGadget::TList<MActorSubAnmInfo, 
#   JGadget::TAllocator<MActorSubAnmInfo>>::Confirm()')
[52/64] MWCC build/GMSJ01/src/Enemy/bosseel.o
### mwcceppc.exe Compiler:
#      In: include\JSystem\JGadget\std-list.hpp
#    From: src\Enemy\bosseel.cpp
# ------------------------------
#     201: }
# Warning: ^
#   return value expected
#    (instantiating: 'JGadget::TList<MActorSubAnmInfo, 
#   JGadget::TAllocator<MActorSubAnmInfo>>::Confirm()')
### mwcceppc.exe Compiler:
#    File: src\Enemy\bosseel.cpp
# ------------------------------
#    1614: BOOL TBossEel::isEyeBlurOn() { }
# Warning:                                ^
#   return value expected
### mwcceppc.exe Compiler:
#    2402: }
# Warning: ^
#   return value expected
[53/64] MWCC build/GMSJ01/src/Enemy/beam.o
### mwcceppc.exe Compiler:
#      In: include\JSystem\JGadget\std-list.hpp
#    From: src\Enemy\beam.cpp
# ---------------------------
#     201: }
# Warning: ^
#   return value expected
#    (instantiating: 'JGadget::TList<MActorSubAnmInfo, 
#   JGadget::TAllocator<MActorSubAnmInfo>>::Confirm()')
[54/64] MWCC build/GMSJ01/src/Enemy/bgpoldrop.o
### mwcceppc.exe Compiler:
#      In: include\JSystem\JGadget\std-list.hpp
#    From: src\Enemy\bgpoldrop.cpp
# --------------------------------
#     201: }
# Warning: ^
#   return value expected
#    (instantiating: 'JGadget::TList<MActorSubAnmInfo, 
#   JGadget::TAllocator<MActorSubAnmInfo>>::Confirm()')
[55/64] MWCC build/GMSJ01/src/Enemy/bgtentacle.o
### mwcceppc.exe Compiler:
#      In: include\JSystem\JGadget\std-list.hpp
#    From: src\Enemy\bgtentacle.cpp
# ---------------------------------
#     201: }
# Warning: ^
#   return value expected
#    (instantiating: 'JGadget::TList<MActorSubAnmInfo, 
#   JGadget::TAllocator<MActorSubAnmInfo>>::Confirm()')
### mwcceppc.exe Compiler:
#    File: src\Enemy\bgtentacle.cpp
# ---------------------------------
#     639: BOOL TBGTentacle::isAttacking() const { }
# Warning:                                         ^
#   return value expected
### mwcceppc.exe Compiler:
#     641: bool TBGTentacle::canTake() const { }
# Warning:                                     ^
#   return value expected
### mwcceppc.exe Compiler:
#    1436: }
# Warning: ^
#   return value expected
### mwcceppc.exe Compiler:
#    1436: }
# Warning: ^
#   return value expected
[56/64] MWCC build/GMSJ01/src/Enemy/Kumokun.o
### mwcceppc.exe Compiler:
#      In: include\JSystem\JGadget\std-list.hpp
#    From: src\Enemy\Kumokun.cpp
# ------------------------------
#     201: }
# Warning: ^
#   return value expected
#    (instantiating: 'JGadget::TList<MActorSubAnmInfo, 
#   JGadget::TAllocator<MActorSubAnmInfo>>::Confirm()')
### mwcceppc.exe Compiler:
#    File: src\Enemy\Kumokun.cpp
# ------------------------------
#     897: bool TKumokun::isCrashing() const { }
# Warning:                                     ^
#   return value expected
### mwcceppc.exe Compiler:
#    1214: }
# Warning: ^
#   return value expected
[57/64] MWCC build/GMSJ01/src/Camera/CameraBGCheck.o
### mwcceppc.exe Compiler:
#      In: include\JSystem\JGadget\std-list.hpp
#    From: src\Camera\CameraBGCheck.cpp
# -------------------------------------
#     201: }
# Warning: ^
#   return value expected
#    (instantiating: 'JGadget::TList<MActorSubAnmInfo, 
#   JGadget::TAllocator<MActorSubAnmInfo>>::Confirm()')
[58/64] MWCC build/GMSJ01/src/Enemy/Amenbo.o
### mwcceppc.exe Compiler:
#      In: include\JSystem\JGadget\std-list.hpp
#    From: src\Enemy\Amenbo.cpp
# -----------------------------
#     201: }
# Warning: ^
#   return value expected
#    (instantiating: 'JGadget::TList<MActorSubAnmInfo, 
#   JGadget::TAllocator<MActorSubAnmInfo>>::Confirm()')
[59/64] MWCC build/GMSJ01/src/Camera/cameragc.o
### mwcceppc.exe Compiler:
#      In: include\JSystem\JGadget\std-list.hpp
#    From: src\Camera\cameragc.cpp
# --------------------------------
#     201: }
# Warning: ^
#   return value expected
#    (instantiating: 'JGadget::TList<MActorSubAnmInfo, 
#   JGadget::TAllocator<MActorSubAnmInfo>>::Confirm()')
[60/64] MWCC build/GMSJ01/src/Animal/AnimalBase.o
### mwcceppc.exe Compiler:
#      In: include\JSystem\JGadget\std-list.hpp
#    From: src\Animal\AnimalBase.cpp
# ----------------------------------
#     201: }
# Warning: ^
#   return value expected
#    (instantiating: 'JGadget::TList<MActorSubAnmInfo, 
#   JGadget::TAllocator<MActorSubAnmInfo>>::Confirm()')
[61/64] MWCC build/GMSJ01/src/MarioUtil/MapUtil.o
[mvk-info] MoltenVK version 1.4.1, supporting Vulkan version 1.4.334.
	The following 153 Vulkan extensions are supported:
	VK_KHR_16bit_storage v1
	VK_KHR_8bit_storage v1
	VK_KHR_bind_memory2 v1
	VK_KHR_buffer_device_address v1
	VK_KHR_calibrated_timestamps v1
	VK_KHR_copy_commands2 v1
	VK_KHR_create_renderpass2 v1
	VK_KHR_dedicated_allocation v3
	VK_KHR_deferred_host_operations v4
	VK_KHR_depth_stencil_resolve v1
	VK_KHR_descriptor_update_template v1
	VK_KHR_device_group v4
	VK_KHR_device_group_creation v1
	VK_KHR_driver_properties v1
	VK_KHR_dynamic_rendering v1
	VK_KHR_dynamic_rendering_local_read v1
	VK_KHR_external_fence v1
	VK_KHR_external_fence_capabilities v1
	VK_KHR_external_memory v1
	VK_KHR_external_memory_capabilities v1
	VK_KHR_external_semaphore v1
	VK_KHR_external_semaphore_capabilities v1
	VK_KHR_format_feature_flags2 v2
	VK_KHR_fragment_shader_barycentric v1
	VK_KHR_get_memory_requirements2 v1
	VK_KHR_get_physical_device_properties2 v2
	VK_KHR_get_surface_capabilities2 v1
	VK_KHR_global_priority v1
	VK_KHR_image_format_list v1
	VK_KHR_imageless_framebuffer v1
	VK_KHR_incremental_present v2
	VK_KHR_index_type_uint8 v1
	VK_KHR_line_rasterization v1
	VK_KHR_load_store_op_none v1
	VK_KHR_maintenance1 v2
	VK_KHR_maintenance2 v1
	VK_KHR_maintenance3 v1
	VK_KHR_maintenance4 v2
	VK_KHR_maintenance5 v1
	VK_KHR_maintenance6 v1
	VK_KHR_maintenance7 v1
	VK_KHR_maintenance8 v1
	VK_KHR_maintenance9 v1
	VK_KHR_map_memory2 v1
	VK_KHR_multiview v1
	VK_KHR_portability_subset v1
	VK_KHR_present_id v1
	VK_KHR_present_id2 v1
	VK_KHR_present_wait v1
	VK_KHR_present_wait2 v1
	VK_KHR_push_descriptor v2
	VK_KHR_relaxed_block_layout v1
	VK_KHR_robustness2 v1
	VK_KHR_sampler_mirror_clamp_to_edge v3
	VK_KHR_sampler_ycbcr_conversion v14
	VK_KHR_separate_depth_stencil_layouts v1
	VK_KHR_shader_draw_parameters v1
	VK_KHR_shader_expect_assume v1
	VK_KHR_shader_float_controls v4
	VK_KHR_shader_float_controls2 v1
	VK_KHR_shader_float16_int8 v1
	VK_KHR_shader_fma v1
	VK_KHR_shader_integer_dot_product v1
	VK_KHR_shader_maximal_reconvergence v1
	VK_KHR_shader_non_semantic_info v1
	VK_KHR_shader_quad_control v1
	VK_KHR_shader_relaxed_extended_instruction v1
	VK_KHR_shader_subgroup_extended_types v1
	VK_KHR_shader_subgroup_rotate v2
	VK_KHR_shader_subgroup_uniform_control_flow v1
	VK_KHR_shader_terminate_invocation v1
	VK_KHR_spirv_1_4 v1
	VK_KHR_storage_buffer_storage_class v1
	VK_KHR_surface v25
	VK_KHR_surface_maintenance1 v1
	VK_KHR_surface_protected_capabilities v1
	VK_KHR_swapchain v70
	VK_KHR_swapchain_maintenance1 v1
	VK_KHR_swapchain_mutable_format v1
	VK_KHR_synchronization2 v1
	VK_KHR_timeline_semaphore v2
	VK_KHR_uniform_buffer_standard_layout v1
	VK_KHR_variable_pointers v1
	VK_KHR_vertex_attribute_divisor v1
	VK_KHR_vulkan_memory_model v3
	VK_KHR_zero_initialize_workgroup_memory v1
	VK_EXT_4444_formats v1
	VK_EXT_buffer_device_address v2
	VK_EXT_calibrated_timestamps v2
	VK_EXT_debug_marker v4
	VK_EXT_debug_report v10
	VK_EXT_debug_utils v2
	VK_EXT_depth_clip_control v1
	VK_EXT_descriptor_indexing v2
	VK_EXT_extended_dynamic_state v1
	VK_EXT_extended_dynamic_state2 v1
	VK_EXT_extended_dynamic_state3 v2
	VK_EXT_external_memory_host v1
	VK_EXT_external_memory_metal v1
	VK_EXT_fragment_shader_interlock v1
	VK_EXT_global_priority v2
	VK_EXT_global_priority_query v1
	VK_EXT_hdr_metadata v3
	VK_EXT_headless_surface v1
	VK_EXT_host_image_copy v1
	VK_EXT_host_query_reset v1
	VK_EXT_image_2d_view_of_3d v1
	VK_EXT_image_robustness v1
	VK_EXT_index_type_uint8 v1
	VK_EXT_inline_uniform_block v1
	VK_EXT_layer_settings v2
	VK_EXT_legacy_dithering v2
	VK_EXT_line_rasterization v1
	VK_EXT_load_store_op_none v1
	VK_EXT_memory_budget v1
	VK_EXT_metal_objects v2
	VK_EXT_metal_surface v1
	VK_EXT_non_seamless_cube_map v1
	VK_EXT_pipeline_creation_cache_control v3
	VK_EXT_pipeline_creation_feedback v1
	VK_EXT_pipeline_robustness v1
	VK_EXT_post_depth_coverage v1
	VK_EXT_primitive_topology_list_restart v1
	VK_EXT_private_data v1
	VK_EXT_provoking_vertex v1
	VK_EXT_robustness2 v1
	VK_EXT_sample_locations v1
	VK_EXT_scalar_block_layout v1
	VK_EXT_separate_stencil_usage v1
	VK_EXT_shader_atomic_float v1
	VK_EXT_shader_demote_to_helper_invocation v1
	VK_EXT_shader_stencil_export v1
	VK_EXT_shader_subgroup_ballot v1
	VK_EXT_shader_subgroup_vote v1
	VK_EXT_shader_viewport_index_layer v1
	VK_EXT_subgroup_size_control v2
	VK_EXT_surface_maintenance1 v1
	VK_EXT_swapchain_colorspace v5
	VK_EXT_swapchain_maintenance1 v1
	VK_EXT_texel_buffer_alignment v1
	VK_EXT_texture_compression_astc_hdr v1
	VK_EXT_tooling_info v1
	VK_EXT_vertex_attribute_divisor v3
	VK_AMD_gpu_shader_half_float v2
	VK_AMD_negative_viewport_height v1
	VK_AMD_shader_image_load_store_lod v1
	VK_AMD_shader_trinary_minmax v1
	VK_GOOGLE_display_timing v1
	VK_IMG_format_pvrtc v1
	VK_INTEL_shader_integer_functions2 v1
	VK_MVK_macos_surface v3
	VK_MVK_moltenvk v37
	VK_NV_fragment_shader_barycentric v1
[mvk-info] GPU device:
	model: Apple M2 Max
	type: Integrated
	vendorID: 0x106b
	deviceID: 0x1a050208
	pipelineCacheUUID: DB445FF2-1A05-0208-0000-000100000000
	GPU memory available: 79626 MB
	GPU memory used: 0 MB
	Metal Shading Language 3.2
	supports the following GPU Features:
		GPU Family Metal 3
		GPU Family Apple 8
		GPU Family Mac 2
		Read-Write Texture Tier 2
[mvk-info] Created VkInstance for Vulkan version 1.0.334, as requested by app, with the following 3 Vulkan extensions enabled:
	VK_KHR_external_memory_capabilities v1
	VK_KHR_external_semaphore_capabilities v1
	VK_KHR_get_physical_device_properties2 v2
### mwcceppc.exe Compiler:
#      In: include\JSystem\JGadget\std-list.hpp
#    From: src\MarioUtil\MapUtil.cpp
# ----------------------------------
#     201: }
# Warning: ^
#   return value expected
#    (instantiating: 'JGadget::TList<MActorSubAnmInfo, 
#   JGadget::TAllocator<MActorSubAnmInfo>>::Confirm()')
[62/64] REPORT
 INFO Loading project .
 INFO Generating report for 736 units (using 12 threads)
 INFO Report generated in 1.007s
 INFO Writing to build/GMSJ01/report.json
[63/64] CHANGES
 INFO Writing to build/GMSJ01/report_changes.json
[64/64] CHANGESFMT
                                        Total | fuzzy_match  |  75.15% ->  75.15%
                                        Total | matched_code |  39.16% ->  39.16%
                                        Total | matched_data |  56.07% ->  57.44%
                    mario/MoveBG/MapObjSirena | fuzzy_match  |  98.78% ->  98.82%
                    mario/MoveBG/MapObjSirena | matched_code |  42.07% ->  42.11%
                    mario/MoveBG/MapObjSirena | matched_data |  16.46% -> 100.00%
getObjAppearPos__23TWaterHitPictureHideObjCFv | fuzzy_match  |   0.00% -> 100.00%
                      mario/MoveBG/MapObjHide | fuzzy_match  |  99.72% ->  99.83%
                      mario/MoveBG/MapObjHide | matched_code |  54.91% ->  55.02%
                      mario/MoveBG/MapObjHide | matched_data |   6.37% ->  91.07%
    getObjAppearPos__19THideObjPictureTwinCFv | fuzzy_match  |   0.00% -> 100.00%
