[1/5] MWCC build/GMSJ01/src/Enemy/effectObj.o
### mwcceppc.exe Compiler:
#      In: include\JSystem\JGadget\std-list.hpp
#    From: src\Enemy\effectObj.cpp
# --------------------------------
#     201: }
# Warning: ^
#   return value expected
#    (instantiating: 'JGadget::TList<MActorSubAnmInfo, 
#   JGadget::TAllocator<MActorSubAnmInfo>>::Confirm()')
### mwcceppc.exe Compiler:
#     201: }
# Warning: ^
#   return value expected
#    (instantiating: 'JGadget::TList<TEffectObjBase *, 
#   JGadget::TAllocator<TEffectObjBase *>>::Confirm()')
[2/5] MWCC build/GMSJ01/src/Enemy/coasterkiller.o
### mwcceppc.exe Compiler:
#      In: include\JSystem\JGadget\std-list.hpp
#    From: src\Enemy\coasterkiller.cpp
# ------------------------------------
#     201: }
# Warning: ^
#   return value expected
#    (instantiating: 'JGadget::TList<MActorSubAnmInfo, 
#   JGadget::TAllocator<MActorSubAnmInfo>>::Confirm()')
[3/5] REPORT
 INFO Loading project .
 INFO Generating report for 736 units (using 12 threads)
 INFO Report generated in 0.338s
 INFO Writing to build/GMSJ01/report.json
[4/5] CHANGES
 INFO Writing to build/GMSJ01/report_changes.json
[5/5] CHANGESFMT
                                        Total | fuzzy_match  |  75.15% ->  75.22%
                                        Total | matched_code |  39.16% ->  39.23%
                                        Total | matched_data |  56.07% ->  57.54%
                   mario/System/MarNameRefGen | fuzzy_match  |  92.39% ->  95.58%
                   mario/System/MarNameRefGen | matched_code |  51.56% ->  54.75%
                   mario/System/MarNameRefGen | matched_data |  11.07% ->  16.18%
                    __sinit_MarNameRefGen_cpp | fuzzy_match  |   0.00% -> 100.00%
                    mario/MoveBG/MapObjSirena | fuzzy_match  |  98.78% ->  98.82%
                    mario/MoveBG/MapObjSirena | matched_code |  42.07% ->  42.11%
                    mario/MoveBG/MapObjSirena | matched_data |  16.46% -> 100.00%
getObjAppearPos__23TWaterHitPictureHideObjCFv | fuzzy_match  |   0.00% -> 100.00%
                      mario/MoveBG/MapObjHide | fuzzy_match  |  99.72% ->  99.83%
                      mario/MoveBG/MapObjHide | matched_code |  54.91% ->  55.02%
                      mario/MoveBG/MapObjHide | matched_data |   6.37% ->  91.07%
    getObjAppearPos__19THideObjPictureTwinCFv | fuzzy_match  |   0.00% -> 100.00%
                        mario/Enemy/effectObj | fuzzy_match  |  90.28% ->  97.00%
                        mario/Enemy/effectObj | matched_code |  68.68% ->  75.40%
                        mario/Enemy/effectObj | matched_data |  95.12% -> 100.00%
                        __sinit_effectObj_cpp | fuzzy_match  |   0.00% -> 100.00%
                    mario/Enemy/coasterkiller | fuzzy_match  |  86.02% ->  95.69%
                    mario/Enemy/coasterkiller | matched_code |  54.68% ->  64.35%
                    mario/Enemy/coasterkiller | matched_data |  88.37% ->  99.58%
                    __sinit_coasterkiller_cpp | fuzzy_match  |   0.00% -> 100.00%
