Unit        : mario/MoveBG/MapObjCorona
Source      : src/MoveBG/MapObjCorona.cpp
Object      : build/GMSJ01/src/MoveBG/MapObjCorona.o
Map TU      : MoveBG.a MapObjCorona.cpp
Map symbols : 79 (25 UNUSED)   Object .text symbols: 51
reverse_fn_order: True
------------------------------------------------------------------------------

[FAIL] 39 map symbol(s) MISSING from the object:
  - __ct__Q29JGeometry13SMatrix33R<f>Fv
  - scale__Q29JGeometry8TVec4<f>FfRCQ29JGeometry8TVec4<f>
  - dot__Q29JGeometry8TVec4<f>CFRCQ29JGeometry8TVec4<f>
  - fmodf__3stdFff
  - getDir__9@unnamed@FPA4_fRCQ29JGeometry8TVec3<f>RCQ29JGeometry8TVec3<f> (UNUSED)
  - getDir__9@unnamed@FPA4_fRCQ29JGeometry8TVec3<f> (UNUSED)
  - QuatRotate__FRQ29JGeometry9TQuat4<f>RCQ29JGeometry8TVec3<f> (UNUSED)
  - set<f>__Q29JGeometry8TVec3<f>Ffff
  - CameraDemoCallBack__9@unnamed@FUlUl (UNUSED)
  - control__12TBathtubGripFv
  - setupCollisions___12TBathtubGripFv (UNUSED)
  - removeCollisions___12TBathtubGripFv (UNUSED)
  - marioIsOn__12TBathtubGripCFv (UNUSED)
  - calcRootMatrix__12TBathtubGripFv
  - getRootJointMtx__12TBathtubGripCFv
  - receiveMessage__12TBathtubGripFP9THitActorUl
  - startBreak__12TBathtubGripFiif (UNUSED)
  - startCrack__12TBathtubGripFv (UNUSED)
  - isCracking__12TBathtubGripCFv (UNUSED)
  - perform__12TBathtubGripFUlPQ26JDrama9TGraphics
  - __ct__12TBathtubGripFP8TBathtubfP13MActorAnmDataPCc
  - __dt__17TBathtubGripPartsFv
  - reset__12TBathtubGripFv (UNUSED)
  - kill__12TBathtubGripFv
  - receiveMessage__21TBathtubGripPartsHardFP9THitActorUl
  - receiveMessage__24TBathtubGripPartsFragileFP9THitActorUl
  - getRootJointMtx__17TBathtubGripPartsCFv
  - __ct__21TBathtubGripPartsHardFiP12TBathtubGrip (UNUSED)
  - __ct__24TBathtubGripPartsFragileFiP12TBathtubGrip (UNUSED)
  - __ct__17TBathtubGripPartsFPCciP12TBathtubGrip (UNUSED)
  - __ct__14TBathtubParamsFv
  - __dt__12TBathtubGripFv
  - __dt__21TBathtubGripPartsHardFv
  - __dt__24TBathtubGripPartsFragileFv
  - __sinit_MapObjCorona_cpp
  - @32@__dt__17TBathtubGripPartsFv
  - @32@__dt__24TBathtubGripPartsFragileFv
  - @32@__dt__21TBathtubGripPartsHardFv
  - @32@__dt__12TBathtubGripFv
[ OK ] Symbol order matches the map.

[WARN] 11 UNUSED symbol(s) with wrong size (best-effort -- does not fail the check):
  - isBreaking__8TBathtubCFv
      map:    0x84 (132)
      object: 0x8 (8)
  - isKillerLaunchable__8TBathtubCFv
      map:    0x9c (156)
      object: 0x8 (8)
  - showMessage__8TBathtubFUl
      map:    0x68 (104)
      object: 0x4 (4)
  - getNearJuncture__8TBathtubCFRCQ29JGeometry8TVec3<f>
      map:    0x1bc (444)
      object: 0x8 (8)
  - removeCollisions___8TBathtubFv
      map:    0x68 (104)
      object: 0x4 (4)
  - getKoopaMtxInDemo__8TBathtubFv
      map:    0x1c (28)
      object: 0x8 (8)
  - getWaterMtx__8TBathtubFi
      map:    0x24 (36)
      object: 0x8 (8)
  - getShineEffectMtx__8TBathtubFv
      map:    0x1c (28)
      object: 0x8 (8)
  - getShineMtx__8TBathtubFv
      map:    0x1c (28)
      object: 0x8 (8)
  - liftMario__8TBathtubFRCQ29JGeometry8TVec3<f>
      map:    0xe0 (224)
      object: 0x4 (4)
  - trample__8TBathtubFRCQ29JGeometry8TVec3<f>
      map:    0x54 (84)
      object: 0x4 (4)

[FAIL] 1 symbol(s) with wrong linkage (weak/local/global):
  - __dt__8TBathtubFv
      map:    global
      object: weak

[INFO] 11 object-only symbol(s) not in the map (usually deduplicated weak/inline helpers; not an error; -v to list).
------------------------------------------------------------------------------
RESULT: FAIL (2 error category/categories, 11 UNUSED size mismatch(es) warning(s))
