Unit        : mario/System/MarNameRefGen
Source      : src/System/MarNameRefGen.cpp
Object      : build/GMSJ01/src/System/MarNameRefGen.o
Map TU      : System.a MarNameRefGen.cpp
Map symbols : 97 (19 UNUSED)   Object .text symbols: 128
reverse_fn_order: True
------------------------------------------------------------------------------

[FAIL] 5 map symbol(s) MISSING from the object:
  - __dt__Q27JGadget75TVector_pointer<P55TNameRefAryT<20TScenarioArchiveName,Q26JDrama8TNameRef>>Fv (UNUSED)
  - __dt__Q27JGadget36TVector_pointer<P16TCubeGeneralInfo>Fv (UNUSED)
  - searchF__53TNameRefPtrAryT<15TStageEventInfo,Q26JDrama8TNameRef>FUsPCc (UNUSED)
  - loadAfter__53TNameRefPtrAryT<15TStageEventInfo,Q26JDrama8TNameRef>Fv (UNUSED)
  - load__53TNameRefPtrAryT<15TStageEventInfo,Q26JDrama8TNameRef>FR20JSUMemoryInputStream (UNUSED)

[FAIL] Non-weak symbol ORDER differs from the map (weak & object-only symbols ignored):
    getNameRef__14TMarNameRefGenCFPCc
    set<f>__Q29JGeometry8TVec3<f>Ffff
    searchF__53TNameRefAryT<18TStagePositionInfo,Q26JDrama8TNameRef>FUsPCc
    loadAfter__53TNameRefAryT<18TStagePositionInfo,Q26JDrama8TNameRef>Fv
    load__53TNameRefAryT<18TStagePositionInfo,Q26JDrama8TNameRef>FR20JSUMemoryInputStream
    uninitialized_fill_n<P18TStagePositionInfo,Ul,18TStagePositionInfo>__3stdFP18TStagePositionInfoUlRC18TStagePositionInfo
    searchF__54TNameRefPtrAryT<16TCubeGeneralInfo,Q26JDrama8TNameRef>FUsPCc
    loadAfter__54TNameRefPtrAryT<16TCubeGeneralInfo,Q26JDrama8TNameRef>Fv
    load__54TNameRefPtrAryT<16TCubeGeneralInfo,Q26JDrama8TNameRef>FR20JSUMemoryInputStream
  + loadAfterSuper__Q26JDrama47TViewObjPtrListT<9THitActor,Q26JDrama8TViewObj>Fv   (object position)
  + loadSuper__Q26JDrama47TViewObjPtrListT<9THitActor,Q26JDrama8TViewObj>FR20JSUMemoryInputStream   (object position)
    perform__Q26JDrama47TViewObjPtrListT<9THitActor,Q26JDrama8TViewObj>FUlPQ26JDrama9TGraphics
    searchF__Q26JDrama47TViewObjPtrListT<9THitActor,Q26JDrama8TViewObj>FUsPCc
  - loadAfterSuper__Q26JDrama47TViewObjPtrListT<9THitActor,Q26JDrama8TViewObj>Fv   (map position)
    loadAfter__Q26JDrama47TViewObjPtrListT<9THitActor,Q26JDrama8TViewObj>Fv
  - loadSuper__Q26JDrama47TViewObjPtrListT<9THitActor,Q26JDrama8TViewObj>FR20JSUMemoryInputStream   (map position)
    load__Q26JDrama47TViewObjPtrListT<9THitActor,Q26JDrama8TViewObj>FR20JSUMemoryInputStream
    searchF__49TNameRefAryT<14TCameraMapTool,Q26JDrama8TNameRef>FUsPCc
    loadAfter__49TNameRefAryT<14TCameraMapTool,Q26JDrama8TNameRef>Fv
    load__49TNameRefAryT<14TCameraMapTool,Q26JDrama8TNameRef>FR20JSUMemoryInputStream
    uninitialized_fill_n<P14TCameraMapTool,Ul,14TCameraMapTool>__3stdFP14TCameraMapToolUlRC14TCameraMapTool
    searchF__93TNameRefPtrAryT<55TNameRefAryT<20TScenarioArchiveName,Q26JDrama8TNameRef>,Q26JDrama8TNameRef>FUsPCc
    loadAfter__93TNameRefPtrAryT<55TNameRefAryT<20TScenarioArchiveName,Q26JDrama8TNameRef>,Q26JDrama8TNameRef>Fv
    load__93TNameRefPtrAryT<55TNameRefAryT<20TScenarioArchiveName,Q26JDrama8TNameRef>,Q26JDrama8TNameRef>FR20JSUMemoryInputStream
    searchF__55TNameRefAryT<20TScenarioArchiveName,Q26JDrama8TNameRef>FUsPCc
    loadAfter__55TNameRefAryT<20TScenarioArchiveName,Q26JDrama8TNameRef>Fv
    load__55TNameRefAryT<20TScenarioArchiveName,Q26JDrama8TNameRef>FR20JSUMemoryInputStream
    uninitialized_fill_n<P20TScenarioArchiveName,Ul,20TScenarioArchiveName>__3stdFP20TScenarioArchiveNameUlRC20TScenarioArchiveName
    uninitialized_fill_n<P15TStageEventInfo,Ul,15TStageEventInfo>__3stdFP15TStageEventInfoUlRC15TStageEventInfo
    __sinit_MarNameRefGen_cpp
[ OK ] UNUSED symbol sizes match (14/19 checked).
[ OK ] Symbol linkage (weak/local/global) matches the map.

[INFO] 36 object-only symbol(s) not in the map (usually deduplicated weak/inline helpers; not an error; -v to list).
------------------------------------------------------------------------------
RESULT: FAIL (2 error category/categories)
