[1/4] MWCC build/GMSJ01/src/System/EventWatcher.o
[mvk-info] MoltenVK version 1.4.1, supporting Vulkan version 1.4.334.
	The following 153 Vulkan extensions are supported:
	VK_KHR_16bit_storage v1
	VK_KHR_8bit_storage v1
	VK_KHR_bind_memory2 v1
	VK_KHR_buffer_device_address v1
	VK_KHR_calibrated_timestamps v1
	VK_KHR_copy_commands2 v1
	VK_KHR_create_renderpass2 v1
	VK_KHR_dedicated_allocation v3
	VK_KHR_deferred_host_operations v4
	VK_KHR_depth_stencil_resolve v1
	VK_KHR_descriptor_update_template v1
	VK_KHR_device_group v4
	VK_KHR_device_group_creation v1
	VK_KHR_driver_properties v1
	VK_KHR_dynamic_rendering v1
	VK_KHR_dynamic_rendering_local_read v1
	VK_KHR_external_fence v1
	VK_KHR_external_fence_capabilities v1
	VK_KHR_external_memory v1
	VK_KHR_external_memory_capabilities v1
	VK_KHR_external_semaphore v1
	VK_KHR_external_semaphore_capabilities v1
	VK_KHR_format_feature_flags2 v2
	VK_KHR_fragment_shader_barycentric v1
	VK_KHR_get_memory_requirements2 v1
	VK_KHR_get_physical_device_properties2 v2
	VK_KHR_get_surface_capabilities2 v1
	VK_KHR_global_priority v1
	VK_KHR_image_format_list v1
	VK_KHR_imageless_framebuffer v1
	VK_KHR_incremental_present v2
	VK_KHR_index_type_uint8 v1
	VK_KHR_line_rasterization v1
	VK_KHR_load_store_op_none v1
	VK_KHR_maintenance1 v2
	VK_KHR_maintenance2 v1
	VK_KHR_maintenance3 v1
	VK_KHR_maintenance4 v2
	VK_KHR_maintenance5 v1
	VK_KHR_maintenance6 v1
	VK_KHR_maintenance7 v1
	VK_KHR_maintenance8 v1
	VK_KHR_maintenance9 v1
	VK_KHR_map_memory2 v1
	VK_KHR_multiview v1
	VK_KHR_portability_subset v1
	VK_KHR_present_id v1
	VK_KHR_present_id2 v1
	VK_KHR_present_wait v1
	VK_KHR_present_wait2 v1
	VK_KHR_push_descriptor v2
	VK_KHR_relaxed_block_layout v1
	VK_KHR_robustness2 v1
	VK_KHR_sampler_mirror_clamp_to_edge v3
	VK_KHR_sampler_ycbcr_conversion v14
	VK_KHR_separate_depth_stencil_layouts v1
	VK_KHR_shader_draw_parameters v1
	VK_KHR_shader_expect_assume v1
	VK_KHR_shader_float_controls v4
	VK_KHR_shader_float_controls2 v1
	VK_KHR_shader_float16_int8 v1
	VK_KHR_shader_fma v1
	VK_KHR_shader_integer_dot_product v1
	VK_KHR_shader_maximal_reconvergence v1
	VK_KHR_shader_non_semantic_info v1
	VK_KHR_shader_quad_control v1
	VK_KHR_shader_relaxed_extended_instruction v1
	VK_KHR_shader_subgroup_extended_types v1
	VK_KHR_shader_subgroup_rotate v2
	VK_KHR_shader_subgroup_uniform_control_flow v1
	VK_KHR_shader_terminate_invocation v1
	VK_KHR_spirv_1_4 v1
	VK_KHR_storage_buffer_storage_class v1
	VK_KHR_surface v25
	VK_KHR_surface_maintenance1 v1
	VK_KHR_surface_protected_capabilities v1
	VK_KHR_swapchain v70
	VK_KHR_swapchain_maintenance1 v1
	VK_KHR_swapchain_mutable_format v1
	VK_KHR_synchronization2 v1
	VK_KHR_timeline_semaphore v2
	VK_KHR_uniform_buffer_standard_layout v1
	VK_KHR_variable_pointers v1
	VK_KHR_vertex_attribute_divisor v1
	VK_KHR_vulkan_memory_model v3
	VK_KHR_zero_initialize_workgroup_memory v1
	VK_EXT_4444_formats v1
	VK_EXT_buffer_device_address v2
	VK_EXT_calibrated_timestamps v2
	VK_EXT_debug_marker v4
	VK_EXT_debug_report v10
	VK_EXT_debug_utils v2
	VK_EXT_depth_clip_control v1
	VK_EXT_descriptor_indexing v2
	VK_EXT_extended_dynamic_state v1
	VK_EXT_extended_dynamic_state2 v1
	VK_EXT_extended_dynamic_state3 v2
	VK_EXT_external_memory_host v1
	VK_EXT_external_memory_metal v1
	VK_EXT_fragment_shader_interlock v1
	VK_EXT_global_priority v2
	VK_EXT_global_priority_query v1
	VK_EXT_hdr_metadata v3
	VK_EXT_headless_surface v1
	VK_EXT_host_image_copy v1
	VK_EXT_host_query_reset v1
	VK_EXT_image_2d_view_of_3d v1
	VK_EXT_image_robustness v1
	VK_EXT_index_type_uint8 v1
	VK_EXT_inline_uniform_block v1
	VK_EXT_layer_settings v2
	VK_EXT_legacy_dithering v2
	VK_EXT_line_rasterization v1
	VK_EXT_load_store_op_none v1
	VK_EXT_memory_budget v1
	VK_EXT_metal_objects v2
	VK_EXT_metal_surface v1
	VK_EXT_non_seamless_cube_map v1
	VK_EXT_pipeline_creation_cache_control v3
	VK_EXT_pipeline_creation_feedback v1
	VK_EXT_pipeline_robustness v1
	VK_EXT_post_depth_coverage v1
	VK_EXT_primitive_topology_list_restart v1
	VK_EXT_private_data v1
	VK_EXT_provoking_vertex v1
	VK_EXT_robustness2 v1
	VK_EXT_sample_locations v1
	VK_EXT_scalar_block_layout v1
	VK_EXT_separate_stencil_usage v1
	VK_EXT_shader_atomic_float v1
	VK_EXT_shader_demote_to_helper_invocation v1
	VK_EXT_shader_stencil_export v1
	VK_EXT_shader_subgroup_ballot v1
	VK_EXT_shader_subgroup_vote v1
	VK_EXT_shader_viewport_index_layer v1
	VK_EXT_subgroup_size_control v2
	VK_EXT_surface_maintenance1 v1
	VK_EXT_swapchain_colorspace v5
	VK_EXT_swapchain_maintenance1 v1
	VK_EXT_texel_buffer_alignment v1
	VK_EXT_texture_compression_astc_hdr v1
	VK_EXT_tooling_info v1
	VK_EXT_vertex_attribute_divisor v3
	VK_AMD_gpu_shader_half_float v2
	VK_AMD_negative_viewport_height v1
	VK_AMD_shader_image_load_store_lod v1
	VK_AMD_shader_trinary_minmax v1
	VK_GOOGLE_display_timing v1
	VK_IMG_format_pvrtc v1
	VK_INTEL_shader_integer_functions2 v1
	VK_MVK_macos_surface v3
	VK_MVK_moltenvk v37
	VK_NV_fragment_shader_barycentric v1
[mvk-info] GPU device:
	model: Apple M2 Max
	type: Integrated
	vendorID: 0x106b
	deviceID: 0x1a050208
	pipelineCacheUUID: DB445FF2-1A05-0208-0000-000100000000
	GPU memory available: 79626 MB
	GPU memory used: 0 MB
	Metal Shading Language 3.2
	supports the following GPU Features:
		GPU Family Metal 3
		GPU Family Apple 8
		GPU Family Mac 2
		Read-Write Texture Tier 2
[mvk-info] Created VkInstance for Vulkan version 1.0.334, as requested by app, with the following 3 Vulkan extensions enabled:
	VK_KHR_external_memory_capabilities v1
	VK_KHR_external_semaphore_capabilities v1
	VK_KHR_get_physical_device_properties2 v2
### mwcceppc.exe Compiler:
#      In: include\JSystem\JGadget\std-list.hpp
#    From: src\System\EventWatcher.cpp
# ------------------------------------
#     201: }
# Warning: ^
#   return value expected
#    (instantiating: 'JGadget::TList<MActorSubAnmInfo, 
#   JGadget::TAllocator<MActorSubAnmInfo>>::Confirm()')
[2/4] REPORT
 INFO Loading project .
 INFO Generating report for 736 units (using 12 threads)
 INFO Report generated in 1.786s
 INFO Writing to build/GMSJ01/report.json
[3/4] CHANGES
 INFO Writing to build/GMSJ01/report_changes.json
[4/4] CHANGESFMT
                                                     Total | fuzzy_match  |  75.15% ->  75.25%
                                                     Total | matched_code |  39.16% ->  39.25%
                                                     Total | matched_data |  56.07% ->  57.56%
                                 mario/System/EventWatcher | fuzzy_match  |  98.82% ->  98.86%
                                 mario/System/EventWatcher | matched_code |  42.96% ->  43.02%
                         set__Q29JGeometry8TVec3<f>FRC3Vec | fuzzy_match  |   0.00% -> 100.00%
                                mario/System/MarNameRefGen | fuzzy_match  |  92.39% ->  95.58%
                                mario/System/MarNameRefGen | matched_code |  51.56% ->  54.75%
                                mario/System/MarNameRefGen | matched_data |  11.07% ->  16.18%
                                 __sinit_MarNameRefGen_cpp | fuzzy_match  |   0.00% -> 100.00%
                      mario/System/MarNameRefGen_BossEnemy | fuzzy_match  |  11.58% ->  31.84%
                      mario/System/MarNameRefGen_BossEnemy | matched_code |   0.00% ->  20.25%
                      mario/System/MarNameRefGen_BossEnemy | matched_data |   0.00% ->   9.61%
                       __sinit_MarNameRefGen_BossEnemy_cpp | fuzzy_match  |   0.00% -> 100.00%
                          mario/System/MarNameRefGen_Enemy | fuzzy_match  |  39.83% ->  40.79%
                          mario/System/MarNameRefGen_Enemy | matched_code |   3.25% ->   4.20%
                              __dt__18TAnimalManagerBaseFv | fuzzy_match  |   0.00% -> 100.00%
                   getNameRef_Enemy__14TMarNameRefGenCFPCc | fuzzy_match  |  45.63% ->  45.64%
                                    mario/Player/MarioDraw | fuzzy_match  |  94.11% ->  94.28%
                                    mario/Player/MarioDraw | matched_code |  18.09% ->  18.25%
                        __ct__24M3UMtxCalcSIAnmBlendQuatFv | fuzzy_match  |   0.00% -> 100.00%
                                 mario/MoveBG/MapObjSirena | fuzzy_match  |  98.78% ->  98.82%
                                 mario/MoveBG/MapObjSirena | matched_code |  42.07% ->  42.11%
                                 mario/MoveBG/MapObjSirena | matched_data |  16.46% -> 100.00%
             getObjAppearPos__23TWaterHitPictureHideObjCFv | fuzzy_match  |   0.00% -> 100.00%
                                   mario/MoveBG/MapObjHide | fuzzy_match  |  99.72% ->  99.83%
                                   mario/MoveBG/MapObjHide | matched_code |  54.91% ->  55.02%
                                   mario/MoveBG/MapObjHide | matched_data |   6.37% ->  91.07%
                 getObjAppearPos__19THideObjPictureTwinCFv | fuzzy_match  |   0.00% -> 100.00%
                                     mario/Enemy/effectObj | fuzzy_match  |  90.28% ->  97.00%
                                     mario/Enemy/effectObj | matched_code |  68.68% ->  75.40%
                                     mario/Enemy/effectObj | matched_data |  95.12% -> 100.00%
                                     __sinit_effectObj_cpp | fuzzy_match  |   0.00% -> 100.00%
                                 mario/Enemy/coasterkiller | fuzzy_match  |  86.02% ->  95.69%
                                 mario/Enemy/coasterkiller | matched_code |  54.68% ->  64.35%
                                 mario/Enemy/coasterkiller | matched_data |  88.37% ->  99.58%
                                 __sinit_coasterkiller_cpp | fuzzy_match  |   0.00% -> 100.00%
                              mario/Camera/CubeManagerBase | fuzzy_match  |  88.17% ->  96.99%
                            __ct__16TCubeManagerBaseFPCcUc | fuzzy_match  |  57.76% ->  99.89%
evWarpFrontToMario__FP32TSpcTypedInterp<13TEventWatcher>Ul | fuzzy_match  |  84.15% ->  82.49%
