Unit        : mario/Map/BathWaterManager
Source      : src/Map/BathWaterManager.cpp
Object      : build/GMSJ01/src/Map/BathWaterManager.o
Map TU      : Map.a BathWaterManager.cpp
Map symbols : 51 (11 UNUSED)   Object .text symbols: 84
reverse_fn_order: True
------------------------------------------------------------------------------

[FAIL] 4 map symbol(s) MISSING from the object:
  - calcCoord__22TBathWaterMeshRendererFv
  - makeNormalMap__22TBathWaterMeshRendererFv
  - makeHeightMap__22TBathWaterMeshRendererFf
  - clearEFB__22TBathWaterMeshRendererF8_GXColorUsUsb (UNUSED)

[WARN] Only weak symbols are out of order (compiler-controlled -- does not fail the check):
    __dt__17TBathWaterManagerFv
    perform__17TBathWaterManagerFUlPQ26JDrama9TGraphics
    set<f>__Q29JGeometry8TVec3<f>Ffff
    __as__Q29JGeometry27TBox<Q29JGeometry8TVec3<f>>FRCQ29JGeometry27TBox<Q29JGeometry8TVec3<f>>
    getPos__12TBathtubDataCFiif
    get_ufloat_1__Q25JMath13TRandom_fast_Fv
    setMax__Q29JGeometry8TVec3<f>FRCQ29JGeometry8TVec3<f>
    setMin__Q29JGeometry8TVec3<f>FRCQ29JGeometry8TVec3<f>
    calcBathtub__Q210TBathWater5TDropFRC12TBathtubDatafRCQ29JGeometry8TVec3<f>RCQ29JGeometry8TVec3<f>RiRQ29JGeometry8TVec3<f>
    getGravityDir__12TBathtubDataCFf
    throwMario__17TBathWaterManagerFf
    CalcJumpVelocityY__9@unnamed@FRCQ29JGeometry8TVec3<f>RCQ29JGeometry8TVec3<f>fffPQ29JGeometry8TVec3<f>
    getWaterHeight__17TBathWaterManagerCFff
    preprocess__17TBathWaterManagerFPQ26JDrama9TGraphics
    initializeIfYet___17TBathWaterManagerFv
    wave__17TBathWaterManagerCFRQ29JGeometry8TVec3<f>RQ29JGeometry8TVec3<f>ff
    loadAfter__17TBathWaterManagerFv
    clearHeightMap__22TBathWaterMeshRendererFv
    load__17TBathWaterManagerFR20JSUMemoryInputStream
    __ct__17TBathWaterManagerFv
    __ct__Q210TBathWater5TDropFv
    __dt__22TBathWaterPreprocessorFv
    perform__22TBathWaterPreprocessorFUlPQ26JDrama9TGraphics
    __ct__22TBathWaterPreprocessorFP17TBathWaterManager
    init_tobj_resource__FP9_GXTexObjPv
    make_ORTHOmatrix__FPA4_fffffffff
    f2i__Ff
    draw_mist__FUsUsUsUsPv
    init_draw_light__FPA4_fPQ29JGeometry8TVec3<f>P8_GXColor
    set_light_pos_nrm__FP11_GXLightObjPA4_fPQ29JGeometry8TVec3<f>PQ29JGeometry8TVec3<f>
    clearEFB_alpha__9@unnamed@FssssUc
    drawCap__FRCQ29JGeometry8TVec3<f>f
    initScreen2D__Fss
    minmax_set__FRQ29JGeometry8TBox3<f>RCQ29JGeometry8TVec3<f>
    __ct__22TBathWaterGlobalParamsFv
    __ct__16TBathWaterParamsFPCc
    __dt__10TBathWaterFv
  - getHeight__22TBathWaterMeshRendererCFff   (map position)
    prerender__22TBathWaterMeshRendererFPQ26JDrama9TGraphicsRC12TBathtubDataPP10TBathWaterPP16TBathWaterParamsi
    __ct__Q29JGeometry13SMatrix44C<f>Fv
    setLookDir__Q29JGeometry64TRotation3<Q29JGeometry38TMatrix34<Q29JGeometry13SMatrix34C<f>>>FRCQ29JGeometry8TVec3<f>RCQ29JGeometry8TVec3<f>
    render__22TBathWaterMeshRendererFPQ26JDrama9TGraphicsRC12TBathtubDataPP10TBathWaterPP16TBathWaterParamsi
  + getHeight__22TBathWaterMeshRendererCFff   (object position)
    prerender__22TBathWaterFlatRendererFPQ26JDrama9TGraphicsRC12TBathtubDataPP10TBathWaterPP16TBathWaterParamsi
  + render__22TBathWaterFlatRendererFPQ26JDrama9TGraphicsRC12TBathtubDataPP10TBathWaterPP16TBathWaterParamsi   (object position)
    getHeight__22TBathWaterFlatRendererCFff
  - render__22TBathWaterFlatRendererFPQ26JDrama9TGraphicsRC12TBathtubDataPP10TBathWaterPP16TBathWaterParamsi   (map position)
    __sinit_BathWaterManager_cpp
    @32@__dt__10TBathWaterFv

[WARN] 8 UNUSED symbol(s) with wrong size (best-effort -- does not fail the check):
  - CalcJumpVelocityY__9@unnamed@FRCQ29JGeometry8TVec3<f>RCQ29JGeometry8TVec3<f>fffPQ29JGeometry8TVec3<f>
      map:    0xa8 (168)
      object: 0x4 (4)
  - wave__17TBathWaterManagerCFRQ29JGeometry8TVec3<f>RQ29JGeometry8TVec3<f>ff
      map:    0x25c (604)
      object: 0x4 (4)
  - make_ORTHOmatrix__FPA4_fffffffff
      map:    0x98 (152)
      object: 0x4 (4)
  - f2i__Ff
      map:    0x44 (68)
      object: 0x4 (4)
  - init_draw_light__FPA4_fPQ29JGeometry8TVec3<f>P8_GXColor
      map:    0x1c4 (452)
      object: 0x4 (4)
  - set_light_pos_nrm__FP11_GXLightObjPA4_fPQ29JGeometry8TVec3<f>PQ29JGeometry8TVec3<f>
      map:    0x10c (268)
      object: 0x4 (4)
  - initScreen2D__Fss
      map:    0x150 (336)
      object: 0x4 (4)
  - minmax_set__FRQ29JGeometry8TBox3<f>RCQ29JGeometry8TVec3<f>
      map:    0x7c (124)
      object: 0x4 (4)
[ OK ] Symbol linkage (weak/local/global) matches the map.

[INFO] 37 object-only symbol(s) not in the map (usually deduplicated weak/inline helpers; not an error; -v to list).
------------------------------------------------------------------------------
RESULT: FAIL (1 error category/categories, weak-symbol order; 8 UNUSED size mismatch(es) warning(s))
