Unit        : mario/Camera/CameraMultiPlayer
Source      : src/Camera/CameraMultiPlayer.cpp
Object      : build/GMSJ01/src/Camera/CameraMultiPlayer.o
Map TU      : Camera.a CameraMultiPlayer.cpp
Map symbols : 8 (3 UNUSED)   Object .text symbols: 10
reverse_fn_order: True
------------------------------------------------------------------------------

[ OK ] All map symbols are present in the object.
[ OK ] Symbol order matches the map.

[WARN] 2 UNUSED symbol(s) with wrong size (best-effort -- does not fail the check):
  - removePlayer__18TCameraMultiPlayerFPCQ29JGeometry8TVec3<f>
      map:    0x88 (136)
      object: 0x90 (144)
  - addPlayer__18TCameraMultiPlayerFPCQ29JGeometry8TVec3<f>ff
      map:    0x48 (72)
      object: 0x44 (68)
[ OK ] Symbol linkage (weak/local/global) matches the map.

[INFO] 2 object-only symbol(s) not in the map (usually deduplicated weak/inline helpers; not an error; -v to list).
------------------------------------------------------------------------------
RESULT: PASS with warnings (2 UNUSED size mismatch(es) -- see above)
