50/736
100/736
150/736
200/736
250/736
300/736
350/736
400/736
450/736
500/736
550/736
600/736
650/736
700/736
{
  "units": 736,
  "states": {
    "pass": 452,
    "error": 15,
    "fail": 269
  },
  "missing_symbols": 4523,
  "order_files": 14,
  "binding_symbols": 41,
  "missing_files": 263,
  "binding_files": 18,
  "game": {
    "units": 382,
    "states": {
      "pass": 247,
      "fail": 133,
      "error": 2
    },
    "missing_symbols": 3632,
    "order_files": 7,
    "binding_symbols": 24
  },
  "restricted": {
    "units": 354,
    "states": {
      "error": 13,
      "pass": 205,
      "fail": 136
    },
    "missing_symbols": 891,
    "order_files": 7,
    "binding_symbols": 17
  }
}
