Unit        : mario/System/EventWatcher
Source      : src/System/EventWatcher.cpp
Object      : build/GMSJ01/src/System/EventWatcher.o
Map TU      : System.a EventWatcher.cpp
Map symbols : 108 (3 UNUSED)   Object .text symbols: 124
reverse_fn_order: True
------------------------------------------------------------------------------

[FAIL] 1 map symbol(s) MISSING from the object:
  - set__Q29JGeometry8TVec3<f>FRC3Vec

[WARN] Only weak symbols are out of order (compiler-controlled -- does not fail the check):
    __dt__13TEventWatcherFv
    perform__13TEventWatcherFUlPQ26JDrama9TGraphics
    launchScript__13TEventWatcherFPCc
    __ct__13TEventWatcherFPCcPCc
    __ct__13TEventWatcherFPCc
    initUserBuiltin__32TSpcTypedBinary<13TEventWatcher>Fv
    evIsWaterMelonIsReached__FP32TSpcTypedInterp<13TEventWatcher>Ul
    SpcTrace__FPCce
    evInvalidatePad__FP32TSpcTypedInterp<13TEventWatcher>Ul
    evOnNeutralMarioKey__FP32TSpcTypedInterp<13TEventWatcher>Ul
    evWarpFrontToMario__FP32TSpcTypedInterp<13TEventWatcher>Ul
    evAppear8RedCoinsAndTimer__FP32TSpcTypedInterp<13TEventWatcher>Ul
    evAppearReadyGo__FP32TSpcTypedInterp<13TEventWatcher>Ul
    evSetEventForWaterMelon__FP32TSpcTypedInterp<13TEventWatcher>Ul
    evStartAppearJetBalloon__FP32TSpcTypedInterp<13TEventWatcher>Ul
    evWarpMario__FP32TSpcTypedInterp<13TEventWatcher>Ul
    evSetCollision__FP32TSpcTypedInterp<13TEventWatcher>Ul
    evChangeSunglass__FP32TSpcTypedInterp<13TEventWatcher>Ul
    evStartMiss__FP32TSpcTypedInterp<13TEventWatcher>Ul
    evStartEventSE__FP32TSpcTypedInterp<13TEventWatcher>Ul
    evStartSE__FP32TSpcTypedInterp<13TEventWatcher>Ul
    evStopBGM__FP32TSpcTypedInterp<13TEventWatcher>Ul
    evPutNozzle__FP32TSpcTypedInterp<13TEventWatcher>Ul
    evEggYoshiStartFruit__FP32TSpcTypedInterp<13TEventWatcher>Ul
    evStartBGM__FP32TSpcTypedInterp<13TEventWatcher>Ul
    evManiCoinDown__FP32TSpcTypedInterp<13TEventWatcher>Ul
    evSetEventID__FP32TSpcTypedInterp<13TEventWatcher>Ul
    evSetTransScale__FP32TSpcTypedInterp<13TEventWatcher>Ul
    evIsInsideFastCube__FP32TSpcTypedInterp<13TEventWatcher>Ul
    evIsFinishMareBottleDemo__FP32TSpcTypedInterp<13TEventWatcher>Ul
    evStartMareBottleDemo__FP32TSpcTypedInterp<13TEventWatcher>Ul
    evSetMarioWaiting__FP32TSpcTypedInterp<13TEventWatcher>Ul
    evIsInsideCube__FP32TSpcTypedInterp<13TEventWatcher>Ul
    evKillWoodBox__FP32TSpcTypedInterp<13TEventWatcher>Ul
    evRefreshWoodBox__FP32TSpcTypedInterp<13TEventWatcher>Ul
  + appear__11TMapObjBaseFv   (object position)
    evCheckWoodBox__FP32TSpcTypedInterp<13TEventWatcher>Ul
    evStartMarioTalking__FP32TSpcTypedInterp<13TEventWatcher>Ul
    evChangeNozzle__FP32TSpcTypedInterp<13TEventWatcher>Ul
    evAppearShineForWoodBox__FP32TSpcTypedInterp<13TEventWatcher>Ul
    evAppearShineFromKageMario__FP32TSpcTypedInterp<13TEventWatcher>Ul
    evAppearShineFromNPCWithoutDemo__FP32TSpcTypedInterp<13TEventWatcher>Ul
    evAppearShine__FP32TSpcTypedInterp<13TEventWatcher>Ul
    evAppearShineFromNPC__FP32TSpcTypedInterp<13TEventWatcher>Ul
    evAppearMushroom1up__FP32TSpcTypedInterp<13TEventWatcher>Ul
  - appear__11TMapObjBaseFv   (map position)
    evKillMushroom1up__FP32TSpcTypedInterp<13TEventWatcher>Ul
    kill__11TMapObjBaseFv
    evKillShine__FP32TSpcTypedInterp<13TEventWatcher>Ul
    evGetTime__FP32TSpcTypedInterp<13TEventWatcher>Ul
    evMonteManReachFlag__FP32TSpcTypedInterp<13TEventWatcher>Ul
    evStopTimer__FP32TSpcTypedInterp<13TEventWatcher>Ul
    evStartMonteman__FP32TSpcTypedInterp<13TEventWatcher>Ul
    evStartTimer__FP32TSpcTypedInterp<13TEventWatcher>Ul
    evInsertTimer__FP32TSpcTypedInterp<13TEventWatcher>Ul
    evForceCloseTalk__FP32TSpcTypedInterp<13TEventWatcher>Ul
    evRaiseBuilding__FP32TSpcTypedInterp<13TEventWatcher>Ul
    evIsMapEventFinishedAll__FP32TSpcTypedInterp<13TEventWatcher>Ul
    evStartOpenModelGate__FP32TSpcTypedInterp<13TEventWatcher>Ul
    evStartEMarioDisappear__FP32TSpcTypedInterp<13TEventWatcher>Ul
    evStartEMarioGateDrawing__FP32TSpcTypedInterp<13TEventWatcher>Ul
    evStartEMarioRunAway__FP32TSpcTypedInterp<13TEventWatcher>Ul
    evIsEMarioDownWaitingToTalk__FP32TSpcTypedInterp<13TEventWatcher>Ul
    evIsEMarioReachedToGoal__FP32TSpcTypedInterp<13TEventWatcher>Ul
    evLaunchEventClearDemo__FP32TSpcTypedInterp<13TEventWatcher>Ul
    evIsBossDefeated__FP32TSpcTypedInterp<13TEventWatcher>Ul
    evSetGraffitoMultiplied__FP32TSpcTypedInterp<13TEventWatcher>Ul
    evIsGraffitoCoverage0__FP32TSpcTypedInterp<13TEventWatcher>Ul
    evGameOver__FP32TSpcTypedInterp<13TEventWatcher>Ul
    evRegisterMovie__FP32TSpcTypedInterp<13TEventWatcher>Ul
    evSetNextStage__FP32TSpcTypedInterp<13TEventWatcher>Ul
    evSetEventEnd__FP32TSpcTypedInterp<13TEventWatcher>Ul
    evSetEventStart__FP32TSpcTypedInterp<13TEventWatcher>Ul
    evGetPollutionLevel__FP32TSpcTypedInterp<13TEventWatcher>Ul
    evGetRestTime__FP32TSpcTypedInterp<13TEventWatcher>Ul
    evSetPollutionIncreaseCount__FP32TSpcTypedInterp<13TEventWatcher>Ul
    evSetAttentionTime__FP32TSpcTypedInterp<13TEventWatcher>Ul
    evSetTimeLimit__FP32TSpcTypedInterp<13TEventWatcher>Ul
    evSetDead4LiveActor__FP32TSpcTypedInterp<13TEventWatcher>Ul
    evSetHide4LiveActor__FP32TSpcTypedInterp<13TEventWatcher>Ul
    evIsOnLiveActorFlag__FP32TSpcTypedInterp<13TEventWatcher>Ul
    evPushNerve4LiveActor__FP32TSpcTypedInterp<13TEventWatcher>Ul
    evSetFlagNPCCanTaken__FP32TSpcTypedInterp<13TEventWatcher>Ul
    evIsTalkModeNow__FP32TSpcTypedInterp<13TEventWatcher>Ul
    evSetValue2TalkVariable__FP32TSpcTypedInterp<13TEventWatcher>Ul
    evGetTalkSelectedValue__FP32TSpcTypedInterp<13TEventWatcher>Ul
    evGetTalkMode__FP32TSpcTypedInterp<13TEventWatcher>Ul
    evSetTalkMsgID__FP32TSpcTypedInterp<13TEventWatcher>Ul
    evGetTalkNPCName__FP32TSpcTypedInterp<13TEventWatcher>Ul
    evGetTalkNPC__FP32TSpcTypedInterp<13TEventWatcher>Ul
    evIsNearActors__FP32TSpcTypedInterp<13TEventWatcher>Ul
    evIsNearSameActors__FP32TSpcTypedInterp<13TEventWatcher>Ul
    evSetFlagNPCDead__FP32TSpcTypedInterp<13TEventWatcher>Ul
    evSetFlagNPCDontThrow__FP32TSpcTypedInterp<13TEventWatcher>Ul
    evSetFlagNPCDontTalk__FP32TSpcTypedInterp<13TEventWatcher>Ul
    evGetNPCType__FP32TSpcTypedInterp<13TEventWatcher>Ul
    getNameRefPtr__F9TSpcSlice
    evGetNameRefName__FP32TSpcTypedInterp<13TEventWatcher>Ul
    evGetNameRefHandle__FP32TSpcTypedInterp<13TEventWatcher>Ul
    evSetSystemFlag__FP32TSpcTypedInterp<13TEventWatcher>Ul
    evGetSystemFlag__FP32TSpcTypedInterp<13TEventWatcher>Ul
    __dt__32TSpcTypedInterp<13TEventWatcher>Fv
  + dispatchBuiltin__32TSpcTypedInterp<13TEventWatcher>FUlUl   (object position)
    __dt__32TSpcTypedBinary<13TEventWatcher>Fv
  - dispatchBuiltin__32TSpcTypedInterp<13TEventWatcher>FUlUl   (map position)
    __sinit_EventWatcher_cpp
    __dt__21JSUList<10MSSetSound>Fv
    __dt__24JSUList<13MSSetSoundGrp>Fv
    __dt__15JSUList<5MSBgm>Fv

[WARN] 2 UNUSED symbol(s) with wrong size (best-effort -- does not fail the check):
  - evSetEventEnd__FP32TSpcTypedInterp<13TEventWatcher>Ul
      map:    0x148 (328)
      object: 0x4 (4)
  - evSetEventStart__FP32TSpcTypedInterp<13TEventWatcher>Ul
      map:    0x174 (372)
      object: 0x4 (4)
[ OK ] Symbol linkage (weak/local/global) matches the map.

[INFO] 17 object-only symbol(s) not in the map (usually deduplicated weak/inline helpers; not an error; -v to list).
------------------------------------------------------------------------------
RESULT: FAIL (1 error category/categories, weak-symbol order; 2 UNUSED size mismatch(es) warning(s))
