Unit        : mario/GC2D/PauseMenu2
Source      : src/GC2D/PauseMenu2.cpp
Object      : build/GMSJ01/src/GC2D/PauseMenu2.o
Map TU      : GC2D.a PauseMenu2.cpp
Map symbols : 16 (3 UNUSED)   Object .text symbols: 35
reverse_fn_order: True
------------------------------------------------------------------------------

[ OK ] All map symbols are present in the object.

[FAIL] Non-weak symbol ORDER differs from the map (weak & object-only symbols ignored):
    drawAppearPane__11TPauseMenu2FP10J2DPicturefR7JUTRectf
    setDrawEnd__11TPauseMenu2Fv
    setDrawStart__11TPauseMenu2Fv
    getNextState__11TPauseMenu2Fv
    perform__11TPauseMenu2FUlPQ26JDrama9TGraphics
  + set<f>__Q29JGeometry8TVec3<f>Ffff   (object position)
    disappearWindow__11TPauseMenu2Fv
  - set<f>__Q29JGeometry8TVec3<f>Ffff   (map position)
    appearWindow__11TPauseMenu2Fv
    loadAfter__11TPauseMenu2Fv
    load__11TPauseMenu2FR20JSUMemoryInputStream
    __ct__11TPauseMenu2FPCc
    SMS_isGetShine__FUlUlb
    SMS_getShineID__FUlUlb
    SMS_getNormalStage__FUl
    __sinit_PauseMenu2_cpp

[WARN] 1 UNUSED symbol(s) with wrong size (best-effort -- does not fail the check):
  - SMS_getNormalStage__FUl
      map:    0x18 (24)
      object: 0x1c (28)

[FAIL] 2 symbol(s) with wrong linkage (weak/local/global):
  - disappearWindow__11TPauseMenu2Fv
      map:    weak
      object: global
  - appearWindow__11TPauseMenu2Fv
      map:    weak
      object: global

[INFO] 19 object-only symbol(s) not in the map (usually deduplicated weak/inline helpers; not an error; -v to list).
------------------------------------------------------------------------------
RESULT: FAIL (2 error category/categories, 1 UNUSED size mismatch(es) warning(s))
