Unit        : mario/Player/MarioDraw
Source      : src/Player/MarioDraw.cpp
Object      : build/GMSJ01/src/Player/MarioDraw.o
Map TU      : Player.a MarioDraw.cpp
Map symbols : 67 (14 UNUSED)   Object .text symbols: 87
reverse_fn_order: True
------------------------------------------------------------------------------

[FAIL] 13 map symbol(s) MISSING from the object:
  - thinkDashEffect__6TMarioFv (UNUSED)
  - removeCallBack__6TMarioFv (UNUSED)
  - calcAnimHands__6TMarioFv (UNUSED)
  - calcAnimBody__6TMarioFUlPQ26JDrama9TGraphics (UNUSED)
  - setLength__Q29JGeometry8TVec3<f>FRCQ29JGeometry8TVec3<f>f
  - set<f>__Q29JGeometry8TVec3<f>Ffff
  - calcBaseMtxSwim__6TMarioFPA4_f (UNUSED)
  - calcBaseMtxPole__6TMarioFPA4_f (UNUSED)
  - calcBaseMtxTorocco__6TMarioFPA4_f (UNUSED)
  - changeHandByRate__6TMarioFf (UNUSED)
  - getRailMtx__6TMarioCFv (UNUSED)
  - calcBodyPos__6TMarioFPQ29JGeometry8TVec3<f> (UNUSED)
  - CheckMarioFootPosCtrl__Fv (UNUSED)
[ OK ] Symbol order matches the map.

[WARN] 2 UNUSED symbol(s) with wrong size (best-effort -- does not fail the check):
  - getHeadRot__6TMarioFv
      map:    0x7c (124)
      object: 0x4 (4)
  - getJumpIntoWaterModelData__6TMarioFv
      map:    0x24 (36)
      object: 0x4 (4)
[ OK ] Symbol linkage (weak/local/global) matches the map.

[INFO] 33 object-only symbol(s) not in the map (usually deduplicated weak/inline helpers; not an error; -v to list).
------------------------------------------------------------------------------
RESULT: FAIL (1 error category/categories, 2 UNUSED size mismatch(es) warning(s))
