[1/185] MWCC build/GMSJ01/src/main.o
[2/185] MWCC build/GMSJ01/src/MarioUtil/ShadowUtil.o
### mwcceppc.exe Compiler:
#      In: include\JSystem\JGadget\std-list.hpp
#    From: src\MarioUtil\ShadowUtil.cpp
# -------------------------------------
#     201: }
# Warning: ^
#   return value expected
#    (instantiating: 'JGadget::TList<MActorSubAnmInfo, 
#   JGadget::TAllocator<MActorSubAnmInfo>>::Confirm()')
### mwcceppc.exe Compiler:
#     201: }
# Warning: ^
#   return value expected
#    (instantiating: 'JGadget::TList<TMBindShadowBody *, 
#   JGadget::TAllocator<TMBindShadowBody *>>::Confirm()')
[3/185] MWCC build/GMSJ01/src/MarioUtil/EffectUtil.o
[4/185] MWCC build/GMSJ01/src/MarioUtil/ModelUtil.o
### mwcceppc.exe Compiler:
#      In: include\JSystem\JGadget\std-list.hpp
#    From: src\MarioUtil\ModelUtil.cpp
# ------------------------------------
#     201: }
# Warning: ^
#   return value expected
#    (instantiating: 'JGadget::TList<MActorSubAnmInfo, 
#   JGadget::TAllocator<MActorSubAnmInfo>>::Confirm()')
[5/185] MWCC build/GMSJ01/src/MarioUtil/RumbleMgr.o
[6/185] MWCC build/GMSJ01/src/MarioUtil/MapUtil.o
### mwcceppc.exe Compiler:
#      In: include\JSystem\JGadget\std-list.hpp
#    From: src\MarioUtil\MapUtil.cpp
# ----------------------------------
#     201: }
# Warning: ^
#   return value expected
#    (instantiating: 'JGadget::TList<MActorSubAnmInfo, 
#   JGadget::TAllocator<MActorSubAnmInfo>>::Confirm()')
[7/185] MWCC build/GMSJ01/src/M3DUtil/MActor.o
### mwcceppc.exe Compiler:
#      In: include\JSystem\JGadget\std-list.hpp
#    From: src\M3DUtil\MActor.cpp
# -------------------------------
#     201: }
# Warning: ^
#   return value expected
#    (instantiating: 'JGadget::TList<MActorSubAnmInfo, 
#   JGadget::TAllocator<MActorSubAnmInfo>>::Confirm()')
### mwcceppc.exe Compiler:
#    File: src\M3DUtil\MActor.cpp
# -------------------------------
#     278: const char* MActor::getCurAnmName(int) const { }
# Warning:                                                ^
#   return value expected
### mwcceppc.exe Compiler:
#     653: void MActor::dumpReport() { }
# Warning:                             ^
#   return value expected
[8/185] MWCC build/GMSJ01/src/M3DUtil/MActorAnm.o
### mwcceppc.exe Compiler:
#      In: include\JSystem\JGadget\std-list.hpp
#    From: src\M3DUtil\MActorAnm.cpp
# ----------------------------------
#     201: }
# Warning: ^
#   return value expected
#    (instantiating: 'JGadget::TList<MActorSubAnmInfo, 
#   JGadget::TAllocator<MActorSubAnmInfo>>::Confirm()')
[9/185] MWCC build/GMSJ01/src/M3DUtil/MActorUtil.o
### mwcceppc.exe Compiler:
#      In: include\JSystem\JGadget\std-list.hpp
#    From: src\M3DUtil\MActorUtil.cpp
# -----------------------------------
#     201: }
# Warning: ^
#   return value expected
#    (instantiating: 'JGadget::TList<MActorSubAnmInfo, 
#   JGadget::TAllocator<MActorSubAnmInfo>>::Confirm()')
[10/185] MWCC build/GMSJ01/src/M3DUtil/LodAnm.o
### mwcceppc.exe Compiler:
#      In: include\JSystem\JGadget\std-list.hpp
#    From: src\M3DUtil\LodAnm.cpp
# -------------------------------
#     201: }
# Warning: ^
#   return value expected
#    (instantiating: 'JGadget::TList<MActorSubAnmInfo, 
#   JGadget::TAllocator<MActorSubAnmInfo>>::Confirm()')
[11/185] MWCC build/GMSJ01/src/System/EmitterViewObj.o
[12/185] MWCC build/GMSJ01/src/System/EventWatcher.o
### mwcceppc.exe Compiler:
#      In: include\JSystem\JGadget\std-list.hpp
#    From: src\System\EventWatcher.cpp
# ------------------------------------
#     201: }
# Warning: ^
#   return value expected
#    (instantiating: 'JGadget::TList<MActorSubAnmInfo, 
#   JGadget::TAllocator<MActorSubAnmInfo>>::Confirm()')
[13/185] MWCC build/GMSJ01/src/System/GCLogoDir.o
[14/185] MWCC build/GMSJ01/src/System/J3DSysFlag.o
[15/185] MWCC build/GMSJ01/src/System/MarDirector.o
### mwcceppc.exe Compiler:
#    File: src\System\MarDirector.cpp
# -----------------------------------
#      64: }
# Warning: ^
#   return value expected
### mwcceppc.exe Compiler:
#      85: }
# Warning: ^
#   return value expected
[16/185] MWCC build/GMSJ01/src/System/MarDirectorDirect.o
### mwcceppc.exe Compiler:
#      In: include\JSystem\JGadget\std-list.hpp
#    From: src\System\MarDirectorDirect.cpp
# -----------------------------------------
#     201: }
# Warning: ^
#   return value expected
#    (instantiating: 'JGadget::TList<MActorSubAnmInfo, 
#   JGadget::TAllocator<MActorSubAnmInfo>>::Confirm()')
[17/185] MWCC build/GMSJ01/src/System/MarDirectorEvent.o
### mwcceppc.exe Compiler:
#      In: include\JSystem\JGadget\std-list.hpp
#    From: src\System\MarDirectorEvent.cpp
# ----------------------------------------
#     201: }
# Warning: ^
#   return value expected
#    (instantiating: 'JGadget::TList<MActorSubAnmInfo, 
#   JGadget::TAllocator<MActorSubAnmInfo>>::Confirm()')
[18/185] MWCC build/GMSJ01/src/System/MarDirectorInitECT.o
### mwcceppc.exe Compiler:
#      In: include\JSystem\JGadget\std-list.hpp
#    From: src\System\MarDirectorInitECT.cpp
# ------------------------------------------
#     201: }
# Warning: ^
#   return value expected
#    (instantiating: 'JGadget::TList<MActorSubAnmInfo, 
#   JGadget::TAllocator<MActorSubAnmInfo>>::Confirm()')
[19/185] MWCC build/GMSJ01/src/System/MarDirectorPreEntry.o
[20/185] MWCC build/GMSJ01/src/System/MarDirectorSetup2.o
### mwcceppc.exe Compiler:
#      In: include\JSystem\JGadget\std-list.hpp
#    From: src\System\MarDirectorSetup2.cpp
# -----------------------------------------
#     201: }
# Warning: ^
#   return value expected
#    (instantiating: 'JGadget::TList<MActorSubAnmInfo, 
#   JGadget::TAllocator<MActorSubAnmInfo>>::Confirm()')
[21/185] MWCC build/GMSJ01/src/System/MarNameRefGen.o
### mwcceppc.exe Compiler:
#      In: include\JSystem\JGadget\std-list.hpp
#    From: src\System\MarNameRefGen.cpp
# -------------------------------------
#     201: }
# Warning: ^
#   return value expected
#    (instantiating: 'JGadget::TList<MActorSubAnmInfo, 
#   JGadget::TAllocator<MActorSubAnmInfo>>::Confirm()')
[22/185] MWCC build/GMSJ01/src/System/MenuDir.o
### mwcceppc.exe Compiler:
#    File: src\System\MenuDir.cpp
# -------------------------------
#      53: }
# Warning: ^
#   return value expected
### mwcceppc.exe Compiler:
#     456: }
# Warning: ^
#   return value expected
[23/185] MWCC build/GMSJ01/src/System/TalkCursor.o
### mwcceppc.exe Compiler:
#      In: include\JSystem\JGadget\std-list.hpp
#    From: src\System\TalkCursor.cpp
# ----------------------------------
#     201: }
# Warning: ^
#   return value expected
#    (instantiating: 'JGadget::TList<MActorSubAnmInfo, 
#   JGadget::TAllocator<MActorSubAnmInfo>>::Confirm()')
[24/185] MWCC build/GMSJ01/src/System/Application.o
[25/185] MWCC build/GMSJ01/src/System/MarioGamePad.o
### mwcceppc.exe Compiler:
#    File: src\System\MarioGamePad.cpp
# ------------------------------------
#     173: }
# Warning: ^
#   return value expected
### mwcceppc.exe Compiler:
#     173: }
# Warning: ^
#   return value expected
[26/185] MWCC build/GMSJ01/src/System/StageUtil.o
[27/185] MWCC build/GMSJ01/src/System/PositionHolder.o
[28/185] MWCC build/GMSJ01/src/System/MarNameRefGen_MapObj.o
### mwcceppc.exe Compiler:
#      In: include\JSystem\JGadget\std-list.hpp
#    From: src\System\MarNameRefGen_MapObj.cpp
# --------------------------------------------
#     201: }
# Warning: ^
#   return value expected
#    (instantiating: 'JGadget::TList<MActorSubAnmInfo, 
#   JGadget::TAllocator<MActorSubAnmInfo>>::Confirm()')
[29/185] MWCC build/GMSJ01/src/System/MarDirectorLoadResource.o
[30/185] MWCC build/GMSJ01/src/System/MovieDirector.o
### mwcceppc.exe Compiler:
#    File: src\System\MovieDirector.cpp
# -------------------------------------
#      54: }
# Warning: ^
#   return value expected
### mwcceppc.exe Compiler:
#     406: }
# Warning: ^
#   return value expected
[31/185] MWCC build/GMSJ01/src/System/MarDirectorCreateObjects.o
[32/185] MWCC build/GMSJ01/src/System/MarDirectorSetupObjects.o
[33/185] MWCC build/GMSJ01/src/System/MSoundMainSide.o
### mwcceppc.exe Compiler:
#    File: src\System\MSoundMainSide.cpp
# --------------------------------------
#     957: f32 MSStageCubeFade::calcParamRatioInCube(s32 id) { }
# Warning:                                                     ^
#   return value expected
### mwcceppc.exe Compiler:
#    1022: void MSSTageSimpleEnvironmentMonte::proc() { }
# Warning:                                              ^
#   return value expected
[34/185] MWCC build/GMSJ01/src/System/TargetArrow.o
### mwcceppc.exe Compiler:
#      In: include\JSystem\JGadget\std-list.hpp
#    From: src\System\TargetArrow.cpp
# -----------------------------------
#     201: }
# Warning: ^
#   return value expected
#    (instantiating: 'JGadget::TList<MActorSubAnmInfo, 
#   JGadget::TAllocator<MActorSubAnmInfo>>::Confirm()')
[35/185] MWCC build/GMSJ01/src/Strategic/liveactor.o
### mwcceppc.exe Compiler:
#      In: include\JSystem\JGadget\std-list.hpp
#    From: src\Strategic\liveactor.cpp
# ------------------------------------
#     201: }
# Warning: ^
#   return value expected
#    (instantiating: 'JGadget::TList<MActorSubAnmInfo, 
#   JGadget::TAllocator<MActorSubAnmInfo>>::Confirm()')
[36/185] MWCC build/GMSJ01/src/Strategic/liveinterp.o
### mwcceppc.exe Compiler:
#      In: include\JSystem\JGadget\std-list.hpp
#    From: src\Strategic\liveinterp.cpp
# -------------------------------------
#     201: }
# Warning: ^
#   return value expected
#    (instantiating: 'JGadget::TList<MActorSubAnmInfo, 
#   JGadget::TAllocator<MActorSubAnmInfo>>::Confirm()')
[37/185] MWCC build/GMSJ01/src/Strategic/livemanager.o
[38/185] MWCC build/GMSJ01/src/Strategic/objmanager.o
### mwcceppc.exe Compiler:
#      In: include\JSystem\JGadget\std-list.hpp
#    From: src\Strategic\objmanager.cpp
# -------------------------------------
#     201: }
# Warning: ^
#   return value expected
#    (instantiating: 'JGadget::TList<MActorSubAnmInfo, 
#   JGadget::TAllocator<MActorSubAnmInfo>>::Confirm()')
[39/185] MWCC build/GMSJ01/src/Strategic/ObjModel.o
### mwcceppc.exe Compiler:
#      In: include\JSystem\JGadget\std-list.hpp
#    From: src\Strategic\ObjModel.cpp
# -----------------------------------
#     201: }
# Warning: ^
#   return value expected
#    (instantiating: 'JGadget::TList<MActorSubAnmInfo, 
#   JGadget::TAllocator<MActorSubAnmInfo>>::Confirm()')
### mwcceppc.exe Compiler:
#    File: src\Strategic\ObjModel.cpp
# -----------------------------------
#     167: }
# Warning: ^
#   return value expected
### mwcceppc.exe Compiler:
#     202: }
# Warning: ^
#   return value expected
[40/185] MWCC build/GMSJ01/src/Strategic/SharedParts.o
### mwcceppc.exe Compiler:
#      In: include\JSystem\JGadget\std-list.hpp
#    From: src\Strategic\SharedParts.cpp
# --------------------------------------
#     201: }
# Warning: ^
#   return value expected
#    (instantiating: 'JGadget::TList<MActorSubAnmInfo, 
#   JGadget::TAllocator<MActorSubAnmInfo>>::Confirm()')
[41/185] MWCC build/GMSJ01/src/Strategic/MirrorActor.o
[42/185] MWCC build/GMSJ01/src/Player/MarioAction.o
### mwcceppc.exe Compiler:
#      In: include\JSystem\JGadget\std-list.hpp
#    From: src\Player\MarioAction.cpp
# -----------------------------------
#     201: }
# Warning: ^
#   return value expected
#    (instantiating: 'JGadget::TList<MActorSubAnmInfo, 
#   JGadget::TAllocator<MActorSubAnmInfo>>::Confirm()')
[43/185] MWCC build/GMSJ01/src/Player/MarioAutodemo.o
### mwcceppc.exe Compiler:
#      In: include\JSystem\JGadget\std-list.hpp
#    From: src\Player\MarioAutodemo.cpp
# -------------------------------------
#     201: }
# Warning: ^
#   return value expected
#    (instantiating: 'JGadget::TList<MActorSubAnmInfo, 
#   JGadget::TAllocator<MActorSubAnmInfo>>::Confirm()')
[44/185] MWCC build/GMSJ01/src/Player/MarioCap.o
### mwcceppc.exe Compiler:
#      In: include\JSystem\JGadget\std-list.hpp
#    From: src\Player\MarioCap.cpp
# --------------------------------
#     201: }
# Warning: ^
#   return value expected
#    (instantiating: 'JGadget::TList<MActorSubAnmInfo, 
#   JGadget::TAllocator<MActorSubAnmInfo>>::Confirm()')
[45/185] MWCC build/GMSJ01/src/Player/MarioCollision.o
### mwcceppc.exe Compiler:
#      In: include\JSystem\JGadget\std-list.hpp
#    From: src\Player\MarioCollision.cpp
# --------------------------------------
#     201: }
# Warning: ^
#   return value expected
#    (instantiating: 'JGadget::TList<MActorSubAnmInfo, 
#   JGadget::TAllocator<MActorSubAnmInfo>>::Confirm()')
[46/185] MWCC build/GMSJ01/src/Player/MarioDraw.o
### mwcceppc.exe Compiler:
#      In: include\JSystem\JGadget\std-list.hpp
#    From: src\Player\MarioDraw.cpp
# ---------------------------------
#     201: }
# Warning: ^
#   return value expected
#    (instantiating: 'JGadget::TList<MActorSubAnmInfo, 
#   JGadget::TAllocator<MActorSubAnmInfo>>::Confirm()')
[47/185] MWCC build/GMSJ01/src/Player/MarioJump.o
### mwcceppc.exe Compiler:
#      In: include\JSystem\JGadget\std-list.hpp
#    From: src\Player\MarioJump.cpp
# ---------------------------------
#     201: }
# Warning: ^
#   return value expected
#    (instantiating: 'JGadget::TList<MActorSubAnmInfo, 
#   JGadget::TAllocator<MActorSubAnmInfo>>::Confirm()')
[48/185] MWCC build/GMSJ01/src/Player/MarioMain.o
### mwcceppc.exe Compiler:
#      In: include\JSystem\JGadget\std-list.hpp
#    From: src\Player\MarioMain.cpp
# ---------------------------------
#     201: }
# Warning: ^
#   return value expected
#    (instantiating: 'JGadget::TList<MActorSubAnmInfo, 
#   JGadget::TAllocator<MActorSubAnmInfo>>::Confirm()')
[49/185] MWCC build/GMSJ01/src/Player/MarioMove.o
sjiswrap: File Z:\Users\Ford\sms-symbol-order-20260915\src\Player\MarioMove.cpp contains Shift JIS encoding errors
### mwcceppc.exe Compiler:
#      In: include\JSystem\JGadget\std-list.hpp
#    From: src\Player\MarioMove.cpp
# ---------------------------------
#     201: }
# Warning: ^
#   return value expected
#    (instantiating: 'JGadget::TList<MActorSubAnmInfo, 
#   JGadget::TAllocator<MActorSubAnmInfo>>::Confirm()')
[50/185] MWCC build/GMSJ01/src/Player/MarioPhysics.o
### mwcceppc.exe Compiler:
#      In: include\JSystem\JGadget\std-list.hpp
#    From: src\Player\MarioPhysics.cpp
# ------------------------------------
#     201: }
# Warning: ^
#   return value expected
#    (instantiating: 'JGadget::TList<MActorSubAnmInfo, 
#   JGadget::TAllocator<MActorSubAnmInfo>>::Confirm()')
[51/185] MWCC build/GMSJ01/src/Player/MarioRun.o
### mwcceppc.exe Compiler:
#      In: include\JSystem\JGadget\std-list.hpp
#    From: src\Player\MarioRun.cpp
# --------------------------------
#     201: }
# Warning: ^
#   return value expected
#    (instantiating: 'JGadget::TList<MActorSubAnmInfo, 
#   JGadget::TAllocator<MActorSubAnmInfo>>::Confirm()')
[52/185] MWCC build/GMSJ01/src/Player/MarioSpecial.o
### mwcceppc.exe Compiler:
#      In: include\JSystem\JGadget\std-list.hpp
#    From: src\Player\MarioSpecial.cpp
# ------------------------------------
#     201: }
# Warning: ^
#   return value expected
#    (instantiating: 'JGadget::TList<MActorSubAnmInfo, 
#   JGadget::TAllocator<MActorSubAnmInfo>>::Confirm()')
### mwcceppc.exe Compiler:
#    File: src\Player\MarioSpecial.cpp
# ------------------------------------
#     996: s16 TMario::getNozzleEmitVX() { }
# Warning:                                 ^
#   return value expected
### mwcceppc.exe Compiler:
#    1673: }
# Warning: ^
#   return value expected
[53/185] MWCC build/GMSJ01/src/Player/MarioUpper.o
### mwcceppc.exe Compiler:
#      In: include\JSystem\JGadget\std-list.hpp
#    From: src\Player\MarioUpper.cpp
# ----------------------------------
#     201: }
# Warning: ^
#   return value expected
#    (instantiating: 'JGadget::TList<MActorSubAnmInfo, 
#   JGadget::TAllocator<MActorSubAnmInfo>>::Confirm()')
[54/185] MWCC build/GMSJ01/src/Player/MarioParticle.o
### mwcceppc.exe Compiler:
#      In: include\JSystem\JGadget\std-list.hpp
#    From: src\Player\MarioParticle.cpp
# -------------------------------------
#     201: }
# Warning: ^
#   return value expected
#    (instantiating: 'JGadget::TList<MActorSubAnmInfo, 
#   JGadget::TAllocator<MActorSubAnmInfo>>::Confirm()')
[55/185] MWCC build/GMSJ01/src/Player/MarioWait.o
### mwcceppc.exe Compiler:
#      In: include\JSystem\JGadget\std-list.hpp
#    From: src\Player\MarioWait.cpp
# ---------------------------------
#     201: }
# Warning: ^
#   return value expected
#    (instantiating: 'JGadget::TList<MActorSubAnmInfo, 
#   JGadget::TAllocator<MActorSubAnmInfo>>::Confirm()')
[56/185] MWCC build/GMSJ01/src/Player/SplashManager.o
[57/185] MWCC build/GMSJ01/src/Player/Tongue.o
### mwcceppc.exe Compiler:
#      In: include\JSystem\JGadget\std-list.hpp
#    From: src\Player\Tongue.cpp
# ------------------------------
#     201: }
# Warning: ^
#   return value expected
#    (instantiating: 'JGadget::TList<MActorSubAnmInfo, 
#   JGadget::TAllocator<MActorSubAnmInfo>>::Confirm()')
[58/185] MWCC build/GMSJ01/src/Player/WaterGun.o
### mwcceppc.exe Compiler:
#      In: include\JSystem\JGadget\std-list.hpp
#    From: src\Player\WaterGun.cpp
# --------------------------------
#     201: }
# Warning: ^
#   return value expected
#    (instantiating: 'JGadget::TList<MActorSubAnmInfo, 
#   JGadget::TAllocator<MActorSubAnmInfo>>::Confirm()')
[59/185] MWCC build/GMSJ01/src/Player/Yoshi.o
### mwcceppc.exe Compiler:
#      In: include\JSystem\JGadget\std-list.hpp
#    From: src\Player\Yoshi.cpp
# -----------------------------
#     201: }
# Warning: ^
#   return value expected
#    (instantiating: 'JGadget::TList<MActorSubAnmInfo, 
#   JGadget::TAllocator<MActorSubAnmInfo>>::Confirm()')
[60/185] MWCC build/GMSJ01/src/Player/MarioEffect.o
### mwcceppc.exe Compiler:
#      In: include\JSystem\JGadget\std-list.hpp
#    From: src\Player\MarioEffect.cpp
# -----------------------------------
#     201: }
# Warning: ^
#   return value expected
#    (instantiating: 'JGadget::TList<MActorSubAnmInfo, 
#   JGadget::TAllocator<MActorSubAnmInfo>>::Confirm()')
### mwcceppc.exe Compiler:
#    File: src\Player\MarioEffect.cpp
# -----------------------------------
#     154: int TMarioEffect::getJumpIntoWaterModelData() { }
# Warning:                                                 ^
#   return value expected
### mwcceppc.exe Compiler:
#     227: }
# Warning: ^
#   return value expected
[61/185] MWCC build/GMSJ01/src/Player/MarioSwim.o
### mwcceppc.exe Compiler:
#      In: include\JSystem\JGadget\std-list.hpp
#    From: src\Player\MarioSwim.cpp
# ---------------------------------
#     201: }
# Warning: ^
#   return value expected
#    (instantiating: 'JGadget::TList<MActorSubAnmInfo, 
#   JGadget::TAllocator<MActorSubAnmInfo>>::Confirm()')
[62/185] MWCC build/GMSJ01/src/Player/MarioAccess.o
### mwcceppc.exe Compiler:
#      In: include\JSystem\JGadget\std-list.hpp
#    From: src\Player\MarioAccess.cpp
# -----------------------------------
#     201: }
# Warning: ^
#   return value expected
#    (instantiating: 'JGadget::TList<MActorSubAnmInfo, 
#   JGadget::TAllocator<MActorSubAnmInfo>>::Confirm()')
[63/185] MWCC build/GMSJ01/src/Player/MarioInit.o
### mwcceppc.exe Compiler:
#      In: include\JSystem\JGadget\std-list.hpp
#    From: src\Player\MarioInit.cpp
# ---------------------------------
#     201: }
# Warning: ^
#   return value expected
#    (instantiating: 'JGadget::TList<MActorSubAnmInfo, 
#   JGadget::TAllocator<MActorSubAnmInfo>>::Confirm()')
[64/185] MWCC build/GMSJ01/src/Player/ModelWaterManager.o
### mwcceppc.exe Compiler:
#      In: include\JSystem\JGadget\std-list.hpp
#    From: src\Player\ModelWaterManager.cpp
# -----------------------------------------
#     201: }
# Warning: ^
#   return value expected
#    (instantiating: 'JGadget::TList<MActorSubAnmInfo, 
#   JGadget::TAllocator<MActorSubAnmInfo>>::Confirm()')
[65/185] MWCC build/GMSJ01/src/Player/MarioCheckCol.o
### mwcceppc.exe Compiler:
#      In: include\JSystem\JGadget\std-list.hpp
#    From: src\Player\MarioCheckCol.cpp
# -------------------------------------
#     201: }
# Warning: ^
#   return value expected
#    (instantiating: 'JGadget::TList<MActorSubAnmInfo, 
#   JGadget::TAllocator<MActorSubAnmInfo>>::Confirm()')
[66/185] MWCC build/GMSJ01/src/Player/MarioReceiveMsg.o
### mwcceppc.exe Compiler:
#      In: include\JSystem\JGadget\std-list.hpp
#    From: src\Player\MarioReceiveMsg.cpp
# ---------------------------------------
#     201: }
# Warning: ^
#   return value expected
#    (instantiating: 'JGadget::TList<MActorSubAnmInfo, 
#   JGadget::TAllocator<MActorSubAnmInfo>>::Confirm()')
[67/185] MWCC build/GMSJ01/src/Player/MarioSound.o
### mwcceppc.exe Compiler:
#      In: include\JSystem\JGadget\std-list.hpp
#    From: src\Player\MarioSound.cpp
# ----------------------------------
#     201: }
# Warning: ^
#   return value expected
#    (instantiating: 'JGadget::TList<MActorSubAnmInfo, 
#   JGadget::TAllocator<MActorSubAnmInfo>>::Confirm()')
[68/185] MWCC build/GMSJ01/src/NPC/NpcAnm.o
### mwcceppc.exe Compiler:
#      In: include\JSystem\JGadget\std-list.hpp
#    From: src\NPC\NpcAnm.cpp
# ---------------------------
#     201: }
# Warning: ^
#   return value expected
#    (instantiating: 'JGadget::TList<MActorSubAnmInfo, 
#   JGadget::TAllocator<MActorSubAnmInfo>>::Confirm()')
[69/185] MWCC build/GMSJ01/src/NPC/NpcBase.o
### mwcceppc.exe Compiler:
#      In: include\JSystem\JGadget\std-list.hpp
#    From: src\NPC\NpcBase.cpp
# ----------------------------
#     201: }
# Warning: ^
#   return value expected
#    (instantiating: 'JGadget::TList<MActorSubAnmInfo, 
#   JGadget::TAllocator<MActorSubAnmInfo>>::Confirm()')
[70/185] MWCC build/GMSJ01/src/NPC/NpcManager.o
### mwcceppc.exe Compiler:
#      In: include\JSystem\JGadget\std-list.hpp
#    From: src\NPC\NpcManager.cpp
# -------------------------------
#     201: }
# Warning: ^
#   return value expected
#    (instantiating: 'JGadget::TList<MActorSubAnmInfo, 
#   JGadget::TAllocator<MActorSubAnmInfo>>::Confirm()')
[71/185] MWCC build/GMSJ01/src/NPC/NpcNerve.o
### mwcceppc.exe Compiler:
#      In: include\JSystem\JGadget\std-list.hpp
#    From: src\NPC\NpcNerve.cpp
# -----------------------------
#     201: }
# Warning: ^
#   return value expected
#    (instantiating: 'JGadget::TList<MActorSubAnmInfo, 
#   JGadget::TAllocator<MActorSubAnmInfo>>::Confirm()')
[72/185] MWCC build/GMSJ01/src/NPC/NpcEvent.o
### mwcceppc.exe Compiler:
#      In: include\JSystem\JGadget\std-list.hpp
#    From: src\NPC\NpcEvent.cpp
# -----------------------------
#     201: }
# Warning: ^
#   return value expected
#    (instantiating: 'JGadget::TList<MActorSubAnmInfo, 
#   JGadget::TAllocator<MActorSubAnmInfo>>::Confirm()')
[73/185] MWCC build/GMSJ01/src/NPC/NpcInitPrg.o
### mwcceppc.exe Compiler:
#      In: include\JSystem\JGadget\std-list.hpp
#    From: src\NPC\NpcInitPrg.cpp
# -------------------------------
#     201: }
# Warning: ^
#   return value expected
#    (instantiating: 'JGadget::TList<MActorSubAnmInfo, 
#   JGadget::TAllocator<MActorSubAnmInfo>>::Confirm()')
[74/185] MWCC build/GMSJ01/src/NPC/NpcInbetween.o
### mwcceppc.exe Compiler:
#      In: include\JSystem\JGadget\std-list.hpp
#    From: src\NPC\NpcInbetween.cpp
# ---------------------------------
#     201: }
# Warning: ^
#   return value expected
#    (instantiating: 'JGadget::TList<MActorSubAnmInfo, 
#   JGadget::TAllocator<MActorSubAnmInfo>>::Confirm()')
[75/185] MWCC build/GMSJ01/src/NPC/NpcParts.o
### mwcceppc.exe Compiler:
#      In: include\JSystem\JGadget\std-list.hpp
#    From: src\NPC\NpcParts.cpp
# -----------------------------
#     201: }
# Warning: ^
#   return value expected
#    (instantiating: 'JGadget::TList<MActorSubAnmInfo, 
#   JGadget::TAllocator<MActorSubAnmInfo>>::Confirm()')
[76/185] MWCC build/GMSJ01/src/NPC/NpcColor.o
### mwcceppc.exe Compiler:
#      In: include\JSystem\JGadget\std-list.hpp
#    From: src\NPC\NpcColor.cpp
# -----------------------------
#     201: }
# Warning: ^
#   return value expected
#    (instantiating: 'JGadget::TList<MActorSubAnmInfo, 
#   JGadget::TAllocator<MActorSubAnmInfo>>::Confirm()')
[77/185] MWCC build/GMSJ01/src/NPC/NpcEffect.o
### mwcceppc.exe Compiler:
#      In: include\JSystem\JGadget\std-list.hpp
#    From: src\NPC\NpcEffect.cpp
# ------------------------------
#     201: }
# Warning: ^
#   return value expected
#    (instantiating: 'JGadget::TList<MActorSubAnmInfo, 
#   JGadget::TAllocator<MActorSubAnmInfo>>::Confirm()')
[78/185] MWCC build/GMSJ01/src/NPC/NpcChange.o
### mwcceppc.exe Compiler:
#      In: include\JSystem\JGadget\std-list.hpp
#    From: src\NPC\NpcChange.cpp
# ------------------------------
#     201: }
# Warning: ^
#   return value expected
#    (instantiating: 'JGadget::TList<MActorSubAnmInfo, 
#   JGadget::TAllocator<MActorSubAnmInfo>>::Confirm()')
### mwcceppc.exe Compiler:
#    File: src\NPC\NpcChange.cpp
# ------------------------------
#     145: bool TBaseNPC::isNerveCanGoToThrow() const { }
# Warning:                                              ^
#   return value expected
### mwcceppc.exe Compiler:
#     639: void TBaseNPC::kill() { }
# Warning:                         ^
#   return value expected
[79/185] MWCC build/GMSJ01/src/NPC/NpcCoin.o
[80/185] MWCC build/GMSJ01/src/NPC/NpcBalloon.o
[81/185] MWCC build/GMSJ01/src/NPC/NpcWalkTurn.o
[82/185] MWCC build/GMSJ01/src/MSound/MSoundSE.o
### mwcceppc.exe Compiler:
#    File: src\MSound\MSoundSE.cpp
# --------------------------------
#      50: u32 MSRandVol::getRandomVolume(u32 param_1, u32 param_2) { }
# Warning:                                                            ^
#   return value expected
### mwcceppc.exe Compiler:
#     816: }
# Warning: ^
#   return value expected
[83/185] MWCC build/GMSJ01/src/MoveBG/MapObjBase.o
### mwcceppc.exe Compiler:
#      In: include\JSystem\JGadget\std-list.hpp
#    From: src\MoveBG\MapObjBase.cpp
# ----------------------------------
#     201: }
# Warning: ^
#   return value expected
#    (instantiating: 'JGadget::TList<MActorSubAnmInfo, 
#   JGadget::TAllocator<MActorSubAnmInfo>>::Confirm()')
[84/185] MWCC build/GMSJ01/src/MoveBG/MapObjInit.o
### mwcceppc.exe Compiler:
#      In: include\JSystem\JGadget\std-list.hpp
#    From: src\MoveBG\MapObjInit.cpp
# ----------------------------------
#     201: }
# Warning: ^
#   return value expected
#    (instantiating: 'JGadget::TList<MActorSubAnmInfo, 
#   JGadget::TAllocator<MActorSubAnmInfo>>::Confirm()')
[85/185] MWCC build/GMSJ01/src/MoveBG/MapObjGeneral.o
### mwcceppc.exe Compiler:
#      In: include\JSystem\JGadget\std-list.hpp
#    From: src\MoveBG\MapObjGeneral.cpp
# -------------------------------------
#     201: }
# Warning: ^
#   return value expected
#    (instantiating: 'JGadget::TList<MActorSubAnmInfo, 
#   JGadget::TAllocator<MActorSubAnmInfo>>::Confirm()')
[86/185] MWCC build/GMSJ01/src/MoveBG/MapObjManager.o
### mwcceppc.exe Compiler:
#      In: include\JSystem\JGadget\std-list.hpp
#    From: src\MoveBG\MapObjManager.cpp
# -------------------------------------
#     201: }
# Warning: ^
#   return value expected
#    (instantiating: 'JGadget::TList<MActorSubAnmInfo, 
#   JGadget::TAllocator<MActorSubAnmInfo>>::Confirm()')
[87/185] MWCC build/GMSJ01/src/MoveBG/MapObjLib.o
### mwcceppc.exe Compiler:
#      In: include\JSystem\JGadget\std-list.hpp
#    From: src\MoveBG\MapObjLib.cpp
# ---------------------------------
#     201: }
# Warning: ^
#   return value expected
#    (instantiating: 'JGadget::TList<MActorSubAnmInfo, 
#   JGadget::TAllocator<MActorSubAnmInfo>>::Confirm()')
### mwcceppc.exe Compiler:
#    File: src\MoveBG\MapObjLib.cpp
# ---------------------------------
#     230: }
# Warning: ^
#   return value expected
### mwcceppc.exe Compiler:
#     835: }
# Warning: ^
#   return value expected
### mwcceppc.exe Compiler:
#    1098: }
# Warning: ^
#   return value expected
### mwcceppc.exe Compiler:
#    1098: }
# Warning: ^
#   return value expected
[88/185] MWCC build/GMSJ01/src/MoveBG/Item.o
### mwcceppc.exe Compiler:
#      In: include\JSystem\JGadget\std-list.hpp
#    From: src\MoveBG\Item.cpp
# ----------------------------
#     201: }
# Warning: ^
#   return value expected
#    (instantiating: 'JGadget::TList<MActorSubAnmInfo, 
#   JGadget::TAllocator<MActorSubAnmInfo>>::Confirm()')
[89/185] MWCC build/GMSJ01/src/MoveBG/MapObjTown.o
### mwcceppc.exe Compiler:
#      In: include\JSystem\JGadget\std-list.hpp
#    From: src\MoveBG\MapObjTown.cpp
# ----------------------------------
#     201: }
# Warning: ^
#   return value expected
#    (instantiating: 'JGadget::TList<MActorSubAnmInfo, 
#   JGadget::TAllocator<MActorSubAnmInfo>>::Confirm()')
[90/185] MWCC build/GMSJ01/src/MoveBG/MapObjBlock.o
### mwcceppc.exe Compiler:
#      In: include\JSystem\JGadget\std-list.hpp
#    From: src\MoveBG\MapObjBlock.cpp
# -----------------------------------
#     201: }
# Warning: ^
#   return value expected
#    (instantiating: 'JGadget::TList<MActorSubAnmInfo, 
#   JGadget::TAllocator<MActorSubAnmInfo>>::Confirm()')
[91/185] MWCC build/GMSJ01/src/MoveBG/MapObjSirena.o
### mwcceppc.exe Compiler:
#      In: include\JSystem\JGadget\std-list.hpp
#    From: src\MoveBG\MapObjSirena.cpp
# ------------------------------------
#     201: }
# Warning: ^
#   return value expected
#    (instantiating: 'JGadget::TList<MActorSubAnmInfo, 
#   JGadget::TAllocator<MActorSubAnmInfo>>::Confirm()')
[92/185] MWCC build/GMSJ01/src/MoveBG/MapObjAirport.o
### mwcceppc.exe Compiler:
#      In: include\JSystem\JGadget\std-list.hpp
#    From: src\MoveBG\MapObjAirport.cpp
# -------------------------------------
#     201: }
# Warning: ^
#   return value expected
#    (instantiating: 'JGadget::TList<MActorSubAnmInfo, 
#   JGadget::TAllocator<MActorSubAnmInfo>>::Confirm()')
[93/185] MWCC build/GMSJ01/src/MoveBG/MapObjPollution.o
### mwcceppc.exe Compiler:
#      In: include\JSystem\JGadget\std-list.hpp
#    From: src\MoveBG\MapObjPollution.cpp
# ---------------------------------------
#     201: }
# Warning: ^
#   return value expected
#    (instantiating: 'JGadget::TList<MActorSubAnmInfo, 
#   JGadget::TAllocator<MActorSubAnmInfo>>::Confirm()')
[94/185] MWCC build/GMSJ01/src/MoveBG/MapObjDolpic.o
### mwcceppc.exe Compiler:
#      In: include\JSystem\JGadget\std-list.hpp
#    From: src\MoveBG\MapObjDolpic.cpp
# ------------------------------------
#     201: }
# Warning: ^
#   return value expected
#    (instantiating: 'JGadget::TList<MActorSubAnmInfo, 
#   JGadget::TAllocator<MActorSubAnmInfo>>::Confirm()')
[95/185] MWCC build/GMSJ01/src/MoveBG/MapObjGrass.o
[96/185] MWCC build/GMSJ01/src/MoveBG/MapObjWater.o
### mwcceppc.exe Compiler:
#      In: include\JSystem\JGadget\std-list.hpp
#    From: src\MoveBG\MapObjWater.cpp
# -----------------------------------
#     201: }
# Warning: ^
#   return value expected
#    (instantiating: 'JGadget::TList<MActorSubAnmInfo, 
#   JGadget::TAllocator<MActorSubAnmInfo>>::Confirm()')
[97/185] MWCC build/GMSJ01/src/MoveBG/MapObjRailBlock.o
### mwcceppc.exe Compiler:
#      In: include\JSystem\JGadget\std-list.hpp
#    From: src\MoveBG\MapObjRailBlock.cpp
# ---------------------------------------
#     201: }
# Warning: ^
#   return value expected
#    (instantiating: 'JGadget::TList<MActorSubAnmInfo, 
#   JGadget::TAllocator<MActorSubAnmInfo>>::Confirm()')
[98/185] MWCC build/GMSJ01/src/MoveBG/MapObjTree.o
### mwcceppc.exe Compiler:
#      In: include\JSystem\JGadget\std-list.hpp
#    From: src\MoveBG\MapObjTree.cpp
# ----------------------------------
#     201: }
# Warning: ^
#   return value expected
#    (instantiating: 'JGadget::TList<MActorSubAnmInfo, 
#   JGadget::TAllocator<MActorSubAnmInfo>>::Confirm()')
[99/185] MWCC build/GMSJ01/src/MoveBG/MapObjEx.o
### mwcceppc.exe Compiler:
#      In: include\JSystem\JGadget\std-list.hpp
#    From: src\MoveBG\MapObjEx.cpp
# --------------------------------
#     201: }
# Warning: ^
#   return value expected
#    (instantiating: 'JGadget::TList<MActorSubAnmInfo, 
#   JGadget::TAllocator<MActorSubAnmInfo>>::Confirm()')
[100/185] MWCC build/GMSJ01/src/MoveBG/MapObjItem2.o
### mwcceppc.exe Compiler:
#      In: include\JSystem\JGadget\std-list.hpp
#    From: src\MoveBG\MapObjItem2.cpp
# -----------------------------------
#     201: }
# Warning: ^
#   return value expected
#    (instantiating: 'JGadget::TList<MActorSubAnmInfo, 
#   JGadget::TAllocator<MActorSubAnmInfo>>::Confirm()')
[101/185] MWCC build/GMSJ01/src/MoveBG/MapObjHide.o
### mwcceppc.exe Compiler:
#      In: include\JSystem\JGadget\std-list.hpp
#    From: src\MoveBG\MapObjHide.cpp
# ----------------------------------
#     201: }
# Warning: ^
#   return value expected
#    (instantiating: 'JGadget::TList<MActorSubAnmInfo, 
#   JGadget::TAllocator<MActorSubAnmInfo>>::Confirm()')
[102/185] MWCC build/GMSJ01/src/MoveBG/MapObjTrap.o
### mwcceppc.exe Compiler:
#      In: include\JSystem\JGadget\std-list.hpp
#    From: src\MoveBG\MapObjTrap.cpp
# ----------------------------------
#     201: }
# Warning: ^
#   return value expected
#    (instantiating: 'JGadget::TList<MActorSubAnmInfo, 
#   JGadget::TAllocator<MActorSubAnmInfo>>::Confirm()')
### mwcceppc.exe Compiler:
#    File: src\MoveBG\MapObjTrap.cpp
# ----------------------------------
#      76: }
# Warning: ^
#   return value expected
### mwcceppc.exe Compiler:
#     295: static void dummy2(f32* f) { *f = 0.0f; }
# Warning:                                         ^
#   return value expected
[103/185] MWCC build/GMSJ01/src/Map/JointModel.o
### mwcceppc.exe Compiler:
#      In: include\JSystem\JGadget\std-list.hpp
#    From: src\Map\JointModel.cpp
# -------------------------------
#     201: }
# Warning: ^
#   return value expected
#    (instantiating: 'JGadget::TList<MActorSubAnmInfo, 
#   JGadget::TAllocator<MActorSubAnmInfo>>::Confirm()')
[104/185] MWCC build/GMSJ01/src/Map/Map.o
### mwcceppc.exe Compiler:
#      In: include\JSystem\JGadget\std-list.hpp
#    From: src\Map\Map.cpp
# ------------------------
#     201: }
# Warning: ^
#   return value expected
#    (instantiating: 'JGadget::TList<MActorSubAnmInfo, 
#   JGadget::TAllocator<MActorSubAnmInfo>>::Confirm()')
### mwcceppc.exe Compiler:
#    File: src\Map\Map.cpp
# ------------------------
#     298: }
# Warning: ^
#   return value expected
### mwcceppc.exe Compiler:
#     435: }
# Warning: ^
#   return value expected
[105/185] MWCC build/GMSJ01/src/Map/MapEventSink.o
### mwcceppc.exe Compiler:
#      In: include\JSystem\JGadget\std-list.hpp
#    From: src\Map\MapEventSink.cpp
# ---------------------------------
#     201: }
# Warning: ^
#   return value expected
#    (instantiating: 'JGadget::TList<MActorSubAnmInfo, 
#   JGadget::TAllocator<MActorSubAnmInfo>>::Confirm()')
[106/185] MWCC build/GMSJ01/src/Map/MapMirror.o
### mwcceppc.exe Compiler:
#      In: include\JSystem\JGadget\std-list.hpp
#    From: src\Map\MapMirror.cpp
# ------------------------------
#     201: }
# Warning: ^
#   return value expected
#    (instantiating: 'JGadget::TList<MActorSubAnmInfo, 
#   JGadget::TAllocator<MActorSubAnmInfo>>::Confirm()')
[107/185] MWCC build/GMSJ01/src/Map/MapModel.o
### mwcceppc.exe Compiler:
#      In: include\JSystem\JGadget\std-list.hpp
#    From: src\Map\MapModel.cpp
# -----------------------------
#     201: }
# Warning: ^
#   return value expected
#    (instantiating: 'JGadget::TList<MActorSubAnmInfo, 
#   JGadget::TAllocator<MActorSubAnmInfo>>::Confirm()')
[108/185] MWCC build/GMSJ01/src/Map/MapWarp.o
### mwcceppc.exe Compiler:
#      In: include\JSystem\JGadget\std-list.hpp
#    From: src\Map\MapWarp.cpp
# ----------------------------
#     201: }
# Warning: ^
#   return value expected
#    (instantiating: 'JGadget::TList<MActorSubAnmInfo, 
#   JGadget::TAllocator<MActorSubAnmInfo>>::Confirm()')
[109/185] MWCC build/GMSJ01/src/Map/MapStaticObject.o
### mwcceppc.exe Compiler:
#      In: include\JSystem\JGadget\std-list.hpp
#    From: src\Map\MapStaticObject.cpp
# ------------------------------------
#     201: }
# Warning: ^
#   return value expected
#    (instantiating: 'JGadget::TList<MActorSubAnmInfo, 
#   JGadget::TAllocator<MActorSubAnmInfo>>::Confirm()')
[110/185] MWCC build/GMSJ01/src/Map/MapWire.o
### mwcceppc.exe Compiler:
#      In: include\JSystem\JGadget\std-list.hpp
#    From: src\Map\MapWire.cpp
# ----------------------------
#     201: }
# Warning: ^
#   return value expected
#    (instantiating: 'JGadget::TList<MActorSubAnmInfo, 
#   JGadget::TAllocator<MActorSubAnmInfo>>::Confirm()')
[111/185] MWCC build/GMSJ01/src/Map/PollutionManager.o
### mwcceppc.exe Compiler:
#      In: include\JSystem\JGadget\std-list.hpp
#    From: src\Map\PollutionManager.cpp
# -------------------------------------
#     201: }
# Warning: ^
#   return value expected
#    (instantiating: 'JGadget::TList<MActorSubAnmInfo, 
#   JGadget::TAllocator<MActorSubAnmInfo>>::Confirm()')
[112/185] MWCC build/GMSJ01/src/Map/MapWireManager.o
### mwcceppc.exe Compiler:
#      In: include\JSystem\JGadget\std-list.hpp
#    From: src\Map\MapWireManager.cpp
# -----------------------------------
#     201: }
# Warning: ^
#   return value expected
#    (instantiating: 'JGadget::TList<MActorSubAnmInfo, 
#   JGadget::TAllocator<MActorSubAnmInfo>>::Confirm()')
[113/185] MWCC build/GMSJ01/src/Map/Sky.o
### mwcceppc.exe Compiler:
#      In: include\JSystem\JGadget\std-list.hpp
#    From: src\Map\Sky.cpp
# ------------------------
#     201: }
# Warning: ^
#   return value expected
#    (instantiating: 'JGadget::TList<MActorSubAnmInfo, 
#   JGadget::TAllocator<MActorSubAnmInfo>>::Confirm()')
[114/185] MWCC build/GMSJ01/src/Map/Shimmer.o
### mwcceppc.exe Compiler:
#      In: include\JSystem\JGadget\std-list.hpp
#    From: src\Map\Shimmer.cpp
# ----------------------------
#     201: }
# Warning: ^
#   return value expected
#    (instantiating: 'JGadget::TList<MActorSubAnmInfo, 
#   JGadget::TAllocator<MActorSubAnmInfo>>::Confirm()')
[115/185] MWCC build/GMSJ01/src/Map/MapEventSirena.o
### mwcceppc.exe Compiler:
#      In: include\JSystem\JGadget\std-list.hpp
#    From: src\Map\MapEventSirena.cpp
# -----------------------------------
#     201: }
# Warning: ^
#   return value expected
#    (instantiating: 'JGadget::TList<MActorSubAnmInfo, 
#   JGadget::TAllocator<MActorSubAnmInfo>>::Confirm()')
[116/185] MWCC build/GMSJ01/src/Map/PollutionLayer.o
### mwcceppc.exe Compiler:
#      In: include\JSystem\JGadget\std-list.hpp
#    From: src\Map\PollutionLayer.cpp
# -----------------------------------
#     201: }
# Warning: ^
#   return value expected
#    (instantiating: 'JGadget::TList<MActorSubAnmInfo, 
#   JGadget::TAllocator<MActorSubAnmInfo>>::Confirm()')
[117/185] MWCC build/GMSJ01/src/Map/MapEventDolpic.o
### mwcceppc.exe Compiler:
#      In: include\JSystem\JGadget\std-list.hpp
#    From: src\Map\MapEventDolpic.cpp
# -----------------------------------
#     201: }
# Warning: ^
#   return value expected
#    (instantiating: 'JGadget::TList<MActorSubAnmInfo, 
#   JGadget::TAllocator<MActorSubAnmInfo>>::Confirm()')
[118/185] MWCC build/GMSJ01/src/GC2D/GCConsole2.o
### mwcceppc.exe Compiler:
#      In: include\JSystem\JGadget\std-list.hpp
#    From: src\GC2D\GCConsole2.cpp
# --------------------------------
#     201: }
# Warning: ^
#   return value expected
#    (instantiating: 'JGadget::TList<MActorSubAnmInfo, 
#   JGadget::TAllocator<MActorSubAnmInfo>>::Confirm()')
[119/185] MWCC build/GMSJ01/src/GC2D/PauseMenu2.o
[120/185] MWCC build/GMSJ01/src/GC2D/HelpActor.o
[121/185] MWCC build/GMSJ01/src/GC2D/CardSave.o
[122/185] MWCC build/GMSJ01/src/GC2D/CardLoad.o
### mwcceppc.exe Compiler:
#      In: include\JSystem\JGadget\std-list.hpp
#    From: src\GC2D\CardLoad.cpp
# ------------------------------
#     201: }
# Warning: ^
#   return value expected
#    (instantiating: 'JGadget::TList<MActorSubAnmInfo, 
#   JGadget::TAllocator<MActorSubAnmInfo>>::Confirm()')
[123/185] MWCC build/GMSJ01/src/GC2D/ConsoleStr.o
### mwcceppc.exe Compiler:
#    File: src\GC2D\ConsoleStr.cpp
# --------------------------------
#     656: }
# Warning: ^
#   return value expected
[124/185] MWCC build/GMSJ01/src/GC2D/SelectMenu.o
[125/185] MWCC build/GMSJ01/src/GC2D/SelectDir.o
### mwcceppc.exe Compiler:
#    File: src\GC2D\SelectDir.cpp
# -------------------------------
#      73: }
# Warning: ^
#   return value expected
### mwcceppc.exe Compiler:
#     267: }
# Warning: ^
#   return value expected
[126/185] MWCC build/GMSJ01/src/GC2D/SunGlass.o
[127/185] MWCC build/GMSJ01/src/GC2D/ProgSelect.o
[128/185] MWCC build/GMSJ01/src/GC2D/MovieSubtitle.o
[129/185] MWCC build/GMSJ01/src/GC2D/Option.o
[130/185] MWCC build/GMSJ01/src/Enemy/conductor.o
### mwcceppc.exe Compiler:
#      In: include\JSystem\JGadget\std-list.hpp
#    From: src\Enemy\conductor.cpp
# --------------------------------
#     201: }
# Warning: ^
#   return value expected
#    (instantiating: 'JGadget::TList<MActorSubAnmInfo, 
#   JGadget::TAllocator<MActorSubAnmInfo>>::Confirm()')
### mwcceppc.exe Compiler:
#     201: }
# Warning: ^
#   return value expected
#    (instantiating: 'JGadget::TList<TLiveManager *, 
#   JGadget::TAllocator<TLiveManager *>>::Confirm()')
### mwcceppc.exe Compiler:
#     201: }
# Warning: ^
#   return value expected
#    (instantiating: 'JGadget::TList<TEnemyManager *, 
#   JGadget::TAllocator<TEnemyManager *>>::Confirm()')
### mwcceppc.exe Compiler:
#     201: }
# Warning: ^
#   return value expected
#    (instantiating: 'JGadget::TList<TLiveActor *, 
#   JGadget::TAllocator<TLiveActor *>>::Confirm()')
### mwcceppc.exe Compiler:
#     201: }
# Warning: ^
#   return value expected
#    (instantiating: 'JGadget::TList<JDrama::TViewObj *, 
#   JGadget::TAllocator<JDrama::TViewObj *>>::Confirm()')
### mwcceppc.exe Compiler:
#     201: }
# Warning: ^
#   return value expected
#    (instantiating: 'JGadget::TList<TAreaCylinderManager *, 
#   JGadget::TAllocator<TAreaCylinderManager *>>::Confirm()')
### mwcceppc.exe Compiler:
#     201: }
# Warning: ^
#   return value expected
#    (instantiating: 'JGadget::TList<TGenerator *, 
#   JGadget::TAllocator<TGenerator *>>::Confirm()')
### mwcceppc.exe Compiler:
#     201: }
# Warning: ^
#   return value expected
#    (instantiating: 'JGadget::TList<SDLModelData *, 
#   JGadget::TAllocator<SDLModelData *>>::Confirm()')
### mwcceppc.exe Compiler:
#    File: src\Enemy\conductor.cpp
# --------------------------------
#     427: }
# Warning: ^
#   return value expected
[131/185] MWCC build/GMSJ01/src/Enemy/emario.o
### mwcceppc.exe Compiler:
#      In: include\JSystem\JGadget\std-list.hpp
#    From: src\Enemy\emario.cpp
# -----------------------------
#     201: }
# Warning: ^
#   return value expected
#    (instantiating: 'JGadget::TList<MActorSubAnmInfo, 
#   JGadget::TAllocator<MActorSubAnmInfo>>::Confirm()')
[132/185] MWCC build/GMSJ01/src/Enemy/enemy.o
### mwcceppc.exe Compiler:
#      In: include\JSystem\JGadget\std-list.hpp
#    From: src\Enemy\enemy.cpp
# ----------------------------
#     201: }
# Warning: ^
#   return value expected
#    (instantiating: 'JGadget::TList<MActorSubAnmInfo, 
#   JGadget::TAllocator<MActorSubAnmInfo>>::Confirm()')
### mwcceppc.exe Compiler:
#    File: src\Enemy\enemy.cpp
# ----------------------------
#     646: }
# Warning: ^
#   variable 'fVar3' is not initialized before being used
### mwcceppc.exe Compiler:
#     646: }
# Warning: ^
#   variable 'fVar3' is not initialized before being used
[133/185] MWCC build/GMSJ01/src/Enemy/enemyAttachment.o
### mwcceppc.exe Compiler:
#      In: include\JSystem\JGadget\std-list.hpp
#    From: src\Enemy\enemyAttachment.cpp
# --------------------------------------
#     201: }
# Warning: ^
#   return value expected
#    (instantiating: 'JGadget::TList<MActorSubAnmInfo, 
#   JGadget::TAllocator<MActorSubAnmInfo>>::Confirm()')
[134/185] MWCC build/GMSJ01/src/Enemy/enemymanager.o
### mwcceppc.exe Compiler:
#      In: include\JSystem\JGadget\std-list.hpp
#    From: src\Enemy\enemymanager.cpp
# -----------------------------------
#     201: }
# Warning: ^
#   return value expected
#    (instantiating: 'JGadget::TList<MActorSubAnmInfo, 
#   JGadget::TAllocator<MActorSubAnmInfo>>::Confirm()')
[135/185] MWCC build/GMSJ01/src/Enemy/enemyMario.o
sjiswrap: File Z:\Users\Ford\sms-symbol-order-20260915\src\Enemy\enemyMario.cpp contains Shift JIS encoding errors
### mwcceppc.exe Compiler:
#      In: include\JSystem\JGadget\std-list.hpp
#    From: src\Enemy\enemyMario.cpp
# ---------------------------------
#     201: }
# Warning: ^
#   return value expected
#    (instantiating: 'JGadget::TList<MActorSubAnmInfo, 
#   JGadget::TAllocator<MActorSubAnmInfo>>::Confirm()')
### mwcceppc.exe Compiler:
#    File: src\Enemy\enemyMario.cpp
# ---------------------------------
#     580: f32 TEnemyMario::getStickPower() { }
# Warning:                                    ^
#   return value expected
### mwcceppc.exe Compiler:
#    1829: }
# Warning: ^
#   return value expected
[136/185] MWCC build/GMSJ01/src/Enemy/gesso.o
### mwcceppc.exe Compiler:
#      In: include\JSystem\JGadget\std-list.hpp
#    From: src\Enemy\gesso.cpp
# ----------------------------
#     201: }
# Warning: ^
#   return value expected
#    (instantiating: 'JGadget::TList<MActorSubAnmInfo, 
#   JGadget::TAllocator<MActorSubAnmInfo>>::Confirm()')
[137/185] MWCC build/GMSJ01/src/Enemy/hamukuri.o
### mwcceppc.exe Compiler:
#      In: include\JSystem\JGadget\std-list.hpp
#    From: src\Enemy\hamukuri.cpp
# -------------------------------
#     201: }
# Warning: ^
#   return value expected
#    (instantiating: 'JGadget::TList<MActorSubAnmInfo, 
#   JGadget::TAllocator<MActorSubAnmInfo>>::Confirm()')
### mwcceppc.exe Compiler:
#    File: src\Enemy\hamukuri.cpp
# -------------------------------
#    2501: DEFINE_NERVE(TNerveDangoHamuKuriAttack, TLiveActor) { }
# Warning:                                                       ^
#   return value expected
### mwcceppc.exe Compiler:
#    2675: }
# Warning: ^
#   return value expected
[138/185] MWCC build/GMSJ01/src/Enemy/hinokuri2.o
### mwcceppc.exe Compiler:
#      In: include\JSystem\JGadget\std-list.hpp
#    From: src\Enemy\hinokuri2.cpp
# --------------------------------
#     201: }
# Warning: ^
#   return value expected
#    (instantiating: 'JGadget::TList<MActorSubAnmInfo, 
#   JGadget::TAllocator<MActorSubAnmInfo>>::Confirm()')
[139/185] MWCC build/GMSJ01/src/Enemy/mameGesso.o
### mwcceppc.exe Compiler:
#      In: include\JSystem\JGadget\std-list.hpp
#    From: src\Enemy\mameGesso.cpp
# --------------------------------
#     201: }
# Warning: ^
#   return value expected
#    (instantiating: 'JGadget::TList<MActorSubAnmInfo, 
#   JGadget::TAllocator<MActorSubAnmInfo>>::Confirm()')
[140/185] MWCC build/GMSJ01/src/Enemy/namekuri.o
### mwcceppc.exe Compiler:
#      In: include\JSystem\JGadget\std-list.hpp
#    From: src\Enemy\namekuri.cpp
# -------------------------------
#     201: }
# Warning: ^
#   return value expected
#    (instantiating: 'JGadget::TList<MActorSubAnmInfo, 
#   JGadget::TAllocator<MActorSubAnmInfo>>::Confirm()')
### mwcceppc.exe Compiler:
#    File: src\Enemy\namekuri.cpp
# -------------------------------
#     664: bool TNameKuri::canJumpAttack() const { }
# Warning:                                         ^
#   return value expected
### mwcceppc.exe Compiler:
#     858: }
# Warning: ^
#   return value expected
[141/185] MWCC build/GMSJ01/src/Enemy/smallEnemy.o
### mwcceppc.exe Compiler:
#      In: include\JSystem\JGadget\std-list.hpp
#    From: src\Enemy\smallEnemy.cpp
# ---------------------------------
#     201: }
# Warning: ^
#   return value expected
#    (instantiating: 'JGadget::TList<MActorSubAnmInfo, 
#   JGadget::TAllocator<MActorSubAnmInfo>>::Confirm()')
[142/185] MWCC build/GMSJ01/src/Enemy/walkerEnemy.o
[143/185] MWCC build/GMSJ01/src/Enemy/bossgesso.o
### mwcceppc.exe Compiler:
#      In: include\JSystem\JGadget\std-list.hpp
#    From: src\Enemy\bossgesso.cpp
# --------------------------------
#     201: }
# Warning: ^
#   return value expected
#    (instantiating: 'JGadget::TList<MActorSubAnmInfo, 
#   JGadget::TAllocator<MActorSubAnmInfo>>::Confirm()')
### mwcceppc.exe Compiler:
#    File: src\Enemy\bossgesso.cpp
# --------------------------------
#     161: }
# Warning: ^
#   return value expected
### mwcceppc.exe Compiler:
#    2013: }
# Warning: ^
#   return value expected
[144/185] MWCC build/GMSJ01/src/Enemy/telesa.o
### mwcceppc.exe Compiler:
#      In: include\JSystem\JGadget\std-list.hpp
#    From: src\Enemy\telesa.cpp
# -----------------------------
#     201: }
# Warning: ^
#   return value expected
#    (instantiating: 'JGadget::TList<MActorSubAnmInfo, 
#   JGadget::TAllocator<MActorSubAnmInfo>>::Confirm()')
### mwcceppc.exe Compiler:
#    File: src\Enemy\telesa.cpp
# -----------------------------
#     655: bool TTelesa::isResetTransY() { }
# Warning:                                 ^
#   return value expected
### mwcceppc.exe Compiler:
#    1281: }
# Warning: ^
#   return value expected
[145/185] MWCC build/GMSJ01/src/Enemy/fireWanwan.o
### mwcceppc.exe Compiler:
#      In: include\JSystem\JGadget\std-list.hpp
#    From: src\Enemy\fireWanwan.cpp
# ---------------------------------
#     201: }
# Warning: ^
#   return value expected
#    (instantiating: 'JGadget::TList<MActorSubAnmInfo, 
#   JGadget::TAllocator<MActorSubAnmInfo>>::Confirm()')
### mwcceppc.exe Compiler:
#    File: src\Enemy\fireWanwan.cpp
# ---------------------------------
#     634: JGeometry::TVec3<f32> TFireWanwanTailHit::getBodyNthPos(int i) const { }
# Warning:                                                                        ^
#   return value expected
### mwcceppc.exe Compiler:
#     636: f32 TFireWanwanTailHit::getBodyTailPow() const { }
# Warning:                                                  ^
#   return value expected
### mwcceppc.exe Compiler:
#     638: f32 TFireWanwanTailHit::getBodyHeadPow() const { }
# Warning:                                                  ^
#   return value expected
### mwcceppc.exe Compiler:
#     709: f32 TFireWanwanTailHit::getTailLength() const { }
# Warning:                                                 ^
#   return value expected
### mwcceppc.exe Compiler:
#    2134: }
# Warning: ^
#   return value expected
### mwcceppc.exe Compiler:
#    2134: }
# Warning: ^
#   return value expected
### mwcceppc.exe Compiler:
#    2134: }
# Warning: ^
#   return value expected
### mwcceppc.exe Compiler:
#    2134: }
# Warning: ^
#   return value expected
[146/185] MWCC build/GMSJ01/src/Enemy/enemytable.o
[147/185] MWCC build/GMSJ01/src/Enemy/launcher.o
### mwcceppc.exe Compiler:
#      In: include\JSystem\JGadget\std-list.hpp
#    From: src\Enemy\launcher.cpp
# -------------------------------
#     201: }
# Warning: ^
#   return value expected
#    (instantiating: 'JGadget::TList<MActorSubAnmInfo, 
#   JGadget::TAllocator<MActorSubAnmInfo>>::Confirm()')
[148/185] MWCC build/GMSJ01/src/Enemy/poihana.o
### mwcceppc.exe Compiler:
#      In: include\JSystem\JGadget\std-list.hpp
#    From: src\Enemy\poihana.cpp
# ------------------------------
#     201: }
# Warning: ^
#   return value expected
#    (instantiating: 'JGadget::TList<MActorSubAnmInfo, 
#   JGadget::TAllocator<MActorSubAnmInfo>>::Confirm()')
[149/185] MWCC build/GMSJ01/src/Enemy/tamaNoko.o
### mwcceppc.exe Compiler:
#      In: include\JSystem\JGadget\std-list.hpp
#    From: src\Enemy\tamaNoko.cpp
# -------------------------------
#     201: }
# Warning: ^
#   return value expected
#    (instantiating: 'JGadget::TList<MActorSubAnmInfo, 
#   JGadget::TAllocator<MActorSubAnmInfo>>::Confirm()')
[150/185] MWCC build/GMSJ01/src/Enemy/bosseel.o
### mwcceppc.exe Compiler:
#      In: include\JSystem\JGadget\std-list.hpp
#    From: src\Enemy\bosseel.cpp
# ------------------------------
#     201: }
# Warning: ^
#   return value expected
#    (instantiating: 'JGadget::TList<MActorSubAnmInfo, 
#   JGadget::TAllocator<MActorSubAnmInfo>>::Confirm()')
### mwcceppc.exe Compiler:
#    File: src\Enemy\bosseel.cpp
# ------------------------------
#    1614: BOOL TBossEel::isEyeBlurOn() { }
# Warning:                                ^
#   return value expected
### mwcceppc.exe Compiler:
#    2402: }
# Warning: ^
#   return value expected
[151/185] MWCC build/GMSJ01/src/Enemy/gatekeeper.o
### mwcceppc.exe Compiler:
#      In: include\JSystem\JGadget\std-list.hpp
#    From: src\Enemy\gatekeeper.cpp
# ---------------------------------
#     201: }
# Warning: ^
#   return value expected
#    (instantiating: 'JGadget::TList<MActorSubAnmInfo, 
#   JGadget::TAllocator<MActorSubAnmInfo>>::Confirm()')
[152/185] MWCC build/GMSJ01/src/Enemy/egggen.o
### mwcceppc.exe Compiler:
#      In: include\JSystem\JGadget\std-list.hpp
#    From: src\Enemy\egggen.cpp
# -----------------------------
#     201: }
# Warning: ^
#   return value expected
#    (instantiating: 'JGadget::TList<MActorSubAnmInfo, 
#   JGadget::TAllocator<MActorSubAnmInfo>>::Confirm()')
[153/185] MWCC build/GMSJ01/src/Enemy/bgpoldrop.o
### mwcceppc.exe Compiler:
#      In: include\JSystem\JGadget\std-list.hpp
#    From: src\Enemy\bgpoldrop.cpp
# --------------------------------
#     201: }
# Warning: ^
#   return value expected
#    (instantiating: 'JGadget::TList<MActorSubAnmInfo, 
#   JGadget::TAllocator<MActorSubAnmInfo>>::Confirm()')
[154/185] MWCC build/GMSJ01/src/Enemy/bgtentacle.o
### mwcceppc.exe Compiler:
#      In: include\JSystem\JGadget\std-list.hpp
#    From: src\Enemy\bgtentacle.cpp
# ---------------------------------
#     201: }
# Warning: ^
#   return value expected
#    (instantiating: 'JGadget::TList<MActorSubAnmInfo, 
#   JGadget::TAllocator<MActorSubAnmInfo>>::Confirm()')
### mwcceppc.exe Compiler:
#    File: src\Enemy\bgtentacle.cpp
# ---------------------------------
#     639: BOOL TBGTentacle::isAttacking() const { }
# Warning:                                         ^
#   return value expected
### mwcceppc.exe Compiler:
#     641: bool TBGTentacle::canTake() const { }
# Warning:                                     ^
#   return value expected
### mwcceppc.exe Compiler:
#    1436: }
# Warning: ^
#   return value expected
### mwcceppc.exe Compiler:
#    1436: }
# Warning: ^
#   return value expected
[155/185] MWCC build/GMSJ01/src/Enemy/bossManta.o
### mwcceppc.exe Compiler:
#      In: include\JSystem\JGadget\std-list.hpp
#    From: src\Enemy\bossManta.cpp
# --------------------------------
#     201: }
# Warning: ^
#   return value expected
#    (instantiating: 'JGadget::TList<MActorSubAnmInfo, 
#   JGadget::TAllocator<MActorSubAnmInfo>>::Confirm()')
[156/185] MWCC build/GMSJ01/src/Enemy/Kumokun.o
### mwcceppc.exe Compiler:
#      In: include\JSystem\JGadget\std-list.hpp
#    From: src\Enemy\Kumokun.cpp
# ------------------------------
#     201: }
# Warning: ^
#   return value expected
#    (instantiating: 'JGadget::TList<MActorSubAnmInfo, 
#   JGadget::TAllocator<MActorSubAnmInfo>>::Confirm()')
### mwcceppc.exe Compiler:
#    File: src\Enemy\Kumokun.cpp
# ------------------------------
#     897: bool TKumokun::isCrashing() const { }
# Warning:                                     ^
#   return value expected
### mwcceppc.exe Compiler:
#    1214: }
# Warning: ^
#   return value expected
[157/185] MWCC build/GMSJ01/src/Enemy/Amenbo.o
### mwcceppc.exe Compiler:
#      In: include\JSystem\JGadget\std-list.hpp
#    From: src\Enemy\Amenbo.cpp
# -----------------------------
#     201: }
# Warning: ^
#   return value expected
#    (instantiating: 'JGadget::TList<MActorSubAnmInfo, 
#   JGadget::TAllocator<MActorSubAnmInfo>>::Confirm()')
[158/185] MWCC build/GMSJ01/src/Enemy/coasterkiller.o
### mwcceppc.exe Compiler:
#      In: include\JSystem\JGadget\std-list.hpp
#    From: src\Enemy\coasterkiller.cpp
# ------------------------------------
#     201: }
# Warning: ^
#   return value expected
#    (instantiating: 'JGadget::TList<MActorSubAnmInfo, 
#   JGadget::TAllocator<MActorSubAnmInfo>>::Confirm()')
[159/185] MWCC build/GMSJ01/src/Enemy/DebuTelesa.o
### mwcceppc.exe Compiler:
#      In: include\JSystem\JGadget\std-list.hpp
#    From: src\Enemy\DebuTelesa.cpp
# ---------------------------------
#     201: }
# Warning: ^
#   return value expected
#    (instantiating: 'JGadget::TList<MActorSubAnmInfo, 
#   JGadget::TAllocator<MActorSubAnmInfo>>::Confirm()')
[160/185] MWCC build/GMSJ01/src/Camera/CameraChange.o
### mwcceppc.exe Compiler:
#      In: include\JSystem\JGadget\std-list.hpp
#    From: src\Camera\CameraChange.cpp
# ------------------------------------
#     201: }
# Warning: ^
#   return value expected
#    (instantiating: 'JGadget::TList<MActorSubAnmInfo, 
#   JGadget::TAllocator<MActorSubAnmInfo>>::Confirm()')
[161/185] MWCC build/GMSJ01/src/Camera/CameraCodeControl.o
[162/185] MWCC build/GMSJ01/src/Camera/cameragc.o
### mwcceppc.exe Compiler:
#      In: include\JSystem\JGadget\std-list.hpp
#    From: src\Camera\cameragc.cpp
# --------------------------------
#     201: }
# Warning: ^
#   return value expected
#    (instantiating: 'JGadget::TList<MActorSubAnmInfo, 
#   JGadget::TAllocator<MActorSubAnmInfo>>::Confirm()')
[163/185] MWCC build/GMSJ01/src/Camera/CameraMarioData.o
### mwcceppc.exe Compiler:
#      In: include\JSystem\JGadget\std-list.hpp
#    From: src\Camera\CameraMarioData.cpp
# ---------------------------------------
#     201: }
# Warning: ^
#   return value expected
#    (instantiating: 'JGadget::TList<MActorSubAnmInfo, 
#   JGadget::TAllocator<MActorSubAnmInfo>>::Confirm()')
### mwcceppc.exe Compiler:
#    File: src\Camera\CameraMarioData.cpp
# ---------------------------------------
#     108: bool TCameraMarioData::isMarioBathtub() const { }
# Warning:                                                 ^
#   return value expected
### mwcceppc.exe Compiler:
#     110: bool TCameraMarioData::isMarioDoorDemoStart() const { }
# Warning:                                                       ^
#   return value expected
### mwcceppc.exe Compiler:
#     112: bool TCameraMarioData::isMarioDoorDemoEnd() const { }
# Warning:                                                     ^
#   return value expected
### mwcceppc.exe Compiler:
#     126: }
# Warning: ^
#   return value expected
### mwcceppc.exe Compiler:
#     126: }
# Warning: ^
#   return value expected
### mwcceppc.exe Compiler:
#     126: }
# Warning: ^
#   return value expected
[164/185] MWCC build/GMSJ01/src/Camera/CameraNotice.o
### mwcceppc.exe Compiler:
#      In: include\JSystem\JGadget\std-list.hpp
#    From: src\Camera\CameraNotice.cpp
# ------------------------------------
#     201: }
# Warning: ^
#   return value expected
#    (instantiating: 'JGadget::TList<MActorSubAnmInfo, 
#   JGadget::TAllocator<MActorSubAnmInfo>>::Confirm()')
[165/185] MWCC build/GMSJ01/src/Camera/CameraNormal.o
### mwcceppc.exe Compiler:
#      In: include\JSystem\JGadget\std-list.hpp
#    From: src\Camera\CameraNormal.cpp
# ------------------------------------
#     201: }
# Warning: ^
#   return value expected
#    (instantiating: 'JGadget::TList<MActorSubAnmInfo, 
#   JGadget::TAllocator<MActorSubAnmInfo>>::Confirm()')
[166/185] MWCC build/GMSJ01/src/Camera/CameraTalk.o
[167/185] MWCC build/GMSJ01/src/Camera/sunmgr.o
[168/185] MWCC build/GMSJ01/src/Camera/CubeManagerBase.o
[169/185] MWCC build/GMSJ01/src/Camera/CameraMapTool.o
[170/185] MWCC build/GMSJ01/src/Camera/CubeMapTool.o
[171/185] MWCC build/GMSJ01/src/Camera/CameraJetCoaster.o
### mwcceppc.exe Compiler:
#      In: include\JSystem\JGadget\std-list.hpp
#    From: src\Camera\CameraJetCoaster.cpp
# ----------------------------------------
#     201: }
# Warning: ^
#   return value expected
#    (instantiating: 'JGadget::TList<MActorSubAnmInfo, 
#   JGadget::TAllocator<MActorSubAnmInfo>>::Confirm()')
[172/185] MWCC build/GMSJ01/src/Camera/CameraBck.o
### mwcceppc.exe Compiler:
#      In: include\JSystem\JGadget\std-list.hpp
#    From: src\Camera\CameraBck.cpp
# ---------------------------------
#     201: }
# Warning: ^
#   return value expected
#    (instantiating: 'JGadget::TList<MActorSubAnmInfo, 
#   JGadget::TAllocator<MActorSubAnmInfo>>::Confirm()')
[173/185] MWCC build/GMSJ01/src/Camera/CameraOption.o
[174/185] MWCC build/GMSJ01/src/Camera/CameraDemo.o
### mwcceppc.exe Compiler:
#      In: include\JSystem\JGadget\std-list.hpp
#    From: src\Camera\CameraDemo.cpp
# ----------------------------------
#     201: }
# Warning: ^
#   return value expected
#    (instantiating: 'JGadget::TList<MActorSubAnmInfo, 
#   JGadget::TAllocator<MActorSubAnmInfo>>::Confirm()')
[175/185] MWCC build/GMSJ01/src/Camera/CameraSecureView.o
### mwcceppc.exe Compiler:
#      In: include\JSystem\JGadget\std-list.hpp
#    From: src\Camera\CameraSecureView.cpp
# ----------------------------------------
#     201: }
# Warning: ^
#   return value expected
#    (instantiating: 'JGadget::TList<MActorSubAnmInfo, 
#   JGadget::TAllocator<MActorSubAnmInfo>>::Confirm()')
[176/185] MWCC build/GMSJ01/src/Animal/fishoid.o
### mwcceppc.exe Compiler:
#      In: include\JSystem\JGadget\std-list.hpp
#    From: src\Animal\fishoid.cpp
# -------------------------------
#     201: }
# Warning: ^
#   return value expected
#    (instantiating: 'JGadget::TList<MActorSubAnmInfo, 
#   JGadget::TAllocator<MActorSubAnmInfo>>::Confirm()')
[177/185] MWCC build/GMSJ01/src/Animal/AnimalBase.o
### mwcceppc.exe Compiler:
#      In: include\JSystem\JGadget\std-list.hpp
#    From: src\Animal\AnimalBase.cpp
# ----------------------------------
#     201: }
# Warning: ^
#   return value expected
#    (instantiating: 'JGadget::TList<MActorSubAnmInfo, 
#   JGadget::TAllocator<MActorSubAnmInfo>>::Confirm()')
[178/185] MWCC build/GMSJ01/src/Animal/AnimalManager.o
[179/185] MWCC build/GMSJ01/src/Animal/AnimalNerve.o
### mwcceppc.exe Compiler:
#      In: include\JSystem\JGadget\std-list.hpp
#    From: src\Animal\AnimalNerve.cpp
# -----------------------------------
#     201: }
# Warning: ^
#   return value expected
#    (instantiating: 'JGadget::TList<MActorSubAnmInfo, 
#   JGadget::TAllocator<MActorSubAnmInfo>>::Confirm()')
[180/185] MWCC build/GMSJ01/src/Animal/Butterfly.o
### mwcceppc.exe Compiler:
#      In: include\JSystem\JGadget\std-list.hpp
#    From: src\Animal\Butterfly.cpp
# ---------------------------------
#     201: }
# Warning: ^
#   return value expected
#    (instantiating: 'JGadget::TList<MActorSubAnmInfo, 
#   JGadget::TAllocator<MActorSubAnmInfo>>::Confirm()')
[181/185] MWCC build/GMSJ01/src/MarioUtil/LightUtil.o
[mvk-info] MoltenVK version 1.4.1, supporting Vulkan version 1.4.334.
	The following 153 Vulkan extensions are supported:
	VK_KHR_16bit_storage v1
	VK_KHR_8bit_storage v1
	VK_KHR_bind_memory2 v1
	VK_KHR_buffer_device_address v1
	VK_KHR_calibrated_timestamps v1
	VK_KHR_copy_commands2 v1
	VK_KHR_create_renderpass2 v1
	VK_KHR_dedicated_allocation v3
	VK_KHR_deferred_host_operations v4
	VK_KHR_depth_stencil_resolve v1
	VK_KHR_descriptor_update_template v1
	VK_KHR_device_group v4
	VK_KHR_device_group_creation v1
	VK_KHR_driver_properties v1
	VK_KHR_dynamic_rendering v1
	VK_KHR_dynamic_rendering_local_read v1
	VK_KHR_external_fence v1
	VK_KHR_external_fence_capabilities v1
	VK_KHR_external_memory v1
	VK_KHR_external_memory_capabilities v1
	VK_KHR_external_semaphore v1
	VK_KHR_external_semaphore_capabilities v1
	VK_KHR_format_feature_flags2 v2
	VK_KHR_fragment_shader_barycentric v1
	VK_KHR_get_memory_requirements2 v1
	VK_KHR_get_physical_device_properties2 v2
	VK_KHR_get_surface_capabilities2 v1
	VK_KHR_global_priority v1
	VK_KHR_image_format_list v1
	VK_KHR_imageless_framebuffer v1
	VK_KHR_incremental_present v2
	VK_KHR_index_type_uint8 v1
	VK_KHR_line_rasterization v1
	VK_KHR_load_store_op_none v1
	VK_KHR_maintenance1 v2
	VK_KHR_maintenance2 v1
	VK_KHR_maintenance3 v1
	VK_KHR_maintenance4 v2
	VK_KHR_maintenance5 v1
	VK_KHR_maintenance6 v1
	VK_KHR_maintenance7 v1
	VK_KHR_maintenance8 v1
	VK_KHR_maintenance9 v1
	VK_KHR_map_memory2 v1
	VK_KHR_multiview v1
	VK_KHR_portability_subset v1
	VK_KHR_present_id v1
	VK_KHR_present_id2 v1
	VK_KHR_present_wait v1
	VK_KHR_present_wait2 v1
	VK_KHR_push_descriptor v2
	VK_KHR_relaxed_block_layout v1
	VK_KHR_robustness2 v1
	VK_KHR_sampler_mirror_clamp_to_edge v3
	VK_KHR_sampler_ycbcr_conversion v14
	VK_KHR_separate_depth_stencil_layouts v1
	VK_KHR_shader_draw_parameters v1
	VK_KHR_shader_expect_assume v1
	VK_KHR_shader_float_controls v4
	VK_KHR_shader_float_controls2 v1
	VK_KHR_shader_float16_int8 v1
	VK_KHR_shader_fma v1
	VK_KHR_shader_integer_dot_product v1
	VK_KHR_shader_maximal_reconvergence v1
	VK_KHR_shader_non_semantic_info v1
	VK_KHR_shader_quad_control v1
	VK_KHR_shader_relaxed_extended_instruction v1
	VK_KHR_shader_subgroup_extended_types v1
	VK_KHR_shader_subgroup_rotate v2
	VK_KHR_shader_subgroup_uniform_control_flow v1
	VK_KHR_shader_terminate_invocation v1
	VK_KHR_spirv_1_4 v1
	VK_KHR_storage_buffer_storage_class v1
	VK_KHR_surface v25
	VK_KHR_surface_maintenance1 v1
	VK_KHR_surface_protected_capabilities v1
	VK_KHR_swapchain v70
	VK_KHR_swapchain_maintenance1 v1
	VK_KHR_swapchain_mutable_format v1
	VK_KHR_synchronization2 v1
	VK_KHR_timeline_semaphore v2
	VK_KHR_uniform_buffer_standard_layout v1
	VK_KHR_variable_pointers v1
	VK_KHR_vertex_attribute_divisor v1
	VK_KHR_vulkan_memory_model v3
	VK_KHR_zero_initialize_workgroup_memory v1
	VK_EXT_4444_formats v1
	VK_EXT_buffer_device_address v2
	VK_EXT_calibrated_timestamps v2
	VK_EXT_debug_marker v4
	VK_EXT_debug_report v10
	VK_EXT_debug_utils v2
	VK_EXT_depth_clip_control v1
	VK_EXT_descriptor_indexing v2
	VK_EXT_extended_dynamic_state v1
	VK_EXT_extended_dynamic_state2 v1
	VK_EXT_extended_dynamic_state3 v2
	VK_EXT_external_memory_host v1
	VK_EXT_external_memory_metal v1
	VK_EXT_fragment_shader_interlock v1
	VK_EXT_global_priority v2
	VK_EXT_global_priority_query v1
	VK_EXT_hdr_metadata v3
	VK_EXT_headless_surface v1
	VK_EXT_host_image_copy v1
	VK_EXT_host_query_reset v1
	VK_EXT_image_2d_view_of_3d v1
	VK_EXT_image_robustness v1
	VK_EXT_index_type_uint8 v1
	VK_EXT_inline_uniform_block v1
	VK_EXT_layer_settings v2
	VK_EXT_legacy_dithering v2
	VK_EXT_line_rasterization v1
	VK_EXT_load_store_op_none v1
	VK_EXT_memory_budget v1
	VK_EXT_metal_objects v2
	VK_EXT_metal_surface v1
	VK_EXT_non_seamless_cube_map v1
	VK_EXT_pipeline_creation_cache_control v3
	VK_EXT_pipeline_creation_feedback v1
	VK_EXT_pipeline_robustness v1
	VK_EXT_post_depth_coverage v1
	VK_EXT_primitive_topology_list_restart v1
	VK_EXT_private_data v1
	VK_EXT_provoking_vertex v1
	VK_EXT_robustness2 v1
	VK_EXT_sample_locations v1
	VK_EXT_scalar_block_layout v1
	VK_EXT_separate_stencil_usage v1
	VK_EXT_shader_atomic_float v1
	VK_EXT_shader_demote_to_helper_invocation v1
	VK_EXT_shader_stencil_export v1
	VK_EXT_shader_subgroup_ballot v1
	VK_EXT_shader_subgroup_vote v1
	VK_EXT_shader_viewport_index_layer v1
	VK_EXT_subgroup_size_control v2
	VK_EXT_surface_maintenance1 v1
	VK_EXT_swapchain_colorspace v5
	VK_EXT_swapchain_maintenance1 v1
	VK_EXT_texel_buffer_alignment v1
	VK_EXT_texture_compression_astc_hdr v1
	VK_EXT_tooling_info v1
	VK_EXT_vertex_attribute_divisor v3
	VK_AMD_gpu_shader_half_float v2
	VK_AMD_negative_viewport_height v1
	VK_AMD_shader_image_load_store_lod v1
	VK_AMD_shader_trinary_minmax v1
	VK_GOOGLE_display_timing v1
	VK_IMG_format_pvrtc v1
	VK_INTEL_shader_integer_functions2 v1
	VK_MVK_macos_surface v3
	VK_MVK_moltenvk v37
	VK_NV_fragment_shader_barycentric v1
[mvk-info] GPU device:
	model: Apple M2 Max
	type: Integrated
	vendorID: 0x106b
	deviceID: 0x1a050208
	pipelineCacheUUID: DB445FF2-1A05-0208-0000-000100000000
	GPU memory available: 79626 MB
	GPU memory used: 0 MB
	Metal Shading Language 3.2
	supports the following GPU Features:
		GPU Family Metal 3
		GPU Family Apple 8
		GPU Family Mac 2
		Read-Write Texture Tier 2
[mvk-info] Created VkInstance for Vulkan version 1.0.334, as requested by app, with the following 3 Vulkan extensions enabled:
	VK_KHR_external_memory_capabilities v1
	VK_KHR_external_semaphore_capabilities v1
	VK_KHR_get_physical_device_properties2 v2
[182/185] MWCC build/GMSJ01/src/MarioUtil/DrawUtil.o
### mwcceppc.exe Compiler:
#      In: include\JSystem\JGadget\std-list.hpp
#    From: src\MarioUtil\DrawUtil.cpp
# -----------------------------------
#     201: }
# Warning: ^
#   return value expected
#    (instantiating: 'JGadget::TList<MActorSubAnmInfo, 
#   JGadget::TAllocator<MActorSubAnmInfo>>::Confirm()')
[183/185] REPORT
 INFO Loading project .
 INFO Generating report for 736 units (using 12 threads)
 INFO Report generated in 0.663s
 INFO Writing to build/GMSJ01/report.json
[184/185] CHANGES
 INFO Writing to build/GMSJ01/report_changes.json
[185/185] CHANGESFMT
                                        Total | fuzzy_match  |  75.15% ->  75.25%
                                        Total | matched_code |  39.16% ->  39.25%
                                        Total | matched_data |  56.07% ->  57.56%
                   mario/System/MarNameRefGen | fuzzy_match  |  92.39% ->  95.58%
                   mario/System/MarNameRefGen | matched_code |  51.56% ->  54.75%
                   mario/System/MarNameRefGen | matched_data |  11.07% ->  16.18%
                    __sinit_MarNameRefGen_cpp | fuzzy_match  |   0.00% -> 100.00%
         mario/System/MarNameRefGen_BossEnemy | fuzzy_match  |  11.58% ->  31.84%
         mario/System/MarNameRefGen_BossEnemy | matched_code |   0.00% ->  20.25%
         mario/System/MarNameRefGen_BossEnemy | matched_data |   0.00% ->   9.61%
          __sinit_MarNameRefGen_BossEnemy_cpp | fuzzy_match  |   0.00% -> 100.00%
             mario/System/MarNameRefGen_Enemy | fuzzy_match  |  39.83% ->  40.79%
             mario/System/MarNameRefGen_Enemy | matched_code |   3.25% ->   4.20%
                 __dt__18TAnimalManagerBaseFv | fuzzy_match  |   0.00% -> 100.00%
      getNameRef_Enemy__14TMarNameRefGenCFPCc | fuzzy_match  |  45.63% ->  45.64%
                       mario/Player/MarioDraw | fuzzy_match  |  94.11% ->  94.28%
                       mario/Player/MarioDraw | matched_code |  18.09% ->  18.25%
           __ct__24M3UMtxCalcSIAnmBlendQuatFv | fuzzy_match  |   0.00% -> 100.00%
                    mario/MoveBG/MapObjSirena | fuzzy_match  |  98.78% ->  98.82%
                    mario/MoveBG/MapObjSirena | matched_code |  42.07% ->  42.11%
                    mario/MoveBG/MapObjSirena | matched_data |  16.46% -> 100.00%
getObjAppearPos__23TWaterHitPictureHideObjCFv | fuzzy_match  |   0.00% -> 100.00%
                      mario/MoveBG/MapObjHide | fuzzy_match  |  99.72% ->  99.83%
                      mario/MoveBG/MapObjHide | matched_code |  54.91% ->  55.02%
                      mario/MoveBG/MapObjHide | matched_data |   6.37% ->  91.07%
    getObjAppearPos__19THideObjPictureTwinCFv | fuzzy_match  |   0.00% -> 100.00%
                        mario/Enemy/effectObj | fuzzy_match  |  90.28% ->  97.00%
                        mario/Enemy/effectObj | matched_code |  68.68% ->  75.40%
                        mario/Enemy/effectObj | matched_data |  95.12% -> 100.00%
                        __sinit_effectObj_cpp | fuzzy_match  |   0.00% -> 100.00%
                    mario/Enemy/coasterkiller | fuzzy_match  |  86.02% ->  95.69%
                    mario/Enemy/coasterkiller | matched_code |  54.68% ->  64.35%
                    mario/Enemy/coasterkiller | matched_data |  88.37% ->  99.58%
                    __sinit_coasterkiller_cpp | fuzzy_match  |   0.00% -> 100.00%
                 mario/Camera/CubeManagerBase | fuzzy_match  |  88.17% ->  96.99%
               __ct__16TCubeManagerBaseFPCcUc | fuzzy_match  |  57.76% ->  99.89%
