Unit        : mario/System/MarNameRefGen_Enemy
Source      : src/System/MarNameRefGen_Enemy.cpp
Object      : build/GMSJ01/src/System/MarNameRefGen_Enemy.o
Map TU      : System.a MarNameRefGen_Enemy.cpp
Map symbols : 21 (0 UNUSED)   Object .text symbols: 5
reverse_fn_order: True
------------------------------------------------------------------------------

[FAIL] 16 map symbol(s) MISSING from the object:
  - __dt__13TSimpleEffectFv
  - __ct__Q29JGeometry64TRotation3<Q29JGeometry38TMatrix34<Q29JGeometry13SMatrix34C<f>>>Fv
  - __dt__16TLauncherManagerFv
  - __dt__9TTobiPukuFv
  - __dt__16TTobiPukuManagerFv
  - __dt__18TTobiPukuLaunchPadFv
  - __dt__25TTobiPukuLaunchPadManagerFv
  - __dt__8TPoiHanaFv
  - __dt__6TGessoFv
  - __ct__12TSamboFlowerFPCc
  - __dt__7TPakkunFv
  - __dt__16TNameKuriManagerFv
  - __dt__24TNameKuriLauncherManagerFv
  - restoreDrawBuffer__13TEnemyManagerFUl
  - changeDrawBuffer__13TEnemyManagerFUl
  - __dt__24THamuKuriLauncherManagerFv
[ OK ] Symbol order matches the map.
[ OK ] Symbol linkage (weak/local/global) matches the map.
------------------------------------------------------------------------------
RESULT: FAIL (1 error category/categories)
