Unit        : mario/Map/Map
Source      : src/Map/Map.cpp
Object      : build/GMSJ01/src/Map/Map.o
Map TU      : Map.a Map.cpp
Map symbols : 39 (10 UNUSED)   Object .text symbols: 55
reverse_fn_order: True
------------------------------------------------------------------------------

[FAIL] 3 map symbol(s) MISSING from the object:
  - checkGroundExactY__4TMapCFRCQ29JGeometry8TVec3<f>PPC12TBGCheckData (UNUSED)
  - isTouchedOneWall__4TMapCFRCQ29JGeometry8TVec3<f>f (UNUSED)
  - initDolpic__Fv (UNUSED)
[ OK ] Symbol order matches the map.

[WARN] 3 UNUSED symbol(s) with wrong size (best-effort -- does not fail the check):
  - initBianco__Fv
      map:    0x64 (100)
      object: 0x70 (112)
  - initPinnaBeach__Fv
      map:    0x58 (88)
      object: 0x48 (72)
  - initSirena__Fv
      map:    0x48 (72)
      object: 0x58 (88)
[ OK ] Symbol linkage (weak/local/global) matches the map.

[INFO] 19 object-only symbol(s) not in the map (usually deduplicated weak/inline helpers; not an error; -v to list).
------------------------------------------------------------------------------
RESULT: FAIL (1 error category/categories, 3 UNUSED size mismatch(es) warning(s))
