Unit        : mario/Camera/CubeManagerBase
Source      : src/Camera/CubeManagerBase.cpp
Object      : build/GMSJ01/src/Camera/CubeManagerBase.o
Map TU      : Camera.a CubeManagerBase.cpp
Map symbols : 14 (2 UNUSED)   Object .text symbols: 27
reverse_fn_order: True
------------------------------------------------------------------------------

[FAIL] 1 map symbol(s) MISSING from the object:
  - isInCube__16TCubeManagerBaseCFRC3VecPCc (UNUSED)

[FAIL] Non-weak symbol ORDER differs from the map (weak & object-only symbols ignored):
    SMS_IsInSameCameraCube__FRC3Vec
    SMS_IsInOtherFastCube__FRC3Vec
    isInOtherCube__16TCubeManagerFastCFRC3Vec
    isInAreaCube__16TCubeManagerAreaCFRC3Vec
    calcPointInCubeRatio__16TCubeManagerBaseCFRC3VeclPfPfPf
    isInCube__16TCubeManagerBaseCFRC3Vecl
    getInCubeNo__16TCubeManagerBaseCFRC3Vec
    getDataNo__16TCubeManagerBaseCFl
    perform__16TCubeManagerBaseFUlPQ26JDrama9TGraphics
    load__16TCubeManagerBaseFR20JSUMemoryInputStream
  + set<f>__Q29JGeometry8TVec3<f>Ffff   (object position)
    __ct__16TCubeManagerBaseFPCcUc
  - set<f>__Q29JGeometry8TVec3<f>Ffff   (map position)
    __ct__16TCubeManagerBaseFPCcPCc
[ OK ] UNUSED symbol sizes match (1/2 checked).
[ OK ] Symbol linkage (weak/local/global) matches the map.

[INFO] 14 object-only symbol(s) not in the map (usually deduplicated weak/inline helpers; not an error; -v to list).
------------------------------------------------------------------------------
RESULT: FAIL (2 error category/categories)
