[1/1] MWCC build/GMSJ01/src/Enemy/namekuri.o
### mwcceppc.exe Compiler:
#      In: include\JSystem\JGadget\std-list.hpp
#    From: src\Enemy\namekuri.cpp
# -------------------------------
#     201: }
# Warning: ^
#   return value expected
#    (instantiating: 'JGadget::TList<MActorSubAnmInfo, 
#   JGadget::TAllocator<MActorSubAnmInfo>>::Confirm()')
### mwcceppc.exe Compiler:
#    File: src\Enemy\namekuri.cpp
# -------------------------------
#     664: bool TNameKuri::canJumpAttack() const { }
# Warning:                                         ^
#   return value expected
### mwcceppc.exe Compiler:
#     858: }
# Warning: ^
#   return value expected
