Unit        : mario/Enemy/rocket
Source      : src/Enemy/rocket.cpp
Object      : build/GMSJ01/src/Enemy/rocket.o
Map TU      : Enemy.a rocket.cpp
Map symbols : 41 (8 UNUSED)   Object .text symbols: 0
reverse_fn_order: True
------------------------------------------------------------------------------

[FAIL] 41 map symbol(s) MISSING from the object:
  - __dt__16TNerveRocketWaitFv
  - execute__16TNerveRocketWaitCFP24TSpineBase<10TLiveActor>
  - theNerve__16TNerveRocketWaitFv (UNUSED)
  - execute__15TNerveRocketFlyCFP24TSpineBase<10TLiveActor>
  - MsWrap<f>__Ffff
  - theNerve__15TNerveRocketFlyFv (UNUSED)
  - __dt__15TNerveRocketFlyFv
  - execute__27TNerveRocketPossessedNozzleCFP24TSpineBase<10TLiveActor>
  - theNerve__27TNerveRocketPossessedNozzleFv (UNUSED)
  - __dt__27TNerveRocketPossessedNozzleFv
  - getBasNameTable__7TRocketCFv
  - isAttack__7TRocketFv
  - flyBehavior__7TRocketFv (UNUSED)
  - checkTrigger__7TRocketFv (UNUSED)
  - releaseNozzle__7TRocketFv (UNUSED)
  - possessedNozzle__7TRocketFv (UNUSED)
  - isCollidMove__7TRocketFP9THitActor
  - getGravityY__7TRocketCFv
  - setDeadAnm__7TRocketFv
  - bind__7TRocketFv
  - behaveToWater__7TRocketFP9THitActor
  - attackToMario__7TRocketFv
  - reset__7TRocketFv
  - setMActorAndKeeper__7TRocketFv
  - calcRootMatrix__7TRocketFv
  - init__7TRocketFP12TLiveManager
  - load__7TRocketFR20JSUMemoryInputStream
  - __ct__7TRocketFPCc
  - perform__14TRocketManagerFUlPQ26JDrama9TGraphics
  - createModelData__14TRocketManagerFv
  - initSetEnemies__14TRocketManagerFv
  - createEnemyInstance__14TRocketManagerFv
  - loadAfter__14TRocketManagerFv
  - load__14TRocketManagerFR20JSUMemoryInputStream
  - __ct__14TRocketManagerFPCc
  - __ct__21TRocketSaveLoadParamsFPCc (UNUSED)
  - __dt__7TRocketFv
  - __dt__14TRocketManagerFv
  - clipEnemies__14TRocketManagerFPQ26JDrama9TGraphics
  - __sinit_rocket_cpp
  - @32@__dt__7TRocketFv
[ OK ] Symbol order matches the map.
[ OK ] UNUSED symbol sizes match (0/8 checked).
[ OK ] Symbol linkage (weak/local/global) matches the map.
------------------------------------------------------------------------------
RESULT: FAIL (1 error category/categories)
