Unit        : mario/Enemy/gesso
Source      : src/Enemy/gesso.cpp
Object      : build/GMSJ01/src/Enemy/gesso.o
Map TU      : Enemy.a gesso.cpp
Map symbols : 112 (21 UNUSED)   Object .text symbols: 160
reverse_fn_order: True
------------------------------------------------------------------------------

[FAIL] 1 map symbol(s) MISSING from the object:
  - checkDropInWater__6TGessoFv (UNUSED)

[WARN] Only weak symbols are out of order (compiler-controlled -- does not fail the check):
    __dt__15TNerveGessoTurnFv
    execute__15TNerveGessoTurnCFP24TSpineBase<10TLiveActor>
    theNerve__15TNerveGessoTurnFv
    execute__15TNerveGessoLandCFP24TSpineBase<10TLiveActor>
    theNerve__15TNerveGessoLandFv
    __dt__15TNerveGessoLandFv
    execute__20TNerveGessoFindMarioCFP24TSpineBase<10TLiveActor>
    theNerve__20TNerveGessoFindMarioFv
    __dt__20TNerveGessoFindMarioFv
    execute__18TNerveGessoRollingCFP24TSpineBase<10TLiveActor>
    theNerve__18TNerveGessoRollingFv
    __dt__18TNerveGessoRollingFv
    execute__15TNerveGessoFallCFP24TSpineBase<10TLiveActor>
    theNerve__15TNerveGessoFallFv
    __dt__15TNerveGessoFallFv
    execute__18TNerveGessoPolluteCFP24TSpineBase<10TLiveActor>
    theNerve__18TNerveGessoPolluteFv
    __dt__18TNerveGessoPolluteFv
    execute__16TNerveGessoPunchCFP24TSpineBase<10TLiveActor>
    theNerve__16TNerveGessoPunchFv
    __dt__16TNerveGessoPunchFv
    execute__17TNerveGessoFreezeCFP24TSpineBase<10TLiveActor>
    theNerve__17TNerveGessoFreezeFv
    __dt__17TNerveGessoFreezeFv
    execute__15TNerveGessoStayCFP24TSpineBase<10TLiveActor>
    __ct__24TNerveBase<10TLiveActor>Fv
    theNerve__15TNerveGessoStayFv
    __dt__15TNerveGessoStayFv
    sendMessage__16TGessoPolluteObjFv
    calcRootMatrix__16TGessoPolluteObjFv
    set__16TGessoPolluteObjFv
    rebirth__16TGessoPolluteObjFv
    pollute__16TGessoPolluteObjFv
    getNowGravity__16TGessoPolluteObjFv
    loadInit__16TGessoPolluteObjFP11TSpineEnemyPCc
    __ct__16TGessoPolluteObjFPCc
    load__10TLandGessoFR20JSUMemoryInputStream
    perform__10TSurfGessoFUlPQ26JDrama9TGraphics
    load__10TSurfGessoFR20JSUMemoryInputStream
    getBasNameTable__6TGessoCFv
    initAttacker__6TGessoFP9THitActor
    turnOut__6TGessoFv
    turning__6TGessoFv
    turnIn__6TGessoFv
    fallEnd__6TGessoFv
    modifyRotate__6TGessoFv
    rollEnd__6TGessoFv
    rollCheck__6TGessoFv
    behaveToFindMario__6TGessoFv
    genRandomItem__6TGessoFv
    calcRootMatrix__6TGessoFv
    kill__6TGessoFv
    bind__6TGessoFv
    setWaitAnm__6TGessoFv
    setWalkAnm__6TGessoFv
    getGravityY__6TGessoCFv
    setDeadAnm__6TGessoFv
    setAfterDeadEffect__6TGessoFv
    isUseBodyCallBack__6TGessoCFv
    pollute__6TGessoFv
    setPolluteGoal__6TGessoFv
    polluteBehavior__6TGessoFv
    setBehavior__6TGessoFv
    attackToMario__6TGessoFv
    doKeepDistance__6TGessoFv
    isResignationAttack__6TGessoFv
    walkBehavior__6TGessoFif
    behaveToWater__6TGessoFP9THitActor
    load__6TGessoFR20JSUMemoryInputStream
    reset__6TGessoFv
    init__6TGessoFP12TLiveManager
    __ct__6TGessoFPCc
    GessoBodyCallback__FP7J3DNodei
    requestPolluteModel__13TGessoManagerFRQ29JGeometry8TVec3<f>RQ29JGeometry8TVec3<f>
    createModelData__13TGessoManagerFv
    initSetEnemies__13TGessoManagerFv
    perform__13TGessoManagerFUlPQ26JDrama9TGraphics
    clipEnemies__13TGessoManagerFPQ26JDrama9TGraphics
    createEnemyInstance__13TGessoManagerFv
    loadAfter__13TGessoManagerFv
    load__13TGessoManagerFR20JSUMemoryInputStream
    __ct__13TGessoManagerFPCc
    setAnm__18TGessoPolluteModelFv
    init__25TGessoPolluteModelManagerFP10TLiveActor
    __ct__20TGessoSaveLoadParamsFPCc
    __dt__18TWalkerEnemyParamsFv
    __dt__16TGessoPolluteObjFv
  + __dt__10TLandGessoFv   (object position)
  + __dt__11TSmallEnemyFv   (object position)
    setRunAnm__6TGessoFv
    isEatenByYosshi__11TSmallEnemyFv
    jumpBehavior__11TSmallEnemyFv
    behaveToTaken__11TSmallEnemyFP9THitActor
    behaveToRelease__11TSmallEnemyFv
    setGenerateAnm__11TSmallEnemyFv
    setFreezeAnm__11TSmallEnemyFv
    setMeltAnm__11TSmallEnemyFv
    isHitValid__11TSmallEnemyFUl
    isInhibitedForceMove__11TSmallEnemyFv
    endHitWaterJump__11TSmallEnemyFv
    setDeadEffect__11TSmallEnemyFv
  - __dt__10TLandGessoFv   (map position)
  - __dt__11TSmallEnemyFv   (map position)
  + __dt__10TSurfGessoFv   (object position)
    isFindMario__10TSurfGessoFf
  - __dt__10TSurfGessoFv   (map position)
    __dt__13TGessoManagerFv
    __dt__18TGessoPolluteModelFv
    __dt__25TGessoPolluteModelManagerFv
    __sinit_gesso_cpp
    @32@__dt__6TGessoFv
    @32@__dt__10TSurfGessoFv
    @32@__dt__10TLandGessoFv
    @32@__dt__16TGessoPolluteObjFv

[WARN] 2 UNUSED symbol(s) with wrong size (best-effort -- does not fail the check):
  - modifyRotate__6TGessoFv
      map:    0x38 (56)
      object: 0x4 (4)
  - isUseBodyCallBack__6TGessoCFv
      map:    0x1c (28)
      object: 0x4 (4)
[ OK ] Symbol linkage (weak/local/global) matches the map.

[INFO] 49 object-only symbol(s) not in the map (usually deduplicated weak/inline helpers; not an error; -v to list).
------------------------------------------------------------------------------
RESULT: FAIL (1 error category/categories, weak-symbol order; 2 UNUSED size mismatch(es) warning(s))
