Unit        : mario/PowerPC_EABI_Support/Msl/MSL_C/MSL_Common/ctype
Source      : src/PowerPC_EABI_Support/Msl/MSL_C/MSL_Common/ctype.c
Object      : build/GMSJ01/src/PowerPC_EABI_Support/Msl/MSL_C/MSL_Common/ctype.o
Map TU      : MSL_C.PPCEABI.bare.H.a ctype.c
Map symbols : 13 (11 UNUSED)   Object .text symbols: 2
reverse_fn_order: True
------------------------------------------------------------------------------

[FAIL] 11 map symbol(s) MISSING from the object:
  - isxdigit (UNUSED)
  - isupper (UNUSED)
  - isspace (UNUSED)
  - ispunct (UNUSED)
  - isprint (UNUSED)
  - islower (UNUSED)
  - isgraph (UNUSED)
  - isdigit (UNUSED)
  - iscntrl (UNUSED)
  - isalpha (UNUSED)
  - isalnum (UNUSED)
[ OK ] Symbol order matches the map.
[ OK ] UNUSED symbol sizes match (0/11 checked).
[ OK ] Symbol linkage (weak/local/global) matches the map.
------------------------------------------------------------------------------
RESULT: FAIL (1 error category/categories)
