Unit        : mario/dolphin/ar/arq
Source      : src/dolphin/ar/arq.c
Object      : build/GMSJ01/src/dolphin/ar/arq.o
Map TU      : ar.a arq.c
Map symbols : 14 (9 UNUSED)   Object .text symbols: 5
reverse_fn_order: False
------------------------------------------------------------------------------

[FAIL] 9 map symbol(s) MISSING from the object:
  - __ARQPopTaskQueueHi (UNUSED)
  - __ARQInitTempQueue (UNUSED)
  - __ARQPushTempQueue (UNUSED)
  - ARQReset (UNUSED)
  - ARQRemoveRequest (UNUSED)
  - ARQRemoveOwnerRequest (UNUSED)
  - ARQFlushQueue (UNUSED)
  - ARQSetChunkSize (UNUSED)
  - ARQGetChunkSize (UNUSED)
[ OK ] Symbol order matches the map.
[ OK ] UNUSED symbol sizes match (0/9 checked).
[ OK ] Symbol linkage (weak/local/global) matches the map.
------------------------------------------------------------------------------
RESULT: FAIL (1 error category/categories)
