Unit        : mario/TRK_MINNOW_DOLPHIN/debugger/embedded/MetroTRK/Os/dolphin/usr_put
Source      : src/TRK_MINNOW_DOLPHIN/debugger/embedded/MetroTRK/Os/dolphin/usr_put.c
Object      : build/GMSJ01/src/TRK_MINNOW_DOLPHIN/debugger/embedded/MetroTRK/Os/dolphin/usr_put.o
Map TU      : TRK_MINNOW_DOLPHIN.a usr_put.c
Map symbols : 14 (13 UNUSED)   Object .text symbols: 1
reverse_fn_order: False
------------------------------------------------------------------------------

[FAIL] 13 map symbol(s) MISSING from the object:
  - usr_putchar_serial (UNUSED)
  - usr_puts_serial (UNUSED)
  - usr_put_initialize_ram (UNUSED)
  - usr_putchar_ram (UNUSED)
  - usr_puts_ram (UNUSED)
  - usr_putchar (UNUSED)
  - usr_puts (UNUSED)
  - __do_putchar (UNUSED)
  - __do_puts (UNUSED)
  - __do_puthex32 (UNUSED)
  - __do_puthex8 (UNUSED)
  - __do_puthex4 (UNUSED)
  - __do_puthex2 (UNUSED)
[ OK ] Symbol order matches the map.
[ OK ] UNUSED symbol sizes match (0/13 checked).
[ OK ] Symbol linkage (weak/local/global) matches the map.
------------------------------------------------------------------------------
RESULT: FAIL (1 error category/categories)
