Unit        : mario/NPC/NpcEvent
Source      : src/NPC/NpcEvent.cpp
Object      : build/GMSJ01/src/NPC/NpcEvent.o
Map TU      : NPC.a NpcEvent.cpp
Map symbols : 27 (2 UNUSED)   Object .text symbols: 43
reverse_fn_order: True
------------------------------------------------------------------------------

[ OK ] All map symbols are present in the object.

[WARN] Only weak symbols are out of order (compiler-controlled -- does not fail the check):
    reviveOneSunflower__9TNpcEventFv
    ReviveSunflowerCallBack__FUlUl
    initDownSunflowerNum__9TNpcEventFv
    initNpcBuiltin__9TNpcEventFP32TSpcTypedBinary<13TEventWatcher>
    evCheckMonteClear__FP32TSpcTypedInterp<13TEventWatcher>Ul
    evIsDemoMode__FP32TSpcTypedInterp<13TEventWatcher>Ul
    evFireStartDemoCamera__FP32TSpcTypedInterp<13TEventWatcher>Ul
    evSetFruitType__FP32TSpcTypedInterp<13TEventWatcher>Ul
    evGetFruitNum__FP32TSpcTypedInterp<13TEventWatcher>Ul
    evResetFruitNum__FP32TSpcTypedInterp<13TEventWatcher>Ul
    evNpcDanceOffHappyOn__FP32TSpcTypedInterp<13TEventWatcher>Ul
    evNpcDanceOn__FP32TSpcTypedInterp<13TEventWatcher>Ul
    evSetNpcTalkForbidCount__FP32TSpcTypedInterp<13TEventWatcher>Ul
    evSetNpcBalloonMessage__FP32TSpcTypedInterp<13TEventWatcher>Ul
    evOnTalkToDummyNpc__FP32TSpcTypedInterp<13TEventWatcher>Ul
    evConnectDummyNpc__FP32TSpcTypedInterp<13TEventWatcher>Ul
    ev__ForceStartTalkExceptNpc__FP32TSpcTypedInterp<13TEventWatcher>Ul
    ev__ForceStartTalk__FP32TSpcTypedInterp<13TEventWatcher>Ul
    evIsGameModeNormal__FP32TSpcTypedInterp<13TEventWatcher>Ul
    evIsNpcSinkBottom__FP32TSpcTypedInterp<13TEventWatcher>Ul
    evCheckLatestNerve4Npc__FP32TSpcTypedInterp<13TEventWatcher>Ul
  - getLatestNerve__24TSpineBase<10TLiveActor>CFv   (map position)
    evCheckCurNerve4Npc__FP32TSpcTypedInterp<13TEventWatcher>Ul
    evGetAddressFromViewObjName__FP32TSpcTypedInterp<13TEventWatcher>Ul
    CheckNerve4Npc___FP32TSpcTypedInterp<13TEventWatcher>Ulb
  + getLatestNerve__24TSpineBase<10TLiveActor>CFv   (object position)
    IsNpcFlagOn___FP32TSpcTypedInterp<13TEventWatcher>UlUl
    __sinit_NpcEvent_cpp

[WARN] 1 UNUSED symbol(s) with wrong size (best-effort -- does not fail the check):
  - CheckNerve4Npc___FP32TSpcTypedInterp<13TEventWatcher>Ulb
      map:    0x22c (556)
      object: 0x218 (536)
[ OK ] Symbol linkage (weak/local/global) matches the map.

[INFO] 16 object-only symbol(s) not in the map (usually deduplicated weak/inline helpers; not an error; -v to list).
------------------------------------------------------------------------------
RESULT: PASS with warnings (weak-symbol order; 1 UNUSED size mismatch(es) -- see above)
