Unit        : mario/Enemy/TabePuku
Source      : src/Enemy/TabePuku.cpp
Object      : build/GMSJ01/src/Enemy/TabePuku.o
Map TU      : Enemy.a TabePuku.cpp
Map symbols : 72 (24 UNUSED)   Object .text symbols: 0
reverse_fn_order: True
------------------------------------------------------------------------------

[FAIL] 72 map symbol(s) MISSING from the object:
  - __dt__18TNerveTabePukuDragFv
  - execute__18TNerveTabePukuDragCFP24TSpineBase<10TLiveActor>
  - __dt__26TNerveTabePukuRecoverGraphFv
  - set<f>__Q29JGeometry8TVec3<f>Ffff
  - theNerve__18TNerveTabePukuDragFv
  - execute__18TNerveTabePukuDiveCFP24TSpineBase<10TLiveActor>
  - theNerve__18TNerveTabePukuDiveFv
  - __dt__18TNerveTabePukuDiveFv
  - execute__18TNerveTabePukuBiteCFP24TSpineBase<10TLiveActor>
  - theNerve__18TNerveTabePukuBiteFv
  - __dt__18TNerveTabePukuBiteFv
  - execute__20TNerveTabePukuAttackCFP24TSpineBase<10TLiveActor>
  - theNerve__20TNerveTabePukuAttackFv (UNUSED)
  - __dt__20TNerveTabePukuAttackFv
  - execute__26TNerveTabePukuRecoverGraphCFP24TSpineBase<10TLiveActor>
  - __dt__25TNerveTabePukuGraphWanderFv
  - theNerve__26TNerveTabePukuRecoverGraphFv
  - execute__19TNerveTabePukuFoundCFP24TSpineBase<10TLiveActor>
  - theNerve__19TNerveTabePukuFoundFv (UNUSED)
  - __dt__19TNerveTabePukuFoundFv
  - execute__25TNerveTabePukuGraphWanderCFP24TSpineBase<10TLiveActor>
  - theNerve__25TNerveTabePukuGraphWanderFv (UNUSED)
  - createModelData__16TTabePukuManagerFv
  - load__16TTabePukuManagerFR20JSUMemoryInputStream
  - __ct__16TTabePukuManagerFPCc
  - detach__9TTabePukuFv (UNUSED)
  - setMomentumFromQuat__9TTabePukuFv (UNUSED)
  - swimTo__9TTabePukuFRCQ29JGeometry8TVec3<f>
  - doDrag__9TTabePukuFv (UNUSED)
  - prepareDrag__9TTabePukuFv (UNUSED)
  - doDive__9TTabePukuFv (UNUSED)
  - prepareDive__9TTabePukuFv (UNUSED)
  - doBite__9TTabePukuFv (UNUSED)
  - swimToCurPathNode__9TTabePukuFRCQ29JGeometry8TVec3<f> (UNUSED)
  - isBiting__9TTabePukuCFv (UNUSED)
  - isAttacking__9TTabePukuCFv (UNUSED)
  - isGraphWander__9TTabePukuCFv (UNUSED)
  - isTouchedPlane__9TTabePukuCFv (UNUSED)
  - isMissMario__9TTabePukuCFv (UNUSED)
  - doKeepDistance__9TTabePukuFv
  - isFindMario__9TTabePukuFf
  - forceKill__9TTabePukuFv
  - behaveToWater__9TTabePukuFP9THitActor
  - attackToMario__9TTabePukuFv
  - getBasNameTable__9TTabePukuCFv
  - getTakingMtx__9TTabePukuFv
  - receiveMessage__9TTabePukuFP9THitActorUl
  - emitEffects__9TTabePukuFv (UNUSED)
  - calcRootMatrix__9TTabePukuFv
  - bind__9TTabePukuFv
  - updateSound__9TTabePukuFv (UNUSED)
  - control__9TTabePukuFv
  - perform__9TTabePukuFUlPQ26JDrama9TGraphics
  - initParams__9TTabePukuFv (UNUSED)
  - initCollision__9TTabePukuFv (UNUSED)
  - reset__9TTabePukuFv
  - init__9TTabePukuFP12TLiveManager
  - __ct__9TTabePukuFPCc
  - checkHitActors__11TTPHitActorFv (UNUSED)
  - bind__11TTPHitActorFv
  - updateTerrainCollsion__11TTPHitActorFv
  - updateObjCollision__11TTPHitActorFv (UNUSED)
  - receiveMessage__11TTPHitActorFP9THitActorUl
  - init__11TTPHitActorFv
  - __ct__11TTPHitActorFR9TTabePuku (UNUSED)
  - __ct__15TTabePukuParamsFPCc (UNUSED)
  - __dt__16TTabePukuManagerFv
  - __dt__9TTabePukuFv
  - __dt__11TTPHitActorFv
  - __sinit_TabePuku_cpp
  - @32@__dt__11TTPHitActorFv
  - @32@__dt__9TTabePukuFv
[ OK ] Symbol order matches the map.
[ OK ] UNUSED symbol sizes match (0/24 checked).
[ OK ] Symbol linkage (weak/local/global) matches the map.
------------------------------------------------------------------------------
RESULT: FAIL (1 error category/categories)
