Unit        : mario/Enemy/amiNoko
Source      : src/Enemy/amiNoko.cpp
Object      : build/GMSJ01/src/Enemy/amiNoko.o
Map TU      : Enemy.a amiNoko.cpp
Map symbols : 46 (10 UNUSED)   Object .text symbols: 0
reverse_fn_order: True
------------------------------------------------------------------------------

[FAIL] 46 map symbol(s) MISSING from the object:
  - __dt__19TNerveAmiNokoFreezeFv
  - execute__19TNerveAmiNokoFreezeCFP24TSpineBase<10TLiveActor>
  - theNerve__19TNerveAmiNokoFreezeFv (UNUSED)
  - execute__16TNerveAmiNokoDieCFP24TSpineBase<10TLiveActor>
  - theNerve__16TNerveAmiNokoDieFv (UNUSED)
  - __dt__16TNerveAmiNokoDieFv
  - execute__19TNerveAmiNokoAttackCFP24TSpineBase<10TLiveActor> (UNUSED)
  - theNerve__19TNerveAmiNokoAttackFv (UNUSED)
  - __dt__19TNerveAmiNokoAttackFv (UNUSED)
  - execute__17TNerveAmiNokoTurnCFP24TSpineBase<10TLiveActor>
  - __dt__24TNerveAmiNokoWalkOnFenceFv
  - theNerve__17TNerveAmiNokoTurnFv (UNUSED)
  - __dt__17TNerveAmiNokoTurnFv
  - execute__24TNerveAmiNokoWalkOnFenceCFP24TSpineBase<10TLiveActor>
  - theNerve__24TNerveAmiNokoWalkOnFenceFv (UNUSED)
  - getBasNameTable__8TAmiNokoCFv
  - isDeadByWall__8TAmiNokoFv (UNUSED)
  - creepToCurPathNode__8TAmiNokoFf
  - getGravityY__8TAmiNokoCFv
  - perform__8TAmiNokoFUlPQ26JDrama9TGraphics
  - bind__8TAmiNokoFv
  - calcRootMatrix__8TAmiNokoFv
  - isHitValid__8TAmiNokoFUl
  - setWalkAnm__8TAmiNokoFv
  - attackToMario__8TAmiNokoFv
  - behaveToWater__8TAmiNokoFP9THitActor
  - reset__8TAmiNokoFv
  - setMActorAndKeeper__8TAmiNokoFv
  - init__8TAmiNokoFP12TLiveManager
  - load__8TAmiNokoFR20JSUMemoryInputStream
  - __ct__8TAmiNokoFPCc
  - perform__7TAmiHitFUlPQ26JDrama9TGraphics
  - receiveMessage__7TAmiHitFP9THitActorUl
  - __ct__7TAmiHitFP8TAmiNokoPCc (UNUSED)
  - createEnemyInstance__15TAmiNokoManagerFv
  - createModelData__15TAmiNokoManagerFv
  - load__15TAmiNokoManagerFR20JSUMemoryInputStream
  - __ct__15TAmiNokoManagerFPCc
  - __ct__22TAmiNokoSaveLoadParamsFPCc (UNUSED)
  - __dt__8TAmiNokoFv
  - isCollidMove__8TAmiNokoFP9THitActor
  - __dt__7TAmiHitFv
  - __dt__15TAmiNokoManagerFv
  - __sinit_amiNoko_cpp
  - @32@__dt__7TAmiHitFv
  - @32@__dt__8TAmiNokoFv
[ OK ] Symbol order matches the map.
[ OK ] UNUSED symbol sizes match (0/10 checked).
[ OK ] Symbol linkage (weak/local/global) matches the map.
------------------------------------------------------------------------------
RESULT: FAIL (1 error category/categories)
