Unit        : mario/Enemy/limitkoopa
Source      : src/Enemy/limitkoopa.cpp
Object      : build/GMSJ01/src/Enemy/limitkoopa.o
Map TU      : Enemy.a limitkoopa.cpp
Map symbols : 97 (39 UNUSED)   Object .text symbols: 0
reverse_fn_order: True
------------------------------------------------------------------------------

[FAIL] 97 map symbol(s) MISSING from the object:
  - __dt__18TLimitKoopaManagerFv
  - loadAfter__18TLimitKoopaManagerFv
  - load__18TLimitKoopaManagerFR20JSUMemoryInputStream
  - createModelData__18TLimitKoopaManagerFv
  - createEnemyInstance__18TLimitKoopaManagerFv
  - __ct__18TLimitKoopaManagerFPCc
  - getParam__11TLimitKoopaCFv (UNUSED)
  - updateTimers__11TLimitKoopaFv (UNUSED)
  - checkMarioWhichSide__11TLimitKoopaFv (UNUSED)
  - getHeadMtx__11TLimitKoopaCFv (UNUSED)
  - getAnmEnd__11TLimitKoopaCFv (UNUSED)
  - fall__11TLimitKoopaFv (UNUSED)
  - __dt__20TNerveLimitKoopaFallFv (UNUSED)
  - getAnmFrame__11TLimitKoopaCFv (UNUSED)
  - isTumbling__11TLimitKoopaCFv (UNUSED)
  - stagger__11TLimitKoopaFb (UNUSED)
  - __dt__23TNerveLimitKoopaStaggerFv
  - __dt__27TNerveLimitKoopaGetShoweredFv
  - __dt__23TNerveLimitKoopaGetDownFv
  - __dt__22TNerveLimitKoopaTumbleFv
  - __dt__21TNerveLimitKoopaFlameFv (UNUSED)
  - __dt__20TNerveLimitKoopaTurnFv
  - getShowered__11TLimitKoopaFv (UNUSED)
  - getDown__11TLimitKoopaFv (UNUSED)
  - getNeckFocus__11TLimitKoopaCFv (UNUSED)
  - isFlaming__11TLimitKoopaCFv (UNUSED)
  - getFlameDir__11TLimitKoopaCFv (UNUSED)
  - isBreathing__11TLimitKoopaCFv (UNUSED)
  - endsAnm__11TLimitKoopaCFv (UNUSED)
  - getAnmIndex__11TLimitKoopaCFv (UNUSED)
  - changeBck__11TLimitKoopaFif (UNUSED)
  - setAnimationIndex__11TLimitKoopaFi (UNUSED)
  - setUpHitActors__11TLimitKoopaFv
  - breathFlame__11TLimitKoopaFv (UNUSED)
  - stopFlame__11TLimitKoopaFv (UNUSED)
  - calcRootMatrix__11TLimitKoopaFv
  - receiveMessage__11TLimitKoopaFP9THitActorUl
  - getGravityY__11TLimitKoopaCFv
  - makeDirection__11TLimitKoopaFf (UNUSED)
  - calcTargetDirection__11TLimitKoopaFv (UNUSED)
  - finishedTurn__11TLimitKoopaFv (UNUSED)
  - moveTurn__11TLimitKoopaFv (UNUSED)
  - moveHipDrop__11TLimitKoopaFv (UNUSED)
  - startHipDrop__11TLimitKoopaFv
  - moveStop__11TLimitKoopaFv (UNUSED)
  - bind__11TLimitKoopaFv
  - perform__11TLimitKoopaFUlPQ26JDrama9TGraphics
  - set<f>__Q29JGeometry8TVec3<f>FRCQ29JGeometry8TVec3<f>
  - resetLimitKoopa__11TLimitKoopaFv (UNUSED)
  - reset__11TLimitKoopaFv
  - init__11TLimitKoopaFP12TLiveManager
  - __dt__20TNerveLimitKoopaWaitFv
  - loadAfter__11TLimitKoopaFv
  - __dt__16TLimitKoopaPartsFv
  - load__11TLimitKoopaFR20JSUMemoryInputStream
  - __ct__11TLimitKoopaFPCc
  - KoopaNeckCallBack__9@unnamed@FP7J3DNodei
  - attack___15TLimitKoopaBodyFP9THitActor
  - receiveMessage__15TLimitKoopaBodyFP9THitActorUl
  - __ct__15TLimitKoopaBodyFP11TLimitKoopa (UNUSED)
  - attack___15TLimitKoopaHeadFP9THitActor
  - receiveMessage__15TLimitKoopaHeadFP9THitActorUl
  - __ct__15TLimitKoopaHeadFP11TLimitKoopa (UNUSED)
  - attack___15TLimitKoopaHandFP9THitActor
  - receiveMessage__15TLimitKoopaHandFP9THitActorUl
  - __ct__15TLimitKoopaHandFP11TLimitKoopa (UNUSED)
  - attack___16TLimitKoopaFlameFP9THitActor
  - receiveMessage__16TLimitKoopaFlameFP9THitActorUl
  - __ct__16TLimitKoopaFlameFP11TLimitKoopa (UNUSED)
  - remove__16TLimitKoopaPartsFv (UNUSED)
  - set__16TLimitKoopaPartsFRCQ29JGeometry8TVec3<f>ff (UNUSED)
  - perform__16TLimitKoopaPartsFUlPQ26JDrama9TGraphics
  - __ct__16TLimitKoopaPartsFPCcUlP11TLimitKoopaf (UNUSED)
  - execute__23TNerveLimitKoopaGetDownCFP24TSpineBase<10TLiveActor>
  - execute__27TNerveLimitKoopaGetShoweredCFP24TSpineBase<10TLiveActor>
  - execute__23TNerveLimitKoopaStaggerCFP24TSpineBase<10TLiveActor>
  - execute__21TNerveLimitKoopaFlameCFP24TSpineBase<10TLiveActor> (UNUSED)
  - execute__20TNerveLimitKoopaFallCFP24TSpineBase<10TLiveActor> (UNUSED)
  - execute__22TNerveLimitKoopaTumbleCFP24TSpineBase<10TLiveActor>
  - execute__20TNerveLimitKoopaWaitCFP24TSpineBase<10TLiveActor>
  - __dt__28TNerveLimitKoopaHipDropStartFv
  - sub__Q29JGeometry8TVec3<f>FRCQ29JGeometry8TVec3<f>RCQ29JGeometry8TVec3<f>
  - execute__28TNerveLimitKoopaHipDropStartCFP24TSpineBase<10TLiveActor>
  - __dt__27TNerveLimitKoopaHipDropJumpFv
  - execute__27TNerveLimitKoopaHipDropJumpCFP24TSpineBase<10TLiveActor>
  - __dt__11TLimitKoopaFv
  - __dt__15TLimitKoopaBodyFv
  - __dt__15TLimitKoopaHeadFv
  - __dt__15TLimitKoopaHandFv
  - __dt__16TLimitKoopaFlameFv
  - __sinit_limitkoopa_cpp
  - @32@__dt__16TLimitKoopaPartsFv
  - @32@__dt__16TLimitKoopaFlameFv
  - @32@__dt__15TLimitKoopaHandFv
  - @32@__dt__15TLimitKoopaHeadFv
  - @32@__dt__15TLimitKoopaBodyFv
  - @32@__dt__11TLimitKoopaFv
[ OK ] Symbol order matches the map.
[ OK ] UNUSED symbol sizes match (0/39 checked).
[ OK ] Symbol linkage (weak/local/global) matches the map.
------------------------------------------------------------------------------
RESULT: FAIL (1 error category/categories)
