Unit        : mario/System/TimeRec
Source      : src/System/TimeRec.cpp
Object      : build/GMSJ01/src/System/TimeRec.o
Map TU      : System.a TimeRec.cpp
Map symbols : 10 (4 UNUSED)   Object .text symbols: 10
reverse_fn_order: True
------------------------------------------------------------------------------

[ OK ] All map symbols are present in the object.
[ OK ] Symbol order matches the map.

[WARN] 3 UNUSED symbol(s) with wrong size (best-effort -- does not fail the check):
  - suppleGXTime__8TTimeRecFv
      map:    0x68 (104)
      object: 0x4 (4)
  - drawSyncCallbackSt__8TTimeRecFUs
      map:    0x5c (92)
      object: 0x4 (4)
  - end__8TTimeRecFv
      map:    0x34 (52)
      object: 0x4 (4)
[ OK ] Symbol linkage (weak/local/global) matches the map.
------------------------------------------------------------------------------
RESULT: PASS with warnings (3 UNUSED size mismatch(es) -- see above)
