Unit        : mario/Camera/cameragc
Source      : src/Camera/cameragc.cpp
Object      : build/GMSJ01/src/Camera/cameragc.o
Map TU      : Camera.a cameragc.cpp
Map symbols : 39 (4 UNUSED)   Object .text symbols: 71
reverse_fn_order: True
------------------------------------------------------------------------------

[FAIL] 4 map symbol(s) MISSING from the object:
  - MsClamp<f>__Ffff
  - one__Q29JGeometry8TUtil<f>Fv
  - MsSqrtf__Ff
  - checkStatusType__6TMarioCFl

[FAIL] Non-weak symbol ORDER differs from the map (weak & object-only symbols ignored):
    getFinalAngleZ__15CPolarSubCameraCFv
    getOffsetAngleY__15CPolarSubCameraCFv
    getOffsetAngleX__15CPolarSubCameraCFv
    perform__15CPolarSubCameraFUlPQ26JDrama9TGraphics
  - set<f>__Q29JGeometry8TVec3<f>Ffff   (map position)
    ctrlGameCamera___15CPolarSubCameraFv
    calcExternalData___15CPolarSubCameraFv
    calcFinalPosAndAt___15CPolarSubCameraFv
    calcPosAndAt___15CPolarSubCameraFv
    calcSlopeAngleX___15CPolarSubCameraFPs
    isMomentDefinite___15CPolarSubCameraCFv
    execInvalidAutoChase___15CPolarSubCameraFv
    isMarioCrabWalk___15CPolarSubCameraCFv
    isMarioAimWithGun___15CPolarSubCameraCFv
    isMarioReadyGun___15CPolarSubCameraCFv
    onMoveApproach___15CPolarSubCameraFv
    offMoveApproach___15CPolarSubCameraFv
    rotateY_ByStickX___15CPolarSubCameraFf
    rotateX_ByStickY___15CPolarSubCameraFf
    calcNowTargetFromPosAndAt___15CPolarSubCameraFRC3VecRC3Vec
    calcDistFromXRotRatio___15CPolarSubCameraCFv
    calcAngleXFromXRotRatio___15CPolarSubCameraCFv
    getUsualLookat__15CPolarSubCameraCFv
    setMarioLookat___15CPolarSubCameraFv
    getToroccoMtx___15CPolarSubCameraCFv
    isNowInbetween__15CPolarSubCameraCFv
    loadAfter__15CPolarSubCameraFv
    JetCoasterDemoCallBack__FUlUl
    startJetCoasterCam1__15CPolarSubCameraFv
    __ct__15CPolarSubCameraFPCc
  + set<f>__Q29JGeometry8TVec3<f>Ffff   (object position)

[WARN] 3 UNUSED symbol(s) with wrong size (best-effort -- does not fail the check):
  - calcExternalData___15CPolarSubCameraFv
      map:    0x13c (316)
      object: 0x4 (4)
  - isMarioReadyGun___15CPolarSubCameraCFv
      map:    0x68 (104)
      object: 0x50 (80)
  - setMarioLookat___15CPolarSubCameraFv
      map:    0xc8 (200)
      object: 0x4 (4)

[FAIL] 2 symbol(s) with wrong linkage (weak/local/global):
  - ctrlGameCamera___15CPolarSubCameraFv
      map:    weak
      object: global
  - calcSlopeAngleX___15CPolarSubCameraFPs
      map:    weak
      object: global

[INFO] 36 object-only symbol(s) not in the map (usually deduplicated weak/inline helpers; not an error; -v to list).
------------------------------------------------------------------------------
RESULT: FAIL (3 error category/categories, 3 UNUSED size mismatch(es) warning(s))
