Unit        : mario/MarioUtil/ToolData
Source      : src/MarioUtil/ToolData.cpp
Object      : build/GMSJ01/src/MarioUtil/ToolData.o
Map TU      : MarioUtil.a ToolData.cpp
Map symbols : 16 (11 UNUSED)   Object .text symbols: 5
reverse_fn_order: True
------------------------------------------------------------------------------

[FAIL] 11 map symbol(s) MISSING from the object:
  - FindElement__Q24Koga8ToolDataCFifi (UNUSED)
  - FindElement__Q24Koga8ToolDataCFiPCci (UNUSED)
  - FindElement__Q24Koga8ToolDataCFibi (UNUSED)
  - FindElement__Q24Koga8ToolDataCFili (UNUSED)
  - FindElement__Q24Koga8ToolDataCFiUli (UNUSED)
  - SearchItemInfo__Q24Koga8ToolDataCFPCc (UNUSED)
  - GetValue__Q24Koga8ToolDataCFiPCcRf (UNUSED)
  - GetValue__Q24Koga8ToolDataCFiPCcRb (UNUSED)
  - GetValue__Q24Koga8ToolDataCFiPCcRUl (UNUSED)
  - Hash__Q24Koga8ToolDataFPCc (UNUSED)
  - Detach__Q24Koga8ToolDataFv (UNUSED)
[ OK ] Symbol order matches the map.
[ OK ] UNUSED symbol sizes match (0/11 checked).
[ OK ] Symbol linkage (weak/local/global) matches the map.
------------------------------------------------------------------------------
RESULT: FAIL (1 error category/categories)
