Unit        : mario/Enemy/popo
Source      : src/Enemy/popo.cpp
Object      : build/GMSJ01/src/Enemy/popo.o
Map TU      : Enemy.a popo.cpp
Map symbols : 66 (12 UNUSED)   Object .text symbols: 0
reverse_fn_order: True
------------------------------------------------------------------------------

[FAIL] 66 map symbol(s) MISSING from the object:
  - __dt__16TNervePopoThrownFv
  - execute__16TNervePopoThrownCFP24TSpineBase<10TLiveActor>
  - theNerve__16TNervePopoThrownFv (UNUSED)
  - execute__14TNervePopoWaitCFP24TSpineBase<10TLiveActor>
  - theNerve__14TNervePopoWaitFv (UNUSED)
  - __dt__14TNervePopoWaitFv
  - execute__19TNervePopoExplosionCFP24TSpineBase<10TLiveActor>
  - theNerve__19TNervePopoExplosionFv (UNUSED)
  - __dt__19TNervePopoExplosionFv
  - execute__13TNervePopoFlyCFP24TSpineBase<10TLiveActor>
  - MsWrap<f>__Ffff
  - theNerve__13TNervePopoFlyFv (UNUSED)
  - __dt__13TNervePopoFlyFv
  - execute__16TNervePopoAttackCFP24TSpineBase<10TLiveActor>
  - theNerve__16TNervePopoAttackFv (UNUSED)
  - __dt__16TNervePopoAttackFv
  - execute__25TNervePopoPossessedNozzleCFP24TSpineBase<10TLiveActor>
  - theNerve__25TNervePopoPossessedNozzleFv (UNUSED)
  - __dt__25TNervePopoPossessedNozzleFv
  - getBasNameTable__5TPopoCFv
  - thrownByChorobei__5TPopoFv
  - explosionEffect__5TPopoFv (UNUSED)
  - possessedIn__5TPopoFv
  - explosion__5TPopoFv
  - flyBehavior__5TPopoFv
  - releaseNozzle__5TPopoFv (UNUSED)
  - isCollidMove__5TPopoFP9THitActor
  - isFindMario__5TPopoFf
  - isUseScaleCallBack__5TPopoFv (UNUSED)
  - isRollJump__5TPopoFv (UNUSED)
  - isHitValid__5TPopoFUl
  - bind__5TPopoFv
  - forceKill__5TPopoFv
  - kill__5TPopoFv
  - calcRootMatrix__5TPopoFv
  - attackToMario__5TPopoFv
  - walkBehavior__5TPopoFif
  - behaveToFindMario__5TPopoFv
  - getGravityY__5TPopoCFv
  - behaveToWater__5TPopoFP9THitActor
  - checkTrigger__5TPopoFv
  - reset__5TPopoFv
  - setMActorAndKeeper__5TPopoFv
  - perform__5TPopoFUlPQ26JDrama9TGraphics
  - init__5TPopoFP12TLiveManager
  - load__5TPopoFR20JSUMemoryInputStream
  - __ct__5TPopoFPCc
  - PopoNonScaleCallback__FP7J3DNodei
  - PopoPossessedCallback__FP7J3DNodei
  - PopoRollCallback__FP7J3DNodei
  - kill__14TPopoCollisionFv (UNUSED)
  - checkHit__14TPopoCollisionFv (UNUSED)
  - receiveMessage__14TPopoCollisionFP9THitActorUl
  - perform__12TPopoManagerFUlPQ26JDrama9TGraphics
  - createModelData__12TPopoManagerFv
  - initSetEnemies__12TPopoManagerFv
  - createEnemyInstance__12TPopoManagerFv
  - load__12TPopoManagerFR20JSUMemoryInputStream
  - __ct__12TPopoManagerFPCc
  - __ct__19TPopoSaveLoadParamsFPCc
  - __dt__5TPopoFv
  - __dt__14TPopoCollisionFv
  - __dt__12TPopoManagerFv
  - __sinit_popo_cpp
  - @32@__dt__14TPopoCollisionFv
  - @32@__dt__5TPopoFv
[ OK ] Symbol order matches the map.
[ OK ] UNUSED symbol sizes match (0/12 checked).
[ OK ] Symbol linkage (weak/local/global) matches the map.
------------------------------------------------------------------------------
RESULT: FAIL (1 error category/categories)
