Unit        : mario/Player/WaterGun
Source      : src/Player/WaterGun.cpp
Object      : build/GMSJ01/src/Player/WaterGun.o
Map TU      : Player.a WaterGun.cpp
Map symbols : 68 (24 UNUSED)   Object .text symbols: 65
reverse_fn_order: True
------------------------------------------------------------------------------

[FAIL] 24 map symbol(s) MISSING from the object:
  - endDashEffect__9TWaterGunFv (UNUSED)
  - startDashEffect__9TWaterGunFv (UNUSED)
  - getMarioUpperStatus__9TWaterGunFv (UNUSED)
  - getWillBeEmitted__9TWaterGunFv (UNUSED)
  - getWaterGunAnmID__9TWaterGunFi (UNUSED)
  - getModel__9TWaterGunFv (UNUSED)
  - setEmitPt__9TWaterGunFv (UNUSED)
  - __ct__Q29TWaterGun9TDeParamsFv (UNUSED)
  - finalDrawInitialize__9TWaterGunFv (UNUSED)
  - entryAll__9TWaterGunFv (UNUSED)
  - createGunBody__9TWaterGunFv (UNUSED)
  - animation__12TNozzleTurboFi (UNUSED)
  - movement__12TNozzleTurboFRC20TMarioControllerWork (UNUSED)
  - __ct__12TNozzleTurboFPCcPCcP9TWaterGun (UNUSED)
  - __ct__13TNozzleDeformFPCcPCcP9TWaterGun (UNUSED)
  - emit__13TNozzleButtonFi (UNUSED)
  - animation__13TNozzleButtonFi (UNUSED)
  - movement__13TNozzleButtonFRC20TMarioControllerWork (UNUSED)
  - init__13TNozzleButtonFv (UNUSED)
  - __ct__13TNozzleButtonFPCcPCcP9TWaterGun (UNUSED)
  - __ct__14TNozzleTriggerFPCcPCcP9TWaterGun (UNUSED)
  - isAnmEnd__11TNozzleBaseCFv (UNUSED)
  - getNozzleKind__12TNozzleTurboCFv (UNUSED)
  - getNozzleKind__13TNozzleButtonCFv (UNUSED)

[WARN] Only weak symbols are out of order (compiler-controlled -- does not fail the check):
    changeBackup__9TWaterGunFv
    damage__9TWaterGunFv
    suck__9TWaterGunFv
    emit__9TWaterGunFv
    triggerPressureMovement__9TWaterGunFRC20TMarioControllerWork
    rotateProp__9TWaterGunFf
    getEmitPosDirSpeed__9TWaterGunFiPQ29JGeometry8TVec3<f>PQ29JGeometry8TVec3<f>PQ29JGeometry8TVec3<f>
    getPressureMax__9TWaterGunFv
    getPressure__9TWaterGunFv
    isPressureOn__9TWaterGunFv
    setAmountToRate__9TWaterGunFf
    getCurrentNozzle__9TWaterGunCFv
    perform__9TWaterGunFUlPQ26JDrama9TGraphics
    calcAnimation__9TWaterGunFPQ26JDrama9TGraphics
    setBaseTRMtx__9TWaterGunFPA4_f
    movement__9TWaterGunFv
    changeNozzle__9TWaterGunFQ29TWaterGun11TNozzleTypeb
    getNozzleMtx__9TWaterGunFv
    getEmitMtx__9TWaterGunFi
    initInLoadAfter__9TWaterGunFv
    init__9TWaterGunFv
    __ct__9TWaterGunFP6TMario
    animation__13TNozzleDeformFi
    emit__13TNozzleDeformFi
    movement__13TNozzleDeformFRC20TMarioControllerWork
    animation__14TNozzleTriggerFi
    emit__14TNozzleTriggerFi
    movement__14TNozzleTriggerFRC20TMarioControllerWork
    init__14TNozzleTriggerFv
    animation__11TNozzleBaseFi
    emit__11TNozzleBaseFi
    emitCommon__11TNozzleBaseFiP14TWaterEmitInfo
    movement__11TNozzleBaseFRC20TMarioControllerWork
    calcGunAngle__11TNozzleBaseFRC20TMarioControllerWork
    init__11TNozzleBaseFv
    __ct__11TNozzleBaseFPCcPCcP9TWaterGun
    WaterGunDivingCtrlR__FP7J3DNodei
    WaterGunDivingCtrlL__FP7J3DNodei
    RotateCtrl__FP7J3DNodei
    NozzleCtrl__FP7J3DNodei
  + getNozzleKind__13TNozzleDeformCFv   (object position)
    getWaistAngle__11TNozzleBaseFv
  - getNozzleKind__13TNozzleDeformCFv   (map position)
    getNozzleKind__14TNozzleTriggerCFv
    __sinit_WaterGun_cpp
[ OK ] UNUSED symbol sizes match (0/24 checked).
[ OK ] Symbol linkage (weak/local/global) matches the map.

[INFO] 21 object-only symbol(s) not in the map (usually deduplicated weak/inline helpers; not an error; -v to list).
------------------------------------------------------------------------------
RESULT: FAIL (1 error category/categories, weak-symbol order warning(s))
