Unit        : mario/GC2D/hx_wiper
Source      : src/GC2D/hx_wiper.c
Object      : build/GMSJ01/src/GC2D/hx_wiper.o
Map TU      : GC2D.a hx_wiper.c
Map symbols : 50 (5 UNUSED)   Object .text symbols: 0
reverse_fn_order: True
------------------------------------------------------------------------------

[FAIL] 50 map symbol(s) MISSING from the object:
  - Hx_Test5
  - Hx_Test4
  - Hxs1_Test2
  - Hx_Test2R
  - Hx_Test2
  - Hxs1_Test1
  - Hx_Test1
  - Hx_MovieStartSyncEx
  - Hx_MovieStartSync (UNUSED)
  - Hx_Logo
  - Hxs_PenDraw
  - Hxs_Logo_MagDraw
  - Hxs_Logo_TexDraw
  - Hxs_Logo_TexSetup
  - Hxs_Logo_ExtraDraw
  - Hx_GameOver
  - InitWipe (UNUSED)
  - Hxs_GameOver
  - Hx_Door
  - Hxs_FrBufferMorf2B
  - Hxs_FrBufferMorf2
  - Hxs2_Circle
  - Hxs1_Circle
  - Hx_Circle
  - Hx_MotionUpdate
  - Hx_MotionSet
  - Hx_TimerCountDown
  - Hx_UpdateWipe
  - Hx_GetWipeType
  - dummy_handler
  - Hx_StartWipe
  - Hx_RemoveResource
  - Hx_ProvideResourceEx
  - Hx_ProvideResource
  - Hx_ResetWipe
  - SetDisplaySize (UNUSED)
  - Hx_Warning
  - Frb2_RendBox
  - Frb2_InitBlackBox
  - Frb2_InitGx
  - Hx_FrBufferMorf
  - __Hx_FrBufferMorf
  - Hx_SetVFilterFade (UNUSED)
  - Hx_SetVFilter
  - Hx_GetFrBuffer
  - Hgx_ReadTexture
  - Hgx_init_tobj_resource
  - Hgx_DrawCircle (UNUSED)
  - Hx_GxInit
  - Hx_CameraInit
[ OK ] Symbol order matches the map.
[ OK ] UNUSED symbol sizes match (0/5 checked).
[ OK ] Symbol linkage (weak/local/global) matches the map.
------------------------------------------------------------------------------
RESULT: FAIL (1 error category/categories)
