Unit        : mario/MSound/MSoundStruct
Source      : src/MSound/MSoundStruct.cpp
Object      : build/GMSJ01/src/MSound/MSoundStruct.o
Map TU      : MSound.a MSoundStruct.cpp
Map symbols : 17 (5 UNUSED)   Object .text symbols: 36
reverse_fn_order: True
------------------------------------------------------------------------------

[ OK ] All map symbols are present in the object.

[WARN] Only weak symbols are out of order (compiler-controlled -- does not fail the check):
    startSoundSetGrp__13MSSetSoundGrpFUlPC3VecUlfUlUlUc
    startSoundSet__10MSSetSoundFUlPC3VecUlfUlUlUc
    init__10MSSetSoundFv
    __dt__26MSSetSoundTL<10MSSetSound>Fv
    __dt__21JSULink<10MSSetSound>Fv
  - searchGroup__49JALListGrp<13MSSetSoundGrp,Ul,16MSSetSoundMember>FUl   (map position)
  - startSoundSetDyna__26MSSetSoundTL<10MSSetSound>FUlPC3VecUlfUlUlUcP13MSSetSoundGrp   (map position)
  - searchD__31JALListD<16MSSetSoundMember,Ul>FUl   (map position)
    __ct__26MSSetSoundTL<10MSSetSound>FUlPCcP10MSSetSoundUcUcUcUcfUcffffflflfffb
    __dt__31JALListHioNode<10MSSetSound,Ul>Fv
  - startSoundSetDyna__29MSSetSoundTL<13MSSetSoundGrp>FUlPC3VecUlfUlUlUcP13MSSetSoundGrp   (map position)
    frameLoopDyna__30JALListFrameLoop<10MSSetSound>Fv
    __ct__31JALListHioNode<10MSSetSound,Ul>FPCcUlP10MSSetSound
    __dt__25JALListS<10MSSetSound,Ul>Fv
    __dt__21JALList<10MSSetSound>Fv
  + searchGroup__49JALListGrp<13MSSetSoundGrp,Ul,16MSSetSoundMember>FUl   (object position)
  + startSoundSetDyna__26MSSetSoundTL<10MSSetSound>FUlPC3VecUlfUlUlUcP13MSSetSoundGrp   (object position)
  + searchD__31JALListD<16MSSetSoundMember,Ul>FUl   (object position)
  + startSoundSetDyna__29MSSetSoundTL<13MSSetSoundGrp>FUlPC3VecUlfUlUlUcP13MSSetSoundGrp   (object position)
    __sinit_MSoundStruct_cpp
    @20@frameLoopDyna__26MSSetSoundTL<10MSSetSound>Fv
[ OK ] UNUSED symbol sizes match (5/5 checked).
[ OK ] Symbol linkage (weak/local/global) matches the map.

[INFO] 19 object-only symbol(s) not in the map (usually deduplicated weak/inline helpers; not an error; -v to list).
------------------------------------------------------------------------------
RESULT: PASS with warnings (weak-symbol order -- see above)
