Unit        : mario/Enemy/hanasambo
Source      : src/Enemy/hanasambo.cpp
Object      : build/GMSJ01/src/Enemy/hanasambo.o
Map TU      : Enemy.a hanasambo.cpp
Map symbols : 124 (29 UNUSED)   Object .text symbols: 0
reverse_fn_order: True
------------------------------------------------------------------------------

[FAIL] 124 map symbol(s) MISSING from the object:
  - __dt__22TNerveSamboHeadHitWallFv
  - execute__22TNerveSamboHeadHitWallCFP24TSpineBase<10TLiveActor>
  - theNerve__22TNerveSamboHeadHitWallFv (UNUSED)
  - execute__27TNerveSamboHeadRecoverWaterCFP24TSpineBase<10TLiveActor>
  - theNerve__27TNerveSamboHeadRecoverWaterFv (UNUSED)
  - __dt__27TNerveSamboHeadRecoverWaterFv
  - execute__23TNerveSamboHeadHitWaterCFP24TSpineBase<10TLiveActor>
  - __dt__21TNerveSamboHeadAttackFv
  - theNerve__23TNerveSamboHeadHitWaterFv (UNUSED)
  - __dt__23TNerveSamboHeadHitWaterFv
  - execute__19TNerveSamboHeadHideCFP24TSpineBase<10TLiveActor>
  - __dt__21TNerveSamboHeadAppearFv
  - theNerve__19TNerveSamboHeadHideFv (UNUSED)
  - __dt__19TNerveSamboHeadHideFv
  - execute__21TNerveSamboHeadAttackCFP24TSpineBase<10TLiveActor>
  - theNerve__21TNerveSamboHeadAttackFv (UNUSED)
  - execute__21TNerveSamboHeadAppearCFP24TSpineBase<10TLiveActor>
  - theNerve__21TNerveSamboHeadAppearFv (UNUSED)
  - getBasNameTable__10TSamboHeadCFv
  - isUseCallBack__10TSamboHeadFv (UNUSED)
  - genEventCoin__10TSamboHeadFv
  - calcRootMatrix__10TSamboHeadFv
  - setCrashAnm__10TSamboHeadFv (UNUSED)
  - setAfterDeadEffect__10TSamboHeadFv
  - setDeadAnm__10TSamboHeadFv
  - initFlower__10TSamboHeadFv (UNUSED)
  - getGravityY__10TSamboHeadCFv
  - attackToMario__10TSamboHeadFv
  - behaveToWater__10TSamboHeadFP9THitActor
  - kill__10TSamboHeadFv
  - reset__10TSamboHeadFv
  - setMActorAndKeeper__10TSamboHeadFv
  - init__10TSamboHeadFP12TLiveManager
  - load__10TSamboHeadFR20JSUMemoryInputStream
  - __ct__10TSamboHeadFPCc
  - createEnemyInstance__17TSamboHeadManagerFv
  - createModelData__17TSamboHeadManagerFv
  - load__17TSamboHeadManagerFR20JSUMemoryInputStream
  - __ct__17TSamboHeadManagerFPCc
  - __ct__24TSamboHeadSaveLoadParamsFPCc (UNUSED)
  - SamboHeadRollCallback__FP7J3DNodei
  - execute__21TNerveHanaSamboFreezeCFP24TSpineBase<10TLiveActor>
  - theNerve__21TNerveHanaSamboFreezeFv (UNUSED)
  - __dt__21TNerveHanaSamboFreezeFv
  - execute__18TNerveHanaSamboDieCFP24TSpineBase<10TLiveActor>
  - theNerve__18TNerveHanaSamboDieFv (UNUSED)
  - __dt__18TNerveHanaSamboDieFv
  - execute__19TNerveHanaSamboHideCFP24TSpineBase<10TLiveActor>
  - __dt__21TNerveHanaSamboAppearFv
  - theNerve__19TNerveHanaSamboHideFv (UNUSED)
  - __dt__19TNerveHanaSamboHideFv
  - execute__21TNerveHanaSamboAttackCFP24TSpineBase<10TLiveActor>
  - __dt__19TNerveHanaSamboWaitFv
  - theNerve__21TNerveHanaSamboAttackFv (UNUSED)
  - __dt__21TNerveHanaSamboAttackFv
  - execute__19TNerveHanaSamboWaitCFP24TSpineBase<10TLiveActor>
  - theNerve__19TNerveHanaSamboWaitFv (UNUSED)
  - execute__21TNerveHanaSamboAppearCFP24TSpineBase<10TLiveActor>
  - theNerve__21TNerveHanaSamboAppearFv (UNUSED)
  - initFlower__10THanaSamboFv (UNUSED)
  - createPollen__10THanaSamboFv
  - perform__10THanaSamboFUlPQ26JDrama9TGraphics
  - getBasNameTable__10THanaSamboCFv
  - waterDamage__10THanaSamboFv (UNUSED)
  - setAttackAnm__10THanaSamboFv (UNUSED)
  - setDeadAnm__10THanaSamboFv
  - setWaitAnm__10THanaSamboFv
  - reset__10THanaSamboFv
  - kill__10THanaSamboFv
  - drawObject__10THanaSamboFPQ26JDrama9TGraphics
  - moveObject__10THanaSamboFv
  - setMActorAndKeeper__10THanaSamboFv
  - init__10THanaSamboFP12TLiveManager
  - load__10THanaSamboFR20JSUMemoryInputStream
  - __ct__10THanaSamboFPCc
  - kill__14THanaSamboHeadFv (UNUSED)
  - checkHit__14THanaSamboHeadFv (UNUSED)
  - receiveMessage__14THanaSamboHeadFP9THitActorUl
  - createModelData__17THanaSamboManagerFv
  - createEnemyInstance__17THanaSamboManagerFv
  - load__17THanaSamboManagerFR20JSUMemoryInputStream
  - __ct__17THanaSamboManagerFPCc
  - __ct__24THanaSamboSaveLoadParamsFPCc (UNUSED)
  - hide__12TSamboFlowerFv (UNUSED)
  - isBloomEnd__12TSamboFlowerFv (UNUSED)
  - bloom__12TSamboFlowerFv (UNUSED)
  - drawObject__12TSamboFlowerFPQ26JDrama9TGraphics
  - moveObject__12TSamboFlowerFv
  - reset__12TSamboFlowerFv
  - receiveMessage__12TSamboFlowerFP9THitActorUl
  - setMActorAndKeeper__12TSamboFlowerFv
  - init__12TSamboFlowerFP12TLiveManager
  - loadAfter__12TSamboFlowerFv
  - load__12TSamboFlowerFR20JSUMemoryInputStream
  - dropLeaf__19TSamboFlowerManagerFRQ29JGeometry8TVec3<f>RQ29JGeometry8TVec3<f>
  - perform__19TSamboFlowerManagerFUlPQ26JDrama9TGraphics
  - loadAfter__19TSamboFlowerManagerFv
  - createEnemyInstance__19TSamboFlowerManagerFv
  - createModelData__19TSamboFlowerManagerFv
  - load__19TSamboFlowerManagerFR20JSUMemoryInputStream
  - __ct__26TSamboFlowerSaveLoadParamsFPCc
  - generate__10TSamboLeafFRQ29JGeometry8TVec3<f> (UNUSED)
  - perform__10TSamboLeafFUlPQ26JDrama9TGraphics
  - __ct__10TSamboLeafFP19TSamboFlowerManagerP12SDLModelDataPCc (UNUSED)
  - checkGenCoin__20TSamboFlowerCoinUnitFv
  - add__20TSamboFlowerCoinUnitFP12TSamboFlower (UNUSED)
  - __ct__20TSamboFlowerCoinUnitFi (UNUSED)
  - __dt__10TSamboHeadFv
  - __dt__17TSamboHeadManagerFv
  - behaveToWater__10THanaSamboFP9THitActor
  - isHitValid__10THanaSamboFUl
  - isCollidMove__10THanaSamboFP9THitActor
  - __dt__10THanaSamboFv
  - __dt__14THanaSamboHeadFv
  - __dt__17THanaSamboManagerFv
  - control__12TSamboFlowerFv
  - __dt__12TSamboFlowerFv
  - __dt__19TSamboFlowerManagerFv
  - __dt__10TSamboLeafFv
  - __sinit_hanasambo_cpp
  - @32@__dt__12TSamboFlowerFv
  - @32@__dt__14THanaSamboHeadFv
  - @32@__dt__10THanaSamboFv
  - @32@__dt__10TSamboHeadFv
[ OK ] Symbol order matches the map.
[ OK ] UNUSED symbol sizes match (0/29 checked).
[ OK ] Symbol linkage (weak/local/global) matches the map.
------------------------------------------------------------------------------
RESULT: FAIL (1 error category/categories)
