Unit        : mario/PowerPC_EABI_Support/Msl/MSL_C/MSL_Common/strtoul
Source      : src/PowerPC_EABI_Support/Msl/MSL_C/MSL_Common/strtoul.c
Object      : build/GMSJ01/src/PowerPC_EABI_Support/Msl/MSL_C/MSL_Common/strtoul.o
Map TU      : MSL_C.PPCEABI.bare.H.a strtoul.c
Map symbols : 10 (7 UNUSED)   Object .text symbols: 3
reverse_fn_order: True
------------------------------------------------------------------------------

[FAIL] 7 map symbol(s) MISSING from the object:
  - strtoumax (UNUSED)
  - strtoimax (UNUSED)
  - atol (UNUSED)
  - atoi (UNUSED)
  - strtoll (UNUSED)
  - strtoull (UNUSED)
  - __strtoull (UNUSED)
[ OK ] Symbol order matches the map.
[ OK ] UNUSED symbol sizes match (0/7 checked).
[ OK ] Symbol linkage (weak/local/global) matches the map.
------------------------------------------------------------------------------
RESULT: FAIL (1 error category/categories)
