Unit        : mario/dolphin/dvd/dvdfs
Source      : src/dolphin/dvd/dvdfs.c
Object      : build/GMSJ01/src/dolphin/dvd/dvdfs.o
Map TU      : dvd.a dvdfs.c
Map symbols : 30 (16 UNUSED)   Object .text symbols: 19
reverse_fn_order: False
------------------------------------------------------------------------------

[FAIL] 13 map symbol(s) MISSING from the object:
  - DVDSeekAsyncPrio (UNUSED)
  - cbForSeekAsync (UNUSED)
  - DVDSeekPrio (UNUSED)
  - cbForSeekSync (UNUSED)
  - DVDGetFileInfoStatus (UNUSED)
  - DVDFastOpenDir (UNUSED)
  - DVDOpenDir (UNUSED)
  - DVDReadDir (UNUSED)
  - DVDCloseDir (UNUSED)
  - DVDGetFSTLocation (UNUSED)
  - DVDPrepareStream (UNUSED)
  - cbForPrepareStreamSync (UNUSED)
  - DVDGetTransferredSize (UNUSED)
[ OK ] Symbol order matches the map.
[ OK ] UNUSED symbol sizes match (3/16 checked).
[ OK ] Symbol linkage (weak/local/global) matches the map.

[INFO] 2 object-only symbol(s) not in the map (usually deduplicated weak/inline helpers; not an error; -v to list).
------------------------------------------------------------------------------
RESULT: FAIL (1 error category/categories)
