Unit        : mario/System/MarDirectorDirect
Source      : src/System/MarDirectorDirect.cpp
Object      : build/GMSJ01/src/System/MarDirectorDirect.o
Map TU      : System.a MarDirectorDirect.cpp
Map symbols : 16 (2 UNUSED)   Object .text symbols: 35
reverse_fn_order: True
------------------------------------------------------------------------------

[FAIL] 1 map symbol(s) MISSING from the object:
  - __ct__Q26JDrama10TFlagT<Us>FRCQ26JDrama10TFlagT<Us>

[WARN] Only weak symbols are out of order (compiler-controlled -- does not fail the check):
    JSGFindObject__12TMarDirectorCFPCcQ26JStage8TEObject
    moveStage__12TMarDirectorFv
    updateGameMode__12TMarDirectorFv
    set__13TGameSequenceFUcUcQ26JDrama10TFlagT<Us>
  + set__Q26JDrama10TFlagT<Us>FUs   (object position)
    nextStateInitialize__12TMarDirectorFUc
    setMario__12TMarDirectorFv
    currentStateFinalize__12TMarDirectorFUc
    changeState__12TMarDirectorFv
    decideNextScenario__FUc
    checkDefeatShadowMarioAll__Fv
    decideNextStageOfMiss__Fv
    decideNextStage__Fv
  - set__Q26JDrama10TFlagT<Us>FUs   (map position)
    direct__12TMarDirectorFv
    __sinit_MarDirectorDirect_cpp

[WARN] 2 UNUSED symbol(s) with wrong size (best-effort -- does not fail the check):
  - checkDefeatShadowMarioAll__Fv
      map:    0x64 (100)
      object: 0x4 (4)
  - decideNextStageOfMiss__Fv
      map:    0x10c (268)
      object: 0x4 (4)
[ OK ] Symbol linkage (weak/local/global) matches the map.

[INFO] 20 object-only symbol(s) not in the map (usually deduplicated weak/inline helpers; not an error; -v to list).
------------------------------------------------------------------------------
RESULT: FAIL (1 error category/categories, weak-symbol order; 2 UNUSED size mismatch(es) warning(s))
