Unit        : mario/Enemy/Amenbo
Source      : src/Enemy/Amenbo.cpp
Object      : build/GMSJ01/src/Enemy/Amenbo.o
Map TU      : Enemy.a Amenbo.cpp
Map symbols : 71 (30 UNUSED)   Object .text symbols: 117
reverse_fn_order: True
------------------------------------------------------------------------------

[ OK ] All map symbols are present in the object.

[WARN] Only weak symbols are out of order (compiler-controlled -- does not fail the check):
    __dt__20TNerveAmenboHitWaterFv
    execute__20TNerveAmenboHitWaterCFP24TSpineBase<10TLiveActor>
    __dt__18TNerveAmenboSearchFv
    theNerve__20TNerveAmenboHitWaterFv
    execute__16TNerveAmenboWalkCFP24TSpineBase<10TLiveActor>
    theNerve__16TNerveAmenboWalkFv
    __dt__16TNerveAmenboWalkFv
    execute__21TNerveAmenboPreAttackCFP24TSpineBase<10TLiveActor>
    theNerve__21TNerveAmenboPreAttackFv
    __dt__21TNerveAmenboPreAttackFv
    execute__16TNerveAmenboTurnCFP24TSpineBase<10TLiveActor>
    theNerve__16TNerveAmenboTurnFv
    __dt__16TNerveAmenboTurnFv
    execute__18TNerveAmenboSearchCFP24TSpineBase<10TLiveActor>
    set<f>__Q29JGeometry8TVec4<f>Fffff
    __as__Q29JGeometry8TVec4<f>FRCQ29JGeometry8TVec4<f>
    getQuat__7TAmenboCFv
    set<f>__Q29JGeometry8TVec3<f>Ffff
    theNerve__18TNerveAmenboSearchFv
    getBasNameTable__7TAmenboCFv
    createModelData__14TAmenboManagerFv
    load__14TAmenboManagerFR20JSUMemoryInputStream
    __ct__14TAmenboManagerFPCc
    __ct__13TAmenboParamsFPCc
    isActivateJumpBase__7TAmenboCFv
    deactivateJumpBase__7TAmenboFv
    activateJumpBase__7TAmenboFv
    checkFlag__17TMapCollisionBaseCFUs
    isWaterFromWaterGun__7TAmenboFP9THitActor
    isChangedBlock__7TAmenboCFv
    isFreeze__7TAmenboCFv
    isAttacking__7TAmenboCFv
    isOverTerritory__7TAmenboCFPQ29JGeometry8TVec3<f>
    isFindOutMario__7TAmenboCFv
    isStartMoving__7TAmenboCFv
    isWalking__7TAmenboCFv
    setWalkDir__7TAmenboFRCQ29JGeometry9TQuat4<f>
    setWalkDir__7TAmenboFRCQ29JGeometry8TVec3<f>
    decideTargetOnFingingMario__7TAmenboFv
    decideTarget__7TAmenboFv
    doChangeWaitAnm__7TAmenboFv
    doAdjustTarget__7TAmenboFv
    doWalk__7TAmenboFv
    prepareWalk__7TAmenboFv
    changeBck__7TAmenboFPCcf
    updateRipple__7TAmenboFv
    changeByJuice__7TAmenboFv
    setDeadAnm__7TAmenboFv
    attackToMario__7TAmenboFv
    doKeepDistance__7TAmenboFv
    isCollidMove__7TAmenboFP9THitActor
    forceKill__7TAmenboFv
    calcRootMatrix__7TAmenboFv
    behaveToWater__7TAmenboFP9THitActor
    receiveMessage__7TAmenboFP9THitActorUl
    updateCollision__7TAmenboFv
    isSetUp__17TMapCollisionBaseCFv
    checkMarioWaterIn__7TAmenboFv
    perform__7TAmenboFUlPQ26JDrama9TGraphics
    control__7TAmenboFv
    bind__7TAmenboFv
    initParticle__7TAmenboFv
    initCollision__7TAmenboFv
    kill__7TAmenboFv
    reset__7TAmenboFv
    init__7TAmenboFP12TLiveManager
    __ct__7TAmenboFPCc
    __ct__Q27TAmenbo13EffectOnJointFv
  + __dt__14TAmenboManagerFv   (object position)
    __dt__7TAmenboFv
  - __dt__14TAmenboManagerFv   (map position)
    @32@__dt__7TAmenboFv

[WARN] 3 UNUSED symbol(s) with wrong size (best-effort -- does not fail the check):
  - doChangeWaitAnm__7TAmenboFv
      map:    0x124 (292)
      object: 0x118 (280)
  - doAdjustTarget__7TAmenboFv
      map:    0x140 (320)
      object: 0x174 (372)
  - checkMarioWaterIn__7TAmenboFv
      map:    0x2d4 (724)
      object: 0x2c4 (708)
[ OK ] Symbol linkage (weak/local/global) matches the map.

[INFO] 46 object-only symbol(s) not in the map (usually deduplicated weak/inline helpers; not an error; -v to list).
------------------------------------------------------------------------------
RESULT: PASS with warnings (weak-symbol order; 3 UNUSED size mismatch(es) -- see above)
