Unit        : mario/PowerPC_EABI_Support/Msl/MSL_C/MSL_Common/buffer_io
Source      : src/PowerPC_EABI_Support/Msl/MSL_C/MSL_Common/buffer_io.c
Object      : build/GMSJ01/src/PowerPC_EABI_Support/Msl/MSL_C/MSL_Common/buffer_io.o
Map TU      : MSL_C.PPCEABI.bare.H.a buffer_io.c
Map symbols : 7 (5 UNUSED)   Object .text symbols: 3
reverse_fn_order: True
------------------------------------------------------------------------------

[FAIL] 4 map symbol(s) MISSING from the object:
  - setbuf (UNUSED)
  - setvbuf (UNUSED)
  - __load_buffer (UNUSED)
  - __convert_to_newlines (UNUSED)

[FAIL] Non-weak symbol ORDER differs from the map (weak & object-only symbols ignored):
    __flush_buffer
  + __convert_from_newlines   (object position)
    __prep_buffer
  - __convert_from_newlines   (map position)
[ OK ] UNUSED symbol sizes match (1/5 checked).
[ OK ] Symbol linkage (weak/local/global) matches the map.
------------------------------------------------------------------------------
RESULT: FAIL (2 error category/categories)
