Unit        : mario/PowerPC_EABI_Support/Runtime/ExceptionPPC
Source      : src/PowerPC_EABI_Support/Runtime/ExceptionPPC.cp
Object      : build/GMSJ01/src/PowerPC_EABI_Support/Runtime/ExceptionPPC.o
Map TU      : Runtime.PPCEABI.H.a ExceptionPPC.cp
Map symbols : 28 (26 UNUSED)   Object .text symbols: 2
reverse_fn_order: True
------------------------------------------------------------------------------

[FAIL] 26 map symbol(s) MISSING from the object:
  - ExPPC_LongJump__FP12ThrowContextPvPv (UNUSED)
  - __throw (UNUSED)
  - __end__catch (UNUSED)
  - ExPPC_ThrowHandler__FP12ThrowContext (UNUSED)
  - ExPPC_HandleUnexpected__FP12ThrowContextP15MWExceptionInfoP16ex_specification (UNUSED)
  - __unexpected (UNUSED)
  - __dt__Q23std13bad_exceptionFv (UNUSED)
  - ExPPC_IsInSpecification__FPcP16ex_specification (UNUSED)
  - ExPPC_UnwindStack__FP12ThrowContextP15MWExceptionInfoPv (UNUSED)
  - ExPPC_DeletePointerCond__FP12ThrowContextPC20ex_deletepointercond (UNUSED)
  - ExPPC_DeletePointer__FP12ThrowContextPC16ex_deletepointer (UNUSED)
  - ExPPC_DestroyMemberArray__FP12ThrowContextPC21ex_destroymemberarray (UNUSED)
  - ExPPC_DestroyMemberCond__FP12ThrowContextPC20ex_destroymembercond (UNUSED)
  - ExPPC_DestroyBase__FP12ThrowContextPC16ex_destroymember (UNUSED)
  - ExPPC_DestroyMember__FP12ThrowContextPC16ex_destroymember (UNUSED)
  - ExPPC_DestroyLocalArray__FP12ThrowContextPC20ex_destroylocalarray (UNUSED)
  - ExPPC_DestroyLocalPointer__FP12ThrowContextPC22ex_destroylocalpointer (UNUSED)
  - ExPPC_DestroyLocalCond__FP12ThrowContextPC19ex_destroylocalcond (UNUSED)
  - ExPPC_DestroyLocal__FP12ThrowContextPC15ex_destroylocal (UNUSED)
  - ExPPC_PopStackFrame__FP12ThrowContextP15MWExceptionInfo (UNUSED)
  - ExPPC_NextAction__FP14ActionIterator (UNUSED)
  - ExPPC_CurrentAction__FPC14ActionIterator (UNUSED)
  - ExPPC_PopR31__FPcP15MWExceptionInfo (UNUSED)
  - ExPPC_FindExceptionRecord__FPcP15MWExceptionInfo (UNUSED)
  - ExPPC_FindExceptionFragment__FPcP12FragmentInfo (UNUSED)
  - what__Q23std13bad_exceptionCFv (UNUSED)
[ OK ] Symbol order matches the map.
[ OK ] UNUSED symbol sizes match (0/26 checked).
[ OK ] Symbol linkage (weak/local/global) matches the map.
------------------------------------------------------------------------------
RESULT: FAIL (1 error category/categories)
