Unit        : mario/Map/MapMakeList
Source      : src/Map/MapMakeList.cpp
Object      : build/GMSJ01/src/Map/MapMakeList.o
Map TU      : Map.a MapMakeList.cpp
Map symbols : 16 (5 UNUSED)   Object .text symbols: 18
reverse_fn_order: True
------------------------------------------------------------------------------

[ OK ] All map symbols are present in the object.
[ OK ] Symbol order matches the map.

[WARN] 2 UNUSED symbol(s) with wrong size (best-effort -- does not fail the check):
  - removeCheckListNode__17TMapCollisionDataFll
      map:    0x84 (132)
      object: 0x4 (4)
  - addCheckDataToList__17TMapCollisionDataFiiiiP12TBGCheckData
      map:    0x27c (636)
      object: 0x124 (292)
[ OK ] Symbol linkage (weak/local/global) matches the map.

[INFO] 2 object-only symbol(s) not in the map (usually deduplicated weak/inline helpers; not an error; -v to list).
------------------------------------------------------------------------------
RESULT: PASS with warnings (2 UNUSED size mismatch(es) -- see above)
