Unit        : mario/Enemy/igaiga
Source      : src/Enemy/igaiga.cpp
Object      : build/GMSJ01/src/Enemy/igaiga.o
Map TU      : Enemy.a igaiga.cpp
Map symbols : 108 (13 UNUSED)   Object .text symbols: 0
reverse_fn_order: True
------------------------------------------------------------------------------

[FAIL] 108 map symbol(s) MISSING from the object:
  - __dt__17TNerveGorogoroDieFv
  - execute__17TNerveGorogoroDieCFP24TSpineBase<10TLiveActor>
  - theNerve__17TNerveGorogoroDieFv (UNUSED)
  - execute__25TNerveGorogoroRollOnGraphCFP24TSpineBase<10TLiveActor>
  - theNerve__25TNerveGorogoroRollOnGraphFv (UNUSED)
  - __dt__25TNerveGorogoroRollOnGraphFv
  - generateByGateKeeper__9TGorogoroFRCQ29JGeometry8TVec3<f>RCQ29JGeometry8TVec3<f>
  - setGenerateGraphIdx__9TGorogoroFi (UNUSED)
  - setMActorAndKeeper__9TGorogoroFv
  - isRolling__9TGorogoroFv
  - getBasNameTable__9TGorogoroCFv
  - bound__9TGorogoroFv
  - setMeltAnm__9TGorogoroFv
  - setDeadAnm__9TGorogoroFv
  - flagJump__9TGorogoroFv
  - walkBehavior__9TGorogoroFif
  - boundSE__9TGorogoroFv
  - rollSE__9TGorogoroFv
  - behaveToWater__9TGorogoroFP9THitActor
  - forceKill__9TGorogoroFv
  - kill__9TGorogoroFv
  - reset__9TGorogoroFv
  - calcRootMatrix__9TGorogoroFv
  - perform__9TGorogoroFUlPQ26JDrama9TGraphics
  - init__9TGorogoroFP12TLiveManager
  - __ct__9TGorogoroFPCc (UNUSED)
  - __dt__10TRollEnemyFv
  - requestPolluteModel__16TGorogoroManagerFRQ29JGeometry8TVec3<f>RQ29JGeometry8TVec3<f> (UNUSED)
  - perform__16TGorogoroManagerFUlPQ26JDrama9TGraphics
  - MsWrap<f>__Ffff
  - inArea__16TGorogoroManagerFRCQ29JGeometry8TVec3<f> (UNUSED)
  - createModelData__16TGorogoroManagerFv
  - initSetEnemies__16TGorogoroManagerFv
  - createEnemyInstance__16TGorogoroManagerFv
  - loadAfter__16TGorogoroManagerFv
  - load__16TGorogoroManagerFR20JSUMemoryInputStream
  - __ct__16TGorogoroManagerFPCc
  - setAnm__21TGorogoroPolluteModelFv
  - init__28TGorogoroPolluteModelManagerFP10TLiveActor
  - execute__27TNerveIgaigaShootFromCannonCFP24TSpineBase<10TLiveActor>
  - __dt__23TNerveIgaigaRollOnGraphFv
  - theNerve__27TNerveIgaigaShootFromCannonFv (UNUSED)
  - __dt__27TNerveIgaigaShootFromCannonFv
  - execute__20TNerveIgaigaWaterHitCFP24TSpineBase<10TLiveActor>
  - theNerve__20TNerveIgaigaWaterHitFv (UNUSED)
  - __dt__20TNerveIgaigaWaterHitFv
  - execute__23TNerveIgaigaRollOnGraphCFP24TSpineBase<10TLiveActor>
  - theNerve__23TNerveIgaigaRollOnGraphFv (UNUSED)
  - shoot__7TIgaigaFRQ29JGeometry8TVec3<f>
  - waterExplosion__7TIgaigaFv (UNUSED)
  - bound__7TIgaigaFv
  - rollMove__7TIgaigaFv (UNUSED)
  - isHitValid__7TIgaigaFUl
  - getBasNameTable__7TIgaigaCFv
  - setMeltAnm__7TIgaigaFv
  - setDeadAnm__7TIgaigaFv
  - setWalkAnm__7TIgaigaFv
  - isReachedToGoalXZ__7TIgaigaFv
  - walkBehavior__7TIgaigaFif
  - boundSE__7TIgaigaFv
  - rollSE__7TIgaigaFv
  - moveObject__7TIgaigaFv
  - kill__7TIgaigaFv
  - reset__7TIgaigaFv
  - behaveToWater__7TIgaigaFP9THitActor
  - isRolling__7TIgaigaFv
  - calcRootMatrix__7TIgaigaFv
  - perform__7TIgaigaFUlPQ26JDrama9TGraphics
  - setMActorAndKeeper__7TIgaigaFv
  - init__7TIgaigaFP12TLiveManager
  - __ct__7TIgaigaFPCc
  - RollEnemyBodyCallback__FP7J3DNodei
  - isRolling__10TRollEnemyFv
  - requestPolluteModel__14TIgaigaManagerFRQ29JGeometry8TVec3<f>RQ29JGeometry8TVec3<f> (UNUSED)
  - perform__14TIgaigaManagerFUlPQ26JDrama9TGraphics
  - initSetEnemies__14TIgaigaManagerFv
  - createEnemyInstance__14TIgaigaManagerFv
  - createModelData__14TIgaigaManagerFv
  - load__14TIgaigaManagerFR20JSUMemoryInputStream
  - __ct__14TIgaigaManagerFPCc
  - setAnm__19TIgaigaPolluteModelFv
  - init__26TIgaigaPolluteModelManagerFP10TLiveActor
  - setBehavior__10TRollEnemyFv
  - isReachedToGoalXZ__10TRollEnemyFv
  - isCollidMove__10TRollEnemyFP9THitActor
  - flagJump__10TRollEnemyFv
  - attackToMario__10TRollEnemyFv
  - behaveToWater__10TRollEnemyFP9THitActor
  - walkBehavior__10TRollEnemyFif
  - rollSE__10TRollEnemyFv
  - boundSE__10TRollEnemyFv
  - bound__10TRollEnemyFv
  - reset__10TRollEnemyFv
  - __ct__10TRollEnemyFPCc
  - __ct__24TRollEnemySaveLoadParamsFPCc (UNUSED)
  - setAfterDeadEffect__10TRollEnemyFv
  - __dt__9TGorogoroFv
  - __dt__16TGorogoroManagerFv
  - __dt__21TGorogoroPolluteModelFv
  - __dt__28TGorogoroPolluteModelManagerFv
  - __dt__7TIgaigaFv
  - __dt__14TIgaigaManagerFv
  - __dt__19TIgaigaPolluteModelFv
  - __dt__26TIgaigaPolluteModelManagerFv
  - __sinit_igaiga_cpp
  - @32@__dt__10TRollEnemyFv
  - @32@__dt__7TIgaigaFv
  - @32@__dt__9TGorogoroFv
[ OK ] Symbol order matches the map.
[ OK ] UNUSED symbol sizes match (0/13 checked).
[ OK ] Symbol linkage (weak/local/global) matches the map.
------------------------------------------------------------------------------
RESULT: FAIL (1 error category/categories)
