Unit        : mario/System/CardManager
Source      : src/System/CardManager.cpp
Object      : build/GMSJ01/src/System/CardManager.o
Map TU      : System.a CardManager.cpp
Map symbols : 46 (13 UNUSED)   Object .text symbols: 49
reverse_fn_order: True
------------------------------------------------------------------------------

[ OK ] All map symbols are present in the object.
[ OK ] Symbol order matches the map.

[WARN] 4 UNUSED symbol(s) with wrong size (best-effort -- does not fail the check):
  - writeCardSector___12TCardManagerFP12CARDFileInfolP11TCardSectorPQ212TCardManager9TCriteria
      map:    0x104 (260)
      object: 0x108 (264)
  - readOptionBlock___12TCardManagerFv
      map:    0x124 (292)
      object: 0x120 (288)
  - getLoadIndex__12TCardManagerFPQ212TCardManager9TCriteria
      map:    0x5c (92)
      object: 0x4 (4)
  - read__11TCardSectorFP12CARDFileInfolPQ212TCardManager9TCriteria
      map:    0xc8 (200)
      object: 0x104 (260)
[ OK ] Symbol linkage (weak/local/global) matches the map.

[INFO] 3 object-only symbol(s) not in the map (usually deduplicated weak/inline helpers; not an error; -v to list).
------------------------------------------------------------------------------
RESULT: PASS with warnings (4 UNUSED size mismatch(es) -- see above)
