Unit        : mario/JSystem/JUtility/JUTAssert
Source      : src/JSystem/JUtility/JUTAssert.cpp
Object      : build/GMSJ01/src/JSystem/JUtility/JUTAssert.o
Map TU      : JSystem.a JUTAssert.cpp
Map symbols : 18 (17 UNUSED)   Object .text symbols: 1
reverse_fn_order: False
------------------------------------------------------------------------------

[FAIL] 17 map symbol(s) MISSING from the object:
  - create__12JUTAssertionFv (UNUSED)
  - flush_subroutine__12JUTAssertionFv (UNUSED)
  - flushMessage_dbPrint__12JUTAssertionFv (UNUSED)
  - getSDevice__12JUTAssertionFv (UNUSED)
  - setConfirmMessage__12JUTAssertionFUlPcibPc (UNUSED)
  - showAssert__12JUTAssertionFUlPciPc (UNUSED)
  - checkAssert__12JUTAssertionFUlPcibPc (UNUSED)
  - setWarningMessage_f_va (UNUSED)
  - setWarningMessage_f__12JUTAssertionFUlPciPCce (UNUSED)
  - setLogMessage_f_va (UNUSED)
  - setLogMessage_f__12JUTAssertionFUlPciPCce (UNUSED)
  - changeDisplayTime__12JUTAssertionFUl (UNUSED)
  - changeDevice__12JUTAssertionFUl (UNUSED)
  - setVisible__12JUTAssertionFb (UNUSED)
  - setMessageCount__12JUTAssertionFi (UNUSED)
  - setDeviceSynchro__12JUTAssertionFb (UNUSED)
  - showStack__12JUTAssertionFv (UNUSED)
[ OK ] Symbol order matches the map.
[ OK ] UNUSED symbol sizes match (0/17 checked).
[ OK ] Symbol linkage (weak/local/global) matches the map.
------------------------------------------------------------------------------
RESULT: FAIL (1 error category/categories)
