Unit        : mario/Enemy/killer
Source      : src/Enemy/killer.cpp
Object      : build/GMSJ01/src/Enemy/killer.o
Map TU      : Enemy.a killer.cpp
Map symbols : 60 (7 UNUSED)   Object .text symbols: 0
reverse_fn_order: True
------------------------------------------------------------------------------

[FAIL] 60 map symbol(s) MISSING from the object:
  - __dt__21TNerveKillerExplosionFv
  - execute__21TNerveKillerExplosionCFP24TSpineBase<10TLiveActor>
  - theNerve__21TNerveKillerExplosionFv (UNUSED)
  - isFindMario__7TKillerFf
  - calcRootMatrix__7TKillerFv
  - bind__7TKillerFv
  - __dt__22TNerveFlyEnemyChaseFlyFv
  - setColorType__7TKillerFv
  - reset__7TKillerFv
  - changeOut__7TKillerFv
  - flyBehavior__7TKillerFv
  - isCollidMove__7TKillerFP9THitActor
  - isRollFly__7TKillerFv
  - setChaseFlyAnm__7TKillerFv
  - setNormalFlyAnm__7TKillerFv
  - getBasNameTable__7TKillerCFv
  - attackToMario__7TKillerFv
  - setDeadAnm__7TKillerFv
  - isHitValid__7TKillerFUl
  - genEventCoin__7TKillerFv
  - behaveToWater__7TKillerFP9THitActor
  - __dt__23TNerveFlyEnemyNormalFlyFv
  - setMActorAndKeeper__7TKillerFv
  - init__7TKillerFP12TLiveManager
  - __ct__7TKillerFPCc
  - __dt__9TFlyEnemyFv
  - KillerBodyCallback__FP7J3DNodei
  - createEnemyInstance__14TKillerManagerFv
  - __ct__9TFlyEnemyFPCc
  - createModelData__14TKillerManagerFv
  - load__14TKillerManagerFR20JSUMemoryInputStream
  - __dt__15TFlyEnemyParamsFv (UNUSED)
  - __ct__14TKillerManagerFPCc
  - __ct__21TKillerSaveLoadParamsFPCc (UNUSED)
  - execute__22TNerveFlyEnemyChaseFlyCFP24TSpineBase<10TLiveActor>
  - flyBehavior__9TFlyEnemyFv
  - set<f>__Q29JGeometry8TVec3<f>Ffff
  - MsSin__Ff
  - MsCos__Ff
  - MsWrap<f>__Ffff
  - setChaseFlyAnm__9TFlyEnemyFv
  - theNerve__22TNerveFlyEnemyChaseFlyFv (UNUSED)
  - execute__23TNerveFlyEnemyNormalFlyCFP24TSpineBase<10TLiveActor>
  - setNormalFlyAnm__9TFlyEnemyFv
  - theNerve__23TNerveFlyEnemyNormalFlyFv (UNUSED)
  - flyMove__9TFlyEnemyFv (UNUSED)
  - bind__9TFlyEnemyFv
  - calcChaseParam__9TFlyEnemyFv
  - fly__9TFlyEnemyFv
  - reset__9TFlyEnemyFv
  - getGravityY__9TFlyEnemyCFv
  - init__9TFlyEnemyFP12TLiveManager
  - __ct__15TFlyEnemyParamsFPCc (UNUSED)
  - forceKill__7TKillerFv
  - setAfterDeadEffect__9TFlyEnemyFv
  - __dt__7TKillerFv
  - __dt__14TKillerManagerFv
  - __sinit_killer_cpp
  - @32@__dt__9TFlyEnemyFv
  - @32@__dt__7TKillerFv
[ OK ] Symbol order matches the map.
[ OK ] UNUSED symbol sizes match (0/7 checked).
[ OK ] Symbol linkage (weak/local/global) matches the map.
------------------------------------------------------------------------------
RESULT: FAIL (1 error category/categories)
