Unit        : mario/Enemy/bosstelesa
Source      : src/Enemy/bosstelesa.cpp
Object      : build/GMSJ01/src/Enemy/bosstelesa.o
Map TU      : Enemy.a bosstelesa.cpp
Map symbols : 138 (38 UNUSED)   Object .text symbols: 0
reverse_fn_order: True
------------------------------------------------------------------------------

[FAIL] 138 map symbol(s) MISSING from the object:
  - __dt__24TNerveBossTelesaFallDemoFv
  - execute__24TNerveBossTelesaFallDemoCFP24TSpineBase<10TLiveActor>
  - __dt__24TNerveBossTelesaHideWaitFv
  - theNerve__24TNerveBossTelesaFallDemoFv (UNUSED)
  - execute__22TNerveBossTelesaFreezeCFP24TSpineBase<10TLiveActor>
  - theNerve__22TNerveBossTelesaFreezeFv (UNUSED)
  - __dt__22TNerveBossTelesaFreezeFv
  - execute__27TNerveBossTelesaPrepareSlotCFP24TSpineBase<10TLiveActor>
  - __dt__20TNerveBossTelesaHideFv
  - theNerve__27TNerveBossTelesaPrepareSlotFv (UNUSED)
  - __dt__27TNerveBossTelesaPrepareSlotFv
  - execute__28TNerveBossTelesaSpitSlotItemCFP24TSpineBase<10TLiveActor>
  - theNerve__28TNerveBossTelesaSpitSlotItemFv (UNUSED)
  - __dt__28TNerveBossTelesaSpitSlotItemFv
  - execute__25TNerveBossTelesaSlotStartCFP24TSpineBase<10TLiveActor>
  - theNerve__25TNerveBossTelesaSlotStartFv (UNUSED)
  - __dt__25TNerveBossTelesaSlotStartFv
  - execute__22TNerveBossTelesaAppearCFP24TSpineBase<10TLiveActor>
  - theNerve__22TNerveBossTelesaAppearFv (UNUSED)
  - __dt__22TNerveBossTelesaAppearFv
  - execute__24TNerveBossTelesaHideWaitCFP24TSpineBase<10TLiveActor>
  - theNerve__24TNerveBossTelesaHideWaitFv (UNUSED)
  - execute__20TNerveBossTelesaHideCFP24TSpineBase<10TLiveActor>
  - theNerve__20TNerveBossTelesaHideFv (UNUSED)
  - execute__20TNerveBossTelesaSpitCFP24TSpineBase<10TLiveActor>
  - theNerve__20TNerveBossTelesaSpitFv (UNUSED)
  - __dt__20TNerveBossTelesaSpitFv
  - execute__19TNerveBossTelesaDieCFP24TSpineBase<10TLiveActor>
  - theNerve__19TNerveBossTelesaDieFv (UNUSED)
  - __dt__19TNerveBossTelesaDieFv
  - fanfale__11TBossTelesaFv (UNUSED)
  - forceHide__11TBossTelesaFv
  - isForceRestart__11TBossTelesaFv (UNUSED)
  - rollRouletteCircle__11TBossTelesaFv (UNUSED)
  - forceAllItemKill__11TBossTelesaFv
  - checkAllItemDead__11TBossTelesaFv (UNUSED)
  - checkSlot__11TBossTelesaFv (UNUSED)
  - fruitCollisionOn__11TBossTelesaFv (UNUSED)
  - generateSlotItem__11TBossTelesaFv
  - checkSlotResult__11TBossTelesaFv (UNUSED)
  - slotStop__11TBossTelesaFv (UNUSED)
  - slotStart__11TBossTelesaFv (UNUSED)
  - rouletteStart__11TBossTelesaFv
  - isInDamage__11TBossTelesaFv (UNUSED)
  - setBckAnm__11TBossTelesaFi (UNUSED)
  - genAttacker__11TBossTelesaFv
  - getBasNameTable__11TBossTelesaCFv
  - offAllCollision__11TBossTelesaFv (UNUSED)
  - onAllCollision__11TBossTelesaFv (UNUSED)
  - flashItem__11TBossTelesaFi
  - openWaterPlace__11TBossTelesaFv (UNUSED)
  - slotFall__11TBossTelesaFv
  - rouletteFall__11TBossTelesaFv
  - tongueHitWater__11TBossTelesaFv (UNUSED)
  - damageRecover__11TBossTelesaFv
  - setSpicy__11TBossTelesaFP10TLiveActor
  - checkHitObject__11TBossTelesaFP9THitActor
  - checkMessage__11TBossTelesaFP9THitActorUl (UNUSED)
  - receiveMessage__11TBossTelesaFP9THitActorUl
  - perform__11TBossTelesaFUlPQ26JDrama9TGraphics
  - calcRootMatrix__11TBossTelesaFv
  - prepareGenerate__11TBossTelesaFv (UNUSED)
  - getTakingMtx__11TBossTelesaFv
  - kill__11TBossTelesaFv
  - moveObject__11TBossTelesaFv
  - reset__11TBossTelesaFv
  - loadAfter__11TBossTelesaFv
  - init__11TBossTelesaFP12TLiveManager
  - __ct__11TBossTelesaFPCc
  - entryObjCollision__11TTelesaSlotFv (UNUSED)
  - calcObjCollision__11TTelesaSlotFv (UNUSED)
  - getResultFromAng__11TTelesaSlotFf
  - getForcastResult__11TTelesaSlotFi
  - getDrumResult__11TTelesaSlotFi (UNUSED)
  - getSlotResult__11TTelesaSlotFv
  - isRollDrum__11TTelesaSlotFv
  - forceStopSlot__11TTelesaSlotFi
  - touchWater__11TTelesaSlotFP9THitActor
  - moveStart__11TTelesaSlotFv
  - moveObject__11TTelesaSlotFv
  - calcRootMatrix__11TTelesaSlotFv
  - randomReset__11TTelesaSlotFv
  - initMapObj__11TTelesaSlotFv
  - checkHit__25TBossTelesaKillSmallEnemyFv
  - receiveMessage__17TBossTelesaTongueFP9THitActorUl
  - checkHit__17TBossTelesaTongueFv (UNUSED)
  - getCurBckAnmPtr__6MActorFv (UNUSED)
  - checkHit__15TBossTelesaBodyFv (UNUSED)
  - receiveMessage__15TBossTelesaBodyFP9THitActorUl
  - perform__18TBossTelesaManagerFUlPQ26JDrama9TGraphics
  - createModelData__18TBossTelesaManagerFv
  - createEnemyInstance__18TBossTelesaManagerFv
  - load__18TBossTelesaManagerFR20JSUMemoryInputStream
  - __ct__18TBossTelesaManagerFPCc
  - __ct__25TBossTelesaSaveLoadParamsFPCc
  - execute__17TNerveBubbleSplitCFP24TSpineBase<10TLiveActor>
  - theNerve__17TNerveBubbleSplitFv (UNUSED)
  - __dt__17TNerveBubbleSplitFv
  - execute__16TNerveBubbleLiveCFP24TSpineBase<10TLiveActor>
  - appendEnemy__7TBubbleFv
  - appendItem__7TBubbleFv (UNUSED)
  - theNerve__16TNerveBubbleLiveFv (UNUSED)
  - __dt__16TNerveBubbleLiveFv
  - getBasNameTable__7TBubbleCFv
  - getTakingMtx__7TBubbleFv
  - setDeadAnm__7TBubbleFv
  - calcRootMatrix__7TBubbleFv
  - attackToMario__7TBubbleFv
  - behaveToWater__7TBubbleFP9THitActor
  - kill__7TBubbleFv
  - getGravityY__7TBubbleCFv
  - split__7TBubbleFv
  - reset__7TBubbleFv
  - init__7TBubbleFP12TLiveManager
  - __ct__7TBubbleFPCc (UNUSED)
  - createModelData__14TBubbleManagerFv
  - createEnemyInstance__14TBubbleManagerFv
  - load__14TBubbleManagerFR20JSUMemoryInputStream
  - __ct__14TBubbleManagerFPCc
  - __ct__21TBubbleSaveLoadParamsFPCc (UNUSED)
  - __dt__25TBossTelesaKillSmallEnemyFv
  - __dt__11TBossTelesaFv
  - __dt__11TTelesaSlotFv
  - initNeonMatColor__11TTelesaSlotFv
  - __dt__17TBossTelesaTongueFv
  - __dt__15TBossTelesaBodyFv
  - __dt__18TBossTelesaManagerFv
  - clipEnemies__18TBossTelesaManagerFPQ26JDrama9TGraphics
  - setAfterDeadEffect__7TBubbleFv
  - __dt__7TBubbleFv
  - __dt__14TBubbleManagerFv
  - __sinit_bosstelesa_cpp
  - @32@__dt__7TBubbleFv
  - @32@__dt__15TBossTelesaBodyFv
  - @32@__dt__17TBossTelesaTongueFv
  - @32@__dt__11TTelesaSlotFv
  - @32@__dt__11TBossTelesaFv
  - @32@__dt__25TBossTelesaKillSmallEnemyFv
[ OK ] Symbol order matches the map.
[ OK ] UNUSED symbol sizes match (0/38 checked).
[ OK ] Symbol linkage (weak/local/global) matches the map.
------------------------------------------------------------------------------
RESULT: FAIL (1 error category/categories)
