Unit        : mario/JSystem/JAudio/JAInterface/JAIGFrameStream
Source      : src/JSystem/JAudio/JAInterface/JAIGFrameStream.cpp
Object      : build/GMSJ01/src/JSystem/JAudio/JAInterface/JAIGFrameStream.o
Map TU      : JSystem.a JAIGFrameStream.cpp
Map symbols : 38 (12 UNUSED)   Object .text symbols: 38
reverse_fn_order: False
------------------------------------------------------------------------------

[ OK ] All map symbols are present in the object.
[ OK ] Symbol order matches the map.

[WARN] 5 UNUSED symbol(s) with wrong size (best-effort -- does not fail the check):
  - deallocBuffer__Q27JAInter9StreamLibFv
      map:    0x60 (96)
      object: 0x4 (4)
  - setBufferMode__Q27JAInter9StreamLibFb
      map:    0x8 (8)
      object: 0x4 (4)
  - Hvqm_SetAudioDmaBuffers__Q27JAInter9StreamLibFUl
      map:    0x8 (8)
      object: 0x4 (4)
  - getPrepareFlag__Q27JAInter9StreamLibFv
      map:    0x1c (28)
      object: 0x8 (8)
  - setDecodedBufferBlocks__Q27JAInter9StreamLibFUl
      map:    0x24 (36)
      object: 0x4 (4)
[ OK ] Symbol linkage (weak/local/global) matches the map.
------------------------------------------------------------------------------
RESULT: PASS with warnings (5 UNUSED size mismatch(es) -- see above)
