Unit        : mario/MoveBG/MapObjFence
Source      : src/MoveBG/MapObjFence.cpp
Object      : build/GMSJ01/src/MoveBG/MapObjFence.o
Map TU      : MoveBG.a MapObjFence.cpp
Map symbols : 44 (2 UNUSED)   Object .text symbols: 0
reverse_fn_order: True
------------------------------------------------------------------------------

[FAIL] 44 map symbol(s) MISSING from the object:
  - __dt__10TRailFenceFv
  - __ct__10TRailFenceFPCc
  - load__10TRailFenceFR20JSUMemoryInputStream
  - initMapCollisionData__10TRailFenceFv
  - control__10TRailFenceFv
  - goOnRail__10TRailFenceFv
  - falling__10TRailFenceFv (UNUSED)
  - receiveMessage__10TRailFenceFP9THitActorUl
  - changeStatusToWait__12TFenceWaterHFv
  - changeStatusToGo__12TFenceWaterHFv
  - control__12TFenceWaterHFv
  - initMapObj__11TFenceWaterFv
  - initMapCollisionData__11TFenceWaterFv
  - control__11TFenceWaterFv
  - controlRotation__11TFenceWaterFv
  - changeStatusToWait__11TFenceWaterFv
  - changeStatusToGo__11TFenceWaterFv
  - receiveMessage__11TFenceWaterFP9THitActorUl
  - draw__11TFenceWaterCFv
  - initMapObj__20TRevolvingFenceInnerFv
  - initMapCollisionData__20TRevolvingFenceInnerFv
  - control__20TRevolvingFenceInnerFv
  - setGroundCollision__20TRevolvingFenceInnerFv
  - controlGroundRoof__20TRevolvingFenceInnerFv
  - controlWall__20TRevolvingFenceInnerFv
  - MsMtxSetRotY__FPA4_ff
  - MsWrap<f>__Ffff
  - calcCurrentMtx__20TRevolvingFenceInnerFv (UNUSED)
  - receiveMessage__20TRevolvingFenceInnerFP9THitActorUl
  - initMapCollisionData__20TRevolvingFenceOuterFv
  - receiveMessage__20TRevolvingFenceOuterFP9THitActorUl
  - initMapObj__6TFenceFv
  - initMapCollisionData__6TFenceFv
  - receiveMessage__6TFenceFP9THitActorUl
  - __dt__12TFenceWaterHFv
  - __dt__20TRevolvingFenceInnerFv
  - __dt__20TRevolvingFenceOuterFv
  - __sinit_MapObjFence_cpp
  - @32@__dt__6TFenceFv
  - @32@__dt__20TRevolvingFenceOuterFv
  - @32@__dt__20TRevolvingFenceInnerFv
  - @32@__dt__11TFenceWaterFv
  - @32@__dt__12TFenceWaterHFv
  - @32@__dt__10TRailFenceFv
[ OK ] Symbol order matches the map.
[ OK ] UNUSED symbol sizes match (0/2 checked).
[ OK ] Symbol linkage (weak/local/global) matches the map.
------------------------------------------------------------------------------
RESULT: FAIL (1 error category/categories)
