Unit        : mario/NPC/NpcCallback
Source      : src/NPC/NpcCallback.cpp
Object      : build/GMSJ01/src/NPC/NpcCallback.o
Map TU      : NPC.a NpcCallback.cpp
Map symbols : 6 (0 UNUSED)   Object .text symbols: 9
reverse_fn_order: True
------------------------------------------------------------------------------

[ OK ] All map symbols are present in the object.

[WARN] Only weak symbols are out of order (compiler-controlled -- does not fail the check):
    NPCNeckCallBack__FP7J3DNodei
  + CLBCalcRatio<i>__Fiii   (object position)
    CLBEaseOutInbetween<s>__Fssf
    CLBTwoDegreeGeneralInbetween<s>__Fssff
  - CLBCalcRatio<i>__Fiii   (map position)
  + CLBPalIntSpeed<s>__Fs   (object position)
    CLBChaseGeneralConstantSpecifySpeed<s>__FPsss
  - CLBPalIntSpeed<s>__Fs   (map position)
[ OK ] Symbol linkage (weak/local/global) matches the map.

[INFO] 3 object-only symbol(s) not in the map (usually deduplicated weak/inline helpers; not an error; -v to list).
------------------------------------------------------------------------------
RESULT: PASS with warnings (weak-symbol order -- see above)
