Unit        : mario/MSound/MSound
Source      : src/MSound/MSound.cpp
Object      : build/GMSJ01/src/MSound/MSound.o
Map TU      : MSound.a MSound.cpp
Map symbols : 58 (9 UNUSED)   Object .text symbols: 81
reverse_fn_order: True
------------------------------------------------------------------------------

[ OK ] All map symbols are present in the object.

[WARN] Only weak symbols are out of order (compiler-controlled -- does not fail the check):
    getMapInfoGround__6MSoundFUl
    getBstPitch__6MSoundFUl
    getSwitch__6MSoundFUlUlUl
    getBstSwitch__6MSoundFUl
    gateCheck__6MSoundFUl
    cameraLooksAtMario__6MSoundFv
    startSoundActorSpecial__6MSoundFUlPC3VecffUlPP8JAISoundUlUc
    startBeeSe__6MSoundFP3VecUl
    getWallSound__6MSoundFUlf
    checkMarioVoicePlaying__6MSoundFUc
    stopMarioVoice__6MSoundFUlUc
    getMarioVoiceID__6MSoundFUc
    startMarioVoice__6MSoundFUlsUc
    playTimer__6MSoundFUl
    setSeExtParameter__6MSoundFP8JAISound
    getRandomVolumeNormal__Q214MSoundSESystem9MSRandVolFUl
    stopAllSound__6MSoundFv
    fadeOutAllSound__6MSoundFUl
    setCategoryAllVolume__6MSoundFUcfUlUc
    stopAllSeInCategory__6MSoundFUcUl
    resetAudioAll__6MSoundFUs
    setCategoryVOLs__6MSoundFUsf
    setCategoryVOLsDefault__6MSoundFUs
    talkModeOut__6MSoundFv
    talkModeIn__6MSoundFb
    demoModeOut__6MSoundFb
    demoModeIn__6MSoundFUsb
    pauseOff__6MSoundFUc
    pauseOn__6MSoundFb
    initSound__6MSoundFv
    startSoundSetGrp__6MSoundFUlPC3VecUlfUlUlUc
    startSoundSet__6MSoundFUlPC3VecUlfUlUlUc
    mainLoop__6MSoundFv
  + frameLoopDyna__29MSSetSoundTL<13MSSetSoundGrp>Fv   (object position)
  + frameLoopDyna__26MSSetSoundTL<10MSSetSound>Fv   (object position)
    requestShineAppearFanfare__6MSoundFv
    __ct__6MSoundFP7JKRHeapP7JKRHeapUlPUcPUcUl
    __ct__9JAICameraFv
    getDistFromCamera__6MSoundFP3Vec
    setPlayerInfo__6MSoundFP3VecP3VecPA4_fb
    setCameraInfo__6MSoundFP3VecP3VecPA4_fUl
    checkSeqOnMemory__6MSoundFUl
    checkWaveOnAram__6MSoundF13MS_SCENE_WAVE
    exitStage__6MSoundFv
    enterStage__6MSoundF13MS_SCENE_WAVEUcUc
    loadWave__6MSoundF13MS_SCENE_WAVE
    cleanUpAramWave__6MSoundFUc
    loadGroupWave__6MSoundFll
    setRegisterTrackCallback__6MSoundFv
    makeSound__6MSoundFUl
    __ct__8MSHandleFv
    getMSound__6MSoundFv
    setParameterSeqSync__12MSSeCallBackFPQ28JASystem6TTrackUs
    setWaterFilter__12MSSeCallBackFUs
    setWaterCameraFir__12MSSeCallBackFb
    loadWaveBackword__10MSLoadWaveFPQ38JASystem13WaveArcLoader7TObject
    loadWaveBackword__10MSLoadWaveFii
  - frameLoopDyna__29MSSetSoundTL<13MSSetSoundGrp>Fv   (map position)
  - frameLoopDyna__26MSSetSoundTL<10MSSetSound>Fv   (map position)
    __sinit_MSound_cpp

[WARN] 6 UNUSED symbol(s) with wrong size (best-effort -- does not fail the check):
  - getBstPitch__6MSoundFUl
      map:    0x3c (60)
      object: 0x8 (8)
  - stopAllSeInCategory__6MSoundFUcUl
      map:    0x74 (116)
      object: 0x4 (4)
  - requestShineAppearFanfare__6MSoundFv
      map:    0xc (12)
      object: 0x4 (4)
  - checkSeqOnMemory__6MSoundFUl
      map:    0x4c (76)
      object: 0x8 (8)
  - cleanUpAramWave__6MSoundFUc
      map:    0x64 (100)
      object: 0x4 (4)
  - setWaterFilter__12MSSeCallBackFUs
      map:    0x18 (24)
      object: 0x4 (4)
[ OK ] Symbol linkage (weak/local/global) matches the map.

[INFO] 23 object-only symbol(s) not in the map (usually deduplicated weak/inline helpers; not an error; -v to list).
------------------------------------------------------------------------------
RESULT: PASS with warnings (weak-symbol order; 6 UNUSED size mismatch(es) -- see above)
