Unit        : mario/MarioUtil/ShadowUtil
Source      : src/MarioUtil/ShadowUtil.cpp
Object      : build/GMSJ01/src/MarioUtil/ShadowUtil.o
Map TU      : MarioUtil.a ShadowUtil.cpp
Map symbols : 52 (12 UNUSED)   Object .text symbols: 53
reverse_fn_order: True
------------------------------------------------------------------------------

[FAIL] 12 map symbol(s) MISSING from the object:
  - __dt__Q219TMBindShadowManager26TSetup5$2216ShadowUtil_cppFv
  - __dt__Q219TMBindShadowManager26TSetup4$2207ShadowUtil_cppFv
  - __dt__Q219TMBindShadowManager26TSetup3$2195ShadowUtil_cppFv
  - __dt__Q219TMBindShadowManager26TSetup2$2190ShadowUtil_cppFv
  - __dt__Q219TMBindShadowManager28TCylinder$2171ShadowUtil_cppFv
  - __dt__Q219TMBindShadowManager26TSetup1$2172ShadowUtil_cppFv
  - makeDL__Q219TMBindShadowManager26TSetup5$2216ShadowUtil_cppFv
  - makeDL__Q219TMBindShadowManager26TSetup4$2207ShadowUtil_cppFv
  - makeDL__Q219TMBindShadowManager26TSetup3$2195ShadowUtil_cppFv
  - makeDL__Q219TMBindShadowManager26TSetup2$2190ShadowUtil_cppFv
  - makeDL__Q219TMBindShadowManager28TCylinder$2171ShadowUtil_cppFv
  - makeDL__Q219TMBindShadowManager26TSetup1$2172ShadowUtil_cppFv
[ OK ] Symbol order matches the map.

[WARN] 4 UNUSED symbol(s) with wrong size (best-effort -- does not fail the check):
  - draw__12TModelShadowFiPQ26JDrama9TGraphics
      map:    0x428 (1064)
      object: 0x4 (4)
  - calc__12TModelShadowFiPQ26JDrama9TGraphics
      map:    0x370 (880)
      object: 0x4 (4)
  - update__12TModelShadowFv
      map:    0x24 (36)
      object: 0x4 (4)
  - __ct__12TModelShadowFP12SDLModelDataPvi
      map:    0x2e8 (744)
      object: 0x4 (4)
[ OK ] Symbol linkage (weak/local/global) matches the map.

[INFO] 13 object-only symbol(s) not in the map (usually deduplicated weak/inline helpers; not an error; -v to list).
------------------------------------------------------------------------------
RESULT: FAIL (1 error category/categories, 4 UNUSED size mismatch(es) warning(s))
