Unit        : mario/OdemuExi2/DebuggerDriver
Source      : src/OdemuExi2/DebuggerDriver.c
Object      : build/GMSJ01/src/OdemuExi2/DebuggerDriver.o
Map TU      : OdemuExi2.a DebuggerDriver.c
Map symbols : 22 (8 UNUSED)   Object .text symbols: 20
reverse_fn_order: True
------------------------------------------------------------------------------

[FAIL] 2 map symbol(s) MISSING from the object:
  - DBGCheckID (UNUSED)
  - DBGEXIClearInterrupts (UNUSED)

[FAIL] Non-weak symbol ORDER differs from the map (weak & object-only symbols ignored):
    DBClose
    DBOpen
    DBWrite
    DBRead
    DBQueryData
  - CheckMailBox   (map position)
    DBInitInterrupts
    DBInitComm
  + CheckMailBox   (object position)
    DBGHandler
    MWCallback
    DBGReadStatus
    DBGWrite
    DBGRead
  + DBGWriteMailbox   (object position)
    DBGReadMailbox
  - DBGWriteMailbox   (map position)
    DBGEXIImm
    DBGEXISync
    DBGEXIDeselect
    DBGEXISelect
    DBGEXIInit
[ OK ] UNUSED symbol sizes match (6/8 checked).
[ OK ] Symbol linkage (weak/local/global) matches the map.
------------------------------------------------------------------------------
RESULT: FAIL (2 error category/categories)
