Unit        : mario/JSystem/JAudio/JAInterface/JAISound
Source      : src/JSystem/JAudio/JAInterface/JAISound.cpp
Object      : build/GMSJ01/src/JSystem/JAudio/JAInterface/JAISound.o
Map TU      : JSystem.a JAISound.cpp
Map symbols : 107 (54 UNUSED)   Object .text symbols: 107
reverse_fn_order: False
------------------------------------------------------------------------------

[ OK ] All map symbols are present in the object.
[ OK ] Symbol order matches the map.

[WARN] 50 UNUSED symbol(s) with wrong size (best-effort -- does not fail the check):
  - initMultiMoveParameter__8JAISoundFP14JAIMoveParaSetUcUlffUl
      map:    0x100 (256)
      object: 0x4 (4)
  - getDataInfoHeader__8JAISoundFv
      map:    0x78 (120)
      object: 0x4 (4)
  - start__8JAISoundFUl
      map:    0x40 (64)
      object: 0x4 (4)
  - setDirectVolume__8JAISoundFfUl
      map:    0x74 (116)
      object: 0x4 (4)
  - setDirectPan__8JAISoundFfUl
      map:    0x74 (116)
      object: 0x4 (4)
  - setDirectPitch__8JAISoundFfUl
      map:    0x74 (116)
      object: 0x4 (4)
  - setDirectFxmix__8JAISoundFfUl
      map:    0x74 (116)
      object: 0x4 (4)
  - setDirectDolby__8JAISoundFfUl
      map:    0x74 (116)
      object: 0x4 (4)
  - setPrepareFlag__8JAISoundFUc
      map:    0x60 (96)
      object: 0x4 (4)
  - checkReady__8JAISoundFv
      map:    0x6c (108)
      object: 0x4 (4)
  - setTrackVolume__8JAISoundFUcfUl
      map:    0x10c (268)
      object: 0x4 (4)
  - setTrackVolumeMulti__8JAISoundFUcUlfUl
      map:    0xf0 (240)
      object: 0x4 (4)
  - setTrackMuteSwitch__8JAISoundFUcUc
      map:    0xc4 (196)
      object: 0x4 (4)
  - setTrackMuteSwitchMulti__8JAISoundFUlUc
      map:    0x100 (256)
      object: 0x4 (4)
  - setTrackPan__8JAISoundFUcfUl
      map:    0x10c (268)
      object: 0x4 (4)
  - setTrackPanMulti__8JAISoundFUcUlfUl
      map:    0xf0 (240)
      object: 0x4 (4)
  - setTrackPitch__8JAISoundFUcfUl
      map:    0x10c (268)
      object: 0x4 (4)
  - setTrackPitchMulti__8JAISoundFUcUlfUl
      map:    0xf0 (240)
      object: 0x4 (4)
  - setTrackFxmix__8JAISoundFUcfUl
      map:    0x10c (268)
      object: 0x4 (4)
  - setTrackFxmixMulti__8JAISoundFUcUlfUl
      map:    0xf0 (240)
      object: 0x4 (4)
  - setTrackDolby__8JAISoundFUcfUl
      map:    0x148 (328)
      object: 0x4 (4)
  - setTrackDolbyMulti__8JAISoundFUcUlfUl
      map:    0xec (236)
      object: 0x4 (4)
  - setTrackFirU7__8JAISoundFUcUcUl
      map:    0x104 (260)
      object: 0x4 (4)
  - setTrackFirMultiU7__8JAISoundFUcUlUcUl
      map:    0xfc (252)
      object: 0x4 (4)
  - setSeInterFir__8JAISoundFUcUcUlUc
      map:    0xa4 (164)
      object: 0x4 (4)
  - getSePortData__8JAISoundFUc
      map:    0x3c (60)
      object: 0x4 (4)
  - setStreamMode__8JAISoundFUl
      map:    0x64 (100)
      object: 0x4 (4)
  - setStreamPrepareFlag__8JAISoundFUc
      map:    0x58 (88)
      object: 0x4 (4)
  - checkStreamReady__8JAISoundFv
      map:    0x70 (112)
      object: 0x4 (4)
  - setSeqPrepareFlag__8JAISoundFUc
      map:    0x68 (104)
      object: 0x4 (4)
  - checkSeqReady__8JAISoundFv
      map:    0x8c (140)
      object: 0x4 (4)
  - getVolume__8JAISoundFUc
      map:    0x74 (116)
      object: 0x4 (4)
  - getPan__8JAISoundFUc
      map:    0x54 (84)
      object: 0x4 (4)
  - getPitch__8JAISoundFUc
      map:    0x74 (116)
      object: 0x4 (4)
  - getFxmix__8JAISoundFUc
      map:    0x54 (84)
      object: 0x4 (4)
  - getDolby__8JAISoundFUc
      map:    0x54 (84)
      object: 0x4 (4)
  - getTempoProportion__8JAISoundFv
      map:    0x44 (68)
      object: 0x4 (4)
  - getPortData__8JAISoundFUc
      map:    0x78 (120)
      object: 0x4 (4)
  - getSeqInterPan__8JAISoundFUc
      map:    0x54 (84)
      object: 0x4 (4)
  - getSeqInterPitch__8JAISoundFUc
      map:    0x54 (84)
      object: 0x4 (4)
  - getSeqInterFxmix__8JAISoundFUc
      map:    0x54 (84)
      object: 0x4 (4)
  - getSeqInterDolby__8JAISoundFUc
      map:    0x54 (84)
      object: 0x4 (4)
  - getSeqTempoProportion__8JAISoundFv
      map:    0x40 (64)
      object: 0x4 (4)
  - getSeqPortData__8JAISoundFUc
      map:    0x40 (64)
      object: 0x4 (4)
  - getTrackParameterU7__8JAISoundFUcSc
      map:    0x140 (320)
      object: 0x4 (4)
  - getTrackParameterF32__8JAISoundFUcSc
      map:    0xe8 (232)
      object: 0x4 (4)
  - getPointer__8JAISoundFUcSc
      map:    0x8 (8)
      object: 0x4 (4)
  - getTrackPortData__8JAISoundFUcUc
      map:    0x84 (132)
      object: 0x4 (4)
  - getSeParametermeterF32__8JAISoundFUcUc
      map:    0x110 (272)
      object: 0x4 (4)
  - getStreamInterPitch__8JAISoundFUc
      map:    0x90 (144)
      object: 0x4 (4)
[ OK ] Symbol linkage (weak/local/global) matches the map.
------------------------------------------------------------------------------
RESULT: PASS with warnings (50 UNUSED size mismatch(es) -- see above)
