Unit        : mario/Animal/fishoid
Source      : src/Animal/fishoid.cpp
Object      : build/GMSJ01/src/Animal/fishoid.o
Map TU      : Animal.a fishoid.cpp
Map symbols : 30 (4 UNUSED)   Object .text symbols: 52
reverse_fn_order: True
------------------------------------------------------------------------------

[ OK ] All map symbols are present in the object.
[ OK ] Symbol order matches the map.

[WARN] 4 UNUSED symbol(s) with wrong size (best-effort -- does not fail the check):
  - loadItem__8TFishoidFR20JSUMemoryInputStream
      map:    0x84 (132)
      object: 0x4 (4)
  - initBoids__8TFishoidFv
      map:    0x90 (144)
      object: 0x4 (4)
  - performItem__8TFishoidFUlPQ26JDrama9TGraphics
      map:    0x48 (72)
      object: 0x4 (4)
  - calcRootMatrixOnTaking__13TRealoidActorFv
      map:    0x4c (76)
      object: 0x4 (4)
[ OK ] Symbol linkage (weak/local/global) matches the map.

[INFO] 22 object-only symbol(s) not in the map (usually deduplicated weak/inline helpers; not an error; -v to list).
------------------------------------------------------------------------------
RESULT: PASS with warnings (4 UNUSED size mismatch(es) -- see above)
