Unit        : mario/GC2D/BoundPane
Source      : src/GC2D/BoundPane.cpp
Object      : build/GMSJ01/src/GC2D/BoundPane.o
Map TU      : GC2D.a BoundPane.cpp
Map symbols : 6 (2 UNUSED)   Object .text symbols: 8
reverse_fn_order: True
------------------------------------------------------------------------------

[ OK ] All map symbols are present in the object.
[ OK ] Symbol order matches the map.

[WARN] 2 UNUSED symbol(s) with wrong size (best-effort -- does not fail the check):
  - makeNewPosition__10TBoundPaneFfR8JUTPointR8JUTPointR8JUTPointR8JUTPoint
      map:    0x138 (312)
      object: 0x4 (4)
  - __ct__10TBoundPaneFP10JUTTexture11_GXCullMode
      map:    0x118 (280)
      object: 0x90 (144)
[ OK ] Symbol linkage (weak/local/global) matches the map.

[INFO] 2 object-only symbol(s) not in the map (usually deduplicated weak/inline helpers; not an error; -v to list).
------------------------------------------------------------------------------
RESULT: PASS with warnings (2 UNUSED size mismatch(es) -- see above)
