Unit        : mario/Enemy/effectObj
Source      : src/Enemy/effectObj.cpp
Object      : build/GMSJ01/src/Enemy/effectObj.o
Map TU      : Enemy.a effectObj.cpp
Map symbols : 89 (8 UNUSED)   Object .text symbols: 107
reverse_fn_order: True
------------------------------------------------------------------------------

[FAIL] 1 map symbol(s) MISSING from the object:
  - __sinit_effectObj_cpp

[WARN] Only weak symbols are out of order (compiler-controlled -- does not fail the check):
  + __dt__16TEffectExplosionFv   (object position)
    control__12TEffectModelFv
  - __dt__16TEffectExplosionFv   (map position)
    generate__16TEffectExplosionFRQ29JGeometry8TVec3<f>RQ29JGeometry8TVec3<f>
    reset__16TEffectExplosionFv
    init__16TEffectExplosionFP12TLiveManager
    __ct__16TEffectExplosionFPCc
    __dt__12TEffectModelFv
    createModelData__23TEffectExplosionManagerFv
    createEnemyInstance__23TEffectExplosionManagerFv
    loadAfter__23TEffectExplosionManagerFv
    load__23TEffectExplosionManagerFR20JSUMemoryInputStream
    __ct__23TEffectExplosionManagerFPCc
    __dt__19TEffectModelManagerFv
    generate__16TEffectColumSandFRQ29JGeometry8TVec3<f>RQ29JGeometry8TVec3<f>
    reset__16TEffectColumSandFv
    init__16TEffectColumSandFP12TLiveManager
    __ct__16TEffectColumSandFPCc
    createModelData__23TEffectColumSandManagerFv
    createEnemyInstance__23TEffectColumSandManagerFv
    loadAfter__23TEffectColumSandManagerFv
    load__23TEffectColumSandManagerFR20JSUMemoryInputStream
    __ct__23TEffectColumSandManagerFPCc
    generate__21TEffectBombColumWaterFRQ29JGeometry8TVec3<f>RQ29JGeometry8TVec3<f>
    reset__21TEffectBombColumWaterFv
    init__21TEffectBombColumWaterFP12TLiveManager
    __ct__21TEffectBombColumWaterFPCc
    createModelData__28TEffectBombColumWaterManagerFv
    createEnemyInstance__28TEffectBombColumWaterManagerFv
    loadAfter__28TEffectBombColumWaterManagerFv
    load__28TEffectBombColumWaterManagerFR20JSUMemoryInputStream
    __ct__28TEffectBombColumWaterManagerFPCc
    generate__17TEffectColumWaterFRQ29JGeometry8TVec3<f>RQ29JGeometry8TVec3<f>
    reset__17TEffectColumWaterFv
    init__17TEffectColumWaterFP12TLiveManager
    __ct__17TEffectColumWaterFPCc
    createModelData__24TEffectColumWaterManagerFv
    createEnemyInstance__24TEffectColumWaterManagerFv
    loadAfter__24TEffectColumWaterManagerFv
    load__24TEffectColumWaterManagerFR20JSUMemoryInputStream
    __ct__24TEffectColumWaterManagerFPCc
    calcRootMatrix__12TEffectModelFv
    moveObject__12TEffectModelFv
    reset__12TEffectModelFv
    init__12TEffectModelFP12TLiveManager
    addListEffectObj__17TEffectObjManagerFP14TEffectObjBase
    insert__Q27JGadget66TList<P14TEffectObjBase,Q27JGadget29TAllocator<P14TEffectObjBase>>FQ37JGadget66TList<P14TEffectObjBase,Q27JGadget29TAllocator<P14TEffectObjBase>>8iteratorRCP14TEffectObjBase
    perform__17TEffectObjManagerFUlPQ26JDrama9TGraphics
    load__17TEffectObjManagerFR20JSUMemoryInputStream
    generateEffect__17TEffectObjManagerF3Vec
    __ct__17TEffectObjManagerFPCc
    __dt__Q27JGadget66TList<P14TEffectObjBase,Q27JGadget29TAllocator<P14TEffectObjBase>>Fv
    erase__Q27JGadget66TList<P14TEffectObjBase,Q27JGadget29TAllocator<P14TEffectObjBase>>FQ37JGadget66TList<P14TEffectObjBase,Q27JGadget29TAllocator<P14TEffectObjBase>>8iterator
    forceKill__14TEffectObjBaseFv
    behaveToWater__14TEffectObjBaseFP9THitActor
    moveObject__14TEffectObjBaseFv
    receiveMessage__14TEffectObjBaseFP9THitActorUl
    perform__14TEffectObjBaseFUlPQ26JDrama9TGraphics
    reset__14TEffectObjBaseFv
    init__14TEffectObjBaseFv
    load__14TEffectObjBaseFR20JSUMemoryInputStream
    __ct__14TEffectObjBaseFPCc
    emitEffect__19TEffectBiancoFunsuiFv
    loadAfter__19TEffectBiancoFunsuiFv
    emitEffect__18TEffectPinnaFunsuiFv
    loadAfter__18TEffectPinnaFunsuiFv
    perform__13TSimpleEffectFUlPQ26JDrama9TGraphics
    __dt__23TEffectExplosionManagerFv
    __dt__16TEffectColumSandFv
    __dt__23TEffectColumSandManagerFv
    __dt__21TEffectBombColumWaterFv
    __dt__28TEffectBombColumWaterManagerFv
    __dt__17TEffectColumWaterFv
    __dt__24TEffectColumWaterManagerFv
    __dt__17TEffectObjManagerFv
    __eq__7JGadgetFQ37JGadget66TList<P14TEffectObjBase,Q27JGadget29TAllocator<P14TEffectObjBase>>8iteratorQ37JGadget66TList<P14TEffectObjBase,Q27JGadget29TAllocator<P14TEffectObjBase>>8iterator
    __ct__Q37JGadget66TList<P14TEffectObjBase,Q27JGadget29TAllocator<P14TEffectObjBase>>8iteratorFPQ37JGadget66TList<P14TEffectObjBase,Q27JGadget29TAllocator<P14TEffectObjBase>>6TNode_
    __dt__14TEffectObjBaseFv
    __dt__19TEffectBiancoFunsuiFv
    __dt__18TEffectPinnaFunsuiFv
    @32@__dt__13TSimpleEffectFv
    @32@__dt__18TEffectPinnaFunsuiFv
    @32@__dt__19TEffectBiancoFunsuiFv
    @32@__dt__14TEffectObjBaseFv
    @32@__dt__12TEffectModelFv
    @32@__dt__17TEffectColumWaterFv
    @32@__dt__21TEffectBombColumWaterFv
    @32@__dt__16TEffectColumSandFv
    @32@__dt__16TEffectExplosionFv

[WARN] 1 UNUSED symbol(s) with wrong size (best-effort -- does not fail the check):
  - generateEffect__17TEffectObjManagerF3Vec
      map:    0xa0 (160)
      object: 0x4 (4)
[ OK ] Symbol linkage (weak/local/global) matches the map.

[INFO] 19 object-only symbol(s) not in the map (usually deduplicated weak/inline helpers; not an error; -v to list).
------------------------------------------------------------------------------
RESULT: FAIL (1 error category/categories, weak-symbol order; 1 UNUSED size mismatch(es) warning(s))
