Unit        : mario/NPC/NpcChange
Source      : src/NPC/NpcChange.cpp
Object      : build/GMSJ01/src/NPC/NpcChange.o
Map TU      : NPC.a NpcChange.cpp
Map symbols : 25 (6 UNUSED)   Object .text symbols: 43
reverse_fn_order: True
------------------------------------------------------------------------------

[ OK ] All map symbols are present in the object.
[ OK ] Symbol order matches the map.

[WARN] 2 UNUSED symbol(s) with wrong size (best-effort -- does not fail the check):
  - changeNerveToWet___8TBaseNPCFv
      map:    0x80 (128)
      object: 0x4 (4)
  - isNerveCanGoToThrow__8TBaseNPCCFv
      map:    0xb0 (176)
      object: 0x4 (4)
[ OK ] Symbol linkage (weak/local/global) matches the map.

[INFO] 18 object-only symbol(s) not in the map (usually deduplicated weak/inline helpers; not an error; -v to list).
------------------------------------------------------------------------------
RESULT: PASS with warnings (2 UNUSED size mismatch(es) -- see above)
