Unit        : mario/JSystem/JKernel/JKRExpHeap
Source      : src/JSystem/JKernel/JKRExpHeap.cpp
Object      : build/GMSJ01/src/JSystem/JKernel/JKRExpHeap.o
Map TU      : JSystem.a JKRExpHeap.cpp
Map symbols : 44 (7 UNUSED)   Object .text symbols: 45
reverse_fn_order: False
------------------------------------------------------------------------------

[ OK ] All map symbols are present in the object.

[WARN] Only weak symbols are out of order (compiler-controlled -- does not fail the check):
    createRoot__10JKRExpHeapFib
    create__10JKRExpHeapFUlP7JKRHeapb
    create__10JKRExpHeapFPvUlP7JKRHeapb
    destroy__10JKRExpHeapFv
    __ct__10JKRExpHeapFPvUlP7JKRHeapb
    __dt__10JKRExpHeapFv
    changeGroupID__10JKRExpHeapFUc
    alloc__10JKRExpHeapFUli
    allocFromHead__10JKRExpHeapFUli
    allocFromHead__10JKRExpHeapFUl
    allocFromTail__10JKRExpHeapFUli
    allocFromTail__10JKRExpHeapFUl
    free__10JKRExpHeapFPv
    freeLevel__10JKRExpHeapFUc
    freeGroup__10JKRExpHeapFUc
    countGroup__10JKRExpHeapFUc
    freeAll__10JKRExpHeapFv
    freeTail__10JKRExpHeapFv
    resize__10JKRExpHeapFPvUl
    getSize__10JKRExpHeapFPv
    getFreeSize__10JKRExpHeapFv
    getTotalFreeSize__10JKRExpHeapFv
    getUsedSize__10JKRExpHeapCFUc
    getTotalUsedSize__10JKRExpHeapCFv
    isEmpty__10JKRExpHeapFv
    check__10JKRExpHeapFv
    appendUsedList__10JKRExpHeapFPQ210JKRExpHeap9CMemBlock
    setFreeBlock__10JKRExpHeapFPQ210JKRExpHeap9CMemBlockPQ210JKRExpHeap9CMemBlockPQ210JKRExpHeap9CMemBlock
    removeFreeBlock__10JKRExpHeapFPQ210JKRExpHeap9CMemBlock
    removeUsedBlock__10JKRExpHeapFPQ210JKRExpHeap9CMemBlock
    recycleFreeBlock__10JKRExpHeapFPQ210JKRExpHeap9CMemBlock
    joinTwoBlocks__10JKRExpHeapFPQ210JKRExpHeap9CMemBlock
    dump__10JKRExpHeapFv
    dump_sort__10JKRExpHeapFv
    DBshow__10JKRExpHeapFv
    initiate__Q210JKRExpHeap9CMemBlockFPQ210JKRExpHeap9CMemBlockPQ210JKRExpHeap9CMemBlockUlUcUc
    allocFore__Q210JKRExpHeap9CMemBlockFUlUcUcUcUc
    allocBack__Q210JKRExpHeap9CMemBlockFUlUcUcUcUc
    free__Q210JKRExpHeap9CMemBlockFP10JKRExpHeap
    getHeapBlock__Q210JKRExpHeap9CMemBlockFPv
    state_register__10JKRExpHeapCFPQ27JKRHeap6TStateUl
    state_compare__10JKRExpHeapCFRCQ27JKRHeap6TStateRCQ27JKRHeap6TState
  + getHeapType__10JKRExpHeapFv   (object position)
    getCurrentGroupId__10JKRExpHeapFv
  - getHeapType__10JKRExpHeapFv   (map position)

[WARN] 4 UNUSED symbol(s) with wrong size (best-effort -- does not fail the check):
  - freeLevel__10JKRExpHeapFUc
      map:    0x94 (148)
      object: 0x8 (8)
  - countGroup__10JKRExpHeapFUc
      map:    0x74 (116)
      object: 0x8 (8)
  - isEmpty__10JKRExpHeapFv
      map:    0x58 (88)
      object: 0x5c (92)
  - DBshow__10JKRExpHeapFv
      map:    0x198 (408)
      object: 0x4 (4)
[ OK ] Symbol linkage (weak/local/global) matches the map.

[INFO] 1 object-only symbol(s) not in the map (usually deduplicated weak/inline helpers; not an error; -v to list).
------------------------------------------------------------------------------
RESULT: PASS with warnings (weak-symbol order; 4 UNUSED size mismatch(es) -- see above)
