Unit        : mario/Camera/cameralib
Source      : src/Camera/cameralib.cpp
Object      : build/GMSJ01/src/Camera/cameralib.o
Map TU      : Camera.a cameralib.cpp
Map symbols : 18 (2 UNUSED)   Object .text symbols: 28
reverse_fn_order: True
------------------------------------------------------------------------------

[FAIL] 2 map symbol(s) MISSING from the object:
  - CLBCalcNearFourPos__FPQ29JGeometry8TVec3<f>PQ29JGeometry8TVec3<f>P6S16VecRCQ29JGeometry8TVec3<f>RCQ29JGeometry8TVec3<f>sfRCQ29JGeometry8TVec2<f> (UNUSED)
  - CLBCalcNearClipAngle__FPQ29JGeometry8TVec3<f>P6S16VecRCQ29JGeometry8TVec3<f>RCQ29JGeometry8TVec3<f>sf (UNUSED)

[WARN] Only weak symbols are out of order (compiler-controlled -- does not fail the check):
    CLBCalcNearNinePos__FPQ29JGeometry8TVec3<f>P6S16VecRCQ29JGeometry8TVec3<f>RCQ29JGeometry8TVec3<f>sfRCQ29JGeometry8TVec2<f>
  - setRotate__Q29JGeometry64TRotation3<Q29JGeometry38TMatrix33<Q29JGeometry13SMatrix33C<f>>>FRCQ29JGeometry8TVec3<f>f   (map position)
    CLBCalcScaleTranslateMatrix__FPA4_fRC3VecRC3Vec
    CLBCalcRotateZXYTranslateMatrix__FPA4_fRC3VecRC3Vec
    CLBCalcPointInCubeRatio__FRC3VecRC3VecRC3VecRC3VecPfPfPf
    CLBIsPointInCube__FRC3VecRC3VecRC3VecRC3Vec
    CLBRotatePosAndUp__FssRCQ29JGeometry8TVec3<f>RCQ29JGeometry8TVec3<f>RCQ29JGeometry8TVec3<f>PQ29JGeometry8TVec3<f>PQ29JGeometry8TVec3<f>
  + setRotate__Q29JGeometry64TRotation3<Q29JGeometry38TMatrix33<Q29JGeometry13SMatrix33C<f>>>FRCQ29JGeometry8TVec3<f>f   (object position)
    CLBRevisionLookatByAngleX__FssRC3VecP3Vec
    CLBPolarToCross__FRC3VecP3Vecfss
    CLBCrossToPolar__FRC3VecRC3VecPfPsPs
    CLBChaseSpecialDecrease__FPffff
    CLBChaseDecrease__FPffff
    CLBChaseAngleDecrease__FPsss
    CLBCalc2DFPos__FPQ29JGeometry8TVec2<f>PA4_CfPA4_CfRC3VecPUlb
    CLBLinearInbetween<Ul>__FUlUlf
    __sinit_cameralib_cpp
[ OK ] UNUSED symbol sizes match (0/2 checked).
[ OK ] Symbol linkage (weak/local/global) matches the map.

[INFO] 12 object-only symbol(s) not in the map (usually deduplicated weak/inline helpers; not an error; -v to list).
------------------------------------------------------------------------------
RESULT: FAIL (1 error category/categories, weak-symbol order warning(s))
