Unit        : mario/MoveBG/MapObjMonte
Source      : src/MoveBG/MapObjMonte.cpp
Object      : build/GMSJ01/src/MoveBG/MapObjMonte.o
Map TU      : MoveBG.a MapObjMonte.cpp
Map symbols : 66 (12 UNUSED)   Object .text symbols: 0
reverse_fn_order: True
------------------------------------------------------------------------------

[FAIL] 66 map symbol(s) MISSING from the object:
  - __dt__13TFluffManagerFv
  - __ct__13TFluffManagerFPCc
  - load__13TFluffManagerFR20JSUMemoryInputStream
  - loadAfter__13TFluffManagerFv
  - getRandomZ__13TFluffManagerCFv (UNUSED)
  - getRandomX__13TFluffManagerCFv (UNUSED)
  - newFluff__13TFluffManagerFPCc (UNUSED)
  - setUpNextFluff__13TFluffManagerFv (UNUSED)
  - registerNextFluff__13TFluffManagerFP6TFluff (UNUSED)
  - control__13TFluffManagerFv
  - findNextFluff__13TFluffManagerFv (UNUSED)
  - __ct__6TFluffFPCc
  - initMapObj__6TFluffFv
  - appear__6TFluffFv
  - control__6TFluffFv
  - kill__6TFluffFv
  - move__6TFluffFv
  - touchWater__6TFluffFP9THitActor
  - initMapObj__9TGoalFlagFv
  - touchActor__9TGoalFlagFP9THitActor
  - __ct__11TSwingBoardFPCc
  - load__11TSwingBoardFR20JSUMemoryInputStream
  - control__11TSwingBoardFv
  - swing__11TSwingBoardFv (UNUSED)
  - draw__11TSwingBoardCFv
  - initDraw__11TSwingBoardCFv
  - drawOneRope__11TSwingBoardCFRCQ29JGeometry8TVec3<f>RCQ29JGeometry8TVec3<f>
  - __ct__14THangingBridgeFPCc
  - loadAfter__14THangingBridgeFv
  - initMonte__14THangingBridgeFv (UNUSED)
  - perform__14THangingBridgeFUlPQ26JDrama9TGraphics
  - initDraw__14THangingBridgeCFv
  - drawRopeBetweenBoards__14THangingBridgeCFfi
  - setDrawPos__14THangingBridgeCFifPQ29JGeometry8TVec3<f> (UNUSED)
  - drawUpper__14THangingBridgeCFRCQ29JGeometry8TVec3<f>RCQ29JGeometry8TVec3<f>RCQ29JGeometry8TVec2<f>i
  - drawLowerPlus__14THangingBridgeCFRCQ29JGeometry8TVec3<f>RCQ29JGeometry8TVec3<f>RCQ29JGeometry8TVec2<f>i
  - drawLowerMinus__14THangingBridgeCFRCQ29JGeometry8TVec3<f>RCQ29JGeometry8TVec3<f>RCQ29JGeometry8TVec2<f>i
  - __ct__19THangingBridgeBoardFPCc
  - initMapObj__19THangingBridgeBoardFv
  - setGroundCollision__19THangingBridgeBoardFv
  - calcDefaultMtx__19THangingBridgeBoardFv
  - control__19THangingBridgeBoardFv
  - pushNeighbor__19THangingBridgeBoardFf (UNUSED)
  - push__19THangingBridgeBoardFf (UNUSED)
  - drawRopes__19THangingBridgeBoardCFv (UNUSED)
  - drawOneRope__19THangingBridgeBoardCFRCQ29JGeometry8TVec3<f>
  - load__13TJumpMushroomFR20JSUMemoryInputStream
  - receiveMessage__13TJumpMushroomFP9THitActorUl
  - initMapObj__16TMapObjMonteRootFv
  - __dt__6TFluffFv
  - getRadiusAtY__6TFluffCFf
  - __dt__9TGoalFlagFv
  - getRadiusAtY__9TGoalFlagCFf
  - __dt__11TSwingBoardFv
  - __dt__14THangingBridgeFv
  - __dt__19THangingBridgeBoardFv
  - __dt__13TJumpMushroomFv
  - __dt__16TMapObjMonteRootFv
  - __sinit_MapObjMonte_cpp
  - @32@__dt__16TMapObjMonteRootFv
  - @32@__dt__13TJumpMushroomFv
  - @32@__dt__19THangingBridgeBoardFv
  - @32@__dt__11TSwingBoardFv
  - @32@__dt__9TGoalFlagFv
  - @32@__dt__6TFluffFv
  - @32@__dt__13TFluffManagerFv
[ OK ] Symbol order matches the map.
[ OK ] UNUSED symbol sizes match (0/12 checked).
[ OK ] Symbol linkage (weak/local/global) matches the map.
------------------------------------------------------------------------------
RESULT: FAIL (1 error category/categories)
