Unit        : mario/Enemy/bombhei
Source      : src/Enemy/bombhei.cpp
Object      : build/GMSJ01/src/Enemy/bombhei.o
Map TU      : Enemy.a bombhei.cpp
Map symbols : 58 (11 UNUSED)   Object .text symbols: 0
reverse_fn_order: True
------------------------------------------------------------------------------

[FAIL] 58 map symbol(s) MISSING from the object:
  - __dt__22TNerveBombHeiExplosionFv
  - execute__22TNerveBombHeiExplosionCFP24TSpineBase<10TLiveActor>
  - theNerve__22TNerveBombHeiExplosionFv (UNUSED)
  - execute__19TNerveBombHeiThrownCFP24TSpineBase<10TLiveActor>
  - theNerve__19TNerveBombHeiThrownFv (UNUSED)
  - __dt__19TNerveBombHeiThrownFv
  - execute__19TNerveBombHeiPickUpCFP24TSpineBase<10TLiveActor>
  - theNerve__19TNerveBombHeiPickUpFv (UNUSED)
  - __dt__19TNerveBombHeiPickUpFv
  - execute__26TNerveBombHeiWaitExplosionCFP24TSpineBase<10TLiveActor>
  - theNerve__26TNerveBombHeiWaitExplosionFv (UNUSED)
  - __dt__26TNerveBombHeiWaitExplosionFv
  - execute__26TNerveBombHeiWalkExplosionCFP24TSpineBase<10TLiveActor>
  - theNerve__26TNerveBombHeiWalkExplosionFv (UNUSED)
  - __dt__26TNerveBombHeiWalkExplosionFv
  - execute__19TNerveBombHeiAttackCFP24TSpineBase<10TLiveActor>
  - theNerve__19TNerveBombHeiAttackFv (UNUSED)
  - __dt__19TNerveBombHeiAttackFv
  - execute__21TNerveBombHeiGenerateCFP24TSpineBase<10TLiveActor>
  - theNerve__21TNerveBombHeiGenerateFv (UNUSED)
  - __dt__21TNerveBombHeiGenerateFv
  - getBasNameTable__8TBombHeiCFv
  - isDamageToCannon__8TBombHeiFv
  - isExplosion__8TBombHeiFv (UNUSED)
  - forceKill__8TBombHeiFv
  - isCollidMove__8TBombHeiFP9THitActor
  - moveObject__8TBombHeiFv
  - walkBehavior__8TBombHeiFif
  - getGravityY__8TBombHeiCFv
  - reset__8TBombHeiFv
  - bombIn__8TBombHeiFv (UNUSED)
  - behaveToRelease__8TBombHeiFv
  - behaveToTaken__8TBombHeiFP9THitActor
  - attackToMario__8TBombHeiFv
  - calcRootMatrix__8TBombHeiFv
  - setDeadAnm__8TBombHeiFv
  - setFreezeAnm__8TBombHeiFv
  - setWalkAnm__8TBombHeiFv
  - genEventCoin__8TBombHeiFv
  - kill__8TBombHeiFv
  - isHitValid__8TBombHeiFUl
  - changeOut__8TBombHeiFv
  - behaveToWater__8TBombHeiFP9THitActor
  - setMActorAndKeeper__8TBombHeiFv
  - init__8TBombHeiFP12TLiveManager
  - __ct__8TBombHeiFPCc
  - canMakeDeadCoin__15TBombHeiManagerFv (UNUSED)
  - createEnemyInstance__15TBombHeiManagerFv
  - createModelData__15TBombHeiManagerFv
  - load__15TBombHeiManagerFR20JSUMemoryInputStream
  - __ct__15TBombHeiManagerFPCc
  - __ct__22TBombHeiSaveLoadParamsFPCc (UNUSED)
  - setAfterDeadEffect__8TBombHeiFv
  - doKeepDistance__8TBombHeiFv
  - __dt__8TBombHeiFv
  - __dt__15TBombHeiManagerFv
  - __sinit_bombhei_cpp
  - @32@__dt__8TBombHeiFv
[ OK ] Symbol order matches the map.
[ OK ] UNUSED symbol sizes match (0/11 checked).
[ OK ] Symbol linkage (weak/local/global) matches the map.
------------------------------------------------------------------------------
RESULT: FAIL (1 error category/categories)
