Unit        : mario/JSystem/JKernel/JKRSolidHeap
Source      : src/JSystem/JKernel/JKRSolidHeap.cpp
Object      : build/GMSJ01/src/JSystem/JKernel/JKRSolidHeap.o
Map TU      : JSystem.a JKRSolidHeap.cpp
Map symbols : 23 (5 UNUSED)   Object .text symbols: 26
reverse_fn_order: False
------------------------------------------------------------------------------

[ OK ] All map symbols are present in the object.
[ OK ] Symbol order matches the map.

[WARN] 3 UNUSED symbol(s) with wrong size (best-effort -- does not fail the check):
  - createRoot__12JKRSolidHeapFib
      map:    0x78 (120)
      object: 0x8 (8)
  - destroy__12JKRSolidHeapFv
      map:    0x68 (104)
      object: 0x4 (4)
  - recordState__12JKRSolidHeapFUl
      map:    0xb8 (184)
      object: 0x4 (4)
[ OK ] Symbol linkage (weak/local/global) matches the map.

[INFO] 3 object-only symbol(s) not in the map (usually deduplicated weak/inline helpers; not an error; -v to list).
------------------------------------------------------------------------------
RESULT: PASS with warnings (3 UNUSED size mismatch(es) -- see above)
