Unit        : mario/Enemy/bossManta
Source      : src/Enemy/bossManta.cpp
Object      : build/GMSJ01/src/Enemy/bossManta.o
Map TU      : Enemy.a bossManta.cpp
Map symbols : 74 (25 UNUSED)   Object .text symbols: 120
reverse_fn_order: True
------------------------------------------------------------------------------

[ OK ] All map symbols are present in the object.
[ OK ] Symbol order matches the map.

[WARN] 6 UNUSED symbol(s) with wrong size (best-effort -- does not fail the check):
  - initAdditionalCollision__17TBossMantaManagerFv
      map:    0x9c (156)
      object: 0x140 (320)
  - createEnemy__17TBossMantaManagerFv
      map:    0xf8 (248)
      object: 0xec (236)
  - __ct__29TBossMantaAdditionalCollisionFPCc
      map:    0x114 (276)
      object: 0x128 (296)
  - isPolluting__10TBossMantaFv
      map:    0x28 (40)
      object: 0x38 (56)
  - updateAnimBlend__10TBossMantaFv
      map:    0x1f0 (496)
      object: 0x1ec (492)
  - startWalkAnim__10TBossMantaFv
      map:    0xd4 (212)
      object: 0xd8 (216)
[ OK ] Symbol linkage (weak/local/global) matches the map.

[INFO] 46 object-only symbol(s) not in the map (usually deduplicated weak/inline helpers; not an error; -v to list).
------------------------------------------------------------------------------
RESULT: PASS with warnings (6 UNUSED size mismatch(es) -- see above)
