Unit        : mario/Enemy/bgtentacle
Source      : src/Enemy/bgtentacle.cpp
Object      : build/GMSJ01/src/Enemy/bgtentacle.o
Map TU      : Enemy.a bgtentacle.cpp
Map symbols : 52 (13 UNUSED)   Object .text symbols: 110
reverse_fn_order: True
------------------------------------------------------------------------------

[ OK ] All map symbols are present in the object.
[ OK ] Symbol order matches the map.

[WARN] 5 UNUSED symbol(s) with wrong size (best-effort -- does not fail the check):
  - returnToDefaultState__11TBGTentacleFv
      map:    0x40 (64)
      object: 0x4 (4)
  - canTake__11TBGTentacleCFv
      map:    0x3c (60)
      object: 0x4 (4)
  - isAttacking__11TBGTentacleCFv
      map:    0x74 (116)
      object: 0x4 (4)
  - disableAttackCheck__10TBGTakeHitFv
      map:    0x10 (16)
      object: 0x4 (4)
  - enableAttackCheck__10TBGTakeHitFv
      map:    0x10 (16)
      object: 0x4 (4)
[ OK ] Symbol linkage (weak/local/global) matches the map.

[INFO] 58 object-only symbol(s) not in the map (usually deduplicated weak/inline helpers; not an error; -v to list).
------------------------------------------------------------------------------
RESULT: PASS with warnings (5 UNUSED size mismatch(es) -- see above)
