Unit        : mario/Enemy/chuuhana
Source      : src/Enemy/chuuhana.cpp
Object      : build/GMSJ01/src/Enemy/chuuhana.o
Map TU      : Enemy.a chuuhana.cpp
Map symbols : 79 (22 UNUSED)   Object .text symbols: 0
reverse_fn_order: True
------------------------------------------------------------------------------

[FAIL] 79 map symbol(s) MISSING from the object:
  - __dt__18TNerveChuuHanaWaitFv
  - execute__18TNerveChuuHanaWaitCFP24TSpineBase<10TLiveActor>
  - theNerve__18TNerveChuuHanaWaitFv (UNUSED)
  - execute__25TNerveChuuHanaJumpPrepareCFP24TSpineBase<10TLiveActor>
  - theNerve__25TNerveChuuHanaJumpPrepareFv (UNUSED)
  - __dt__25TNerveChuuHanaJumpPrepareFv
  - execute__20TNerveChuuHanaAttackCFP24TSpineBase<10TLiveActor>
  - __dt__19TNerveChuuHanaFall2Fv
  - __dt__25TNerveChuuHanaWalkOnPanelFv
  - theNerve__20TNerveChuuHanaAttackFv (UNUSED)
  - __dt__20TNerveChuuHanaAttackFv
  - execute__20TNerveChuuHanaObjectCFP24TSpineBase<10TLiveActor>
  - theNerve__20TNerveChuuHanaObjectFv (UNUSED)
  - __dt__20TNerveChuuHanaObjectFv
  - execute__19TNerveChuuHanaFall2CFP24TSpineBase<10TLiveActor>
  - theNerve__19TNerveChuuHanaFall2Fv (UNUSED)
  - execute__18TNerveChuuHanaFallCFP24TSpineBase<10TLiveActor>
  - theNerve__18TNerveChuuHanaFallFv (UNUSED)
  - __dt__18TNerveChuuHanaFallFv
  - execute__18TNerveChuuHanaRollCFP24TSpineBase<10TLiveActor>
  - __dt__25TNerveChuuHanaKeepBalanceFv
  - theNerve__18TNerveChuuHanaRollFv (UNUSED)
  - __dt__18TNerveChuuHanaRollFv
  - execute__19TNerveChuuHanaStickCFP24TSpineBase<10TLiveActor>
  - theNerve__19TNerveChuuHanaStickFv (UNUSED)
  - __dt__19TNerveChuuHanaStickFv
  - execute__25TNerveChuuHanaKeepBalanceCFP24TSpineBase<10TLiveActor>
  - theNerve__25TNerveChuuHanaKeepBalanceFv (UNUSED)
  - execute__25TNerveChuuHanaForceJumpedCFP24TSpineBase<10TLiveActor>
  - theNerve__25TNerveChuuHanaForceJumpedFv (UNUSED)
  - __dt__25TNerveChuuHanaForceJumpedFv
  - execute__25TNerveChuuHanaWalkOnPanelCFP24TSpineBase<10TLiveActor>
  - theNerve__25TNerveChuuHanaWalkOnPanelFv (UNUSED)
  - getBasNameTable__9TChuuHanaCFv
  - getEffectMtx__9TChuuHanaFv (UNUSED)
  - eventKill__9TChuuHanaFv (UNUSED)
  - entryCollision__9TChuuHanaFv (UNUSED)
  - checkStretchType__9TChuuHanaFv
  - rollStart__9TChuuHanaFv (UNUSED)
  - rolling__9TChuuHanaFv (UNUSED)
  - setSafeGoal__9TChuuHanaFv (UNUSED)
  - setGoal__9TChuuHanaFv
  - willFall__9TChuuHanaFl
  - checkOnPanel__9TChuuHanaFv (UNUSED)
  - getGravityY__9TChuuHanaCFv
  - forceKill__9TChuuHanaFv
  - kill__9TChuuHanaFv
  - setWalkAnm__9TChuuHanaFv
  - receiveMessage__9TChuuHanaFP9THitActorUl
  - margeVelocity__9TChuuHanaFRQ29JGeometry8TVec3<f> (UNUSED)
  - bind__9TChuuHanaFv
  - calcRootMatrix__9TChuuHanaFv
  - forceRoll__9TChuuHanaFv (UNUSED)
  - isRolling__9TChuuHanaFv (UNUSED)
  - isCollidMove__9TChuuHanaFP9THitActor
  - moveObject__9TChuuHanaFv
  - attackToMario__9TChuuHanaFv
  - behaveToWater__9TChuuHanaFP9THitActor
  - setBckAnm__9TChuuHanaFi
  - reset__9TChuuHanaFv
  - perform__9TChuuHanaFUlPQ26JDrama9TGraphics
  - setMActorAndKeeper__9TChuuHanaFv
  - init__9TChuuHanaFP12TLiveManager
  - __ct__9TChuuHanaFPCc
  - draw__23TChuuHanaAseParCallbackFP14JPABaseEmitterP15JPABaseParticle
  - execute__23TChuuHanaAseParCallbackFP14JPABaseEmitterP15JPABaseParticle
  - __ct__23TChuuHanaAseParCallbackFP9TChuuHana (UNUSED)
  - ChuuHanaBodyCallback__FP7J3DNodei
  - initSetEnemies__16TChuuHanaManagerFv
  - createEnemyInstance__16TChuuHanaManagerFv
  - perform__16TChuuHanaManagerFUlPQ26JDrama9TGraphics
  - load__16TChuuHanaManagerFR20JSUMemoryInputStream
  - __ct__16TChuuHanaManagerFPCc
  - __ct__23TChuuHanaSaveLoadParamsFPCc
  - isFindMario__9TChuuHanaFf
  - __dt__9TChuuHanaFv
  - __dt__16TChuuHanaManagerFv
  - __sinit_chuuhana_cpp
  - @32@__dt__9TChuuHanaFv
[ OK ] Symbol order matches the map.
[ OK ] UNUSED symbol sizes match (0/22 checked).
[ OK ] Symbol linkage (weak/local/global) matches the map.
------------------------------------------------------------------------------
RESULT: FAIL (1 error category/categories)
