Unit        : mario/MoveBG/MapObjBase
Source      : src/MoveBG/MapObjBase.cpp
Object      : build/GMSJ01/src/MoveBG/MapObjBase.o
Map TU      : MoveBG.a MapObjBase.cpp
Map symbols : 44 (2 UNUSED)   Object .text symbols: 75
reverse_fn_order: True
------------------------------------------------------------------------------

[FAIL] 1 map symbol(s) MISSING from the object:
  - setMtx__17TMapCollisionBaseFPA4_f
[ OK ] Symbol order matches the map.

[WARN] 2 UNUSED symbol(s) with wrong size (best-effort -- does not fail the check):
  - moveByBck__11TMapObjBaseFv
      map:    0x134 (308)
      object: 0x4 (4)
  - stopAnim__11TMapObjBaseFv
      map:    0xc4 (196)
      object: 0x4 (4)
[ OK ] Symbol linkage (weak/local/global) matches the map.

[INFO] 32 object-only symbol(s) not in the map (usually deduplicated weak/inline helpers; not an error; -v to list).
------------------------------------------------------------------------------
RESULT: FAIL (1 error category/categories, 2 UNUSED size mismatch(es) warning(s))
