Unit        : mario/MSound/MSoundDebug
Source      : src/MSound/MSoundDebug.cpp
Object      : build/GMSJ01/src/MSound/MSoundDebug.o
Map TU      : MSound.a MSoundDebug.cpp
Map symbols : 11 (9 UNUSED)   Object .text symbols: 27
reverse_fn_order: True
------------------------------------------------------------------------------

[ OK ] All map symbols are present in the object.
[ OK ] Symbol order matches the map.

[WARN] 8 UNUSED symbol(s) with wrong size (best-effort -- does not fail the check):
  - print__7MSPrintFv
      map:    0x54 (84)
      object: 0x4 (4)
  - __ct__7MSPrintFv
      map:    0xf8 (248)
      object: 0x4 (4)
  - print__12MSPrintEntryFv
      map:    0xf0 (240)
      object: 0x4 (4)
  - __ct__12MSPrintEntryFv
      map:    0x8c (140)
      object: 0x4 (4)
  - print__10MSPrintCatFv
      map:    0xd0 (208)
      object: 0x4 (4)
  - __ct__10MSPrintCatFv
      map:    0x8c (140)
      object: 0x4 (4)
  - __ct__11MSPrintBaseFUcUcUcUcUc
      map:    0x98 (152)
      object: 0x4 (4)
  - __ct__11MSPrintBaseFv
      map:    0x84 (132)
      object: 0x4 (4)
[ OK ] Symbol linkage (weak/local/global) matches the map.

[INFO] 16 object-only symbol(s) not in the map (usually deduplicated weak/inline helpers; not an error; -v to list).
------------------------------------------------------------------------------
RESULT: PASS with warnings (8 UNUSED size mismatch(es) -- see above)
