Unit        : mario/dolphin/mtx/vec
Source      : src/dolphin/mtx/vec.c
Object      : build/GMSJ01/src/dolphin/mtx/vec.o
Map TU      : mtx.a vec.c
Map symbols : 22 (13 UNUSED)   Object .text symbols: 9
reverse_fn_order: False
------------------------------------------------------------------------------

[FAIL] 13 map symbol(s) MISSING from the object:
  - C_VECAdd (UNUSED)
  - C_VECSubtract (UNUSED)
  - C_VECScale (UNUSED)
  - C_VECNormalize (UNUSED)
  - C_VECSquareMag (UNUSED)
  - PSVECSquareMag (UNUSED)
  - C_VECMag (UNUSED)
  - C_VECDotProduct (UNUSED)
  - C_VECCrossProduct (UNUSED)
  - C_VECHalfAngle (UNUSED)
  - C_VECReflect (UNUSED)
  - C_VECSquareDistance (UNUSED)
  - C_VECDistance (UNUSED)
[ OK ] Symbol order matches the map.
[ OK ] UNUSED symbol sizes match (0/13 checked).
[ OK ] Symbol linkage (weak/local/global) matches the map.
------------------------------------------------------------------------------
RESULT: FAIL (1 error category/categories)
