Unit        : mario/GC2D/MovieSubtitle
Source      : src/GC2D/MovieSubtitle.cpp
Object      : build/GMSJ01/src/GC2D/MovieSubtitle.o
Map TU      : GC2D.a MovieSubtitle.cpp
Map symbols : 14 (9 UNUSED)   Object .text symbols: 16
reverse_fn_order: True
------------------------------------------------------------------------------

[ OK ] All map symbols are present in the object.
[ OK ] Symbol order matches the map.

[WARN] 2 UNUSED symbol(s) with wrong size (best-effort -- does not fail the check):
  - makeBmgName__14TMovieSubTitleFPciPCc
      map:    0x4c (76)
      object: 0x54 (84)
  - is_longheight_movie__9@unnamed@FUl
      map:    0x34 (52)
      object: 0x38 (56)
[ OK ] Symbol linkage (weak/local/global) matches the map.

[INFO] 2 object-only symbol(s) not in the map (usually deduplicated weak/inline helpers; not an error; -v to list).
------------------------------------------------------------------------------
RESULT: PASS with warnings (2 UNUSED size mismatch(es) -- see above)
