Unit        : mario/JSystem/JAudio/JASystem/JASDvdThread
Source      : src/JSystem/JAudio/JASystem/JASDvdThread.cpp
Object      : build/GMSJ01/src/JSystem/JAudio/JASystem/JASDvdThread.o
Map TU      : JSystem.a JASDvdThread.cpp
Map symbols : 42 (16 UNUSED)   Object .text symbols: 42
reverse_fn_order: False
------------------------------------------------------------------------------

[ OK ] All map symbols are present in the object.
[ OK ] Symbol order matches the map.

[WARN] 5 UNUSED symbol(s) with wrong size (best-effort -- does not fail the check):
  - setRootPath__Q28JASystem3DvdFPc
      map:    0x78 (120)
      object: 0x4 (4)
  - setBufferDvdT__Q28JASystem3DvdFPUcUlUl
      map:    0x58 (88)
      object: 0x4 (4)
  - closeBufferDvdT__Q28JASystem3DvdFPUc
      map:    0xbc (188)
      object: 0x4 (4)
  - getCurrentBufferDvdT__Q28JASystem3DvdFPPUc
      map:    0x10 (16)
      object: 0x4 (4)
  - setFastOpenMaxDic__Q28JASystem3DvdFl
      map:    0x10 (16)
      object: 0x4 (4)
[ OK ] Symbol linkage (weak/local/global) matches the map.
------------------------------------------------------------------------------
RESULT: PASS with warnings (5 UNUSED size mismatch(es) -- see above)
