Unit        : mario/PowerPC_EABI_Support/Msl/MSL_C/MSL_Common/wchar_io
Source      : src/PowerPC_EABI_Support/Msl/MSL_C/MSL_Common/wchar_io.c
Object      : build/GMSJ01/src/PowerPC_EABI_Support/Msl/MSL_C/MSL_Common/wchar_io.o
Map TU      : MSL_C.PPCEABI.bare.H.a wchar_io.c
Map symbols : 10 (9 UNUSED)   Object .text symbols: 1
reverse_fn_order: True
------------------------------------------------------------------------------

[FAIL] 9 map symbol(s) MISSING from the object:
  - fgetws (UNUSED)
  - fputws (UNUSED)
  - ungetwc (UNUSED)
  - fgetwc (UNUSED)
  - getwchar (UNUSED)
  - getwc (UNUSED)
  - fputwc (UNUSED)
  - putwchar (UNUSED)
  - putwc (UNUSED)
[ OK ] Symbol order matches the map.
[ OK ] UNUSED symbol sizes match (0/9 checked).
[ OK ] Symbol linkage (weak/local/global) matches the map.
------------------------------------------------------------------------------
RESULT: FAIL (1 error category/categories)
