Unit        : mario/Player/MarioJump
Source      : src/Player/MarioJump.cpp
Object      : build/GMSJ01/src/Player/MarioJump.o
Map TU      : Player.a MarioJump.cpp
Map symbols : 49 (29 UNUSED)   Object .text symbols: 65
reverse_fn_order: True
------------------------------------------------------------------------------

[FAIL] 3 map symbol(s) MISSING from the object:
  - setJumpingAttackArea__6TMarioFv (UNUSED)
  - doSpinJumping__6TMarioFv (UNUSED)
  - doSlipJumping__6TMarioFv (UNUSED)
[ OK ] Symbol order matches the map.

[WARN] 6 UNUSED symbol(s) with wrong size (best-effort -- does not fail the check):
  - rotateJumping__6TMarioFv
      map:    0x15c (348)
      object: 0x160 (352)
  - checkWallJumping__6TMarioFv
      map:    0x60 (96)
      object: 0x4 (4)
  - secJumping__6TMarioFv
      map:    0x15c (348)
      object: 0x158 (344)
  - jumping__6TMarioFv
      map:    0x180 (384)
      object: 0x17c (380)
  - askStrongGroundTouch__6TMarioFv
      map:    0x154 (340)
      object: 0x4 (4)
  - checkJumpingThrowStart__6TMarioFv
      map:    0x5c (92)
      object: 0x4 (4)
[ OK ] Symbol linkage (weak/local/global) matches the map.

[INFO] 19 object-only symbol(s) not in the map (usually deduplicated weak/inline helpers; not an error; -v to list).
------------------------------------------------------------------------------
RESULT: FAIL (1 error category/categories, 6 UNUSED size mismatch(es) warning(s))
