Unit        : mario/PowerPC_EABI_Support/Msl/MSL_C/MSL_Common/printf
Source      : src/PowerPC_EABI_Support/Msl/MSL_C/MSL_Common/printf.c
Object      : build/GMSJ01/src/PowerPC_EABI_Support/Msl/MSL_C/MSL_Common/printf.o
Map TU      : MSL_C.PPCEABI.bare.H.a printf.c
Map symbols : 16 (4 UNUSED)   Object .text symbols: 13
reverse_fn_order: True
------------------------------------------------------------------------------

[FAIL] 3 map symbol(s) MISSING from the object:
  - vsprintf (UNUSED)
  - vfprintf (UNUSED)
  - fprintf (UNUSED)
[ OK ] Symbol order matches the map.
[ OK ] UNUSED symbol sizes match (1/4 checked).

[FAIL] 2 symbol(s) with wrong linkage (weak/local/global):
  - __StringWrite
      map:    global
      object: local
  - __FileWrite
      map:    global
      object: local
------------------------------------------------------------------------------
RESULT: FAIL (2 error category/categories)
