Unit        : mario/dolphin/os/OSMemory
Source      : src/dolphin/os/OSMemory.c
Object      : build/GMSJ01/src/dolphin/os/OSMemory.o
Map TU      : os.a OSMemory.c
Map symbols : 9 (2 UNUSED)   Object .text symbols: 9
reverse_fn_order: False
------------------------------------------------------------------------------

[ OK ] All map symbols are present in the object.

[FAIL] Non-weak symbol ORDER differs from the map (weak & object-only symbols ignored):
  - OSGetPhysicalMemSize   (map position)
    OSGetConsoleSimulatedMemSize
    OnReset
    MEMIntrruptHandler
    OSProtectRange
    Config24MB
    Config48MB
    RealMode
  + OSGetPhysicalMemSize   (object position)
    __OSInitMemoryProtection
[ OK ] UNUSED symbol sizes match (2/2 checked).
[ OK ] Symbol linkage (weak/local/global) matches the map.
------------------------------------------------------------------------------
RESULT: FAIL (1 error category/categories)
