Unit        : mario/Enemy/Koopa
Source      : src/Enemy/Koopa.cpp
Object      : build/GMSJ01/src/Enemy/Koopa.o
Map TU      : Enemy.a Koopa.cpp
Map symbols : 108 (29 UNUSED)   Object .text symbols: 0
reverse_fn_order: True
------------------------------------------------------------------------------

[FAIL] 108 map symbol(s) MISSING from the object:
  - __dt__13TKoopaManagerFv
  - loadAfter__13TKoopaManagerFv
  - load__13TKoopaManagerFR20JSUMemoryInputStream
  - createModelData__13TKoopaManagerFv
  - createEnemyInstance__13TKoopaManagerFv
  - __ct__13TKoopaManagerFPCc
  - getParam__6TKoopaCFv (UNUSED)
  - checkMarioWhichSide__6TKoopaFv (UNUSED)
  - calcRootMatrix__6TKoopaFv
  - receiveMessage__6TKoopaFP9THitActorUl
  - perform__6TKoopaFUlPQ26JDrama9TGraphics
  - set<f>__Q29JGeometry8TVec3<f>FRCQ29JGeometry8TVec3<f>
  - __dt__17TNerveKoopaTumbleFv
  - __dt__15TNerveKoopaTurnFv
  - reset__6TKoopaFv
  - getHeadMtx__6TKoopaCFv (UNUSED)
  - getBasNameTable__6TKoopaCFv
  - init__6TKoopaFP12TLiveManager
  - __dt__18TNerveKoopaProvokeFv
  - loadAfter__6TKoopaFv
  - __dt__11TKoopaPartsFv
  - load__6TKoopaFR20JSUMemoryInputStream
  - __ct__6TKoopaFPCc
  - getAnmEnd__6TKoopaCFv (UNUSED)
  - updateAnmSound__6TKoopaFv
  - fall__6TKoopaFv
  - __dt__15TNerveKoopaFallFv
  - canTumble__6TKoopaCFv (UNUSED)
  - passesAnmFrame__6TKoopaCFf (UNUSED)
  - getAnmFrameNext__6TKoopaCFv (UNUSED)
  - getAnmFrame__6TKoopaCFv (UNUSED)
  - getTargetDir__6TKoopaCFRCQ29JGeometry8TVec3<f>
  - isTumbling__6TKoopaCFv (UNUSED)
  - stagger__6TKoopaFb
  - __dt__18TNerveKoopaStaggerFv
  - __dt__22TNerveKoopaGetShoweredFv
  - __dt__18TNerveKoopaGetDownFv
  - __dt__16TNerveKoopaFlameFv
  - getShowered__6TKoopaFv
  - __dt__15TNerveKoopaWaitFv
  - effectsTumble__6TKoopaCFv
  - getDown__6TKoopaFv
  - allowsLaunch__6TKoopaCFv
  - getNeckFocus__6TKoopaCFv
  - isProvoking__6TKoopaCFv (UNUSED)
  - isFlaming__6TKoopaCFv
  - getFlameDirRate__6TKoopaCFv
  - setIgnoreMario__6TKoopaFl (UNUSED)
  - ignoresMario__6TKoopaCFv (UNUSED)
  - isBreathing__6TKoopaCFv (UNUSED)
  - laugh__6TKoopaFv (UNUSED)
  - endsAnm__6TKoopaCFv (UNUSED)
  - getAnmIndex__6TKoopaCFv (UNUSED)
  - changeAnm__6TKoopaFiif
  - setUpHitActors__6TKoopaFv
  - resetFlame___6TKoopaFv (UNUSED)
  - breathFlame__6TKoopaFv (UNUSED)
  - stopFlame__6TKoopaFv (UNUSED)
  - KoopaNeckCallBack__9@unnamed@FP7J3DNodei
  - getFlameDirDegree__6TKoopaCFv
  - attack___10TKoopaBodyFP9THitActor
  - receiveMessage__10TKoopaBodyFP9THitActorUl
  - __ct__10TKoopaBodyFP6TKoopa (UNUSED)
  - attack___10TKoopaHeadFP9THitActor
  - receiveMessage__10TKoopaHeadFP9THitActorUl
  - __ct__10TKoopaHeadFP6TKoopa (UNUSED)
  - attack___10TKoopaHandFP9THitActor
  - receiveMessage__10TKoopaHandFP9THitActorUl
  - __ct__10TKoopaHandFP6TKoopa (UNUSED)
  - attack___11TKoopaFlameFP9THitActor
  - receiveMessage__11TKoopaFlameFP9THitActorUl
  - control__11TKoopaFlameFv
  - fire__11TKoopaFlameFRCQ29JGeometry8TVec3<f>RCQ29JGeometry8TVec3<f>ffff (UNUSED)
  - resetFlame__11TKoopaFlameFv (UNUSED)
  - getLength__11TKoopaFlameCFv (UNUSED)
  - isAlive__11TKoopaFlameCFv (UNUSED)
  - __ct__11TKoopaFlameFP6TKoopa (UNUSED)
  - remove__11TKoopaPartsFv (UNUSED)
  - set__11TKoopaPartsFRCQ29JGeometry8TVec3<f>ff (UNUSED)
  - perform__11TKoopaPartsFUlPQ26JDrama9TGraphics
  - control__11TKoopaPartsFv
  - __ct__11TKoopaPartsFPCcUlP6TKoopaf
  - execute__18TNerveKoopaGetDownCFP24TSpineBase<10TLiveActor>
  - execute__22TNerveKoopaGetShoweredCFP24TSpineBase<10TLiveActor>
  - execute__18TNerveKoopaStaggerCFP24TSpineBase<10TLiveActor>
  - execute__18TNerveKoopaProvokeCFP24TSpineBase<10TLiveActor>
  - execute__16TNerveKoopaFlameCFP24TSpineBase<10TLiveActor>
  - __dt__16TNerveKoopaTurnRFv
  - __dt__16TNerveKoopaTurnLFv
  - getSaveParam__13TEnemyManagerCFv
  - set<f>__Q29JGeometry8TVec3<f>Ffff
  - execute__15TNerveKoopaFallCFP24TSpineBase<10TLiveActor>
  - execute__17TNerveKoopaTumbleCFP24TSpineBase<10TLiveActor>
  - execute__15TNerveKoopaWaitCFP24TSpineBase<10TLiveActor>
  - execute__16TNerveKoopaTurnRCFP24TSpineBase<10TLiveActor>
  - execute__16TNerveKoopaTurnLCFP24TSpineBase<10TLiveActor>
  - __dt__6TKoopaFv
  - __dt__10TKoopaBodyFv
  - __dt__10TKoopaHeadFv
  - __dt__10TKoopaHandFv
  - __dt__11TKoopaFlameFv
  - __sinit_Koopa_cpp
  - @32@__dt__11TKoopaPartsFv
  - @32@__dt__11TKoopaFlameFv
  - @32@__dt__10TKoopaHandFv
  - @32@__dt__10TKoopaHeadFv
  - @32@__dt__10TKoopaBodyFv
  - @32@__dt__6TKoopaFv
[ OK ] Symbol order matches the map.
[ OK ] UNUSED symbol sizes match (0/29 checked).
[ OK ] Symbol linkage (weak/local/global) matches the map.
------------------------------------------------------------------------------
RESULT: FAIL (1 error category/categories)
