Unit        : mario/GC2D/Talk2D2
Source      : src/GC2D/Talk2D2.cpp
Object      : build/GMSJ01/src/GC2D/Talk2D2.o
Map TU      : GC2D.a Talk2D2.cpp
Map symbols : 27 (4 UNUSED)   Object .text symbols: 0
reverse_fn_order: True
------------------------------------------------------------------------------

[FAIL] 27 map symbol(s) MISSING from the object:
  - __dt__8TTalk2D2Fv
  - openWindow__8TTalk2D2FScf
  - setTagParam__8TTalk2D2FR20JSUMemoryInputStreamR10J2DTextBoxPiPi
  - setupTextBox__8TTalk2D2FPCvP12JMSMesgEntry
  - setupBoardTextBox__8TTalk2D2FPCvP12JMSMesgEntry
  - makeLine__8TTalk2D2FPfPffR8JUTPointR8JUTPointR8JUTPoint (UNUSED)
  - perform__8TTalk2D2FUlPQ26JDrama9TGraphics
  - appearBoardBoxWindow__8TTalk2D2Fv (UNUSED)
  - eraseBoardWindow__8TTalk2D2Fv
  - eraseNormalWindow__8TTalk2D2Fv
  - closeBoardWindow__8TTalk2D2Fv (UNUSED)
  - closeNormalWindow__8TTalk2D2Fv
  - checkControler__8TTalk2D2Fv
  - moveTalkWindow__8TTalk2D2Fv
  - checkBoardControler__8TTalk2D2Fv
  - moveBoardWindow__8TTalk2D2Fv
  - openNormalWindow__8TTalk2D2Fv
  - openBoardWindow__8TTalk2D2Fv
  - makeBoxLine__8TTalk2D2FScPc
  - openTalkWindow__8TTalk2D2FP8TBaseNPC
  - closeTalkWindow__8TTalk2D2Fv (UNUSED)
  - forceCloseTalk__8TTalk2D2Fv
  - setMessageID__8TTalk2D2FUlUl
  - loadAfter__8TTalk2D2Fv
  - load__8TTalk2D2FR20JSUMemoryInputStream
  - __ct__8TTalk2D2FPCc
  - __sinit_Talk2D2_cpp
[ OK ] Symbol order matches the map.
[ OK ] UNUSED symbol sizes match (0/4 checked).
[ OK ] Symbol linkage (weak/local/global) matches the map.
------------------------------------------------------------------------------
RESULT: FAIL (1 error category/categories)
