Unit        : mario/GC2D/MovieRumble
Source      : src/GC2D/MovieRumble.cpp
Object      : build/GMSJ01/src/GC2D/MovieRumble.o
Map TU      : GC2D.a MovieRumble.cpp
Map symbols : 9 (4 UNUSED)   Object .text symbols: 10
reverse_fn_order: True
------------------------------------------------------------------------------

[ OK ] All map symbols are present in the object.
[ OK ] Symbol order matches the map.

[WARN] 2 UNUSED symbol(s) with wrong size (best-effort -- does not fail the check):
  - readCurInfo__12TMovieRumbleFv
      map:    0xd0 (208)
      object: 0xd4 (212)
  - movement__12TMovieRumbleFv
      map:    0xb4 (180)
      object: 0x78 (120)
[ OK ] Symbol linkage (weak/local/global) matches the map.

[INFO] 1 object-only symbol(s) not in the map (usually deduplicated weak/inline helpers; not an error; -v to list).
------------------------------------------------------------------------------
RESULT: PASS with warnings (2 UNUSED size mismatch(es) -- see above)
