Unit        : mario/JSystem/JKernel/JKRMemArchive
Source      : src/JSystem/JKernel/JKRMemArchive.cpp
Object      : build/GMSJ01/src/JSystem/JKernel/JKRMemArchive.o
Map TU      : JSystem.a JKRMemArchive.cpp
Map symbols : 18 (5 UNUSED)   Object .text symbols: 18
reverse_fn_order: False
------------------------------------------------------------------------------

[ OK ] All map symbols are present in the object.
[ OK ] Symbol order matches the map.

[WARN] 4 UNUSED symbol(s) with wrong size (best-effort -- does not fail the check):
  - __ct__13JKRMemArchiveFPCcQ210JKRArchive15EMountDirection
      map:    0xac (172)
      object: 0x44 (68)
  - mountFixed__13JKRMemArchiveFlQ210JKRArchive15EMountDirection
      map:    0x104 (260)
      object: 0x4 (4)
  - mountFixed__13JKRMemArchiveFPCcQ210JKRArchive15EMountDirection
      map:    0xdc (220)
      object: 0x4 (4)
  - open__13JKRMemArchiveFPCcQ210JKRArchive15EMountDirection
      map:    0x4c (76)
      object: 0x4 (4)
[ OK ] Symbol linkage (weak/local/global) matches the map.
------------------------------------------------------------------------------
RESULT: PASS with warnings (4 UNUSED size mismatch(es) -- see above)
