Unit        : mario/JSystem/JKernel/JKRArchivePri
Source      : src/JSystem/JKernel/JKRArchivePri.cpp
Object      : build/GMSJ01/src/JSystem/JKernel/JKRArchivePri.o
Map TU      : JSystem.a JKRArchivePri.cpp
Map symbols : 17 (6 UNUSED)   Object .text symbols: 17
reverse_fn_order: False
------------------------------------------------------------------------------

[ OK ] All map symbols are present in the object.
[ OK ] Symbol order matches the map.

[WARN] 4 UNUSED symbol(s) with wrong size (best-effort -- does not fail the check):
  - __ct__10JKRArchiveFPCcQ210JKRArchive10EMountMode
      map:    0xc8 (200)
      object: 0x3c (60)
  - findTypeResource__10JKRArchiveCFUlUl
      map:    0x98 (152)
      object: 0x8 (8)
  - findIdResource__10JKRArchiveCFUs
      map:    0x80 (128)
      object: 0x84 (132)
  - __ct__Q210JKRArchive8CArcNameFv
      map:    0x14 (20)
      object: 0x4 (4)
[ OK ] Symbol linkage (weak/local/global) matches the map.
------------------------------------------------------------------------------
RESULT: PASS with warnings (4 UNUSED size mismatch(es) -- see above)
