Unit        : mario/Player/MarioParticle
Source      : src/Player/MarioParticle.cpp
Object      : build/GMSJ01/src/Player/MarioParticle.o
Map TU      : Player.a MarioParticle.cpp
Map symbols : 56 (8 UNUSED)   Object .text symbols: 67
reverse_fn_order: True
------------------------------------------------------------------------------

[FAIL] 8 map symbol(s) MISSING from the object:
  - rocketEffectNozzle__6TMarioFv (UNUSED)
  - emitFootPrint__6TMarioFi (UNUSED)
  - setFootPrint__6TMarioFRCQ29JGeometry8TVec3<f>i (UNUSED)
  - smallRippleEffect__6TMarioFPQ29JGeometry8TVec3<f> (UNUSED)
  - rippleEffectSmall__6TMarioFv (UNUSED)
  - strongTouchDownEffectDisp__6TMarioFv (UNUSED)
  - emitRecover__6TMarioFv (UNUSED)
  - emitSweatSometimes__6TMarioFs (UNUSED)
[ OK ] Symbol order matches the map.
[ OK ] UNUSED symbol sizes match (0/8 checked).
[ OK ] Symbol linkage (weak/local/global) matches the map.

[INFO] 19 object-only symbol(s) not in the map (usually deduplicated weak/inline helpers; not an error; -v to list).
------------------------------------------------------------------------------
RESULT: FAIL (1 error category/categories)
