Unit        : mario/dolphin/os/OSThread
Source      : src/dolphin/os/OSThread.c
Object      : build/GMSJ01/src/dolphin/os/OSThread.o
Map TU      : os.a OSThread.c
Map symbols : 34 (11 UNUSED)   Object .text symbols: 27
reverse_fn_order: False
------------------------------------------------------------------------------

[FAIL] 7 map symbol(s) MISSING from the object:
  - OSIsThreadSuspended (UNUSED)
  - OSSetThreadPriority (UNUSED)
  - OSSetIdleFunction (UNUSED)
  - OSGetIdleFunction (UNUSED)
  - CheckThreadQueue (UNUSED)
  - IsMember (UNUSED)
  - OSCheckActiveThreads (UNUSED)
[ OK ] Symbol order matches the map.
[ OK ] UNUSED symbol sizes match (4/11 checked).
[ OK ] Symbol linkage (weak/local/global) matches the map.
------------------------------------------------------------------------------
RESULT: FAIL (1 error category/categories)
