Unit        : mario/Enemy/bosswanwan
Source      : src/Enemy/bosswanwan.cpp
Object      : build/GMSJ01/src/Enemy/bosswanwan.o
Map TU      : Enemy.a bosswanwan.cpp
Map symbols : 97 (20 UNUSED)   Object .text symbols: 0
reverse_fn_order: True
------------------------------------------------------------------------------

[FAIL] 97 map symbol(s) MISSING from the object:
  - __dt__12TNerveBWFallFv
  - execute__12TNerveBWFallCFP24TSpineBase<10TLiveActor>
  - __dt__19TNerveBWGraphWanderFv
  - theNerve__12TNerveBWFallFv
  - execute__13TNerveBWShakeCFP24TSpineBase<10TLiveActor>
  - theNerve__13TNerveBWShakeFv
  - __dt__13TNerveBWShakeFv
  - execute__16TNerveBWJumpAwayCFP24TSpineBase<10TLiveActor>
  - theNerve__16TNerveBWJumpAwayFv
  - __dt__16TNerveBWJumpAwayFv
  - execute__11TNerveBWDieCFP24TSpineBase<10TLiveActor>
  - __dt__11TNerveBWDieFv
  - theNerve__11TNerveBWDieFv
  - execute__18TNerveBWJumpToBathCFP24TSpineBase<10TLiveActor>
  - theNerve__18TNerveBWJumpToBathFv
  - __dt__18TNerveBWJumpToBathFv
  - execute__14TNerveBWWakeupCFP24TSpineBase<10TLiveActor>
  - theNerve__14TNerveBWWakeupFv
  - __dt__14TNerveBWWakeupFv
  - execute__12TNerveBWStunCFP24TSpineBase<10TLiveActor>
  - theNerve__12TNerveBWStunFv
  - __dt__12TNerveBWStunFv
  - execute__12TNerveBWJumpCFP24TSpineBase<10TLiveActor>
  - theNerve__12TNerveBWJumpFv
  - __dt__12TNerveBWJumpFv
  - execute__12TNerveBWBarkCFP24TSpineBase<10TLiveActor>
  - theNerve__12TNerveBWBarkFv
  - __dt__12TNerveBWBarkFv
  - execute__12TNerveBWRollCFP24TSpineBase<10TLiveActor>
  - __dt__12TNerveBWRollFv
  - set<f>__Q29JGeometry8TVec3<f>Ffff
  - theNerve__12TNerveBWRollFv
  - execute__19TNerveBWGraphWanderCFP24TSpineBase<10TLiveActor>
  - theNerve__19TNerveBWGraphWanderFv
  - load__18TBossWanwanManagerFR20JSUMemoryInputStream
  - createModelData__18TBossWanwanManagerFv
  - createEnemyInstance__18TBossWanwanManagerFv
  - initJParticle__18TBossWanwanManagerFv (UNUSED)
  - __ct__18TBossWanwanManagerFPCc
  - perform__11TBossWanwanFUlPQ26JDrama9TGraphics
  - showMessage__11TBossWanwanFUl (UNUSED)
  - emitEffects__11TBossWanwanFv
  - control__11TBossWanwanFv
  - MsWrap<f>__Ffff
  - slideToCurPathNode__11TBossWanwanFff
  - rollNextGraphNode__11TBossWanwanFv (UNUSED)
  - reverseNextGraphNode__11TBossWanwanFv (UNUSED)
  - calcRootMatrix__11TBossWanwanFv
  - isHeadPulled__11TBossWanwanFv (UNUSED)
  - isMarioInSight__11TBossWanwanFv (UNUSED)
  - isTailBurning__11TBossWanwanFv (UNUSED)
  - isBurning__11TBossWanwanFv (UNUSED)
  - startGoldBrk__11TBossWanwanFv (UNUSED)
  - changeBck__11TBossWanwanFi (UNUSED)
  - releasePicket__11TBossWanwanFv (UNUSED)
  - takeBath__11TBossWanwanFv (UNUSED)
  - receiveMessage__11TBossWanwanFP9THitActorUl
  - shakeCamera__11TBossWanwanFi
  - init__11TBossWanwanFP12TLiveManager
  - __ct__11TBossWanwanFPCc
  - calc__18TBossWanwanMtxCalcFUs
  - joinAnm__18TBossWanwanMtxCalcFi (UNUSED)
  - __ct__18TBossWanwanMtxCalcFP11TBossWanwan (UNUSED)
  - bind__9TBWBinderFP10TLiveActor
  - __ct__9TBWBinderFv (UNUSED)
  - perform__6TBWHitFUlPQ26JDrama9TGraphics
  - receiveMessage__6TBWHitFP9THitActorUl
  - __ct__6TBWHitFP11TBossWanwaniPCc (UNUSED)
  - perform__9TBWPicketFUlPQ26JDrama9TGraphics
  - getTakingMtx__9TBWPicketFv
  - moveRequest__9TBWPicketFRCQ29JGeometry8TVec3<f>
  - receiveMessage__9TBWPicketFP9THitActorUl
  - __ct__9TBWPicketFP11TBossWanwanPCc (UNUSED)
  - perform__8TBWLeashFUlPQ26JDrama9TGraphics
  - pullTail__8TBWLeashFRCQ29JGeometry8TVec3<f> (UNUSED)
  - invalidateAllCollision__8TBWLeashFv (UNUSED)
  - __ct__8TBWLeashFP11TBossWanwaniPCc
  - perform__12TBWLeashNodeFUlPQ26JDrama9TGraphics
  - calcMatrix__12TBWLeashNodeFv
  - calcTemperature__12TBWLeashNodeFv
  - __ct__12TBWLeashNodeFP8TBWLeashiPCc (UNUSED)
  - __ct__9TBWParamsFPCc
  - __dt__18TBossWanwanManagerFv
  - __dt__11TBossWanwanFv
  - kill__11TBossWanwanFv
  - __dt__18TBossWanwanMtxCalcFv
  - __dt__9TBWBinderFv
  - __dt__6TBWHitFv
  - __dt__9TBWPicketFv
  - __dt__8TBWLeashFv
  - __dt__12TBWLeashNodeFv
  - __sinit_bosswanwan_cpp
  - @32@__dt__12TBWLeashNodeFv
  - @32@__dt__9TBWPicketFv
  - @32@__dt__6TBWHitFv
  - @104@4@calc__18TBossWanwanMtxCalcFUs
  - @32@__dt__11TBossWanwanFv
[ OK ] Symbol order matches the map.
[ OK ] UNUSED symbol sizes match (0/20 checked).
[ OK ] Symbol linkage (weak/local/global) matches the map.
------------------------------------------------------------------------------
RESULT: FAIL (1 error category/categories)
