Unit        : mario/TRK_MINNOW_DOLPHIN/debugger/embedded/MetroTRK/Portable/msgbuf
Source      : src/TRK_MINNOW_DOLPHIN/debugger/embedded/MetroTRK/Portable/msgbuf.c
Object      : build/GMSJ01/src/TRK_MINNOW_DOLPHIN/debugger/embedded/MetroTRK/Portable/msgbuf.o
Map TU      : TRK_MINNOW_DOLPHIN.a msgbuf.c
Map symbols : 28 (8 UNUSED)   Object .text symbols: 20
reverse_fn_order: False
------------------------------------------------------------------------------

[FAIL] 8 map symbol(s) MISSING from the object:
  - TRKAppendBuffer1_ui128 (UNUSED)
  - TRKAppendBuffer_ui16 (UNUSED)
  - TRKAppendBuffer_ui64 (UNUSED)
  - TRKAppendBuffer_ui128 (UNUSED)
  - TRKReadBuffer1_ui128 (UNUSED)
  - TRKReadBuffer_ui16 (UNUSED)
  - TRKReadBuffer_ui64 (UNUSED)
  - TRKReadBuffer_ui128 (UNUSED)
[ OK ] Symbol order matches the map.
[ OK ] UNUSED symbol sizes match (0/8 checked).

[FAIL] 1 symbol(s) with wrong linkage (weak/local/global):
  - TRKSetBufferUsed
      map:    local
      object: global
------------------------------------------------------------------------------
RESULT: FAIL (2 error category/categories)
