Unit        : mario/Enemy/pakkun
Source      : src/Enemy/pakkun.cpp
Object      : build/GMSJ01/src/Enemy/pakkun.o
Map TU      : Enemy.a pakkun.cpp
Map symbols : 93 (16 UNUSED)   Object .text symbols: 0
reverse_fn_order: True
------------------------------------------------------------------------------

[FAIL] 93 map symbol(s) MISSING from the object:
  - __dt__22TNerveStayPakkunAppearFv
  - execute__22TNerveStayPakkunAppearCFP24TSpineBase<10TLiveActor>
  - __dt__16TNervePakkunStayFv
  - theNerve__22TNerveStayPakkunAppearFv (UNUSED)
  - execute__20TNerveStayPakkunHideCFP24TSpineBase<10TLiveActor>
  - theNerve__20TNerveStayPakkunHideFv (UNUSED)
  - __dt__20TNerveStayPakkunHideFv
  - execute__18TNervePakkunFreezeCFP24TSpineBase<10TLiveActor>
  - theNerve__18TNervePakkunFreezeFv (UNUSED)
  - __dt__18TNervePakkunFreezeFv
  - execute__17TNervePakkunShootCFP24TSpineBase<10TLiveActor>
  - theNerve__17TNervePakkunShootFv (UNUSED)
  - __dt__17TNervePakkunShootFv
  - execute__16TNervePakkunHideCFP24TSpineBase<10TLiveActor>
  - __dt__18TNervePakkunAppearFv
  - theNerve__16TNervePakkunHideFv (UNUSED)
  - __dt__16TNervePakkunHideFv
  - execute__18TNervePakkunAppearCFP24TSpineBase<10TLiveActor>
  - theNerve__18TNervePakkunAppearFv (UNUSED)
  - execute__16TNervePakkunStayCFP24TSpineBase<10TLiveActor>
  - theNerve__16TNervePakkunStayFv (UNUSED)
  - execute__20TNervePakkunGenerateCFP24TSpineBase<10TLiveActor>
  - theNerve__20TNervePakkunGenerateFv (UNUSED)
  - __dt__20TNervePakkunGenerateFv
  - getSaveParam__11TStayPakkunCFv
  - shoot__11TStayPakkunFv
  - kill__11TStayPakkunFv
  - shootIn__11TStayPakkunFv
  - isHitValid__11TStayPakkunFUl
  - setBehavior__11TStayPakkunFv
  - calcRootMatrix__11TStayPakkunFv
  - genRandomItem__11TStayPakkunFv
  - setDeadAnm__11TStayPakkunFv
  - reset__11TStayPakkunFv
  - init__11TStayPakkunFP12TLiveManager
  - load__11TStayPakkunFR20JSUMemoryInputStream
  - set<f>__Q29JGeometry8TVec3<f>Ffff
  - forceKill__11TPakkunSeedFv
  - seedSet__11TPakkunSeedFv (UNUSED)
  - set__11TPakkunSeedFv
  - rebirth__11TPakkunSeedFv
  - shoot__11TPakkunSeedFv
  - appear__11TPakkunSeedFv
  - getNowGravity__11TPakkunSeedFv
  - behaveToHitGround__11TPakkunSeedFv
  - calcRootMatrix__11TPakkunSeedFv
  - behaveToHitWall__11TPakkunSeedFPC12TBGCheckData
  - behaveToHost__11TPakkunSeedFv
  - moveObject__11TPakkunSeedFv
  - loadInit__11TPakkunSeedFP11TSpineEnemyPCc
  - __ct__11TPakkunSeedFPCc (UNUSED)
  - getBasNameTable__7TPakkunCFv
  - shoot__7TPakkunFv
  - shootIn__7TPakkunFv
  - reset__7TPakkunFv
  - setMActorAndKeeper__7TPakkunFv
  - behaveToWater__7TPakkunFP9THitActor
  - onShootCurve__7TPakkunFRQ29JGeometry8TVec3<f> (UNUSED)
  - onShootLiner__7TPakkunFRQ29JGeometry8TVec3<f>
  - seedPollute__7TPakkunFRQ29JGeometry8TVec3<f> (UNUSED)
  - createPakkunSmoke__7TPakkunFRQ29JGeometry8TVec3<f> (UNUSED)
  - perform__7TPakkunFUlPQ26JDrama9TGraphics
  - isHideEnd__7TPakkunCFv (UNUSED)
  - setDeadAnm__7TPakkunFv
  - setFreezeAnm__7TPakkunFv
  - setWaitAnm__7TPakkunFv
  - kill__7TPakkunFv
  - isInhibitedForceMove__7TPakkunFv
  - init__7TPakkunFP12TLiveManager
  - load__7TPakkunFR20JSUMemoryInputStream
  - __ct__7TPakkunFPCc
  - clipEnemies__14TPakkunManagerFPQ26JDrama9TGraphics
  - createEnemyInstance__14TPakkunManagerFv
  - createModelData__14TPakkunManagerFv
  - loadAfter__14TPakkunManagerFv
  - load__14TPakkunManagerFR20JSUMemoryInputStream
  - __dt__17TSmallEnemyParamsFv (UNUSED)
  - __ct__14TPakkunManagerFPCc
  - __ct__21TPakkunSaveLoadParamsFPCc (UNUSED)
  - PakkunRootCallback2__FP7J3DNodei
  - PakkunRootCallback__FP7J3DNodei
  - PakkunSeedCallback__FP7J3DNodei
  - setAfterDeadEffect__11TStayPakkunFv
  - isCollidMove__7TPakkunFP9THitActor
  - decHpByWater__7TPakkunFP9THitActor
  - initAttacker__11TSmallEnemyFP9THitActor
  - __dt__11TStayPakkunFv
  - __dt__11TPakkunSeedFv
  - __dt__14TPakkunManagerFv
  - __sinit_pakkun_cpp
  - @32@__dt__7TPakkunFv
  - @32@__dt__11TPakkunSeedFv
  - @32@__dt__11TStayPakkunFv
[ OK ] Symbol order matches the map.
[ OK ] UNUSED symbol sizes match (0/16 checked).
[ OK ] Symbol linkage (weak/local/global) matches the map.
------------------------------------------------------------------------------
RESULT: FAIL (1 error category/categories)
