Unit        : mario/M3DUtil/MActorData
Source      : src/M3DUtil/MActorData.cpp
Object      : build/GMSJ01/src/M3DUtil/MActorData.o
Map TU      : M3DUtil.a MActorData.cpp
Map symbols : 21 (5 UNUSED)   Object .text symbols: 24
reverse_fn_order: True
------------------------------------------------------------------------------

[ OK ] All map symbols are present in the object.

[WARN] Only weak symbols are out of order (compiler-controlled -- does not fail the check):
    createSampleModelData__13MActorAnmDataFP12J3DModelData
    addFileTable__13MActorAnmDataFPCc
    getSimpleName__13MActorAnmDataFPCc
    addFileNum__13MActorAnmDataFPCc
    init__13MActorAnmDataFPCcPPCc
  + loadAnmPtrArray__37MActorAnmDataEach<16J3DAnmClusterKey>FPCcPCc   (object position)
  + loadAnmPtrArray__36MActorAnmDataEach<15J3DAnmTevRegKey>FPCcPCc   (object position)
  + loadAnmPtrArray__40MActorAnmDataEach<19J3DAnmTextureSRTKey>FPCcPCc   (object position)
  + loadAnmPtrArray__37MActorAnmDataEach<16J3DAnmTexPattern>FPCcPCc   (object position)
  + loadAnmPtrArray__35MActorAnmDataEach<14J3DAnmColorKey>FPCcPCc   (object position)
  + loadAnmPtrArray__39MActorAnmDataEach<18J3DAnmTransformKey>FPCcPCc   (object position)
    addIncidentalAnm__13MActorAnmDataFPCci
    insert__Q27JGadget68TList<16MActorSubAnmInfo,Q27JGadget30TAllocator<16MActorSubAnmInfo>>FQ37JGadget68TList<16MActorSubAnmInfo,Q27JGadget30TAllocator<16MActorSubAnmInfo>>8iteratorRC16MActorSubAnmInfo
    partsNameToIdx__13MActorAnmDataFPCc
    MActorCalcKeyCode__FPCc
    __ct__13MActorAnmDataFv
    __dt__Q27JGadget68TList<16MActorSubAnmInfo,Q27JGadget30TAllocator<16MActorSubAnmInfo>>Fv
    erase__Q27JGadget68TList<16MActorSubAnmInfo,Q27JGadget30TAllocator<16MActorSubAnmInfo>>FQ37JGadget68TList<16MActorSubAnmInfo,Q27JGadget30TAllocator<16MActorSubAnmInfo>>8iterator
    sortByFileNameRaw__17MActorAnmDataBaseFPPv
    __ct__17MActorAnmDataBaseFi
    checkLower__17MActorAnmDataBaseFPCc
  - loadAnmPtrArray__37MActorAnmDataEach<16J3DAnmClusterKey>FPCcPCc   (map position)
  - loadAnmPtrArray__36MActorAnmDataEach<15J3DAnmTevRegKey>FPCcPCc   (map position)
  - loadAnmPtrArray__40MActorAnmDataEach<19J3DAnmTextureSRTKey>FPCcPCc   (map position)
  - loadAnmPtrArray__37MActorAnmDataEach<16J3DAnmTexPattern>FPCcPCc   (map position)
  - loadAnmPtrArray__35MActorAnmDataEach<14J3DAnmColorKey>FPCcPCc   (map position)
  - loadAnmPtrArray__39MActorAnmDataEach<18J3DAnmTransformKey>FPCcPCc   (map position)

[WARN] 1 UNUSED symbol(s) with wrong size (best-effort -- does not fail the check):
  - __ct__17MActorAnmDataBaseFi
      map:    0x50 (80)
      object: 0x58 (88)
[ OK ] Symbol linkage (weak/local/global) matches the map.

[INFO] 3 object-only symbol(s) not in the map (usually deduplicated weak/inline helpers; not an error; -v to list).
------------------------------------------------------------------------------
RESULT: PASS with warnings (weak-symbol order; 1 UNUSED size mismatch(es) -- see above)
