Unit        : mario/JSystem/J2D/J2DPane
Source      : src/JSystem/J2D/J2DPane.cpp
Object      : build/GMSJ01/src/JSystem/J2D/J2DPane.o
Map TU      : JSystem.a J2DPane.cpp
Map symbols : 27 (8 UNUSED)   Object .text symbols: 27
reverse_fn_order: False
------------------------------------------------------------------------------

[ OK ] All map symbols are present in the object.
[ OK ] Symbol order matches the map.

[WARN] 5 UNUSED symbol(s) with wrong size (best-effort -- does not fail the check):
  - __ct__7J2DPaneFUlRC7JUTRect
      map:    0x14c (332)
      object: 0xc0 (192)
  - gather__7J2DPaneFPP7J2DPaneUlUliRi
      map:    0x118 (280)
      object: 0x4 (4)
  - getFirstChildPane__7J2DPaneFv
      map:    0x38 (56)
      object: 0x8 (8)
  - getNextChildPane__7J2DPaneFv
      map:    0x38 (56)
      object: 0x8 (8)
  - getParentPane__7J2DPaneFv
      map:    0x1c (28)
      object: 0x8 (8)
[ OK ] Symbol linkage (weak/local/global) matches the map.
------------------------------------------------------------------------------
RESULT: PASS with warnings (5 UNUSED size mismatch(es) -- see above)
