Unit        : mario/Camera/CameraInbetween
Source      : src/Camera/CameraInbetween.cpp
Object      : build/GMSJ01/src/Camera/CameraInbetween.o
Map TU      : Camera.a CameraInbetween.cpp
Map symbols : 9 (3 UNUSED)   Object .text symbols: 11
reverse_fn_order: True
------------------------------------------------------------------------------

[ OK ] All map symbols are present in the object.
[ OK ] Symbol order matches the map.

[WARN] 2 UNUSED symbol(s) with wrong size (best-effort -- does not fail the check):
  - setInbetModePosAngleY__16TCameraInbetweenFQ216TCameraInbetween18EnumAngleInbetModess
      map:    0xbc (188)
      object: 0x4 (4)
  - execInbetweenAndCalcPosAndAt__16TCameraInbetweenFRCQ29JGeometry8TVec3<f>RCQ29JGeometry8TVec3<f>RCQ29JGeometry8TVec3<f>ffffPQ29JGeometry8TVec3<f>PQ29JGeometry8TVec3<f>
      map:    0xec (236)
      object: 0x4 (4)
[ OK ] Symbol linkage (weak/local/global) matches the map.

[INFO] 2 object-only symbol(s) not in the map (usually deduplicated weak/inline helpers; not an error; -v to list).
------------------------------------------------------------------------------
RESULT: PASS with warnings (2 UNUSED size mismatch(es) -- see above)
