Unit        : mario/JSystem/JKernel/JKRAramPiece
Source      : src/JSystem/JKernel/JKRAramPiece.cpp
Object      : build/GMSJ01/src/JSystem/JKernel/JKRAramPiece.o
Map TU      : JSystem.a JKRAramPiece.cpp
Map symbols : 15 (7 UNUSED)   Object .text symbols: 16
reverse_fn_order: False
------------------------------------------------------------------------------

[ OK ] All map symbols are present in the object.
[ OK ] Symbol order matches the map.

[WARN] 3 UNUSED symbol(s) with wrong size (best-effort -- does not fail the check):
  - __ct__12JKRAramPieceFv
      map:    0x3c (60)
      object: 0x4 (4)
  - syncAll__12JKRAramPieceFi
      map:    0x110 (272)
      object: 0x4 (4)
  - getDestination__12JKRAMCommandFv
      map:    0x20 (32)
      object: 0x8 (8)
[ OK ] Symbol linkage (weak/local/global) matches the map.

[INFO] 1 object-only symbol(s) not in the map (usually deduplicated weak/inline helpers; not an error; -v to list).
------------------------------------------------------------------------------
RESULT: PASS with warnings (3 UNUSED size mismatch(es) -- see above)
