Unit        : mario/JSystem/JAudio/JALibrary/JALModSe
Source      : src/JSystem/JAudio/JALibrary/JALModSe.cpp
Object      : build/GMSJ01/src/JSystem/JAudio/JALibrary/JALModSe.o
Map TU      : JSystem.a JALModSe.cpp
Map symbols : 188 (87 UNUSED)   Object .text symbols: 188
reverse_fn_order: False
------------------------------------------------------------------------------

[ OK ] All map symbols are present in the object.

[WARN] Only weak symbols are out of order (compiler-controlled -- does not fail the check):
    init__9JALSystemFv
    gateCheckFunc__9JALSystemFUlf
    processModFunc__9JALSystemFP8JAISoundfUlUc
    processModDistVolume__9JALSystemFUlf
    processModDistPitch__9JALSystemFUlf
    processModDistFx__9JALSystemFUlf
    append__9JALSystemFQ29JALSystem7ModTypePCcUlfffffQ27JALCalc9CurveSignffUc
    __dt__34JALSeModDataGrp<15JALSeModPitDGrp>Fv
    __dt__26JALList<15JALSeModPitDGrp>Fv
    __dt__54JALListGrp<15JALSeModPitDGrp,Ul,19JALSeModDataGrpMemb>Fv
    __dt__31JALSeModData<15JALSeModPitDGrp>Fv
    __dt__26JSULink<15JALSeModPitDGrp>Fv
    __dt__34JALSeModDataGrp<15JALSeModEffDGrp>Fv
    __dt__26JALList<15JALSeModEffDGrp>Fv
    __dt__54JALListGrp<15JALSeModEffDGrp,Ul,19JALSeModDataGrpMemb>Fv
    __dt__31JALSeModData<15JALSeModEffDGrp>Fv
    __dt__26JSULink<15JALSeModEffDGrp>Fv
    __dt__34JALSeModDataGrp<15JALSeModVolDGrp>Fv
    __dt__26JALList<15JALSeModVolDGrp>Fv
    __dt__54JALListGrp<15JALSeModVolDGrp,Ul,19JALSeModDataGrpMemb>Fv
    __dt__31JALSeModData<15JALSeModVolDGrp>Fv
    __dt__26JSULink<15JALSeModVolDGrp>Fv
    __dt__34JALSeModDataGrp<15JALSeModEffFGrp>Fv
    __dt__26JALList<15JALSeModEffFGrp>Fv
    __dt__54JALListGrp<15JALSeModEffFGrp,Ul,19JALSeModDataGrpMemb>Fv
    __dt__31JALSeModData<15JALSeModEffFGrp>Fv
    __dt__26JSULink<15JALSeModEffFGrp>Fv
    __dt__34JALSeModDataGrp<15JALSeModPitFGrp>Fv
    __dt__26JALList<15JALSeModPitFGrp>Fv
    __dt__54JALListGrp<15JALSeModPitFGrp,Ul,19JALSeModDataGrpMemb>Fv
    __dt__31JALSeModData<15JALSeModPitFGrp>Fv
    __dt__26JSULink<15JALSeModPitFGrp>Fv
    __dt__34JALSeModDataGrp<15JALSeModVolFGrp>Fv
    __dt__26JALList<15JALSeModVolFGrp>Fv
    __dt__54JALListGrp<15JALSeModVolFGrp,Ul,19JALSeModDataGrpMemb>Fv
    __dt__34JALListD<19JALSeModDataGrpMemb,Ul>Fv
    __dt__30JSUList<19JALSeModDataGrpMemb>Fv
    __ct__30JSUList<19JALSeModDataGrpMemb>Fv
    __dt__31JALSeModData<15JALSeModVolFGrp>Fv
    __dt__26JSULink<15JALSeModVolFGrp>Fv
    __dt__31JALSeModData<15JALSeModPitDist>Fv
    __dt__26JSULink<15JALSeModPitDist>Fv
    __dt__31JALSeModData<15JALSeModEffDist>Fv
    __dt__26JSULink<15JALSeModEffDist>Fv
    __dt__31JALSeModData<15JALSeModVolDist>Fv
    __dt__26JSULink<15JALSeModVolDist>Fv
    __dt__31JALSeModData<15JALSeModEffFunk>Fv
    __dt__26JSULink<15JALSeModEffFunk>Fv
    __dt__31JALSeModData<15JALSeModPitFunk>Fv
    __dt__26JSULink<15JALSeModPitFunk>Fv
    __dt__31JALSeModData<15JALSeModVolFunk>Fv
    __dt__26JSULink<15JALSeModVolFunk>Fv
    appendGrpMember__9JALSystemFQ29JALSystem7ModTypeUlUl
    __dt__34JALLinkD<19JALSeModDataGrpMemb,Ul>Fv
    __ct__Q29JALSystem12TFlagManagerFv
    addUseFlag__Q29JALSystem12TFlagManagerFUlUs
    getUseFlag__Q29JALSystem12TFlagManagerFUl
    isRegistered__Q29JALSystem12TFlagManagerFUlUs
  - calcGrp__34JALSeModDataGrp<15JALSeModEffDGrp>FUlfPf   (map position)
  - calcGrp__34JALSeModDataGrp<15JALSeModPitDGrp>FUlfPf   (map position)
  - calcGrp__34JALSeModDataGrp<15JALSeModVolDGrp>FUlfPf   (map position)
  - calcGrp__34JALSeModDataGrp<15JALSeModEffFGrp>FUlfPf   (map position)
  - gateCheckGrp__34JALSeModDataGrp<15JALSeModEffFGrp>FUlf   (map position)
  - calcGrp__34JALSeModDataGrp<15JALSeModPitFGrp>FUlfPf   (map position)
  - gateCheckGrp__34JALSeModDataGrp<15JALSeModPitFGrp>FUlf   (map position)
  - calcGrp__34JALSeModDataGrp<15JALSeModVolFGrp>FUlfPf   (map position)
  - gateCheckGrp__34JALSeModDataGrp<15JALSeModVolFGrp>FUlf   (map position)
    calcDyna__31JALSeModData<15JALSeModEffDGrp>Ff
    gateCheckDyna__31JALSeModData<15JALSeModEffDGrp>Ff
    calcDyna__31JALSeModData<15JALSeModPitDGrp>Ff
    gateCheckDyna__31JALSeModData<15JALSeModPitDGrp>Ff
    calcDyna__31JALSeModData<15JALSeModVolDGrp>Ff
    gateCheckDyna__31JALSeModData<15JALSeModVolDGrp>Ff
    calcDyna__31JALSeModData<15JALSeModEffFGrp>Ff
    gateCheckDyna__31JALSeModData<15JALSeModEffFGrp>Ff
    calcDyna__31JALSeModData<15JALSeModPitFGrp>Ff
    gateCheckDyna__31JALSeModData<15JALSeModPitFGrp>Ff
    calcDyna__31JALSeModData<15JALSeModVolFGrp>Ff
    gateCheckDyna__31JALSeModData<15JALSeModVolFGrp>Ff
  - calc__31JALSeModData<15JALSeModEffDist>FUlfPf   (map position)
    calcDyna__31JALSeModData<15JALSeModEffDist>Ff
    gateCheckDyna__31JALSeModData<15JALSeModEffDist>Ff
  - calc__31JALSeModData<15JALSeModPitDist>FUlfPf   (map position)
  + calc__31JALSeModData<15JALSeModEffDist>FUlfPf   (object position)
    calcDyna__31JALSeModData<15JALSeModPitDist>Ff
    gateCheckDyna__31JALSeModData<15JALSeModPitDist>Ff
  - calc__31JALSeModData<15JALSeModVolDist>FUlfPf   (map position)
  + calc__31JALSeModData<15JALSeModPitDist>FUlfPf   (object position)
    calcDyna__31JALSeModData<15JALSeModVolDist>Ff
    gateCheckDyna__31JALSeModData<15JALSeModVolDist>Ff
  + calc__31JALSeModData<15JALSeModVolDist>FUlfPf   (object position)
  + calcDyna__31JALSeModData<15JALSeModEffFunk>Ff   (object position)
  + gateCheckDyna__31JALSeModData<15JALSeModEffFunk>Ff   (object position)
    calc__31JALSeModData<15JALSeModEffFunk>FUlfPf
  - calcDyna__31JALSeModData<15JALSeModEffFunk>Ff   (map position)
    gateCheck__31JALSeModData<15JALSeModEffFunk>FUlf
  - gateCheckDyna__31JALSeModData<15JALSeModEffFunk>Ff   (map position)
  + calcDyna__31JALSeModData<15JALSeModPitFunk>Ff   (object position)
  + gateCheckDyna__31JALSeModData<15JALSeModPitFunk>Ff   (object position)
    calc__31JALSeModData<15JALSeModPitFunk>FUlfPf
  - calcDyna__31JALSeModData<15JALSeModPitFunk>Ff   (map position)
    gateCheck__31JALSeModData<15JALSeModPitFunk>FUlf
  - gateCheckDyna__31JALSeModData<15JALSeModPitFunk>Ff   (map position)
  + calcDyna__31JALSeModData<15JALSeModVolFunk>Ff   (object position)
  + gateCheckDyna__31JALSeModData<15JALSeModVolFunk>Ff   (object position)
    calc__31JALSeModData<15JALSeModVolFunk>FUlfPf
  - calcDyna__31JALSeModData<15JALSeModVolFunk>Ff   (map position)
    gateCheck__31JALSeModData<15JALSeModVolFunk>FUlf
  - gateCheckDyna__31JALSeModData<15JALSeModVolFunk>Ff   (map position)
    __ct__9JADPrm<f>FfPCc
    search__30JALListS<15JALSeModVolFunk,Ul>FUl
    search__30JALListS<15JALSeModPitFunk,Ul>FUl
    search__30JALListS<15JALSeModEffFunk,Ul>FUl
    search__30JALListS<15JALSeModVolDist,Ul>FUl
    search__30JALListS<15JALSeModPitDist,Ul>FUl
    search__30JALListS<15JALSeModEffDist,Ul>FUl
    search__30JALListS<15JALSeModVolFGrp,Ul>FUl
    search__30JALListS<15JALSeModPitFGrp,Ul>FUl
    search__30JALListS<15JALSeModEffFGrp,Ul>FUl
    search__30JALListS<15JALSeModVolDGrp,Ul>FUl
    search__30JALListS<15JALSeModPitDGrp,Ul>FUl
    search__30JALListS<15JALSeModEffDGrp,Ul>FUl
  - __ct__34JALLinkD<19JALSeModDataGrpMemb,Ul>FP19JALSeModDataGrpMembUlP34JALListD<19JALSeModDataGrpMemb,Ul>   (map position)
  - __dt__30JSULink<19JALSeModDataGrpMemb>Fv   (map position)
    __ct__31JALSeModData<15JALSeModVolFunk>FPCcP15JALSeModVolFunkUlP9JALPrmSetP9JALPrmSetP10JADPrmS<f>Q27JALCalc9CurveSignUc
    __dt__36JALListHioNode<15JALSeModVolFunk,Ul>Fv
    __ct__31JALSeModData<15JALSeModPitFunk>FPCcP15JALSeModPitFunkUlP9JALPrmSetP9JALPrmSetP10JADPrmS<f>Q27JALCalc9CurveSignUc
    __dt__36JALListHioNode<15JALSeModPitFunk,Ul>Fv
    __ct__31JALSeModData<15JALSeModEffFunk>FPCcP15JALSeModEffFunkUlP9JALPrmSetP9JALPrmSetP10JADPrmS<f>Q27JALCalc9CurveSignUc
    __dt__36JALListHioNode<15JALSeModEffFunk,Ul>Fv
    __ct__31JALSeModData<15JALSeModVolDist>FPCcP15JALSeModVolDistUlP9JALPrmSetP9JALPrmSetP10JADPrmS<f>Q27JALCalc9CurveSignUc
    __dt__36JALListHioNode<15JALSeModVolDist,Ul>Fv
    __ct__31JALSeModData<15JALSeModPitDist>FPCcP15JALSeModPitDistUlP9JALPrmSetP9JALPrmSetP10JADPrmS<f>Q27JALCalc9CurveSignUc
    __dt__36JALListHioNode<15JALSeModPitDist,Ul>Fv
    __ct__31JALSeModData<15JALSeModEffDist>FPCcP15JALSeModEffDistUlP9JALPrmSetP9JALPrmSetP10JADPrmS<f>Q27JALCalc9CurveSignUc
    __dt__36JALListHioNode<15JALSeModEffDist,Ul>Fv
    __ct__31JALSeModData<15JALSeModVolFGrp>FPCcP15JALSeModVolFGrpUlP9JALPrmSetP9JALPrmSetP10JADPrmS<f>Q27JALCalc9CurveSignUc
    __dt__36JALListHioNode<15JALSeModVolFGrp,Ul>Fv
    __ct__31JALSeModData<15JALSeModPitFGrp>FPCcP15JALSeModPitFGrpUlP9JALPrmSetP9JALPrmSetP10JADPrmS<f>Q27JALCalc9CurveSignUc
    __dt__36JALListHioNode<15JALSeModPitFGrp,Ul>Fv
    __ct__31JALSeModData<15JALSeModEffFGrp>FPCcP15JALSeModEffFGrpUlP9JALPrmSetP9JALPrmSetP10JADPrmS<f>Q27JALCalc9CurveSignUc
    __dt__36JALListHioNode<15JALSeModEffFGrp,Ul>Fv
    __ct__31JALSeModData<15JALSeModVolDGrp>FPCcP15JALSeModVolDGrpUlP9JALPrmSetP9JALPrmSetP10JADPrmS<f>Q27JALCalc9CurveSignUc
    __dt__36JALListHioNode<15JALSeModVolDGrp,Ul>Fv
    __ct__31JALSeModData<15JALSeModPitDGrp>FPCcP15JALSeModPitDGrpUlP9JALPrmSetP9JALPrmSetP10JADPrmS<f>Q27JALCalc9CurveSignUc
    __dt__36JALListHioNode<15JALSeModPitDGrp,Ul>Fv
    __ct__31JALSeModData<15JALSeModEffDGrp>FPCcP15JALSeModEffDGrpUlP9JALPrmSetP9JALPrmSetP10JADPrmS<f>Q27JALCalc9CurveSignUc
    __dt__36JALListHioNode<15JALSeModEffDGrp,Ul>Fv
  - searchGroup__54JALListGrp<15JALSeModVolFGrp,Ul,19JALSeModDataGrpMemb>FUl   (map position)
  - searchGroup__54JALListGrp<15JALSeModPitFGrp,Ul,19JALSeModDataGrpMemb>FUl   (map position)
  - searchGroup__54JALListGrp<15JALSeModEffFGrp,Ul,19JALSeModDataGrpMemb>FUl   (map position)
  - searchGroup__54JALListGrp<15JALSeModVolDGrp,Ul,19JALSeModDataGrpMemb>FUl   (map position)
  - searchGroup__54JALListGrp<15JALSeModPitDGrp,Ul,19JALSeModDataGrpMemb>FUl   (map position)
  - searchGroup__54JALListGrp<15JALSeModEffDGrp,Ul,19JALSeModDataGrpMemb>FUl   (map position)
  + __ct__34JALLinkD<19JALSeModDataGrpMemb,Ul>FP19JALSeModDataGrpMembUlP34JALListD<19JALSeModDataGrpMemb,Ul>   (object position)
  + __dt__30JSULink<19JALSeModDataGrpMemb>Fv   (object position)
  + gateCheckGrp__34JALSeModDataGrp<15JALSeModVolFGrp>FUlf   (object position)
  + calcGrp__34JALSeModDataGrp<15JALSeModVolFGrp>FUlfPf   (object position)
  + gateCheckGrp__34JALSeModDataGrp<15JALSeModPitFGrp>FUlf   (object position)
  + calcGrp__34JALSeModDataGrp<15JALSeModPitFGrp>FUlfPf   (object position)
  + gateCheckGrp__34JALSeModDataGrp<15JALSeModEffFGrp>FUlf   (object position)
  + calcGrp__34JALSeModDataGrp<15JALSeModEffFGrp>FUlfPf   (object position)
  + calcGrp__34JALSeModDataGrp<15JALSeModVolDGrp>FUlfPf   (object position)
  + calcGrp__34JALSeModDataGrp<15JALSeModPitDGrp>FUlfPf   (object position)
  + calcGrp__34JALSeModDataGrp<15JALSeModEffDGrp>FUlfPf   (object position)
    __ct__36JALListHioNode<15JALSeModVolFunk,Ul>FPCcUlP15JALSeModVolFunk
    __dt__30JALListS<15JALSeModVolFunk,Ul>Fv
    __dt__26JALList<15JALSeModVolFunk>Fv
    __ct__36JALListHioNode<15JALSeModPitFunk,Ul>FPCcUlP15JALSeModPitFunk
    __dt__30JALListS<15JALSeModPitFunk,Ul>Fv
    __dt__26JALList<15JALSeModPitFunk>Fv
    __ct__36JALListHioNode<15JALSeModEffFunk,Ul>FPCcUlP15JALSeModEffFunk
    __dt__30JALListS<15JALSeModEffFunk,Ul>Fv
    __dt__26JALList<15JALSeModEffFunk>Fv
    __ct__36JALListHioNode<15JALSeModVolDist,Ul>FPCcUlP15JALSeModVolDist
    __dt__30JALListS<15JALSeModVolDist,Ul>Fv
    __dt__26JALList<15JALSeModVolDist>Fv
    __ct__36JALListHioNode<15JALSeModPitDist,Ul>FPCcUlP15JALSeModPitDist
    __dt__30JALListS<15JALSeModPitDist,Ul>Fv
    __dt__26JALList<15JALSeModPitDist>Fv
    __ct__36JALListHioNode<15JALSeModEffDist,Ul>FPCcUlP15JALSeModEffDist
    __dt__30JALListS<15JALSeModEffDist,Ul>Fv
    __dt__26JALList<15JALSeModEffDist>Fv
    __ct__36JALListHioNode<15JALSeModVolFGrp,Ul>FPCcUlP15JALSeModVolFGrp
    __dt__30JALListS<15JALSeModVolFGrp,Ul>Fv
    __ct__36JALListHioNode<15JALSeModPitFGrp,Ul>FPCcUlP15JALSeModPitFGrp
    __dt__30JALListS<15JALSeModPitFGrp,Ul>Fv
    __ct__36JALListHioNode<15JALSeModEffFGrp,Ul>FPCcUlP15JALSeModEffFGrp
    __dt__30JALListS<15JALSeModEffFGrp,Ul>Fv
    __ct__36JALListHioNode<15JALSeModVolDGrp,Ul>FPCcUlP15JALSeModVolDGrp
    __dt__30JALListS<15JALSeModVolDGrp,Ul>Fv
    __ct__36JALListHioNode<15JALSeModPitDGrp,Ul>FPCcUlP15JALSeModPitDGrp
    __dt__30JALListS<15JALSeModPitDGrp,Ul>Fv
    __ct__36JALListHioNode<15JALSeModEffDGrp,Ul>FPCcUlP15JALSeModEffDGrp
    __dt__30JALListS<15JALSeModEffDGrp,Ul>Fv
  + searchGroup__54JALListGrp<15JALSeModVolFGrp,Ul,19JALSeModDataGrpMemb>FUl   (object position)
  + searchGroup__54JALListGrp<15JALSeModPitFGrp,Ul,19JALSeModDataGrpMemb>FUl   (object position)
  + searchGroup__54JALListGrp<15JALSeModEffFGrp,Ul,19JALSeModDataGrpMemb>FUl   (object position)
  + searchGroup__54JALListGrp<15JALSeModVolDGrp,Ul,19JALSeModDataGrpMemb>FUl   (object position)
  + searchGroup__54JALListGrp<15JALSeModPitDGrp,Ul,19JALSeModDataGrpMemb>FUl   (object position)
  + searchGroup__54JALListGrp<15JALSeModEffDGrp,Ul,19JALSeModDataGrpMemb>FUl   (object position)
    __sinit_JALModSe_cpp
    __dt__26JSUList<15JALSeModVolFunk>Fv
    __dt__26JSUList<15JALSeModPitFunk>Fv
    __dt__26JSUList<15JALSeModEffFunk>Fv
    __dt__26JSUList<15JALSeModVolDist>Fv
    __dt__26JSUList<15JALSeModPitDist>Fv
    __dt__26JSUList<15JALSeModEffDist>Fv
    __dt__26JSUList<15JALSeModVolFGrp>Fv
    __dt__26JSUList<15JALSeModPitFGrp>Fv
    __dt__26JSUList<15JALSeModEffFGrp>Fv
    __dt__26JSUList<15JALSeModVolDGrp>Fv
    __dt__26JSUList<15JALSeModPitDGrp>Fv
    __dt__26JSUList<15JALSeModEffDGrp>Fv
[ OK ] UNUSED symbol sizes match (87/87 checked).
[ OK ] Symbol linkage (weak/local/global) matches the map.
------------------------------------------------------------------------------
RESULT: PASS with warnings (weak-symbol order -- see above)
