Unit        : mario/JSystem/JKernel/JKRFileLoader
Source      : src/JSystem/JKernel/JKRFileLoader.cpp
Object      : build/GMSJ01/src/JSystem/JKernel/JKRFileLoader.o
Map TU      : JSystem.a JKRFileLoader.cpp
Map symbols : 20 (7 UNUSED)   Object .text symbols: 20
reverse_fn_order: False
------------------------------------------------------------------------------

[ OK ] All map symbols are present in the object.
[ OK ] Symbol order matches the map.

[WARN] 4 UNUSED symbol(s) with wrong size (best-effort -- does not fail the check):
  - unmountAll__13JKRFileLoaderFv
      map:    0x60 (96)
      object: 0x4 (4)
  - readGlbResource__13JKRFileLoaderFPvUlPCc
      map:    0x6c (108)
      object: 0x8 (8)
  - readGlbResource__13JKRFileLoaderFPvUlPCcP13JKRFileLoader
      map:    0xb8 (184)
      object: 0x8 (8)
  - countFileGlb__13JKRFileLoaderFPCc
      map:    0x58 (88)
      object: 0x8 (8)
[ OK ] Symbol linkage (weak/local/global) matches the map.
------------------------------------------------------------------------------
RESULT: PASS with warnings (4 UNUSED size mismatch(es) -- see above)
