Unit        : mario/Enemy/Kazekun
Source      : src/Enemy/Kazekun.cpp
Object      : build/GMSJ01/src/Enemy/Kazekun.o
Map TU      : Enemy.a Kazekun.cpp
Map symbols : 61 (18 UNUSED)   Object .text symbols: 0
reverse_fn_order: True
------------------------------------------------------------------------------

[FAIL] 61 map symbol(s) MISSING from the object:
  - __dt__21TNerveKazekunHitWaterFv
  - execute__21TNerveKazekunHitWaterCFP24TSpineBase<10TLiveActor>
  - __dt__22TNerveKazekunDisappearFv
  - theNerve__21TNerveKazekunHitWaterFv
  - execute__17TNerveKazekunWaitCFP24TSpineBase<10TLiveActor>
  - __dt__19TNerveKazekunSearchFv
  - theNerve__17TNerveKazekunWaitFv (UNUSED)
  - __dt__17TNerveKazekunWaitFv
  - execute__22TNerveKazekunDisappearCFP24TSpineBase<10TLiveActor>
  - theNerve__22TNerveKazekunDisappearFv (UNUSED)
  - execute__19TNerveKazekunAttackCFP24TSpineBase<10TLiveActor>
  - set<f>__Q29JGeometry8TVec4<f>Fffff
  - getQuat__Q29JGeometry64TRotation3<Q29JGeometry38TMatrix34<Q29JGeometry13SMatrix34C<f>>>CFRQ29JGeometry9TQuat4<f>
  - set<f>__Q29JGeometry8TVec3<f>Ffff
  - theNerve__19TNerveKazekunAttackFv
  - __dt__19TNerveKazekunAttackFv
  - execute__22TNerveKazekunPreAttackCFP24TSpineBase<10TLiveActor>
  - theNerve__22TNerveKazekunPreAttackFv
  - __dt__22TNerveKazekunPreAttackFv
  - execute__17TNerveKazekunTurnCFP24TSpineBase<10TLiveActor>
  - theNerve__17TNerveKazekunTurnFv (UNUSED)
  - __dt__17TNerveKazekunTurnFv
  - execute__19TNerveKazekunAppearCFP24TSpineBase<10TLiveActor>
  - theNerve__19TNerveKazekunAppearFv (UNUSED)
  - __dt__19TNerveKazekunAppearFv
  - execute__19TNerveKazekunSearchCFP24TSpineBase<10TLiveActor>
  - theNerve__19TNerveKazekunSearchFv (UNUSED)
  - createModelData__15TKazekunManagerFv
  - load__15TKazekunManagerFR20JSUMemoryInputStream
  - __ct__15TKazekunManagerFPCc
  - __ct__14TKazekunParamsFPCc
  - setVisible__8TKazekunFb (UNUSED)
  - doAttack__8TKazekunFb (UNUSED)
  - doAttackPose__8TKazekunFb
  - getAroundQuat__8TKazekunFRQ29JGeometry9TQuat4<f>RCQ29JGeometry8TVec3<f>f (UNUSED)
  - getAroundRate__8TKazekunCFRCQ29JGeometry8TVec3<f> (UNUSED)
  - flyAroundMario__8TKazekunFv
  - setDeadAnm__8TKazekunFv
  - changeBck__8TKazekunFPCc (UNUSED)
  - isGiveUpAround__8TKazekunCFv (UNUSED)
  - updateEffect__8TKazekunFv (UNUSED)
  - emitAppearEffect__8TKazekunFv (UNUSED)
  - isCollidMove__8TKazekunFP9THitActor
  - attackToMario__8TKazekunFv
  - getBasNameTable__8TKazekunCFv
  - hasWind__8TKazekunCFv (UNUSED)
  - isDamage__8TKazekunCFv (UNUSED)
  - isHitWater__8TKazekunCFv (UNUSED)
  - behaveToWater__8TKazekunFP9THitActor
  - bind__8TKazekunFv
  - calcRootMatrix__8TKazekunFv
  - initParticle__8TKazekunFv (UNUSED)
  - initCollision__8TKazekunFv (UNUSED)
  - reset__8TKazekunFv
  - init__8TKazekunFP12TLiveManager
  - __ct__8TKazekunFPCc
  - SMS_CalcToDirMatrix__FRQ29JGeometry64TPosition3<Q29JGeometry38TMatrix34<Q29JGeometry13SMatrix34C<f>>>RCQ29JGeometry8TVec3<f>RCQ29JGeometry8TVec3<f>
  - __dt__15TKazekunManagerFv
  - __dt__8TKazekunFv
  - __sinit_Kazekun_cpp
  - @32@__dt__8TKazekunFv
[ OK ] Symbol order matches the map.
[ OK ] UNUSED symbol sizes match (0/18 checked).
[ OK ] Symbol linkage (weak/local/global) matches the map.
------------------------------------------------------------------------------
RESULT: FAIL (1 error category/categories)
