Unit        : mario/dolphin/mtx/mtx44
Source      : src/dolphin/mtx/mtx44.c
Object      : build/GMSJ01/src/dolphin/mtx/mtx44.o
Map TU      : mtx.a mtx44.c
Map symbols : 26 (24 UNUSED)   Object .text symbols: 3
reverse_fn_order: False
------------------------------------------------------------------------------

[FAIL] 23 map symbol(s) MISSING from the object:
  - C_MTX44Identity (UNUSED)
  - PSMTX44Identity (UNUSED)
  - C_MTX44Copy (UNUSED)
  - PSMTX44Copy (UNUSED)
  - C_MTX44Concat (UNUSED)
  - PSMTX44Concat (UNUSED)
  - C_MTX44Transpose (UNUSED)
  - PSMTX44Transpose (UNUSED)
  - C_MTX44Inverse (UNUSED)
  - C_MTX44Trans (UNUSED)
  - PSMTX44Trans (UNUSED)
  - C_MTX44TransApply (UNUSED)
  - PSMTX44TransApply (UNUSED)
  - C_MTX44Scale (UNUSED)
  - PSMTX44Scale (UNUSED)
  - C_MTX44ScaleApply (UNUSED)
  - PSMTX44ScaleApply (UNUSED)
  - C_MTX44RotRad (UNUSED)
  - PSMTX44RotRad (UNUSED)
  - C_MTX44RotTrig (UNUSED)
  - PSMTX44RotTrig (UNUSED)
  - C_MTX44RotAxisRad (UNUSED)
  - PSMTX44RotAxisRad (UNUSED)
[ OK ] Symbol order matches the map.
[ OK ] UNUSED symbol sizes match (1/24 checked).
[ OK ] Symbol linkage (weak/local/global) matches the map.
------------------------------------------------------------------------------
RESULT: FAIL (1 error category/categories)
