Unit        : mario/Enemy/BathtubPeach
Source      : src/Enemy/BathtubPeach.cpp
Object      : build/GMSJ01/src/Enemy/BathtubPeach.o
Map TU      : Enemy.a BathtubPeach.cpp
Map symbols : 25 (4 UNUSED)   Object .text symbols: 0
reverse_fn_order: True
------------------------------------------------------------------------------

[FAIL] 25 map symbol(s) MISSING from the object:
  - __dt__20TBathtubPeachManagerFv
  - load__20TBathtubPeachManagerFR20JSUMemoryInputStream
  - createModelData__20TBathtubPeachManagerFv
  - createEnemyInstance__20TBathtubPeachManagerFv
  - __ct__20TBathtubPeachManagerFPCc
  - getParam__13TBathtubPeachCFv (UNUSED)
  - calcRootMatrix__13TBathtubPeachFv
  - receiveMessage__13TBathtubPeachFP9THitActorUl
  - getRootJointMtx__13TBathtubPeachCFv
  - perform__13TBathtubPeachFUlPQ26JDrama9TGraphics
  - reset__13TBathtubPeachFv
  - init__13TBathtubPeachFP12TLiveManager
  - __dt__17TNervePeachEscapeFv
  - getBasNameTable__13TBathtubPeachCFv
  - changeAnm__13TBathtubPeachFiif (UNUSED)
  - faceTo__13TBathtubPeachFRCQ29JGeometry8TVec3<f>f (UNUSED)
  - goTo__13TBathtubPeachFRCQ29JGeometry8TVec3<f> (UNUSED)
  - __ct__13TBathtubPeachFPCc
  - execute__17TNervePeachEscapeCFP24TSpineBase<10TLiveActor>
  - dot__Q29JGeometry8TVec2<f>CFRCQ29JGeometry8TVec2<f>
  - __dt__18TNervePeachStaggerFv
  - execute__18TNervePeachStaggerCFP24TSpineBase<10TLiveActor>
  - __dt__13TBathtubPeachFv
  - __sinit_BathtubPeach_cpp
  - @32@__dt__13TBathtubPeachFv
[ OK ] Symbol order matches the map.
[ OK ] UNUSED symbol sizes match (0/4 checked).
[ OK ] Symbol linkage (weak/local/global) matches the map.
------------------------------------------------------------------------------
RESULT: FAIL (1 error category/categories)
