Unit        : mario/dolphin/dvd/dvd
Source      : src/dolphin/dvd/dvd.c
Object      : build/GMSJ01/src/dolphin/dvd/dvd.o
Map TU      : dvd.a dvd.c
Map symbols : 77 (32 UNUSED)   Object .text symbols: 48
reverse_fn_order: False
------------------------------------------------------------------------------

[FAIL] 29 map symbol(s) MISSING from the object:
  - stateError (UNUSED)
  - CheckCancel (UNUSED)
  - DVDSeekAbsAsyncPrio (UNUSED)
  - DVDCancelStream (UNUSED)
  - cbForCancelStreamSync (UNUSED)
  - DVDStopStreamAtEnd (UNUSED)
  - cbForStopStreamAtEndSync (UNUSED)
  - DVDGetStreamErrorStatusAsync (UNUSED)
  - DVDGetStreamErrorStatus (UNUSED)
  - cbForGetStreamErrorStatusSync (UNUSED)
  - DVDGetStreamPlayAddr (UNUSED)
  - cbForGetStreamPlayAddrSync (UNUSED)
  - DVDGetStreamStartAddrAsync (UNUSED)
  - DVDGetStreamStartAddr (UNUSED)
  - cbForGetStreamStartAddrSync (UNUSED)
  - DVDGetStreamLengthAsync (UNUSED)
  - DVDGetStreamLength (UNUSED)
  - cbForGetStreamLengthSync (UNUSED)
  - __DVDAudioBufferConfig (UNUSED)
  - DVDChangeDiskAsyncForBS (UNUSED)
  - DVDChangeDiskAsync (UNUSED)
  - DVDChangeDisk (UNUSED)
  - cbForChangeDiskSync (UNUSED)
  - DVDInquiry (UNUSED)
  - cbForInquirySync (UNUSED)
  - DVDResetRequired (UNUSED)
  - DVDCancelAllAsync (UNUSED)
  - DVDCancelAll (UNUSED)
  - cbForCancelAllSync (UNUSED)
[ OK ] Symbol order matches the map.
[ OK ] UNUSED symbol sizes match (3/32 checked).
[ OK ] Symbol linkage (weak/local/global) matches the map.
------------------------------------------------------------------------------
RESULT: FAIL (1 error category/categories)
