Unit        : mario/Enemy/telesa
Source      : src/Enemy/telesa.cpp
Object      : build/GMSJ01/src/Enemy/telesa.o
Map TU      : Enemy.a telesa.cpp
Map symbols : 103 (17 UNUSED)   Object .text symbols: 162
reverse_fn_order: True
------------------------------------------------------------------------------

[ OK ] All map symbols are present in the object.

[WARN] Only weak symbols are out of order (compiler-controlled -- does not fail the check):
    __dt__25TNerveKageMarioModokiWaitFv
    execute__25TNerveKageMarioModokiWaitCFP24TSpineBase<10TLiveActor>
    theNerve__25TNerveKageMarioModokiWaitFv
    init__16TKageMarioModokiFP12TLiveManager
    load__16TKageMarioModokiFR20JSUMemoryInputStream
    createModelData__23TKageMarioModokiManagerFv
    createEnemyInstance__23TKageMarioModokiManagerFv
    load__23TKageMarioModokiManagerFR20JSUMemoryInputStream
    execute__19TNerveTelesaTrampleCFP24TSpineBase<10TLiveActor>
    theNerve__19TNerveTelesaTrampleFv
    __dt__19TNerveTelesaTrampleFv
    execute__23TNerveTelesaAttackMarioCFP24TSpineBase<10TLiveActor>
    theNerve__23TNerveTelesaAttackMarioFv
    __dt__23TNerveTelesaAttackMarioFv
    execute__18TNerveTelesaFreezeCFP24TSpineBase<10TLiveActor>
    theNerve__18TNerveTelesaFreezeFv
    __dt__18TNerveTelesaFreezeFv
    execute__15TNerveTelesaDieCFP24TSpineBase<10TLiveActor>
    __dt__15TNerveTelesaDieFv
    theNerve__15TNerveTelesaDieFv
    execute__19TNerveTelesaImitateCFP24TSpineBase<10TLiveActor>
    theNerve__19TNerveTelesaImitateFv
    __dt__19TNerveTelesaImitateFv
    imitateAnm__18TMarioModokiTelesaFv
    init__18TMarioModokiTelesaFP12TLiveManager
    load__18TMarioModokiTelesaFR20JSUMemoryInputStream
    __ct__18TMarioModokiTelesaFPCc
    __dt__7TTelesaFv
    isHitValid__10TBoxTelesaFUl
    reset__10TBoxTelesaFv
    load__10TBoxTelesaFR20JSUMemoryInputStream
    __ct__10TBoxTelesaFPCc
    load__11TLoopTelesaFR20JSUMemoryInputStream
    __ct__11TLoopTelesaFPCc
    load__10TSeeTelesaFR20JSUMemoryInputStream
    __ct__10TSeeTelesaFPCc
    changeTevKColor__7TTelesaFv
    setTypeCanSee__7TTelesaFv
    setTypeLoop__7TTelesaFv
    setTypeNormal__7TTelesaFv
    setFirstAttackPoint__7TTelesaFv
    setAttackPoint__7TTelesaFv
    resetBaseGround__7TTelesaFv
    isCollidMove__7TTelesaFP9THitActor
    setAttacker__7TTelesaFv
    initItemAttacker__7TTelesaFP9THitActor
    initAttacker__7TTelesaFP9THitActor
    kill__7TTelesaFv
    forceKill__7TTelesaFv
    isResetTransY__7TTelesaFv
    isFlying__7TTelesaFv
    getGravityY__7TTelesaCFv
    reduceFlyForce__7TTelesaFv
    setWaitAnm__7TTelesaFv
    setWalkAnm__7TTelesaFv
    getBasNameTable__7TTelesaCFv
    changeOut__7TTelesaFv
    scalingChangeActor__7TTelesaFv
    changeByJuice__7TTelesaFv
    isReachedToGoal__7TTelesaCFv
    bind__7TTelesaFv
    moveObject__7TTelesaFv
    calcRootMatrix__7TTelesaFv
    walkBehavior__7TTelesaFif
    behaveToWater__7TTelesaFP9THitActor
    attackToMario__7TTelesaFv
    setBehavior__7TTelesaFv
    setFlyParam__7TTelesaFf
    drawObject__7TTelesaFPQ26JDrama9TGraphics
    perform__7TTelesaFUlPQ26JDrama9TGraphics
    reset__7TTelesaFv
    setMActorAndKeeper__7TTelesaFv
    init__7TTelesaFP12TLiveManager
    load__7TTelesaFR20JSUMemoryInputStream
    __ct__7TTelesaFPCc
    setFlagOutOfCube__14TTelesaManagerFv
    generatePetBottle__14TTelesaManagerFP7TTelesa
    telesaForceKill__14TTelesaManagerFv
    createModelData__14TTelesaManagerFv
    createEnemies__14TTelesaManagerFi
    createEnemyInstance__14TTelesaManagerFv
    load__14TTelesaManagerFR20JSUMemoryInputStream
    __ct__14TTelesaManagerFPCc
    __ct__21TTelesaSaveLoadParamsFPCc
    __dt__16TKageMarioModokiFv
    __dt__23TKageMarioModokiManagerFv
  + __dt__18TMarioModokiTelesaFv   (object position)
  + getChangeBlockTime__7TTelesaFv   (object position)
  + isInhibitedForceMove__7TTelesaFv   (object position)
  + decHpByWater__7TTelesaFP9THitActor   (object position)
    isFindMario__7TTelesaFf
  - decHpByWater__7TTelesaFP9THitActor   (map position)
  - isInhibitedForceMove__7TTelesaFv   (map position)
  - getChangeBlockTime__7TTelesaFv   (map position)
  - __dt__18TMarioModokiTelesaFv   (map position)
  + __dt__10TBoxTelesaFv   (object position)
    isEatenByYosshi__10TBoxTelesaFv
  - __dt__10TBoxTelesaFv   (map position)
    __dt__11TLoopTelesaFv
    __dt__10TSeeTelesaFv
    __dt__14TTelesaManagerFv
    __sinit_telesa_cpp
    @32@__dt__7TTelesaFv
    @32@__dt__10TSeeTelesaFv
    @32@__dt__11TLoopTelesaFv
    @32@__dt__10TBoxTelesaFv
    @32@__dt__18TMarioModokiTelesaFv
    @32@__dt__16TKageMarioModokiFv

[WARN] 2 UNUSED symbol(s) with wrong size (best-effort -- does not fail the check):
  - resetBaseGround__7TTelesaFv
      map:    0x18 (24)
      object: 0x20 (32)
  - isResetTransY__7TTelesaFv
      map:    0x34 (52)
      object: 0x4 (4)
[ OK ] Symbol linkage (weak/local/global) matches the map.

[INFO] 59 object-only symbol(s) not in the map (usually deduplicated weak/inline helpers; not an error; -v to list).
------------------------------------------------------------------------------
RESULT: PASS with warnings (weak-symbol order; 2 UNUSED size mismatch(es) -- see above)
