Unit        : mario/MoveBG/MapObjPinna
Source      : src/MoveBG/MapObjPinna.cpp
Object      : build/GMSJ01/src/MoveBG/MapObjPinna.o
Map TU      : MoveBG.a MapObjPinna.cpp
Map symbols : 76 (7 UNUSED)   Object .text symbols: 0
reverse_fn_order: True
------------------------------------------------------------------------------

[FAIL] 76 map symbol(s) MISSING from the object:
  - __dt__13TPinnaCoasterFv
  - __ct__13TPinnaCoasterFPCc
  - initMapObj__13TPinnaCoasterFv
  - control__13TPinnaCoasterFv
  - touchPlayer__8TAmiKingFP9THitActor
  - bind__8TAmiKingFv
  - calcRootMatrix__8TAmiKingFv
  - moveObject__8TAmiKingFv
  - initMapObj__8TAmiKingFv
  - loadAfter__8TAmiKingFv
  - touchPlayer__16TWaterRecoverObjFP9THitActor
  - loadAfter__14TPinnaEntranceFv
  - load__15TBalloonKoopaJrFR20JSUMemoryInputStream
  - kill__15TBalloonKoopaJrFv
  - touchActor__15TBalloonKoopaJrFP9THitActor
  - calc__24TChangeStageMerrygoroundFv
  - touchPlayer__24TChangeStageMerrygoroundFP9THitActor
  - __ct__13TMerrygoroundFPCc
  - initMapObj__13TMerrygoroundFv
  - draw__13TMerrygoroundCFv
  - control__13TMerrygoroundFv
  - __ct__9TShellCupFPCc
  - __dt__11TPinnaShellFv
  - __ct__11TPinnaShellFv
  - initMapObj__9TShellCupFv
  - loadAfter__9TShellCupFv
  - perform__9TShellCupFUlPQ26JDrama9TGraphics
  - MsMtxSetRotX__FPA4_ff
  - calcAfter__9TShellCupFv (UNUSED)
  - attachCoin__9TShellCupFP5TCoini (UNUSED)
  - control__9TShellCupFv
  - __ct__11TPinnaShellFPCc (UNUSED)
  - control__11TPinnaShellFv
  - moveMtx__17TMapCollisionMoveFPA4_f
  - receiveMessage__11TPinnaShellFP9THitActorUl
  - opened__11TPinnaShellFv (UNUSED)
  - __ct__7TVikingFPCc
  - __dt__17THorizontalVikingFv
  - initMapObj__7TVikingFv
  - loadAfter__7TVikingFv
  - reset__7TVikingFv
  - control__7TVikingFv
  - roll__7TVikingFv
  - __ct__17THorizontalVikingFPCc (UNUSED)
  - initMapObj__17THorizontalVikingFv
  - reset__17THorizontalVikingFv
  - control__17THorizontalVikingFv
  - moveNormal__17THorizontalVikingFv (UNUSED)
  - updateTrans__17THorizontalVikingFv (UNUSED)
  - __ct__12TFerrisWheelFPCc
  - initMapObj__12TFerrisWheelFv
  - control__12TFerrisWheelFv
  - becomeCalmlyCallback__12TFerrisWheelFUlUl
  - __dt__8TAmiKingFv
  - touchWater__8TAmiKingFP9THitActor
  - __dt__16TWaterRecoverObjFv
  - __dt__14TPinnaEntranceFv
  - __dt__15TBalloonKoopaJrFv
  - __dt__24TChangeStageMerrygoroundFv
  - __dt__13TMerrygoroundFv
  - __dt__9TShellCupFv
  - __dt__7TVikingFv
  - __dt__12TFerrisWheelFv
  - __sinit_MapObjPinna_cpp
  - @32@__dt__12TFerrisWheelFv
  - @32@__dt__17THorizontalVikingFv
  - @32@__dt__7TVikingFv
  - @32@__dt__11TPinnaShellFv
  - @32@__dt__9TShellCupFv
  - @32@__dt__13TMerrygoroundFv
  - @32@__dt__24TChangeStageMerrygoroundFv
  - @32@__dt__15TBalloonKoopaJrFv
  - @32@__dt__14TPinnaEntranceFv
  - @32@__dt__16TWaterRecoverObjFv
  - @32@__dt__8TAmiKingFv
  - @32@__dt__13TPinnaCoasterFv
[ OK ] Symbol order matches the map.
[ OK ] UNUSED symbol sizes match (0/7 checked).
[ OK ] Symbol linkage (weak/local/global) matches the map.
------------------------------------------------------------------------------
RESULT: FAIL (1 error category/categories)
