Unit        : mario/System/MarDirectorEvent
Source      : src/System/MarDirectorEvent.cpp
Object      : build/GMSJ01/src/System/MarDirectorEvent.o
Map TU      : System.a MarDirectorEvent.cpp
Map symbols : 21 (8 UNUSED)   Object .text symbols: 36
reverse_fn_order: True
------------------------------------------------------------------------------

[ OK ] All map symbols are present in the object.
[ OK ] Symbol order matches the map.

[WARN] 6 UNUSED symbol(s) with wrong size (best-effort -- does not fail the check):
  - fireStageEvent__12TMarDirectorFP11TMapObjBase
      map:    0x4c (76)
      object: 0x4 (4)
  - fireDemoMovie__12TMarDirectorFUlP10TLiveActor
      map:    0x8 (8)
      object: 0x4 (4)
  - updateFlag__12TMarDirectorFP8TBaseNPCUlUl
      map:    0x8 (8)
      object: 0x4 (4)
  - getTalkMsgID__12TMarDirectorFP8TBaseNPC
      map:    0x40 (64)
      object: 0x4 (4)
  - is3BarrelNear__FRC8TBaseNPC
      map:    0x124 (292)
      object: 0x4 (4)
  - isNearMapObj__FRCQ26JDrama6TActorPCcf
      map:    0xdc (220)
      object: 0x4 (4)
[ OK ] Symbol linkage (weak/local/global) matches the map.

[INFO] 15 object-only symbol(s) not in the map (usually deduplicated weak/inline helpers; not an error; -v to list).
------------------------------------------------------------------------------
RESULT: PASS with warnings (6 UNUSED size mismatch(es) -- see above)
