Unit        : mario/dolphin/gx/GXPerf
Source      : src/dolphin/gx/GXPerf.c
Object      : build/GMSJ01/src/dolphin/gx/GXPerf.o
Map TU      : gx.a GXPerf.c
Map symbols : 15 (11 UNUSED)   Object .text symbols: 4
reverse_fn_order: False
------------------------------------------------------------------------------

[FAIL] 11 map symbol(s) MISSING from the object:
  - GXReadGPMetric (UNUSED)
  - GXReadGP0Metric (UNUSED)
  - GXReadGP1Metric (UNUSED)
  - GXReadMemMetric (UNUSED)
  - GXClearMemMetric (UNUSED)
  - GXSetVCacheMetric (UNUSED)
  - GXReadVCacheMetric (UNUSED)
  - GXClearVCacheMetric (UNUSED)
  - GXInitXfRasMetric (UNUSED)
  - GXReadXfRasMetric (UNUSED)
  - GXReadClksPerVtx (UNUSED)
[ OK ] Symbol order matches the map.
[ OK ] UNUSED symbol sizes match (0/11 checked).
[ OK ] Symbol linkage (weak/local/global) matches the map.
------------------------------------------------------------------------------
RESULT: FAIL (1 error category/categories)
