Unit        : mario/Map/MapWarp
Source      : src/Map/MapWarp.cpp
Object      : build/GMSJ01/src/Map/MapWarp.o
Map TU      : Map.a MapWarp.cpp
Map symbols : 10 (3 UNUSED)   Object .text symbols: 26
reverse_fn_order: True
------------------------------------------------------------------------------

[ OK ] All map symbols are present in the object.
[ OK ] Symbol order matches the map.

[WARN] 3 UNUSED symbol(s) with wrong size (best-effort -- does not fail the check):
  - loadWarpPointPos__FR20JSUMemoryInputStreamiP3Vec
      map:    0x12c (300)
      object: 0x4 (4)
  - getWarpPointNo__FPCc
      map:    0x74 (116)
      object: 0x4 (4)
  - warp__8TMapWarpFi
      map:    0x138 (312)
      object: 0x4 (4)
[ OK ] Symbol linkage (weak/local/global) matches the map.

[INFO] 16 object-only symbol(s) not in the map (usually deduplicated weak/inline helpers; not an error; -v to list).
------------------------------------------------------------------------------
RESULT: PASS with warnings (3 UNUSED size mismatch(es) -- see above)
