Unit        : mario/JSystem/JAudio/JASystem/JASTrack
Source      : src/JSystem/JAudio/JASystem/JASTrack.cpp
Object      : build/GMSJ01/src/JSystem/JAudio/JASystem/JASTrack.o
Map TU      : JSystem.a JASTrack.cpp
Map symbols : 73 (20 UNUSED)   Object .text symbols: 75
reverse_fn_order: False
------------------------------------------------------------------------------

[ OK ] All map symbols are present in the object.
[ OK ] Symbol order matches the map.

[WARN] 6 UNUSED symbol(s) with wrong size (best-effort -- does not fail the check):
  - setBankNumber__Q28JASystem6TTrackFUc
      map:    0x28 (40)
      object: 0x4 (4)
  - getNoteStatus__Q28JASystem6TTrackFUc
      map:    0x28 (40)
      object: 0x8 (8)
  - muteChildTracks__Q28JASystem6TTrackFUs
      map:    0x70 (112)
      object: 0x4 (4)
  - setTrackExtPanPower__Q28JASystem6TTrackFf
      map:    0x34 (52)
      object: 0x4 (4)
  - checkExportApp__Q28JASystem6TTrackFUl
      map:    0x74 (116)
      object: 0x4 (4)
  - checkImportApp__Q28JASystem6TTrackFUl
      map:    0x74 (116)
      object: 0x4 (4)
[ OK ] Symbol linkage (weak/local/global) matches the map.

[INFO] 2 object-only symbol(s) not in the map (usually deduplicated weak/inline helpers; not an error; -v to list).
------------------------------------------------------------------------------
RESULT: PASS with warnings (6 UNUSED size mismatch(es) -- see above)
