Unit        : mario/MoveBG/MapObjFlag
Source      : src/MoveBG/MapObjFlag.cpp
Object      : build/GMSJ01/src/MoveBG/MapObjFlag.o
Map TU      : MoveBG.a MapObjFlag.cpp
Map symbols : 23 (8 UNUSED)   Object .text symbols: 0
reverse_fn_order: True
------------------------------------------------------------------------------

[FAIL] 23 map symbol(s) MISSING from the object:
  - __dt__18TMapObjFlagManagerFv
  - __ct__18TMapObjFlagManagerFPCc
  - __ct__Q218TMapObjFlagManager15TMapObjFlagInfoFv
  - load__18TMapObjFlagManagerFR20JSUMemoryInputStream
  - registerObj__18TMapObjFlagManagerFP11TMapObjFlagPCc
  - loadFlag__18TMapObjFlagManagerFPQ218TMapObjFlagManager15TMapObjFlagInfoP11TMapObjFlagPCc (UNUSED)
  - perform__18TMapObjFlagManagerFUlPQ26JDrama9TGraphics
  - initDraw__18TMapObjFlagManagerFv
  - __ct__11TMapObjFlagFPCc
  - load__11TMapObjFlagFR20JSUMemoryInputStream
  - init__11TMapObjFlagFPCc
  - update__11TMapObjFlagFv (UNUSED)
  - updateVertex__11TMapObjFlagFv
  - draw__11TMapObjFlagFv
  - updateVertex__16TMapObjFlagLowerFv (UNUSED)
  - updateVertex__15TMapObjFlagSailFv (UNUSED)
  - __dt__11TMapObjFlagFv
  - __dt__16TMapObjFlagLowerFv (UNUSED)
  - __dt__15TMapObjFlagSailFv (UNUSED)
  - __sinit_MapObjFlag_cpp
  - @32@__dt__15TMapObjFlagSailFv (UNUSED)
  - @32@__dt__16TMapObjFlagLowerFv (UNUSED)
  - @32@__dt__11TMapObjFlagFv
[ OK ] Symbol order matches the map.
[ OK ] UNUSED symbol sizes match (0/8 checked).
[ OK ] Symbol linkage (weak/local/global) matches the map.
------------------------------------------------------------------------------
RESULT: FAIL (1 error category/categories)
