Unit        : mario/Map/PollutionCount
Source      : src/Map/PollutionCount.cpp
Object      : build/GMSJ01/src/Map/PollutionCount.o
Map TU      : Map.a PollutionCount.cpp
Map symbols : 53 (15 UNUSED)   Object .text symbols: 69
reverse_fn_order: True
------------------------------------------------------------------------------

[FAIL] 1 map symbol(s) MISSING from the object:
  - __ct__21TPollutionCounterBaseFv (UNUSED)

[WARN] Only weak symbols are out of order (compiler-controlled -- does not fail the check):
    __ct__25TPollutionRevivalTexStampFv
    registerTex__25TPollutionRevivalTexStampFissssiP7ResTIMG
    __ct__18TPollutionTexStampFv
    registerTexStamp__18TPollutionTexStampFUsUsP7ResTIMG
    __ct__23TPollutionLayerTaskInfoFv
    pushTask__18TPollutionTexStampFUcUsUsUss
    __ct__22TPollutionCounterLayerFv
    __ct__26TPollutionJointObjTaskInfoFv
    __ct__23TPollutionModelTaskInfoFv
    init__22TPollutionCounterLayerFiUsUs
    offLayer__22TPollutionCounterLayerFi
    onLayer__22TPollutionCounterLayerFi
    stampIsCleanType__22TPollutionCounterLayerCFUs
    registerLayer__22TPollutionCounterLayerFPC15TPollutionLayerPUl
    registerTexStamp__22TPollutionCounterLayerFUsUsP7ResTIMG
    registerRevivalTexStamp__22TPollutionCounterLayerFissssiP7ResTIMG
    pushModelStampTask__22TPollutionCounterLayerFUcP8J3DModel
    calcViewMtx__22TPollutionCounterLayerFv
    pushJointObjStampTask__22TPollutionCounterLayerFUcUcP13TPollutionObj
    setTevColorInByStampType__22TPollutionCounterLayerCFUs
    resetTask__22TPollutionCounterLayerFv
    countTexDegree__22TPollutionCounterLayerFi
    drawModelStamp__22TPollutionCounterLayerFi
    cleanProhibitArea__22TPollutionCounterLayerCFi
    drawRevivalTexStamp__22TPollutionCounterLayerCFi
    drawTexStamp__22TPollutionCounterLayerCFi
    initGXforStamp__FPCUcUsUsi
    doTask__FUsiP23TPollutionLayerTaskInfoP7ResTIMGUsUsl
    drawJointObjStamp__22TPollutionCounterLayerCFi
    makeWorldToPollutionMtx__FfffPQ29JGeometry64TPosition3<Q29JGeometry38TMatrix34<Q29JGeometry13SMatrix34C<f>>>
    drawPollutionLayer__22TPollutionCounterLayerCFi
    initGXforPollutionLayer__FiUsUcUc
    drawTex__FUsUs
    __ct__20TPollutionCounterObjFv
    init__20TPollutionCounterObjFi
    registerPollutionObj__20TPollutionCounterObjFP13TPollutionObjPUl
    countObjDegree__20TPollutionCounterObjCFv
    setEular__Q29JGeometry64TRotation3<Q29JGeometry38TMatrix34<Q29JGeometry13SMatrix34C<f>>>Fsss
    draw__20TPollutionCounterObjCFi
    drawShape__FP8J3DShape
    initCountObjDegree__Fff
    initDrawObjGX__Fv
    loadPollutionLayer__FPCUcUsUs11_GXTexMapID
    initCounters__21TPollutionCounterBaseFi
    drawSyncCallback__21TPollutionCounterBaseFUs
    setCallback__21TPollutionCounterBaseCFi
    drawBlack__FUsUs
  + getTokenNo__20TPollutionCounterObjCFi   (object position)
    getCounterNo__20TPollutionCounterObjCFUl
  - getTokenNo__20TPollutionCounterObjCFi   (map position)
  + getTokenNo__22TPollutionCounterLayerCFi   (object position)
    getCounterNo__22TPollutionCounterLayerCFUl
  - getTokenNo__22TPollutionCounterLayerCFi   (map position)
    __sinit_PollutionCount_cpp

[WARN] 4 UNUSED symbol(s) with wrong size (best-effort -- does not fail the check):
  - drawModelStamp__22TPollutionCounterLayerFi
      map:    0x5c (92)
      object: 0x4 (4)
  - drawTexStamp__22TPollutionCounterLayerCFi
      map:    0xf8 (248)
      object: 0xf4 (244)
  - draw__20TPollutionCounterObjCFi
      map:    0x140 (320)
      object: 0x13c (316)
  - setCallback__21TPollutionCounterBaseCFi
      map:    0x6c (108)
      object: 0x68 (104)
[ OK ] Symbol linkage (weak/local/global) matches the map.

[INFO] 17 object-only symbol(s) not in the map (usually deduplicated weak/inline helpers; not an error; -v to list).
------------------------------------------------------------------------------
RESULT: FAIL (1 error category/categories, weak-symbol order; 4 UNUSED size mismatch(es) warning(s))
