Unit        : mario/System/MarNameRefGen_MapObj
Source      : src/System/MarNameRefGen_MapObj.cpp
Object      : build/GMSJ01/src/System/MarNameRefGen_MapObj.o
Map TU      : System.a MarNameRefGen_MapObj.cpp
Map symbols : 48 (0 UNUSED)   Object .text symbols: 28
reverse_fn_order: True
------------------------------------------------------------------------------

[FAIL] 29 map symbol(s) MISSING from the object:
  - __dt__13TBreakHideObjFv
  - __dt__5TCoinFv
  - set<f>__Q29JGeometry8TVec3<f>Ffff
  - __ct__11TTelesaSlotFPCc
  - __dt__9TSlotDrumFv
  - __dt__9TSandBaseFv
  - __dt__17TMapObjFloatOnSeaFv
  - __dt__10TTakeActorFv
  - __dt__16TFruitHitHideObjFv
  - __dt__12TMapObjPlaneFv
  - getRollAngX__17TSirenaRollMapObjCFi
  - getRollAngY__17TSirenaRollMapObjCFi
  - getRollAngZ__17TSirenaRollMapObjCFi
  - getRadiusAtY__11TMapObjBaseCFf
  - getTakingMtx__11TMapObjBaseFv
  - setModelMtx__11TMapObjBaseFPA4_f
  - loadBeforeInit__11TMapObjBaseFR20JSUMemoryInputStream
  - calc__11TMapObjBaseFv
  - draw__11TMapObjBaseCFv
  - dead__11TMapObjBaseFv
  - touchWater__11TMapObjBaseFP9THitActor
  - getHitObjNumMax__11TMapObjBaseFv
  - getDepthAtFloating__11TMapObjBaseFv
  - __dt__17TSirenaRollMapObjFv
  - ensureTakeSituation__10TTakeActorFv
  - getRadiusAtY__10TTakeActorCFf
  - receiveMessage__9THitActorFP9THitActorUl
  - @32@__dt__10TTakeActorFv
  - @32@__dt__17TSirenaRollMapObjFv

[WARN] Only weak symbols are out of order (compiler-controlled -- does not fail the check):
    getNameRef_MapObj__14TMarNameRefGenCFPCc
  + __dt__14TMapObjGeneralFv   (object position)
  + __dt__5TItemFv   (object position)
    __dt__11TJuiceBlockFv
    __dt__23TWaterHitPictureHideObjFv
    __dt__9TRouletteFv
  - __dt__14TMapObjGeneralFv   (map position)
    __dt__9TSandLeafFv
  - __dt__5TItemFv   (map position)
    __dt__11TFenceWaterFv
    __ct__6TFenceFPCc
    __dt__6TFenceFv
    __dt__12THideObjBaseFv
    __dt__9THitActorFv
    __dt__18TMapObjChangeStageFv
    __dt__11TMapObjBaseFv
  + __dt__15TCasinoRouletteFv   (object position)
    moveRequest__10TTakeActorFRCQ29JGeometry8TVec3<f>
  - __dt__15TCasinoRouletteFv   (map position)
    __dt__11TSirenaGateFv
    @32@__dt__11TSirenaGateFv
    @32@__dt__15TCasinoRouletteFv
[ OK ] Symbol linkage (weak/local/global) matches the map.

[INFO] 9 object-only symbol(s) not in the map (usually deduplicated weak/inline helpers; not an error; -v to list).
------------------------------------------------------------------------------
RESULT: FAIL (1 error category/categories, weak-symbol order warning(s))
