Unit        : mario/dolphin/ai/ai
Source      : src/dolphin/ai/ai.c
Object      : build/GMSJ01/src/dolphin/ai/ai.o
Map TU      : ai.a ai.c
Map symbols : 33 (13 UNUSED)   Object .text symbols: 20
reverse_fn_order: False
------------------------------------------------------------------------------

[FAIL] 13 map symbol(s) MISSING from the object:
  - AIGetDMAEnableFlag (UNUSED)
  - AIStopDMA (UNUSED)
  - AIGetDMABytesLeft (UNUSED)
  - AIGetDMAStartAddr (UNUSED)
  - AIGetDMALength (UNUSED)
  - AICheckInit (UNUSED)
  - AIRegisterStreamCallback (UNUSED)
  - AIGetStreamSampleCount (UNUSED)
  - AISetStreamTrigger (UNUSED)
  - AIGetStreamTrigger (UNUSED)
  - __AI_DEBUG_set_stream_sample_rate (UNUSED)
  - AIReset (UNUSED)
  - __ai_src_get_time (UNUSED)
[ OK ] Symbol order matches the map.
[ OK ] UNUSED symbol sizes match (0/13 checked).
[ OK ] Symbol linkage (weak/local/global) matches the map.
------------------------------------------------------------------------------
RESULT: FAIL (1 error category/categories)
