Unit        : mario/Enemy/fireWanwan
Source      : src/Enemy/fireWanwan.cpp
Object      : build/GMSJ01/src/Enemy/fireWanwan.o
Map TU      : Enemy.a fireWanwan.cpp
Map symbols : 175 (80 UNUSED)   Object .text symbols: 247
reverse_fn_order: True
------------------------------------------------------------------------------

[FAIL] 4 map symbol(s) MISSING from the object:
  - __ct__Q29JGeometry8TVec4<f>Fv
  - isTaken__10TTakeActorCFv
  - __vc__Q29@unnamed@34ArrayWrapper<Q211TTailRubber4Node>CFi
  - size__Q29@unnamed@34ArrayWrapper<Q211TTailRubber4Node>CFv
[ OK ] Symbol order matches the map.

[WARN] 27 UNUSED symbol(s) with wrong size (best-effort -- does not fail the check):
  - calcShadowPos__11TFireWanwanFv
      map:    0x4c (76)
      object: 0x4 (4)
  - doTurn__11TFireWanwanFv
      map:    0xf8 (248)
      object: 0xd4 (212)
  - initTurnNextGraphNode__11TFireWanwanFv
      map:    0x6c (108)
      object: 0x64 (100)
  - emitTailHitEffect__11TFireWanwanFv
      map:    0x54 (84)
      object: 0x4 (4)
  - emitEffectsOnHittingWall__11TFireWanwanFRCQ29JGeometry8TVec3<f>RCQ29JGeometry8TVec3<f>
      map:    0x2ac (684)
      object: 0x290 (656)
  - updateHitPoint__11TFireWanwanFv
      map:    0xe8 (232)
      object: 0xf8 (248)
  - updateCameraShake__11TFireWanwanFv
      map:    0x13c (316)
      object: 0x120 (288)
  - doAdjustTarget__11TFireWanwanFv
      map:    0x298 (664)
      object: 0x224 (548)
  - decideTarget__11TFireWanwanFRCQ29JGeometry8TVec3<f>
      map:    0x2a4 (676)
      object: 0x2f0 (752)
  - doAttack__11TFireWanwanFv
      map:    0x204 (516)
      object: 0x228 (552)
  - getTailLength__18TFireWanwanTailHitCFv
      map:    0xe0 (224)
      object: 0x4 (4)
  - calcApartPow__18TFireWanwanTailHitFv
      map:    0x194 (404)
      object: 0x190 (400)
  - getBodyHeadPow__18TFireWanwanTailHitCFv
      map:    0x24 (36)
      object: 0x4 (4)
  - getBodyTailPow__18TFireWanwanTailHitCFv
      map:    0x38 (56)
      object: 0x4 (4)
  - getBodyNthPos__18TFireWanwanTailHitCFi
      map:    0x54 (84)
      object: 0x4 (4)
  - bindBody__18TFireWanwanTailHitFv
      map:    0x120 (288)
      object: 0x4 (4)
  - clipNodes__18TFireWanwanTailHitFPQ26JDrama9TGraphics
      map:    0x118 (280)
      object: 0x4 (4)
  - behaveApart__18TFireWanwanTailHitFv
      map:    0x12c (300)
      object: 0x134 (308)
  - behaveTaken__18TFireWanwanTailHitFP9THitActor
      map:    0x178 (376)
      object: 0x170 (368)
  - receiveMessageFromBody__18TFireWanwanManagerFPC11TFireWanwanQ218TFireWanwanManager11BodyMsgType
      map:    0xb0 (176)
      object: 0x20 (32)
  - receiveMessageFromTail__18TFireWanwanManagerFi
      map:    0x2c (44)
      object: 0x4 (4)
  - checkBalloonHelpBoss23__18TFireWanwanManagerFv
      map:    0x84 (132)
      object: 0x80 (128)
  - checkBalloonHelpBoss22__18TFireWanwanManagerFv
      map:    0xe8 (232)
      object: 0xec (236)
  - adjustOne__11TTailRubberFRQ211TTailRubber4NodeRCQ211TTailRubber4NodeRCQ211TTailRubber4Node
      map:    0x164 (356)
      object: 0x174 (372)
  - setTailPos__11TTailRubberFRCQ29JGeometry8TVec3<f>
      map:    0x30 (48)
      object: 0x40 (64)
  - setHeadPos__11TTailRubberFRCQ29JGeometry8TVec3<f>
      map:    0x20 (32)
      object: 0x30 (48)
  - reset__11TTailRubberFRCQ29JGeometry8TVec3<f>RCQ29JGeometry8TVec3<f>
      map:    0x118 (280)
      object: 0x124 (292)
[ OK ] Symbol linkage (weak/local/global) matches the map.

[INFO] 76 object-only symbol(s) not in the map (usually deduplicated weak/inline helpers; not an error; -v to list).
------------------------------------------------------------------------------
RESULT: FAIL (1 error category/categories, 27 UNUSED size mismatch(es) warning(s))
