Unit        : mario/Enemy/enemymanager
Source      : src/Enemy/enemymanager.cpp
Object      : build/GMSJ01/src/Enemy/enemymanager.o
Map TU      : Enemy.a enemymanager.cpp
Map symbols : 30 (6 UNUSED)   Object .text symbols: 51
reverse_fn_order: True
------------------------------------------------------------------------------

[FAIL] 1 map symbol(s) MISSING from the object:
  - __ct__Q29JGeometry64TPosition3<Q29JGeometry38TMatrix34<Q29JGeometry13SMatrix34C<f>>>Fv (UNUSED)
[ OK ] Symbol order matches the map.

[WARN] 5 UNUSED symbol(s) with wrong size (best-effort -- does not fail the check):
  - createCopyAnmMtx__13TEnemyManagerFi
      map:    0x15c (348)
      object: 0x4 (4)
  - killOtherEnemies__13TEnemyManagerFv
      map:    0xa4 (164)
      object: 0x4 (4)
  - createEnemy__13TEnemyManagerFv
      map:    0xf8 (248)
      object: 0x4 (4)
  - setScale__16TSharedMActorSetFRCQ29JGeometry8TVec3<f>
      map:    0x48 (72)
      object: 0x4 (4)
  - calcAnm__16TSharedMActorSetFv
      map:    0x64 (100)
      object: 0x4 (4)
[ OK ] Symbol linkage (weak/local/global) matches the map.

[INFO] 22 object-only symbol(s) not in the map (usually deduplicated weak/inline helpers; not an error; -v to list).
------------------------------------------------------------------------------
RESULT: FAIL (1 error category/categories, 5 UNUSED size mismatch(es) warning(s))
