Unit        : mario/JSystem/JKernel/JKRStdHeap
Source      : src/JSystem/JKernel/JKRStdHeap.cpp
Object      : build/GMSJ01/src/JSystem/JKernel/JKRStdHeap.o
Map TU      : JSystem.a JKRStdHeap.cpp
Map symbols : 19 (3 UNUSED)   Object .text symbols: 22
reverse_fn_order: False
------------------------------------------------------------------------------

[ OK ] All map symbols are present in the object.
[ OK ] Symbol order matches the map.

[WARN] 3 UNUSED symbol(s) with wrong size (best-effort -- does not fail the check):
  - createRoot__10JKRStdHeapFib
      map:    0x78 (120)
      object: 0x8 (8)
  - destroy__10JKRStdHeapFv
      map:    0x68 (104)
      object: 0x4 (4)
  - allocFixed__10JKRStdHeapFPvPv
      map:    0xb8 (184)
      object: 0x8 (8)
[ OK ] Symbol linkage (weak/local/global) matches the map.

[INFO] 3 object-only symbol(s) not in the map (usually deduplicated weak/inline helpers; not an error; -v to list).
------------------------------------------------------------------------------
RESULT: PASS with warnings (3 UNUSED size mismatch(es) -- see above)
