Unit        : mario/dolphin/ar/ar
Source      : src/dolphin/ar/ar.c
Object      : build/GMSJ01/src/dolphin/ar/ar.o
Map TU      : ar.a ar.c
Map symbols : 21 (13 UNUSED)   Object .text symbols: 12
reverse_fn_order: False
------------------------------------------------------------------------------

[FAIL] 9 map symbol(s) MISSING from the object:
  - ARGetDMAStatus (UNUSED)
  - ARFree (UNUSED)
  - ARCheckInit (UNUSED)
  - ARReset (UNUSED)
  - ARSetSize (UNUSED)
  - ARGetInternalSize (UNUSED)
  - ARClear (UNUSED)
  - __ARGetInterruptStatus (UNUSED)
  - __ARClearArea (UNUSED)
[ OK ] Symbol order matches the map.
[ OK ] UNUSED symbol sizes match (4/13 checked).
[ OK ] Symbol linkage (weak/local/global) matches the map.
------------------------------------------------------------------------------
RESULT: FAIL (1 error category/categories)
