Unit        : mario/Enemy/BathtubBinder
Source      : src/Enemy/BathtubBinder.cpp
Object      : build/GMSJ01/src/Enemy/BathtubBinder.o
Map TU      : Enemy.a BathtubBinder.cpp
Map symbols : 7 (1 UNUSED)   Object .text symbols: 0
reverse_fn_order: True
------------------------------------------------------------------------------

[FAIL] 7 map symbol(s) MISSING from the object:
  - constrain___14TBathtubBinderFRQ29JGeometry8TVec3<f>f (UNUSED)
  - set<f>__Q29JGeometry8TVec3<f>Ffff
  - float___14TBathtubBinderFP10TLiveActor
  - bind__14TBathtubBinderFP10TLiveActor
  - init__14TBathtubBinderFfffff
  - __dt__14TBathtubBinderFv
  - __ct__14TBathtubBinderFv
[ OK ] Symbol order matches the map.
[ OK ] UNUSED symbol sizes match (0/1 checked).
[ OK ] Symbol linkage (weak/local/global) matches the map.
------------------------------------------------------------------------------
RESULT: FAIL (1 error category/categories)
