Unit        : mario/JSystem/JAudio/JALibrary/JALCalc
Source      : src/JSystem/JAudio/JALibrary/JALCalc.cpp
Object      : build/GMSJ01/src/JSystem/JAudio/JALibrary/JALCalc.o
Map TU      : JSystem.a JALCalc.cpp
Map symbols : 10 (4 UNUSED)   Object .text symbols: 10
reverse_fn_order: False
------------------------------------------------------------------------------

[ OK ] All map symbols are present in the object.
[ OK ] Symbol order matches the map.

[WARN] 4 UNUSED symbol(s) with wrong size (best-effort -- does not fail the check):
  - getParamByExp_0_1__7JALCalcFffffQ27JALCalc9CurveSign
      map:    0x124 (292)
      object: 0x8 (8)
  - getRandom_Sign__7JALCalcFv
      map:    0xa8 (168)
      object: 0x8 (8)
  - pow2__7JALCalcFf
      map:    0x24 (36)
      object: 0x8 (8)
  - getRint__7JALCalcFf
      map:    0x50 (80)
      object: 0x8 (8)
[ OK ] Symbol linkage (weak/local/global) matches the map.
------------------------------------------------------------------------------
RESULT: PASS with warnings (4 UNUSED size mismatch(es) -- see above)
