Unit        : mario/JSystem/J3D/J3DGraphLoader/J3DClusterLoader
Source      : src/JSystem/J3D/J3DGraphLoader/J3DClusterLoader.cpp
Object      : build/GMSJ01/src/JSystem/J3D/J3DGraphLoader/J3DClusterLoader.o
Map TU      : JSystem.a J3DClusterLoader.cpp
Map symbols : 12 (9 UNUSED)   Object .text symbols: 3
reverse_fn_order: False
------------------------------------------------------------------------------

[FAIL] 9 map symbol(s) MISSING from the object:
  - load__24J3DClusterLoaderDataBaseFPCv (UNUSED)
  - __ct__20J3DClusterLoader_v15Fv (UNUSED)
  - __dt__16J3DClusterLoaderFv (UNUSED)
  - __dt__20J3DClusterLoader_v15Fv (UNUSED)
  - load__20J3DClusterLoader_v15FPCv (UNUSED)
  - readCluster__20J3DClusterLoader_v15FPC15J3DClusterBlock (UNUSED)
  - JSUConvertOffsetToPtr<16J3DClusterVertex>__FPCvPCv (UNUSED)
  - JSUConvertOffsetToPtr<13J3DClusterKey>__FPCvPCv (UNUSED)
  - JSUConvertOffsetToPtr<10J3DCluster>__FPCvPCv (UNUSED)
[ OK ] Symbol order matches the map.
[ OK ] UNUSED symbol sizes match (0/9 checked).

[FAIL] 3 symbol(s) with wrong linkage (weak/local/global):
  - JSUConvertOffsetToPtr<Us>__FPCvPCv
      map:    weak
      object: global
  - JSUConvertOffsetToPtr<f>__FPCvPCv
      map:    weak
      object: global
  - JSUConvertOffsetToPtr<7ResNTAB>__FPCvPCv
      map:    weak
      object: global
------------------------------------------------------------------------------
RESULT: FAIL (2 error category/categories)
