Unit        : mario/Map/PollutionLayer
Source      : src/Map/PollutionLayer.cpp
Object      : build/GMSJ01/src/Map/PollutionLayer.o
Map TU      : Map.a PollutionLayer.cpp
Map symbols : 31 (5 UNUSED)   Object .text symbols: 59
reverse_fn_order: True
------------------------------------------------------------------------------

[ OK ] All map symbols are present in the object.
[ OK ] Symbol order matches the map.

[WARN] 3 UNUSED symbol(s) with wrong size (best-effort -- does not fail the check):
  - initTex__15TPollutionLayerFPCc
      map:    0x58 (88)
      object: 0x4 (4)
  - subtractFromYMap__15TPollutionLayerCFfff
      map:    0xc0 (192)
      object: 0x4 (4)
  - isProhibit__15TPollutionLayerCFfff
      map:    0xb0 (176)
      object: 0x4 (4)
[ OK ] Symbol linkage (weak/local/global) matches the map.

[INFO] 28 object-only symbol(s) not in the map (usually deduplicated weak/inline helpers; not an error; -v to list).
------------------------------------------------------------------------------
RESULT: PASS with warnings (3 UNUSED size mismatch(es) -- see above)
