Unit        : mario/dolphin/card/CARDBios
Source      : src/dolphin/card/CARDBios.c
Object      : build/GMSJ01/src/dolphin/card/CARDBios.o
Map TU      : card.a CARDBios.c
Map symbols : 33 (10 UNUSED)   Object .text symbols: 25
reverse_fn_order: False
------------------------------------------------------------------------------

[FAIL] 8 map symbol(s) MISSING from the object:
  - __CARDSleep (UNUSED)
  - __CARDWakeup (UNUSED)
  - __CARDErase (UNUSED)
  - CARDGetDiskID (UNUSED)
  - CARDSetDiskID (UNUSED)
  - CARDGetEncoding (UNUSED)
  - CARDGetMemSize (UNUSED)
  - CARDGetSectorSize (UNUSED)
[ OK ] Symbol order matches the map.
[ OK ] UNUSED symbol sizes match (2/10 checked).
[ OK ] Symbol linkage (weak/local/global) matches the map.
------------------------------------------------------------------------------
RESULT: FAIL (1 error category/categories)
