Unit        : mario/dolphin/base/PPCArch
Source      : src/dolphin/base/PPCArch.c
Object      : build/GMSJ01/src/dolphin/base/PPCArch.o
Map TU      : base.a PPCArch.c
Map symbols : 44 (30 UNUSED)   Object .text symbols: 14
reverse_fn_order: False
------------------------------------------------------------------------------

[FAIL] 30 map symbol(s) MISSING from the object:
  - PPCOrMsr (UNUSED)
  - PPCAndMsr (UNUSED)
  - PPCAndCMsr (UNUSED)
  - PPCMfhid1 (UNUSED)
  - PPCMfdec (UNUSED)
  - PPCEieio (UNUSED)
  - PPCMfmmcr0 (UNUSED)
  - PPCMtmmcr0 (UNUSED)
  - PPCMfmmcr1 (UNUSED)
  - PPCMtmmcr1 (UNUSED)
  - PPCMfpmc1 (UNUSED)
  - PPCMtpmc1 (UNUSED)
  - PPCMfpmc2 (UNUSED)
  - PPCMtpmc2 (UNUSED)
  - PPCMfpmc3 (UNUSED)
  - PPCMtpmc3 (UNUSED)
  - PPCMfpmc4 (UNUSED)
  - PPCMtpmc4 (UNUSED)
  - PPCMfsia (UNUSED)
  - PPCMtsia (UNUSED)
  - PPCMffpscr (UNUSED)
  - PPCMtfpscr (UNUSED)
  - PPCMfwpar (UNUSED)
  - PPCMfdmaU (UNUSED)
  - PPCMfdmaL (UNUSED)
  - PPCMtdmaU (UNUSED)
  - PPCMtdmaL (UNUSED)
  - PPCMfpvr (UNUSED)
  - PPCEnableSpeculation (UNUSED)
  - PPCSetFpIEEEMode (UNUSED)
[ OK ] Symbol order matches the map.
[ OK ] UNUSED symbol sizes match (0/30 checked).

[FAIL] 2 symbol(s) with wrong linkage (weak/local/global):
  - PPCMtdec
      map:    weak
      object: global
  - PPCHalt
      map:    weak
      object: global
------------------------------------------------------------------------------
RESULT: FAIL (2 error category/categories)
