Unit        : mario/JSystem/JAudio/JASystem/JASVload
Source      : src/JSystem/JAudio/JASystem/JASVload.cpp
Object      : build/GMSJ01/src/JSystem/JAudio/JASystem/JASVload.o
Map TU      : JSystem.a JASVload.cpp
Map symbols : 13 (5 UNUSED)   Object .text symbols: 13
reverse_fn_order: False
------------------------------------------------------------------------------

[ OK ] All map symbols are present in the object.
[ OK ] Symbol order matches the map.

[WARN] 5 UNUSED symbol(s) with wrong size (best-effort -- does not fail the check):
  - setMaxArcs__Q28JASystem5VloadFl
      map:    0x8 (8)
      object: 0x4 (4)
  - getLogicalHandleS__Q28JASystem5VloadFPcPc
      map:    0xdc (220)
      object: 0x8 (8)
  - getLogicalHandle__Q28JASystem5VloadFPc
      map:    0x160 (352)
      object: 0x8 (8)
  - getHandle__Q28JASystem5VloadFUl
      map:    0x5c (92)
      object: 0x8 (8)
  - getMemoryFile__Q28JASystem5VloadFUl
      map:    0x64 (100)
      object: 0x8 (8)
[ OK ] Symbol linkage (weak/local/global) matches the map.
------------------------------------------------------------------------------
RESULT: PASS with warnings (5 UNUSED size mismatch(es) -- see above)
