Unit        : mario/Enemy/BossHanachanNerve
Source      : src/Enemy/BossHanachanNerve.cpp
Object      : build/GMSJ01/src/Enemy/BossHanachanNerve.o
Map TU      : Enemy.a BossHanachanNerve.cpp
Map symbols : 22 (0 UNUSED)   Object .text symbols: 0
reverse_fn_order: True
------------------------------------------------------------------------------

[FAIL] 22 map symbol(s) MISSING from the object:
  - __dt__22TNerveBossHanachanDeadFv
  - execute__22TNerveBossHanachanDeadCFP24TSpineBase<10TLiveActor>
  - theNerve__22TNerveBossHanachanDeadFv
  - execute__23TNerveBossHanachanSnortCFP24TSpineBase<10TLiveActor>
  - __dt__29TNerveBossHanachanGraphWanderFv
  - theNerve__23TNerveBossHanachanSnortFv
  - __dt__23TNerveBossHanachanSnortFv
  - execute__24TNerveBossHanachanDamageCFP24TSpineBase<10TLiveActor>
  - __dt__23TNerveBossHanachanGetUpFv
  - theNerve__24TNerveBossHanachanDamageFv
  - __dt__24TNerveBossHanachanDamageFv
  - execute__23TNerveBossHanachanGetUpCFP24TSpineBase<10TLiveActor>
  - theNerve__23TNerveBossHanachanGetUpFv
  - execute__22TNerveBossHanachanDownCFP24TSpineBase<10TLiveActor>
  - theNerve__22TNerveBossHanachanDownFv
  - __dt__22TNerveBossHanachanDownFv
  - execute__24TNerveBossHanachanTumbleCFP24TSpineBase<10TLiveActor>
  - theNerve__24TNerveBossHanachanTumbleFv
  - __dt__24TNerveBossHanachanTumbleFv
  - execute__29TNerveBossHanachanGraphWanderCFP24TSpineBase<10TLiveActor>
  - theNerve__29TNerveBossHanachanGraphWanderFv
  - __sinit_BossHanachanNerve_cpp
[ OK ] Symbol order matches the map.
[ OK ] Symbol linkage (weak/local/global) matches the map.
------------------------------------------------------------------------------
RESULT: FAIL (1 error category/categories)
