Unit        : mario/JSystem/JAudio/JASystem/JASHeapCtrl
Source      : src/JSystem/JAudio/JASystem/JASHeapCtrl.cpp
Object      : build/GMSJ01/src/JSystem/JAudio/JASystem/JASHeapCtrl.o
Map TU      : JSystem.a JASHeapCtrl.cpp
Map symbols : 27 (17 UNUSED)   Object .text symbols: 27
reverse_fn_order: False
------------------------------------------------------------------------------

[ OK ] All map symbols are present in the object.
[ OK ] Symbol order matches the map.

[WARN] 16 UNUSED symbol(s) with wrong size (best-effort -- does not fail the check):
  - getUnlockHeap__Q38JASystem6Kernel5THeapFv
      map:    0x2c (44)
      object: 0x8 (8)
  - checkAlloc__Q38JASystem6Kernel5THeapFv
      map:    0x1c (28)
      object: 0x4 (4)
  - init__Q38JASystem6Kernel5THeapFv
      map:    0x44 (68)
      object: 0x4 (4)
  - selfInit__Q38JASystem6Kernel5THeapFUlUlUl
      map:    0x38 (56)
      object: 0x4 (4)
  - setGroupHeap__Q38JASystem6Kernel5THeapFPQ38JASystem6Kernel5THeap
      map:    0x38 (56)
      object: 0x4 (4)
  - cutDown__Q38JASystem6Kernel5THeapFv
      map:    0xc (12)
      object: 0x4 (4)
  - garbageCollectionSt__Q38JASystem6Kernel5THeapFv
      map:    0xdc (220)
      object: 0x4 (4)
  - checkFreeHeapTotal__Q38JASystem6Kernel5THeapFv
      map:    0x58 (88)
      object: 0x4 (4)
  - checkFreeHeapLinear__Q38JASystem6Kernel5THeapFv
      map:    0x5c (92)
      object: 0x4 (4)
  - show__Q38JASystem6Kernel5THeapFUl
      map:    0xa0 (160)
      object: 0x4 (4)
  - moveChildren__Q38JASystem6Kernel5THeapFl
      map:    0xa4 (164)
      object: 0x4 (4)
  - aramFinish__Q28JASystem6KernelFUl
      map:    0x2c (44)
      object: 0x4 (4)
  - dmaAramToAram__Q28JASystem6KernelFUlUlUl
      map:    0xe8 (232)
      object: 0x4 (4)
  - dmaDramToDram__Q28JASystem6KernelFUlUlUl
      map:    0xfc (252)
      object: 0x4 (4)
  - freeLast__Q38JASystem6Kernel10TSolidHeapFv
      map:    0x34 (52)
      object: 0x4 (4)
  - freeAll__Q38JASystem6Kernel10TSolidHeapFv
      map:    0x18 (24)
      object: 0x4 (4)
[ OK ] Symbol linkage (weak/local/global) matches the map.
------------------------------------------------------------------------------
RESULT: PASS with warnings (16 UNUSED size mismatch(es) -- see above)
