Unit        : mario/JSystem/JAudio/JASystem/JASTrackMgr
Source      : src/JSystem/JAudio/JASystem/JASTrackMgr.cpp
Object      : build/GMSJ01/src/JSystem/JAudio/JASystem/JASTrackMgr.o
Map TU      : JSystem.a JASTrackMgr.cpp
Map symbols : 16 (4 UNUSED)   Object .text symbols: 17
reverse_fn_order: False
------------------------------------------------------------------------------

[ OK ] All map symbols are present in the object.
[ OK ] Symbol order matches the map.

[WARN] 3 UNUSED symbol(s) with wrong size (best-effort -- does not fail the check):
  - getTrackHandle__Q28JASystem8TrackMgrFUl
      map:    0x50 (80)
      object: 0x8 (8)
  - setPause__Q28JASystem8TrackMgrFPQ38JASystem6Kernel9TPortArgs
      map:    0x74 (116)
      object: 0x4 (4)
  - clearPause__Q28JASystem8TrackMgrFPQ38JASystem6Kernel9TPortArgs
      map:    0x74 (116)
      object: 0x4 (4)
[ OK ] Symbol linkage (weak/local/global) matches the map.

[INFO] 1 object-only symbol(s) not in the map (usually deduplicated weak/inline helpers; not an error; -v to list).
------------------------------------------------------------------------------
RESULT: PASS with warnings (3 UNUSED size mismatch(es) -- see above)
