Unit        : mario/JSystem/J2D/J2DPicture
Source      : src/JSystem/J2D/J2DPicture.cpp
Object      : build/GMSJ01/src/JSystem/J2D/J2DPicture.o
Map TU      : JSystem.a J2DPicture.cpp
Map symbols : 29 (14 UNUSED)   Object .text symbols: 33
reverse_fn_order: False
------------------------------------------------------------------------------

[ OK ] All map symbols are present in the object.
[ OK ] Symbol order matches the map.

[WARN] 14 UNUSED symbol(s) with wrong size (best-effort -- does not fail the check):
  - __ct__10J2DPictureFv
      map:    0x94 (148)
      object: 0x7c (124)
  - __ct__10J2DPictureFPC7ResTIMG
      map:    0xc4 (196)
      object: 0x7c (124)
  - __ct__10J2DPictureFPCc
      map:    0xc4 (196)
      object: 0x7c (124)
  - __ct__10J2DPictureFP10JUTTexture
      map:    0xc4 (196)
      object: 0x7c (124)
  - __ct__10J2DPictureFUlRC7JUTRectPC7ResTIMGPC7ResTLUT
      map:    0xc4 (196)
      object: 0x7c (124)
  - __ct__10J2DPictureFUlRC7JUTRectPCcPC7ResTLUT
      map:    0xd0 (208)
      object: 0x7c (124)
  - initiate__10J2DPictureFPC7ResTIMGPC7ResTLUT
      map:    0x68 (104)
      object: 0x4 (4)
  - private_initiate__10J2DPictureFPC7ResTIMGPC7ResTLUT
      map:    0xbc (188)
      object: 0x4 (4)
  - initinfo__10J2DPictureFv
      map:    0x104 (260)
      object: 0x4 (4)
  - insert__10J2DPictureFPC7ResTIMGUcf
      map:    0x168 (360)
      object: 0x8 (8)
  - insert__10J2DPictureFPCcUcf
      map:    0x60 (96)
      object: 0x8 (8)
  - remove__10J2DPictureFP10JUTTexture
      map:    0x54 (84)
      object: 0x8 (8)
  - changeTexture__10J2DPictureFPCcUc
      map:    0xd8 (216)
      object: 0x8 (8)
  - drawOut__10J2DPictureFRC7JUTRectRC7JUTRect
      map:    0x314 (788)
      object: 0x4 (4)
[ OK ] Symbol linkage (weak/local/global) matches the map.

[INFO] 4 object-only symbol(s) not in the map (usually deduplicated weak/inline helpers; not an error; -v to list).
------------------------------------------------------------------------------
RESULT: PASS with warnings (14 UNUSED size mismatch(es) -- see above)
