Unit        : mario/JSystem/JUtility/JUTConsole
Source      : src/JSystem/JUtility/JUTConsole.cpp
Object      : build/GMSJ01/src/JSystem/JUtility/JUTConsole.o
Map TU      : JSystem.a JUTConsole.cpp
Map symbols : 48 (13 UNUSED)   Object .text symbols: 49
reverse_fn_order: False
------------------------------------------------------------------------------

[ OK ] All map symbols are present in the object.
[ OK ] Symbol order matches the map.

[WARN] 8 UNUSED symbol(s) with wrong size (best-effort -- does not fail the check):
  - create__10JUTConsoleFUiUiP7JKRHeap
      map:    0x8c (140)
      object: 0x4 (4)
  - destroy__10JUTConsoleFP10JUTConsole
      map:    0x5c (92)
      object: 0x4 (4)
  - getObjectSizeFromBufferSize__10JUTConsoleFUiUi
      map:    0x10 (16)
      object: 0x4 (4)
  - dumpToTerminal__10JUTConsoleFUi
      map:    0x134 (308)
      object: 0x4 (4)
  - dumpToConsole__10JUTConsoleFP10JUTConsoleUi
      map:    0x150 (336)
      object: 0x4 (4)
  - destroyManager__17JUTConsoleManagerFP17JUTConsoleManager
      map:    0x64 (100)
      object: 0x4 (4)
  - getConsoleNumber__17JUTConsoleManagerCFv
      map:    0x8 (8)
      object: 0x4 (4)
  - JUTWarningConsole_f_va
      map:    0x6c (108)
      object: 0x7c (124)
[ OK ] Symbol linkage (weak/local/global) matches the map.

[INFO] 1 object-only symbol(s) not in the map (usually deduplicated weak/inline helpers; not an error; -v to list).
------------------------------------------------------------------------------
RESULT: PASS with warnings (8 UNUSED size mismatch(es) -- see above)
