Unit        : mario/JSystem/JRenderer
Source      : src/JSystem/JRenderer.cpp
Object      : build/GMSJ01/src/JSystem/JRenderer.o
Map TU      : JSystem.a JRenderer.cpp
Map symbols : 25 (4 UNUSED)   Object .text symbols: 25
reverse_fn_order: False
------------------------------------------------------------------------------

[ OK ] All map symbols are present in the object.
[ OK ] Symbol order matches the map.

[WARN] 4 UNUSED symbol(s) with wrong size (best-effort -- does not fail the check):
  - J3DGDSetTexCoordScale__F13_GXTexCoordIDUsUs
      map:    0x240 (576)
      object: 0x4 (4)
  - J3DGDSetTexImgPtrRaw__F11_GXTexMapIDUl
      map:    0xc4 (196)
      object: 0x4 (4)
  - JRNSetTevDirect__F13_GXTevStageID
      map:    0xbc (188)
      object: 0x4 (4)
  - JRNFlushTextureState__Fv
      map:    0x138 (312)
      object: 0x4 (4)
[ OK ] Symbol linkage (weak/local/global) matches the map.
------------------------------------------------------------------------------
RESULT: PASS with warnings (4 UNUSED size mismatch(es) -- see above)
