Unit        : mario/THPPlayer/THPPlayer
Source      : src/THPPlayer/THPPlayer.c
Object      : build/GMSJ01/src/THPPlayer/THPPlayer.o
Map TU      : THPPlayer.a THPPlayer.c
Map symbols : 32 (10 UNUSED)   Object .text symbols: 30
reverse_fn_order: True
------------------------------------------------------------------------------

[FAIL] 5 map symbol(s) MISSING from the object:
  - THPPlayerGetVolume (UNUSED)
  - THPPlayerGetFrameRate (UNUSED)
  - THPPlayerSkip (UNUSED)
  - audioQuitWithMSound__Fv (UNUSED)
  - audioInitWithMSound__Fv (UNUSED)

[FAIL] Non-weak symbol ORDER differs from the map (weak & object-only symbols ignored):
    THPPlayerSetVolume
    MixAudio__FPsPsUl
  - THPPlayerDrawDone   (map position)
    PopUsedTextureSet__Fv
    PushUsedTextureSet__FPv
  + THPPlayerDrawDone   (object position)
    THPPlayerGetState
    THPPlayerGetTotalFrame
    THPPlayerGetAudioInfo
    THPPlayerGetVideoInfo
    THPPlayerDrawCurrentFrame
    ProperTimingForGettingNextFrame__Fv
    ProperTimingForStart__Fv
    PlayControl__FUl
    THPPlayerPause
    THPPlayerStop
    THPPlayerPlay
    THPPlayerPrepare
    PrepareReady__Fi
    WaitUntilPrepare__Fv
    InitAllMessageQueue__Fv
    THPPlayerSetBuffer
    THPPlayerCalcNeedMemory
    THPPlayerClose
    THPPlayerOpen
    THPPlayerQuit
    THPPlayerInit
    audioCallbackWithMSound__Fl
[ OK ] UNUSED symbol sizes match (5/10 checked).
[ OK ] Symbol linkage (weak/local/global) matches the map.

[INFO] 3 object-only symbol(s) not in the map (usually deduplicated weak/inline helpers; not an error; -v to list).
------------------------------------------------------------------------------
RESULT: FAIL (2 error category/categories)
