Unit        : mario/JSystem/JParticle/JPAEmitter
Source      : src/JSystem/JParticle/JPAEmitter.cpp
Object      : build/GMSJ01/src/JSystem/JParticle/JPAEmitter.o
Map TU      : JSystem.a JPAEmitter.cpp
Map symbols : 40 (12 UNUSED)   Object .text symbols: 43
reverse_fn_order: False
------------------------------------------------------------------------------

[FAIL] 1 map symbol(s) MISSING from the object:
  - __dt__7JPADrawFv (UNUSED)
[ OK ] Symbol order matches the map.

[WARN] 4 UNUSED symbol(s) with wrong size (best-effort -- does not fail the check):
  - deleteParticle__14JPABaseEmitterFP15JPABaseParticle
      map:    0x9c (156)
      object: 0x4 (4)
  - setGlobalRMatrix__14JPABaseEmitterFPA4_f
      map:    0x2c (44)
      object: 0x4 (4)
  - getPivotX__14JPABaseEmitterFv
      map:    0x20 (32)
      object: 0x4 (4)
  - getPivotY__14JPABaseEmitterFv
      map:    0x20 (32)
      object: 0x4 (4)
[ OK ] Symbol linkage (weak/local/global) matches the map.

[INFO] 4 object-only symbol(s) not in the map (usually deduplicated weak/inline helpers; not an error; -v to list).
------------------------------------------------------------------------------
RESULT: FAIL (1 error category/categories, 4 UNUSED size mismatch(es) warning(s))
