Unit        : mario/JSystem/J2D/J2DGrafContext
Source      : src/JSystem/J2D/J2DGrafContext.cpp
Object      : build/GMSJ01/src/JSystem/J2D/J2DGrafContext.o
Map TU      : JSystem.a J2DGrafContext.cpp
Map symbols : 19 (7 UNUSED)   Object .text symbols: 20
reverse_fn_order: False
------------------------------------------------------------------------------

[ OK ] All map symbols are present in the object.
[ OK ] Symbol order matches the map.

[WARN] 7 UNUSED symbol(s) with wrong size (best-effort -- does not fail the check):
  - drawFrame__14J2DGrafContextFRC7JUTRect
      map:    0xec (236)
      object: 0x4 (4)
  - line__14J2DGrafContextF8JUTPoint8JUTPoint
      map:    0xc0 (192)
      object: 0x4 (4)
  - lineTo__14J2DGrafContextF8JUTPoint
      map:    0xbc (188)
      object: 0x4 (4)
  - polyline__14J2DGrafContextFP8JUTPointi
      map:    0x210 (528)
      object: 0x4 (4)
  - polyline__14J2DGrafContextFPii
      map:    0x224 (548)
      object: 0x4 (4)
  - polylineTo__14J2DGrafContextFP8JUTPointi
      map:    0x244 (580)
      object: 0x4 (4)
  - polylineTo__14J2DGrafContextFPii
      map:    0x258 (600)
      object: 0x4 (4)
[ OK ] Symbol linkage (weak/local/global) matches the map.

[INFO] 1 object-only symbol(s) not in the map (usually deduplicated weak/inline helpers; not an error; -v to list).
------------------------------------------------------------------------------
RESULT: PASS with warnings (7 UNUSED size mismatch(es) -- see above)
