Unit        : mario/Map/Map
Source      : src/Map/Map.cpp
Object      : build/GMSJ01/src/Map/Map.o
Map TU      : Map.a Map.cpp
Map symbols : 39 (10 UNUSED)   Object .text symbols: 51
reverse_fn_order: True
------------------------------------------------------------------------------

[FAIL] 7 map symbol(s) MISSING from the object:
  - checkGroundExactY__4TMapCFRCQ29JGeometry8TVec3<f>PPC12TBGCheckData (UNUSED)
  - isTouchedOneWall__4TMapCFRCQ29JGeometry8TVec3<f>f (UNUSED)
  - initDolpic__Fv (UNUSED)
  - initBianco__Fv (UNUSED)
  - initPinnaBeach__Fv (UNUSED)
  - initSirena__Fv (UNUSED)
  - initOption__Fv (UNUSED)
[ OK ] Symbol order matches the map.
[ OK ] UNUSED symbol sizes match (3/10 checked).
[ OK ] Symbol linkage (weak/local/global) matches the map.

[INFO] 19 object-only symbol(s) not in the map (usually deduplicated weak/inline helpers; not an error; -v to list).
------------------------------------------------------------------------------
RESULT: FAIL (1 error category/categories)
