Unit        : mario/MSound/MSoundBGM
Source      : src/MSound/MSoundBGM.cpp
Object      : build/GMSJ01/src/MSound/MSoundBGM.o
Map TU      : MSound.a MSoundBGM.cpp
Map symbols : 26 (11 UNUSED)   Object .text symbols: 41
reverse_fn_order: True
------------------------------------------------------------------------------

[ OK ] All map symbols are present in the object.
[ OK ] Symbol order matches the map.

[WARN] 6 UNUSED symbol(s) with wrong size (best-effort -- does not fail the check):
  - setPause__5MSBgmFUcb
      map:    0x88 (136)
      object: 0x4 (4)
  - setSeqTRACKsMuteH__5MSBgmFP8JAISoundbUs
      map:    0xa8 (168)
      object: 0x4 (4)
  - setSeqTRACKsMute__5MSBgmFUcbUs
      map:    0xd4 (212)
      object: 0x4 (4)
  - setSeqTrackMute__5MSBgmFUcUcb
      map:    0x9c (156)
      object: 0x4 (4)
  - setSeqTrackVolume__5MSBgmFUcUcfUl
      map:    0xc4 (196)
      object: 0x4 (4)
  - checkPlaying__5MSBgmFUl
      map:    0x4c (76)
      object: 0x8 (8)
[ OK ] Symbol linkage (weak/local/global) matches the map.

[INFO] 15 object-only symbol(s) not in the map (usually deduplicated weak/inline helpers; not an error; -v to list).
------------------------------------------------------------------------------
RESULT: PASS with warnings (6 UNUSED size mismatch(es) -- see above)
