Unit        : mario/JSystem/J2D/J2DScreen
Source      : src/JSystem/J2D/J2DScreen.cpp
Object      : build/GMSJ01/src/JSystem/J2D/J2DScreen.o
Map TU      : JSystem.a J2DScreen.cpp
Map symbols : 13 (3 UNUSED)   Object .text symbols: 24
reverse_fn_order: False
------------------------------------------------------------------------------

[ OK ] All map symbols are present in the object.
[ OK ] Symbol order matches the map.

[WARN] 3 UNUSED symbol(s) with wrong size (best-effort -- does not fail the check):
  - set__9J2DScreenFPCcP10JKRArchive
      map:    0xd4 (212)
      object: 0x4 (4)
  - set__9J2DScreenFP20JSURandomInputStream
      map:    0x38 (56)
      object: 0x4 (4)
  - gather__9J2DScreenFPP7J2DPaneUlUli
      map:    0x30 (48)
      object: 0x4 (4)
[ OK ] Symbol linkage (weak/local/global) matches the map.

[INFO] 11 object-only symbol(s) not in the map (usually deduplicated weak/inline helpers; not an error; -v to list).
------------------------------------------------------------------------------
RESULT: PASS with warnings (3 UNUSED size mismatch(es) -- see above)
