Unit        : mario/PowerPC_EABI_Support/Msl/MSL_C/MSL_Common/scanf
Source      : src/PowerPC_EABI_Support/Msl/MSL_C/MSL_Common/scanf.c
Object      : build/GMSJ01/src/PowerPC_EABI_Support/Msl/MSL_C/MSL_Common/scanf.o
Map TU      : MSL_C.PPCEABI.bare.H.a scanf.c
Map symbols : 8 (7 UNUSED)   Object .text symbols: 1
reverse_fn_order: True
------------------------------------------------------------------------------

[FAIL] 7 map symbol(s) MISSING from the object:
  - sscanf (UNUSED)
  - __vsscanf (UNUSED)
  - scanf (UNUSED)
  - fscanf (UNUSED)
  - __FileRead (UNUSED)
  - __sformatter (UNUSED)
  - parse_format (UNUSED)
[ OK ] Symbol order matches the map.
[ OK ] UNUSED symbol sizes match (0/7 checked).
[ OK ] Symbol linkage (weak/local/global) matches the map.
------------------------------------------------------------------------------
RESULT: FAIL (1 error category/categories)
