Unit        : mario/MarioUtil/PacketUtil
Source      : src/MarioUtil/PacketUtil.cpp
Object      : build/GMSJ01/src/MarioUtil/PacketUtil.o
Map TU      : MarioUtil.a PacketUtil.cpp
Map symbols : 21 (6 UNUSED)   Object .text symbols: 21
reverse_fn_order: True
------------------------------------------------------------------------------

[FAIL] 1 map symbol(s) MISSING from the object:
  - SMS_InitPacket_CallDL__FP8J3DModelUsPUcUl (UNUSED)
[ OK ] Symbol order matches the map.

[WARN] 4 UNUSED symbol(s) with wrong size (best-effort -- does not fail the check):
  - SetFogBase__FPC10J3DFogInfo
      map:    0x174 (372)
      object: 0x4 (4)
  - FifoSetTevKColor__F14_GXTevKColorID8_GXColor
      map:    0x58 (88)
      object: 0x4 (4)
  - FifoSetTevColorS10__F11_GXTevRegID11_GXColorS10
      map:    0x60 (96)
      object: 0x4 (4)
  - FifoSetChanMatColor__F12_GXChannelID8_GXColor
      map:    0x48 (72)
      object: 0x4 (4)
[ OK ] Symbol linkage (weak/local/global) matches the map.

[INFO] 1 object-only symbol(s) not in the map (usually deduplicated weak/inline helpers; not an error; -v to list).
------------------------------------------------------------------------------
RESULT: FAIL (1 error category/categories, 4 UNUSED size mismatch(es) warning(s))
