Unit        : mario/MoveBG/MapObjRicco
Source      : src/MoveBG/MapObjRicco.cpp
Object      : build/GMSJ01/src/MoveBG/MapObjRicco.o
Map TU      : MoveBG.a MapObjRicco.cpp
Map symbols : 35 (3 UNUSED)   Object .text symbols: 0
reverse_fn_order: True
------------------------------------------------------------------------------

[FAIL] 35 map symbol(s) MISSING from the object:
  - __dt__14TFruitLauncherFv
  - loadAfter__14TFruitLauncherFv
  - fireObj__14TFruitLauncherFv
  - getMActor__10TLiveActorCFv
  - appearFruit__14TFruitLauncherCFv (UNUSED)
  - receiveMessage__12TFruitSwitchFP9THitActorUl
  - pushDown__12TFruitSwitchFv (UNUSED)
  - pullUp__12TFruitSwitchFv (UNUSED)
  - initMapObj__12TSurfGesoObjFv
  - __ct__15TRiccoWatermillFPCc
  - loadAfter__15TRiccoWatermillFv
  - calc__15TRiccoWatermillFv
  - control__15TRiccoWatermillFv
  - touchWater__15TRiccoWatermillFP9THitActor
  - calc__11TCraneCargoFv
  - control__11TCraneCargoFv
  - initMapObj__12TCraneUpDownFv
  - control__12TCraneUpDownFv
  - load__10TCraneRotYFR20JSUMemoryInputStream
  - control__10TCraneRotYFv
  - calc__10TCraneRotYFv
  - __dt__12TFruitSwitchFv
  - __dt__12TSurfGesoObjFv
  - __dt__15TRiccoWatermillFv
  - __dt__11TCraneCargoFv
  - __dt__12TCraneUpDownFv
  - __dt__10TCraneRotYFv
  - __sinit_MapObjRicco_cpp
  - @32@__dt__10TCraneRotYFv
  - @32@__dt__12TCraneUpDownFv
  - @32@__dt__11TCraneCargoFv
  - @32@__dt__15TRiccoWatermillFv
  - @32@__dt__12TSurfGesoObjFv
  - @32@__dt__12TFruitSwitchFv
  - @32@__dt__14TFruitLauncherFv
[ OK ] Symbol order matches the map.
[ OK ] UNUSED symbol sizes match (0/3 checked).
[ OK ] Symbol linkage (weak/local/global) matches the map.
------------------------------------------------------------------------------
RESULT: FAIL (1 error category/categories)
