Unit        : mario/JSystem/JAudio/JASystem/JASCalc
Source      : src/JSystem/JAudio/JASystem/JASCalc.cpp
Object      : build/GMSJ01/src/JSystem/JAudio/JASystem/JASCalc.o
Map TU      : JSystem.a JASCalc.cpp
Map symbols : 17 (11 UNUSED)   Object .text symbols: 16
reverse_fn_order: False
------------------------------------------------------------------------------

[FAIL] 1 map symbol(s) MISSING from the object:
  - swap<f>__3stdFRfRf (UNUSED)
[ OK ] Symbol order matches the map.

[WARN] 8 UNUSED symbol(s) with wrong size (best-effort -- does not fail the check):
  - sinfM__Q28JASystem4CalcFf
      map:    0x54 (84)
      object: 0x8 (8)
  - cosfM__Q28JASystem4CalcFf
      map:    0x54 (84)
      object: 0x8 (8)
  - limit16__Q28JASystem4CalcFl
      map:    0x24 (36)
      object: 0x8 (8)
  - mixcopy__Q28JASystem4CalcFPCsPCsPsl
      map:    0x50 (80)
      object: 0x4 (4)
  - bcopyW__Q28JASystem4CalcFPCsPsl
      map:    0xdc (220)
      object: 0x4 (4)
  - hannWindow__Q28JASystem4CalcFPsl
      map:    0xe8 (232)
      object: 0x4 (4)
  - hammWindow__Q28JASystem4CalcFPsl
      map:    0xf4 (244)
      object: 0x4 (4)
  - fft__Q28JASystem4CalcFPfPfll
      map:    0x4d0 (1232)
      object: 0x4 (4)
[ OK ] Symbol linkage (weak/local/global) matches the map.
------------------------------------------------------------------------------
RESULT: FAIL (1 error category/categories, 8 UNUSED size mismatch(es) warning(s))
