Unit        : mario/GC2D/GCConsole2
Source      : src/GC2D/GCConsole2.cpp
Object      : build/GMSJ01/src/GC2D/GCConsole2.o
Map TU      : GC2D.a GCConsole2.cpp
Map symbols : 65 (5 UNUSED)   Object .text symbols: 97
reverse_fn_order: True
------------------------------------------------------------------------------

[ OK ] All map symbols are present in the object.

[WARN] Only weak symbols are out of order (compiler-controlled -- does not fail the check):
    __dt__11TGCConsole2Fv
    perform__11TGCConsole2FUlPQ26JDrama9TGraphics
    drawWater__11TGCConsole2FR13J2DOrthoGraph
    drawJuice__11TGCConsole2FR13J2DOrthoGraphUl
    processDisappearBalloon__11TGCConsole2Fv
    processAppearBalloon__11TGCConsole2Fv
  + processAppearMario__11TGCConsole2Fi   (object position)
  + processAppearCoin__11TGCConsole2Fi   (object position)
  + processAppearTank__11TGCConsole2Fi   (object position)
  + checkChangeTelopArray__11TGCConsole2Fv   (object position)
  + processDrawTelop__11TGCConsole2FUl   (object position)
    processAppearTimer__11TGCConsole2Fi
    processAppearRed__11TGCConsole2Fi
    processAppearJet__11TGCConsole2Fi
  - checkChangeTelopArray__11TGCConsole2Fv   (map position)
  - processDrawTelop__11TGCConsole2FUl   (map position)
  - processAppearMario__11TGCConsole2Fi   (map position)
  - processAppearCoin__11TGCConsole2Fi   (map position)
  - processAppearTank__11TGCConsole2Fi   (map position)
  + set<f>__Q29JGeometry8TVec3<f>Ffff   (object position)
  + setPaneBlend__10TBlendPaneFlP10JUTTextureP10JUTTexture   (object position)
    processDownCoin__11TGCConsole2Fi
    processAppearStar__11TGCConsole2Fi
  - set<f>__Q29JGeometry8TVec3<f>Ffff   (map position)
  - setPaneBlend__10TBlendPaneFlP10JUTTextureP10JUTTexture   (map position)
    setPaneOffset__7TExPaneFlllll
    roundf<i>__8TCoord2DCFf
    processInsertLife__11TGCConsole2Fi
    processAppearLife__11TGCConsole2Fi
    getFinishedTime__11TGCConsole2Fv
    stopMoveTimer__11TGCConsole2Fv
    startMoveTimer__11TGCConsole2Fi
    setTimer__11TGCConsole2Fl
    changeNum__11TGCConsole2FP10TBlendPaneii
    processMoveNozzle__11TGCConsole2Fv
    startAppearMario__11TGCConsole2Fb
    startDisappearMario__11TGCConsole2Fv
    drawWaterBack__11TGCConsole2Fv
    startAppearStar__11TGCConsole2Fv
    startDisappearStar__11TGCConsole2Fv
    startAppearBalloon__11TGCConsole2FUlb
    startDisappearBalloon__11TGCConsole2FUlb
    pauseOut__11TGCConsole2Fv
    pauseIn__11TGCConsole2Fv
    startAppearRedCoin__11TGCConsole2Fv
    startInsertJetBalloon__11TGCConsole2Fv
    startAppearJetBalloon__11TGCConsole2Fii
    startInsertTimer__11TGCConsole2Fv
    startAppearTimer__11TGCConsole2Fil
    startDisappearTimer__11TGCConsole2Fv
    startDisappearTelop__11TGCConsole2Fv
    startAppearTelop__11TGCConsole2Fb
    startUpLeftBot__11TGCConsole2Fv
    startDownLeftBot__11TGCConsole2Fv
    startDisappearLife__11TGCConsole2Fi
    startAppearLife__11TGCConsole2Fi
    resetLife__11TGCConsole2Fi
    startInsertLife__11TGCConsole2Fi
    startDisappearCoin__11TGCConsole2Fv
    startAppearCoin__11TGCConsole2Fv
    startDisappearTank__11TGCConsole2Fv
    startAppearTank__11TGCConsole2Fv
    endCameraDemo__11TGCConsole2Fv
    resetMoveTank__11TGCConsole2Fv
    startCameraDemo__11TGCConsole2Fv
    entryHelpActor__11TGCConsole2FP10THelpActor
    loadAfter__11TGCConsole2Fv
    load__11TGCConsole2FR20JSUMemoryInputStream
    __ct__11TGCConsole2FPCc
    __ct__8JUTPointFv
    __ct__7JUTRectFv
    __sinit_GCConsole2_cpp

[WARN] 4 UNUSED symbol(s) with wrong size (best-effort -- does not fail the check):
  - changeNum__11TGCConsole2FP10TBlendPaneii
      map:    0x138 (312)
      object: 0x4 (4)
  - startUpLeftBot__11TGCConsole2Fv
      map:    0x94 (148)
      object: 0x4 (4)
  - startDisappearLife__11TGCConsole2Fi
      map:    0xf0 (240)
      object: 0x4 (4)
  - resetMoveTank__11TGCConsole2Fv
      map:    0xe0 (224)
      object: 0x4 (4)
[ OK ] Symbol linkage (weak/local/global) matches the map.

[INFO] 32 object-only symbol(s) not in the map (usually deduplicated weak/inline helpers; not an error; -v to list).
------------------------------------------------------------------------------
RESULT: PASS with warnings (weak-symbol order; 4 UNUSED size mismatch(es) -- see above)
