Unit        : mario/NPC/NpcEffect
Source      : src/NPC/NpcEffect.cpp
Object      : build/GMSJ01/src/NPC/NpcEffect.o
Map TU      : NPC.a NpcEffect.cpp
Map symbols : 15 (0 UNUSED)   Object .text symbols: 15
reverse_fn_order: True
------------------------------------------------------------------------------

[ OK ] All map symbols are present in the object.

[WARN] Only weak symbols are out of order (compiler-controlled -- does not fail the check):
    emitParticle___8TBaseNPCFv
    set<f>__Q29JGeometry8TVec3<f>FRCQ29JGeometry8TVec3<f>
    isPolWaitCEffectEmitTime___8TBaseNPCCFv
    set<f>__Q29JGeometry8TVec3<f>Ffff
    emitHappyEffect___8TBaseNPCFv
    emitSinkEffect___8TBaseNPCFv
    getEffectScale___8TBaseNPCCFv
    IsCheckPassFrame__FP12J3DFrameCtrlPCf
    setSmokeEffectMtxPtr___8TBaseNPCFb
    setPollutionEffectMtxPtr___8TBaseNPCFPC10JUTNameTab
    setNoteEffectMtxPtr___8TBaseNPCFPC10JUTNameTab
    setHappyEffectMtxPtr___8TBaseNPCFPC10JUTNameTab
    SMS_EasyEmitParticle<27E_SMS_EFFECT_ONETIME_NORMAL>__F27E_SMS_EFFECT_ONETIME_NORMALPA4_fPCvRCQ29JGeometry8TVec3<f>
  + SMS_EasyEmitParticle<26E_SMS_EFFECT_LOOP_INDIRECT>__F26E_SMS_EFFECT_LOOP_INDIRECTPCQ29JGeometry8TVec3<f>PCvRCQ29JGeometry8TVec3<f>   (object position)
    SMS_EasyEmitParticle<24E_SMS_EFFECT_LOOP_NORMAL>__F24E_SMS_EFFECT_LOOP_NORMALPCQ29JGeometry8TVec3<f>PCvRCQ29JGeometry8TVec3<f>
  - SMS_EasyEmitParticle<26E_SMS_EFFECT_LOOP_INDIRECT>__F26E_SMS_EFFECT_LOOP_INDIRECTPCQ29JGeometry8TVec3<f>PCvRCQ29JGeometry8TVec3<f>   (map position)
[ OK ] Symbol linkage (weak/local/global) matches the map.
------------------------------------------------------------------------------
RESULT: PASS with warnings (weak-symbol order -- see above)
