Unit        : mario/GC2D/CardLoad
Source      : src/GC2D/CardLoad.cpp
Object      : build/GMSJ01/src/GC2D/CardLoad.o
Map TU      : GC2D.a CardLoad.cpp
Map symbols : 30 (8 UNUSED)   Object .text symbols: 55
reverse_fn_order: True
------------------------------------------------------------------------------

[FAIL] 1 map symbol(s) MISSING from the object:
  - __ct__14JSUInputStreamFv
[ OK ] Symbol order matches the map.

[WARN] 3 UNUSED symbol(s) with wrong size (best-effort -- does not fail the check):
  - setupTitleScreen__9TCardLoadFv
      map:    0x110 (272)
      object: 0x4 (4)
  - changePattern__9TCardLoadFP10J2DPicturesUl
      map:    0xc8 (200)
      object: 0x4 (4)
  - SMS_getNormalStage__FUl
      map:    0x18 (24)
      object: 0x1c (28)
[ OK ] Symbol linkage (weak/local/global) matches the map.

[INFO] 26 object-only symbol(s) not in the map (usually deduplicated weak/inline helpers; not an error; -v to list).
------------------------------------------------------------------------------
RESULT: FAIL (1 error category/categories, 3 UNUSED size mismatch(es) warning(s))
