Unit        : mario/Map/Shimmer
Source      : src/Map/Shimmer.cpp
Object      : build/GMSJ01/src/Map/Shimmer.o
Map TU      : Map.a Shimmer.cpp
Map symbols : 10 (2 UNUSED)   Object .text symbols: 38
reverse_fn_order: True
------------------------------------------------------------------------------

[ OK ] All map symbols are present in the object.
[ OK ] Symbol order matches the map.

[WARN] 2 UNUSED symbol(s) with wrong size (best-effort -- does not fail the check):
  - far__8TShimmerFv
      map:    0x14 (20)
      object: 0x4 (4)
  - near__8TShimmerFv
      map:    0x18 (24)
      object: 0x4 (4)
[ OK ] Symbol linkage (weak/local/global) matches the map.

[INFO] 28 object-only symbol(s) not in the map (usually deduplicated weak/inline helpers; not an error; -v to list).
------------------------------------------------------------------------------
RESULT: PASS with warnings (2 UNUSED size mismatch(es) -- see above)
