Unit        : mario/Enemy/koopajr
Source      : src/Enemy/koopajr.cpp
Object      : build/GMSJ01/src/Enemy/koopajr.o
Map TU      : Enemy.a koopajr.cpp
Map symbols : 111 (31 UNUSED)   Object .text symbols: 0
reverse_fn_order: True
------------------------------------------------------------------------------

[FAIL] 111 map symbol(s) MISSING from the object:
  - __dt__24TKoopaJrSubmarineManagerFv
  - createEnemyInstance__24TKoopaJrSubmarineManagerFv
  - loadAfter__24TKoopaJrSubmarineManagerFv
  - load__24TKoopaJrSubmarineManagerFR20JSUMemoryInputStream
  - createModelData__24TKoopaJrSubmarineManagerFv
  - __ct__24TKoopaJrSubmarineManagerFPCc
  - execute__34TNerveKoopaJrSubmarineLaunchKillerCFP24TSpineBase<10TLiveActor>
  - theNerve__34TNerveKoopaJrSubmarineLaunchKillerFv (UNUSED)
  - __dt__34TNerveKoopaJrSubmarineLaunchKillerFv
  - execute__37TNerveKoopaJrSubmarineCannonOpenCloseCFP24TSpineBase<10TLiveActor>
  - theNerve__37TNerveKoopaJrSubmarineCannonOpenCloseFv (UNUSED)
  - __dt__37TNerveKoopaJrSubmarineCannonOpenCloseFv
  - execute__26TNerveKoopaJrSubmarineWaitCFP24TSpineBase<10TLiveActor>
  - theNerve__26TNerveKoopaJrSubmarineWaitFv (UNUSED)
  - __dt__26TNerveKoopaJrSubmarineWaitFv
  - checkNerve__17TKoopaJrSubmarineFv
  - __dt__17TNerveKoopaJrWaitFv
  - makeDirection__17TKoopaJrSubmarineFv (UNUSED)
  - mod__Q29JGeometry8TUtil<f>Fff
  - makeRoundVelocity__17TKoopaJrSubmarineFv
  - set<f>__Q29JGeometry8TVec3<f>Ffff
  - makeRelativeAngle__17TKoopaJrSubmarineFv
  - getBasNameTable__17TKoopaJrSubmarineCFv
  - setKoopaJr__17TKoopaJrSubmarineFP8TKoopaJr (UNUSED)
  - updateTimers__17TKoopaJrSubmarineFv (UNUSED)
  - emitKoopaJrSubmarineEffects__17TKoopaJrSubmarineFv (UNUSED)
  - makeKillerVelocity__17TKoopaJrSubmarineFP14TBathtubKillerQ29JGeometry8TVec3<f>
  - launchKiller__17TKoopaJrSubmarineFv
  - checkKillerLaunch__17TKoopaJrSubmarineFv (UNUSED)
  - appearShineKiller__17TKoopaJrSubmarineFi
  - prepareKillerLaunchFast__17TKoopaJrSubmarineFi (UNUSED)
  - prepareKillerLaunch__17TKoopaJrSubmarineFi (UNUSED)
  - setAnimationIndex__17TKoopaJrSubmarineFi (UNUSED)
  - damageKoopaJrSubmarine__17TKoopaJrSubmarineFv (UNUSED)
  - receiveMessage__17TKoopaJrSubmarineFP9THitActorUl
  - calcRootMatrix__17TKoopaJrSubmarineFv
  - bind__17TKoopaJrSubmarineFv
  - getWaveAngle__17TKoopaJrSubmarineFv (UNUSED)
  - getSwingAngle__17TKoopaJrSubmarineFv (UNUSED)
  - moveSwing__17TKoopaJrSubmarineFv
  - makeCollisionPositions__17TKoopaJrSubmarineFv
  - perform__17TKoopaJrSubmarineFUlPQ26JDrama9TGraphics
  - resetKoopaJrSubmarine__17TKoopaJrSubmarineFv
  - reset__17TKoopaJrSubmarineFv
  - init__17TKoopaJrSubmarineFP12TLiveManager
  - __ct__17TKoopaJrSubmarineFPCc
  - createEnemyInstance__15TKoopaJrManagerFv
  - loadAfter__15TKoopaJrManagerFv
  - load__15TKoopaJrManagerFR20JSUMemoryInputStream
  - createModelData__15TKoopaJrManagerFv
  - __ct__15TKoopaJrManagerFPCc
  - execute__18TNerveKoopaJrYahooCFP24TSpineBase<10TLiveActor>
  - theNerve__18TNerveKoopaJrYahooFv (UNUSED)
  - __dt__18TNerveKoopaJrYahooFv
  - execute__19TNerveKoopaJrLaunchCFP24TSpineBase<10TLiveActor>
  - theNerve__19TNerveKoopaJrLaunchFv (UNUSED)
  - __dt__19TNerveKoopaJrLaunchFv
  - execute__17TNerveKoopaJrDemoCFP24TSpineBase<10TLiveActor>
  - theNerve__17TNerveKoopaJrDemoFv (UNUSED)
  - __dt__17TNerveKoopaJrDemoFv
  - execute__19TNerveKoopaJrDamageCFP24TSpineBase<10TLiveActor>
  - theNerve__19TNerveKoopaJrDamageFv
  - __dt__19TNerveKoopaJrDamageFv
  - execute__17TNerveKoopaJrWaitCFP24TSpineBase<10TLiveActor>
  - theNerve__17TNerveKoopaJrWaitFv (UNUSED)
  - getBathtubY__8TKoopaJrFv (UNUSED)
  - checkNerveKillerHit__8TKoopaJrFv
  - checkNerveKillerLaunchFast__8TKoopaJrFv
  - checkNerveKillerLaunchNormal__8TKoopaJrFv
  - checkNerve__8TKoopaJrFv (UNUSED)
  - pushNerve__24TSpineBase<10TLiveActor>FPC24TNerveBase<10TLiveActor>
  - startDamageNerve__8TKoopaJrFv (UNUSED)
  - checkSubmarineSwing__8TKoopaJrFv (UNUSED)
  - damageKoopaJr__8TKoopaJrFv (UNUSED)
  - receiveMessage__8TKoopaJrFP9THitActorUl
  - getBasNameTable__8TKoopaJrCFv
  - updateTimers__8TKoopaJrFv (UNUSED)
  - setAnimationIndex__8TKoopaJrFi (UNUSED)
  - emitKoopaJrEffects__8TKoopaJrFv (UNUSED)
  - startKoopaJrMessage__8TKoopaJrFUl (UNUSED)
  - calcRootMatrix__8TKoopaJrFv
  - perform__8TKoopaJrFUlPQ26JDrama9TGraphics
  - resetKoopaJr__8TKoopaJrFv (UNUSED)
  - reset__8TKoopaJrFv
  - init__8TKoopaJrFP12TLiveManager
  - __ct__8TKoopaJrFPCc
  - receiveMessage__17TCallbackHitActorFP9THitActorUl
  - __ct__17TCallbackHitActorFPCcUlffP9THitActor (UNUSED)
  - TKoopaJr_getJointIndex__Fi (UNUSED)
  - __ct__23TKoopaJrSubmarineParamsFPCc
  - __ct__14TKoopaJrParamsFPCc
  - r2d__14TDirectionCalcFf
  - d2r__14TDirectionCalcFf
  - absDirection__14TDirectionCalcFf
  - calcDirectionVector__14TDirectionCalcFv
  - makeDirection__14TDirectionCalcFQ29JGeometry8TVec3<f>
  - calcTurnDirection__14TDirectionCalcFff
  - sub__14TDirectionCalcFf
  - calcNearerDirection__14TDirectionCalcFf
  - normalize__14TDirectionCalcFv (UNUSED)
  - __ct__14TDirectionCalcFQ29JGeometry8TVec3<f>
  - __ct__14TDirectionCalcFf
  - __ct__14TDirectionCalcFv
  - __dt__17TKoopaJrSubmarineFv
  - __dt__15TKoopaJrManagerFv
  - __dt__8TKoopaJrFv
  - __dt__17TCallbackHitActorFv
  - __sinit_koopajr_cpp
  - @32@__dt__17TCallbackHitActorFv
  - @32@__dt__8TKoopaJrFv
  - @32@__dt__17TKoopaJrSubmarineFv
[ OK ] Symbol order matches the map.
[ OK ] UNUSED symbol sizes match (0/31 checked).
[ OK ] Symbol linkage (weak/local/global) matches the map.
------------------------------------------------------------------------------
RESULT: FAIL (1 error category/categories)
