Unit        : mario/Enemy/Kumokun
Source      : src/Enemy/Kumokun.cpp
Object      : build/GMSJ01/src/Enemy/Kumokun.o
Map TU      : Enemy.a Kumokun.cpp
Map symbols : 106 (41 UNUSED)   Object .text symbols: 168
reverse_fn_order: True
------------------------------------------------------------------------------

[ OK ] All map symbols are present in the object.
[ OK ] Symbol order matches the map.

[WARN] 10 UNUSED symbol(s) with wrong size (best-effort -- does not fail the check):
  - checkRoofPlane__8TKumokunFPQ29JGeometry8TVec3<f>f
      map:    0x90 (144)
      object: 0x98 (152)
  - checkFloorPlane__8TKumokunFPQ29JGeometry8TVec3<f>ff
      map:    0x88 (136)
      object: 0x8c (140)
  - isCrashing__8TKumokunCFv
      map:    0x4c (76)
      object: 0x4 (4)
  - decideTargetOnGraph__8TKumokunFv
      map:    0x2e4 (740)
      object: 0x4 (4)
  - decideTargetOnFindingMario__8TKumokunFRCQ29JGeometry8TVec3<f>
      map:    0x24c (588)
      object: 0x23c (572)
  - decideTarget__8TKumokunFv
      map:    0x354 (852)
      object: 0x358 (856)
  - keepDistance__8TKumokunFRC9THitActor
      map:    0x170 (368)
      object: 0x4 (4)
  - updateAnimation__8TKumokunFv
      map:    0x19c (412)
      object: 0x198 (408)
  - calcShadowPos__8TKumokunFv
      map:    0x44 (68)
      object: 0x4 (4)
  - checkWalls__12TWallAtGraphFPQ29JGeometry8TVec3<f>f
      map:    0xb0 (176)
      object: 0xa4 (164)
[ OK ] Symbol linkage (weak/local/global) matches the map.

[INFO] 62 object-only symbol(s) not in the map (usually deduplicated weak/inline helpers; not an error; -v to list).
------------------------------------------------------------------------------
RESULT: PASS with warnings (10 UNUSED size mismatch(es) -- see above)
