Unit        : mario/Camera/CameraMarioData
Source      : src/Camera/CameraMarioData.cpp
Object      : build/GMSJ01/src/Camera/CameraMarioData.o
Map TU      : Camera.a CameraMarioData.cpp
Map symbols : 11 (3 UNUSED)   Object .text symbols: 13
reverse_fn_order: True
------------------------------------------------------------------------------

[ OK ] All map symbols are present in the object.
[ OK ] Symbol order matches the map.

[WARN] 3 UNUSED symbol(s) with wrong size (best-effort -- does not fail the check):
  - isMarioDoorDemoEnd__16TCameraMarioDataCFv
      map:    0x30 (48)
      object: 0x4 (4)
  - isMarioDoorDemoStart__16TCameraMarioDataCFv
      map:    0x48 (72)
      object: 0x4 (4)
  - isMarioBathtub__16TCameraMarioDataCFv
      map:    0x70 (112)
      object: 0x4 (4)
[ OK ] Symbol linkage (weak/local/global) matches the map.

[INFO] 2 object-only symbol(s) not in the map (usually deduplicated weak/inline helpers; not an error; -v to list).
------------------------------------------------------------------------------
RESULT: PASS with warnings (3 UNUSED size mismatch(es) -- see above)
