Unit        : mario/dolphin/mtx/mtx
Source      : src/dolphin/mtx/mtx.c
Object      : build/GMSJ01/src/dolphin/mtx/mtx.o
Map TU      : mtx.a mtx.c
Map symbols : 34 (18 UNUSED)   Object .text symbols: 17
reverse_fn_order: False
------------------------------------------------------------------------------

[FAIL] 17 map symbol(s) MISSING from the object:
  - C_MTXCopy (UNUSED)
  - C_MTXConcat (UNUSED)
  - C_MTXTranspose (UNUSED)
  - PSMTXTranspose (UNUSED)
  - C_MTXInverse (UNUSED)
  - C_MTXInvXpose (UNUSED)
  - PSMTXInvXpose (UNUSED)
  - C_MTXRotRad (UNUSED)
  - C_MTXRotTrig (UNUSED)
  - C_MTXRotAxisRad (UNUSED)
  - C_MTXTrans (UNUSED)
  - C_MTXTransApply (UNUSED)
  - C_MTXScale (UNUSED)
  - C_MTXScaleApply (UNUSED)
  - C_MTXQuat (UNUSED)
  - C_MTXReflect (UNUSED)
  - PSMTXReflect (UNUSED)
[ OK ] Symbol order matches the map.

[WARN] 1 UNUSED symbol(s) with wrong size (best-effort -- does not fail the check):
  - C_MTXIdentity
      map:    0x3c (60)
      object: 0x30 (48)
[ OK ] Symbol linkage (weak/local/global) matches the map.
------------------------------------------------------------------------------
RESULT: FAIL (1 error category/categories, 1 UNUSED size mismatch(es) warning(s))
