Unit        : mario/MoveBG/MapObjTumblePole
Source      : src/MoveBG/MapObjTumblePole.cpp
Object      : build/GMSJ01/src/MoveBG/MapObjTumblePole.o
Map TU      : MoveBG.a MapObjTumblePole.cpp
Map symbols : 14 (12 UNUSED)   Object .text symbols: 47
reverse_fn_order: True
------------------------------------------------------------------------------

[ OK ] All map symbols are present in the object.

[WARN] Only weak symbols are out of order (compiler-controlled -- does not fail the check):
    __dt__24TMapObjTumblePoleManagerFv
    __ct__24TMapObjTumblePoleManagerFPCc
    loadAfter__24TMapObjTumblePoleManagerFv
  - __ct__Q37JGadget26TList_pointer<P9THitActor>8iteratorFQ37JGadget36TList<Pv,Q27JGadget14TAllocator<Pv>>8iterator   (map position)
    initDraw__24TMapObjTumblePoleManagerFv
    __ct__17TMapObjTumblePoleFPCc
    load__17TMapObjTumblePoleFR20JSUMemoryInputStream
    init__17TMapObjTumblePoleFfff
    movement__17TMapObjTumblePoleFv
    fallDown__17TMapObjTumblePoleFv
    draw__17TMapObjTumblePoleFv
  + __ct__Q37JGadget26TList_pointer<P9THitActor>8iteratorFQ37JGadget36TList<Pv,Q27JGadget14TAllocator<Pv>>8iterator   (object position)
    __dt__17TMapObjTumblePoleFv
    __sinit_MapObjTumblePole_cpp
    @32@__dt__17TMapObjTumblePoleFv

[WARN] 11 UNUSED symbol(s) with wrong size (best-effort -- does not fail the check):
  - __dt__24TMapObjTumblePoleManagerFv
      map:    0x84 (132)
      object: 0x74 (116)
  - __ct__24TMapObjTumblePoleManagerFPCc
      map:    0x70 (112)
      object: 0x68 (104)
  - loadAfter__24TMapObjTumblePoleManagerFv
      map:    0x200 (512)
      object: 0x4 (4)
  - initDraw__24TMapObjTumblePoleManagerFv
      map:    0x1b0 (432)
      object: 0x4 (4)
  - __ct__17TMapObjTumblePoleFPCc
      map:    0xa8 (168)
      object: 0x44 (68)
  - load__17TMapObjTumblePoleFR20JSUMemoryInputStream
      map:    0x60 (96)
      object: 0x4 (4)
  - init__17TMapObjTumblePoleFfff
      map:    0x10c (268)
      object: 0x4 (4)
  - movement__17TMapObjTumblePoleFv
      map:    0x1e8 (488)
      object: 0x4 (4)
  - fallDown__17TMapObjTumblePoleFv
      map:    0x1e4 (484)
      object: 0x4 (4)
  - draw__17TMapObjTumblePoleFv
      map:    0xcc (204)
      object: 0x4 (4)
  - __dt__17TMapObjTumblePoleFv
      map:    0x9c (156)
      object: 0x84 (132)
[ OK ] Symbol linkage (weak/local/global) matches the map.

[INFO] 33 object-only symbol(s) not in the map (usually deduplicated weak/inline helpers; not an error; -v to list).
------------------------------------------------------------------------------
RESULT: PASS with warnings (weak-symbol order; 11 UNUSED size mismatch(es) -- see above)
