Unit        : mario/JSystem/JGadget/linklist
Source      : src/JSystem/JGadget/linklist.cpp
Object      : build/GMSJ01/src/JSystem/JGadget/linklist.o
Map TU      : JSystem.a linklist.cpp
Map symbols : 17 (13 UNUSED)   Object .text symbols: 8
reverse_fn_order: False
------------------------------------------------------------------------------

[FAIL] 9 map symbol(s) MISSING from the object:
  - clear__Q27JGadget13TNodeLinkListFv (UNUSED)
  - splice__Q27JGadget13TNodeLinkListFQ37JGadget13TNodeLinkList8iteratorRQ27JGadget13TNodeLinkList (UNUSED)
  - splice__Q27JGadget13TNodeLinkListFQ37JGadget13TNodeLinkList8iteratorRQ27JGadget13TNodeLinkListQ37JGadget13TNodeLinkList8iteratorQ37JGadget13TNodeLinkList8iterator (UNUSED)
  - __distance<Q37JGadget13TNodeLinkList8iterator>__3stdFQ37JGadget13TNodeLinkList8iteratorQ37JGadget13TNodeLinkList8iteratorQ23std18input_iterator_tag (UNUSED)
  - swap__Q27JGadget13TNodeLinkListFRQ27JGadget13TNodeLinkList (UNUSED)
  - reverse__Q27JGadget13TNodeLinkListFv (UNUSED)
  - Find__Q27JGadget13TNodeLinkListFPCQ27JGadget13TLinkListNode (UNUSED)
  - swap<PQ27JGadget13TLinkListNode>__3stdFRPQ27JGadget13TLinkListNodeRPQ27JGadget13TLinkListNode (UNUSED)
  - swap<Ul>__3stdFRUlRUl (UNUSED)
[ OK ] Symbol order matches the map.
[ OK ] UNUSED symbol sizes match (4/13 checked).
[ OK ] Symbol linkage (weak/local/global) matches the map.
------------------------------------------------------------------------------
RESULT: FAIL (1 error category/categories)
