Unit        : mario/Enemy/BossHanachanParts
Source      : src/Enemy/BossHanachanParts.cpp
Object      : build/GMSJ01/src/Enemy/BossHanachanParts.o
Map TU      : Enemy.a BossHanachanParts.cpp
Map symbols : 33 (6 UNUSED)   Object .text symbols: 0
reverse_fn_order: True
------------------------------------------------------------------------------

[FAIL] 33 map symbol(s) MISSING from the object:
  - __dt__22TBossHanachanPartsHeadFv
  - receiveMessage__22TBossHanachanPartsHeadFP9THitActorUl
  - receiveMessage__22TBossHanachanPartsBodyFP9THitActorUl
  - setAnm___22TBossHanachanPartsHeadF23EnumBossHanachanAnmKind36EnumBossHanachanStopMotionBlendOnOff
  - setAnm___22TBossHanachanPartsBodyF23EnumBossHanachanAnmKind36EnumBossHanachanStopMotionBlendOnOff
  - considerSetAnm___22TBossHanachanPartsBaseF24EnumBossHanachanNerveAnm
  - isReactToTrampleOrHipDrop___22TBossHanachanPartsBaseCFv (UNUSED)
  - calcRotateZWhenGetUp___22TBossHanachanPartsBaseFv
  - isMarioOn___22TBossHanachanPartsBaseCFv (UNUSED)
  - getSandActor___22TBossHanachanPartsBaseCFv
  - copyFrameFromOldAnmToNewAnm___22TBossHanachanPartsBaseFv
  - isCurBckAlreadyEnd___22TBossHanachanPartsBaseCFv
  - setDamageFog___22TBossHanachanPartsBaseFPQ26JDrama9TGraphics
  - entryCircleShadow___22TBossHanachanPartsBaseFv
  - moveMapCollision___22TBossHanachanPartsBaseFv
  - changeTumbleAnmRate___22TBossHanachanPartsBaseFv
  - restartBck___22TBossHanachanPartsBaseFv (UNUSED)
  - setNonstopMotionBlendRatio___22TBossHanachanPartsBaseFf (UNUSED)
  - offNonstopMotionBlend___22TBossHanachanPartsBaseFv (UNUSED)
  - initFootHitActor___22TBossHanachanPartsBodyFP12TIdxGroupObj
  - initMapCollisionAndHitActor___22TBossHanachanPartsBaseFP12TIdxGroupObj
  - __ct__22TBossHanachanPartsHeadFP13TBossHanachanPCc
  - __dt__22TBossHanachanPartsBaseFv
  - __ct__22TBossHanachanPartsBodyFP13TBossHanachanPCc
  - __ct__22TBossHanachanPartsBaseFP13TBossHanachanUliPCc
  - CalcMtxPtrFromJointName__FP10JUTNameTabPCcP8J3DModelPPA4_f (UNUSED)
  - __dt__13TFootHitActorFv
  - __dt__22TBossHanachanPartsBodyFv
  - CLBPalFrame<s>__Fs
  - __sinit_BossHanachanParts_cpp
  - @32@__dt__22TBossHanachanPartsBodyFv
  - @32@__dt__13TFootHitActorFv
  - @32@__dt__22TBossHanachanPartsHeadFv
[ OK ] Symbol order matches the map.
[ OK ] UNUSED symbol sizes match (0/6 checked).
[ OK ] Symbol linkage (weak/local/global) matches the map.
------------------------------------------------------------------------------
RESULT: FAIL (1 error category/categories)
