Unit        : mario/Player/Atom
Source      : src/Player/Atom.cpp
Object      : build/GMSJ01/src/Player/Atom.o
Map TU      : Player.a Atom.cpp
Map symbols : 11 (9 UNUSED)   Object .text symbols: 3
reverse_fn_order: True
------------------------------------------------------------------------------

[FAIL] 9 map symbol(s) MISSING from the object:
  - __dt__16TDeformedTerrainFv (UNUSED)
  - perform__16TDeformedTerrainFUlPQ26JDrama9TGraphics (UNUSED)
  - draw__16TDeformedTerrainFPQ26JDrama9TGraphics (UNUSED)
  - movement__16TDeformedTerrainFv (UNUSED)
  - init__16TDeformedTerrainFv (UNUSED)
  - draw__12TRopeManagerFPQ26JDrama9TGraphics (UNUSED)
  - movement__12TRopeManagerFPQ29JGeometry8TVec3<f>RCQ29JGeometry8TVec3<f> (UNUSED)
  - create__12TRopeManagerFUsRCQ29JGeometry8TVec3<f>fPQ29JGeometry8TVec3<f> (UNUSED)
  - __ct__5TAtomFv (UNUSED)
[ OK ] Symbol order matches the map.
[ OK ] UNUSED symbol sizes match (0/9 checked).
[ OK ] Symbol linkage (weak/local/global) matches the map.

[INFO] 1 object-only symbol(s) not in the map (usually deduplicated weak/inline helpers; not an error; -v to list).
------------------------------------------------------------------------------
RESULT: FAIL (1 error category/categories)
