Unit        : mario/JSystem/J2D/J2DTextBox
Source      : src/JSystem/J2D/J2DTextBox.cpp
Object      : build/GMSJ01/src/JSystem/J2D/J2DTextBox.o
Map TU      : JSystem.a J2DTextBox.cpp
Map symbols : 19 (6 UNUSED)   Object .text symbols: 24
reverse_fn_order: False
------------------------------------------------------------------------------

[ OK ] All map symbols are present in the object.
[ OK ] Symbol order matches the map.

[WARN] 6 UNUSED symbol(s) with wrong size (best-effort -- does not fail the check):
  - __ct__10J2DTextBoxFPCcPCc
      map:    0xa0 (160)
      object: 0x50 (80)
  - __ct__10J2DTextBoxFUlRC7JUTRectPCcPCc18J2DTextBoxHBinding18J2DTextBoxVBinding
      map:    0xa8 (168)
      object: 0x50 (80)
  - setFontSize__10J2DTextBoxFv
      map:    0x60 (96)
      object: 0x4 (4)
  - setLineSpace__10J2DTextBoxFv
      map:    0x48 (72)
      object: 0x4 (4)
  - draw__10J2DTextBoxFiii
      map:    0x154 (340)
      object: 0x4 (4)
  - getString__10J2DTextBoxFPc
      map:    0x2c (44)
      object: 0x4 (4)
[ OK ] Symbol linkage (weak/local/global) matches the map.

[INFO] 5 object-only symbol(s) not in the map (usually deduplicated weak/inline helpers; not an error; -v to list).
------------------------------------------------------------------------------
RESULT: PASS with warnings (6 UNUSED size mismatch(es) -- see above)
