Unit        : mario/Enemy/hauntLeg
Source      : src/Enemy/hauntLeg.cpp
Object      : build/GMSJ01/src/Enemy/hauntLeg.o
Map TU      : Enemy.a hauntLeg.cpp
Map symbols : 33 (5 UNUSED)   Object .text symbols: 0
reverse_fn_order: True
------------------------------------------------------------------------------

[FAIL] 33 map symbol(s) MISSING from the object:
  - __dt__19TNerveHauntLegHauntFv
  - execute__19TNerveHauntLegHauntCFP24TSpineBase<10TLiveActor>
  - theNerve__19TNerveHauntLegHauntFv (UNUSED)
  - isUseCallBack__9THauntLegFv (UNUSED)
  - getTakingMtx__9THauntLegFv
  - getBasNameTable__9THauntLegCFv
  - isCollidMove__9THauntLegFP9THitActor
  - attackToMario__9THauntLegFv
  - setDeadAnm__9THauntLegFv
  - setRunAnm__9THauntLegFv
  - setWalkAnm__9THauntLegFv
  - setWaitAnm__9THauntLegFv
  - setGenerateAnm__9THauntLegFv
  - calcRootMatrix__9THauntLegFv
  - reset__9THauntLegFv
  - setMActorAndKeeper__9THauntLegFv
  - init__9THauntLegFP12TLiveManager
  - __ct__9THauntLegFPCc (UNUSED)
  - kill__14THauntedObjectFv (UNUSED)
  - checkHit__14THauntedObjectFv (UNUSED)
  - receiveMessage__14THauntedObjectFP9THitActorUl
  - createModelData__16THauntLegManagerFv
  - initSetEnemies__16THauntLegManagerFv
  - createEnemyInstance__16THauntLegManagerFv
  - load__16THauntLegManagerFR20JSUMemoryInputStream
  - __ct__16THauntLegManagerFPCc
  - HauntLegCallback__FP7J3DNodei
  - __dt__9THauntLegFv
  - __dt__14THauntedObjectFv
  - __dt__16THauntLegManagerFv
  - __sinit_hauntLeg_cpp
  - @32@__dt__14THauntedObjectFv
  - @32@__dt__9THauntLegFv
[ OK ] Symbol order matches the map.
[ OK ] UNUSED symbol sizes match (0/5 checked).
[ OK ] Symbol linkage (weak/local/global) matches the map.
------------------------------------------------------------------------------
RESULT: FAIL (1 error category/categories)
