Unit        : mario/JSystem/J2D/J2DPrint
Source      : src/JSystem/J2D/J2DPrint.cpp
Object      : build/GMSJ01/src/JSystem/J2D/J2DPrint.o
Map TU      : JSystem.a J2DPrint.cpp
Map symbols : 27 (9 UNUSED)   Object .text symbols: 28
reverse_fn_order: False
------------------------------------------------------------------------------

[ OK ] All map symbols are present in the object.
[ OK ] Symbol order matches the map.

[WARN] 9 UNUSED symbol(s) with wrong size (best-effort -- does not fail the check):
  - __ct__8J2DPrintFP7JUTFontii
      map:    0x78 (120)
      object: 0x2c (44)
  - __ct__8J2DPrintFP7JUTFontQ28JUtility6TColorQ28JUtility6TColor
      map:    0x78 (120)
      object: 0x2c (44)
  - setBuffer__8J2DPrintFPcUl
      map:    0x68 (104)
      object: 0x4 (4)
  - putChar__8J2DPrintFi
      map:    0x11c (284)
      object: 0x4 (4)
  - putChar__8J2DPrintFiii
      map:    0x170 (368)
      object: 0x4 (4)
  - print__8J2DPrintFPCce
      map:    0x88 (136)
      object: 0x50 (80)
  - print__8J2DPrintFUcPCce
      map:    0x80 (128)
      object: 0x50 (80)
  - getSize__8J2DPrintFRQ28J2DPrint5TSizePCce
      map:    0x114 (276)
      object: 0x50 (80)
  - getHeight__8J2DPrintFPCce
      map:    0x10c (268)
      object: 0x54 (84)
[ OK ] Symbol linkage (weak/local/global) matches the map.

[INFO] 1 object-only symbol(s) not in the map (usually deduplicated weak/inline helpers; not an error; -v to list).
------------------------------------------------------------------------------
RESULT: PASS with warnings (9 UNUSED size mismatch(es) -- see above)
