Unit        : mario/JSystem/JDrama/JDRDStage
Source      : src/JSystem/JDrama/JDRDStage.cpp
Object      : build/GMSJ01/src/JSystem/JDrama/JDRDStage.o
Map TU      : JSystem.a JDRDStage.cpp
Map symbols : 23 (17 UNUSED)   Object .text symbols: 26
reverse_fn_order: False
------------------------------------------------------------------------------

[ OK ] All map symbols are present in the object.
[ OK ] Symbol order matches the map.

[WARN] 15 UNUSED symbol(s) with wrong size (best-effort -- does not fail the check):
  - __ct__Q26JDrama10TDStageTexFPCcQ26JDrama10TFlagT<Us>
      map:    0x100 (256)
      object: 0x6c (108)
  - getClearColor__Q26JDrama10TDStageTexFv
      map:    0x20 (32)
      object: 0x4 (4)
  - setClearColor__Q26JDrama10TDStageTexFQ28JUtility6TColor
      map:    0x10 (16)
      object: 0x4 (4)
  - getClearZ__Q26JDrama10TDStageTexFv
      map:    0xc (12)
      object: 0x4 (4)
  - setClearZ__Q26JDrama10TDStageTexFUl
      map:    0xc (12)
      object: 0x4 (4)
  - getSrcRect__Q26JDrama10TDStageTexCFv
      map:    0xc (12)
      object: 0x4 (4)
  - setSrcRect__Q26JDrama10TDStageTexFRCQ26JDrama5TRect
      map:    0x24 (36)
      object: 0x4 (4)
  - getImgPtr__Q26JDrama10TDStageTexCFv
      map:    0xc (12)
      object: 0x4 (4)
  - setImgPtr__Q26JDrama10TDStageTexFPv
      map:    0xc (12)
      object: 0x4 (4)
  - getTexFmt__Q26JDrama10TDStageTexCFv
      map:    0xc (12)
      object: 0x4 (4)
  - setTexFmt__Q26JDrama10TDStageTexF9_GXTexFmt
      map:    0xc (12)
      object: 0x4 (4)
  - getDstSize__Q26JDrama10TDStageTexCFv
      map:    0xc (12)
      object: 0x4 (4)
  - setDstSize__Q26JDrama10TDStageTexFRCQ26JDrama5TSize
      map:    0x18 (24)
      object: 0x4 (4)
  - setTexAttb__Q26JDrama10TDStageTexFRC9_GXTexObj
      map:    0x24 (36)
      object: 0x4 (4)
  - __dt__Q26JDrama10TDStageTexFv
      map:    0x84 (132)
      object: 0x74 (116)
[ OK ] Symbol linkage (weak/local/global) matches the map.

[INFO] 3 object-only symbol(s) not in the map (usually deduplicated weak/inline helpers; not an error; -v to list).
------------------------------------------------------------------------------
RESULT: PASS with warnings (15 UNUSED size mismatch(es) -- see above)
