Unit        : mario/JSystem/JAudio/JASystem/JASSystemHeap
Source      : src/JSystem/JAudio/JASystem/JASSystemHeap.cpp
Object      : build/GMSJ01/src/JSystem/JAudio/JASystem/JASSystemHeap.o
Map TU      : JSystem.a JASSystemHeap.cpp
Map symbols : 15 (10 UNUSED)   Object .text symbols: 16
reverse_fn_order: False
------------------------------------------------------------------------------

[ OK ] All map symbols are present in the object.
[ OK ] Symbol order matches the map.

[WARN] 9 UNUSED symbol(s) with wrong size (best-effort -- does not fail the check):
  - getSysDramRemain__Q28JASystem6KernelFv
      map:    0x30 (48)
      object: 0x8 (8)
  - setSysDramSize__Q28JASystem6KernelFUl
      map:    0x8 (8)
      object: 0x4 (4)
  - getSysDramSize__Q28JASystem6KernelFv
      map:    0xc (12)
      object: 0x8 (8)
  - getSysDramTop__Q28JASystem6KernelFv
      map:    0xc (12)
      object: 0x8 (8)
  - setSysAramSize__Q28JASystem6KernelFUl
      map:    0x8 (8)
      object: 0x4 (4)
  - allocFromSysAram__Q28JASystem6KernelFUl
      map:    0x2c (44)
      object: 0x8 (8)
  - freeToSysAramLast__Q28JASystem6KernelFv
      map:    0x28 (40)
      object: 0x4 (4)
  - getSysAramRemain__Q28JASystem6KernelFv
      map:    0x28 (40)
      object: 0x8 (8)
  - getSysAramSize__Q28JASystem6KernelFv
      map:    0x10 (16)
      object: 0x8 (8)
[ OK ] Symbol linkage (weak/local/global) matches the map.

[INFO] 1 object-only symbol(s) not in the map (usually deduplicated weak/inline helpers; not an error; -v to list).
------------------------------------------------------------------------------
RESULT: PASS with warnings (9 UNUSED size mismatch(es) -- see above)
