Unit        : mario/TRK_MINNOW_DOLPHIN/debugger/embedded/MetroTRK/Processor/ppc/Generic/targimpl
Source      : src/TRK_MINNOW_DOLPHIN/debugger/embedded/MetroTRK/Processor/ppc/Generic/targimpl.c
Object      : build/GMSJ01/src/TRK_MINNOW_DOLPHIN/debugger/embedded/MetroTRK/Processor/ppc/Generic/targimpl.o
Map TU      : TRK_MINNOW_DOLPHIN.a targimpl.c
Map symbols : 56 (18 UNUSED)   Object .text symbols: 38
reverse_fn_order: False
------------------------------------------------------------------------------

[FAIL] 18 map symbol(s) MISSING from the object:
  - __TRK_get_PVR (UNUSED)
  - __TRK_get_IBAT0U (UNUSED)
  - __TRK_get_IBAT0L (UNUSED)
  - __TRK_get_IBAT1U (UNUSED)
  - __TRK_get_IBAT1L (UNUSED)
  - __TRK_get_IBAT2U (UNUSED)
  - __TRK_get_IBAT2L (UNUSED)
  - __TRK_get_IBAT3U (UNUSED)
  - __TRK_get_IBAT3L (UNUSED)
  - __TRK_get_DBAT0U (UNUSED)
  - __TRK_get_DBAT0L (UNUSED)
  - __TRK_get_DBAT1U (UNUSED)
  - __TRK_get_DBAT1L (UNUSED)
  - __TRK_get_DBAT2U (UNUSED)
  - __TRK_get_DBAT2L (UNUSED)
  - __TRK_get_DBAT3U (UNUSED)
  - __TRK_get_DBAT3L (UNUSED)
  - TRKTargetCheckException (UNUSED)
[ OK ] Symbol order matches the map.
[ OK ] UNUSED symbol sizes match (0/18 checked).
[ OK ] Symbol linkage (weak/local/global) matches the map.
------------------------------------------------------------------------------
RESULT: FAIL (1 error category/categories)
